=====================================
cases\Jam-1.txt
6 6
7
CC...H 
B..D.H 
BPPD.HK
B..D.. 
F...GG 
F.EEE. 

┌─────────────────────────────────┬──────────┬───────────────────┬───────────┬──────────────┬─────────────┬─────────────────┬─────────────────────────────────────┐
│ (index)                         │ runCount │ duration          │ tickCount │ visitedNodes │ searchCount │ branchingFactor │ solutionSteps                       │
├─────────────────────────────────┼──────────┼───────────────────┼───────────┼──────────────┼─────────────┼─────────────────┼─────────────────────────────────────┤
│                             UCS │ 20       │ '9.33ms ± 8.20ms' │ 1057      │ 1079         │ 11570       │ '3.065'         │ '∅ C+1 B-1 F-1 G-3 H+3 E-2 D+2 P+3' │
└─────────────────────────────────┴──────────┴───────────────────┴───────────┴──────────────┴─────────────┴─────────────────┴─────────────────────────────────────┘
┌─────────────────────────────────┬──────────┬───────────────────┬───────────┬──────────────┬─────────────┬─────────────────┬─────────────────────────────────────────────────────────────────────────────────────────────────────────────────────────────────────────────────────────────────────────────┐
│ (index)                         │ runCount │ duration          │ tickCount │ visitedNodes │ searchCount │ branchingFactor │ solutionSteps                                                                                                                                                               │
├─────────────────────────────────┼──────────┼───────────────────┼───────────┼──────────────┼─────────────┼─────────────────┼─────────────────────────────────────────────────────────────────────────────────────────────────────────────────────────────────────────────────────────────────────────────┤
│                GBFS CarDistance │ 20       │ '2.72ms ± 2.40ms' │ 187       │ 188          │ 1928        │ '1.139'         │ '∅ E-1 G-3 E+2 G+2 D-1 E-2 G-1 E+1 G-1 H+3 E-1 H-2 E+2 G+3 E-1 G-1 H+1 D+1 E-1 G-1 E+2 H-1 E-1 G-1 D+1 H+1 E-1 C+4 E+2 H-1 C-2 E-2 H-1 E+1 B-1 E+1 F-1 E-3 D+1 P+2 H+3 P+1' │
└─────────────────────────────────┴──────────┴───────────────────┴───────────┴──────────────┴─────────────┴─────────────────┴─────────────────────────────────────────────────────────────────────────────────────────────────────────────────────────────────────────────────────────────────────────────┘
┌─────────────────────────────────┬──────────┬───────────────────┬───────────┬──────────────┬─────────────┬─────────────────┬─────────────────────────────────────────────────────────────────────────────────┐
│ (index)                         │ runCount │ duration          │ tickCount │ visitedNodes │ searchCount │ branchingFactor │ solutionSteps                                                                   │
├─────────────────────────────────┼──────────┼───────────────────┼───────────┼──────────────┼─────────────┼─────────────────┼─────────────────────────────────────────────────────────────────────────────────┤
│                 GBFS CarBlocked │ 20       │ '0.45ms ± 0.08ms' │ 19        │ 20           │ 190         │ '1.201'         │ '∅ E-1 G-3 H+3 E+1 G+2 D-1 E-1 G-1 C+1 E+1 G-1 B-1 E-1 G+2 F-1 E-1 G-2 D+3 P+3' │
└─────────────────────────────────┴──────────┴───────────────────┴───────────┴──────────────┴─────────────┴─────────────────┴─────────────────────────────────────────────────────────────────────────────────┘
┌─────────────────────────────────┬──────────┬───────────────────┬───────────┬──────────────┬─────────────┬─────────────────┬─────────────────────────────────────────────────────────────────────┐
│ (index)                         │ runCount │ duration          │ tickCount │ visitedNodes │ searchCount │ branchingFactor │ solutionSteps                                                       │
├─────────────────────────────────┼──────────┼───────────────────┼───────────┼──────────────┼─────────────┼─────────────────┼─────────────────────────────────────────────────────────────────────┤
│        GBFS CarBlockedRecursive │ 20       │ '1.64ms ± 0.88ms' │ 16        │ 17           │ 169         │ '1.247'         │ '∅ G-3 H+3 E-1 C+4 D-1 E+1 D+2 C-3 E-1 C+2 B-1 E+1 F-1 E-2 D+1 P+3' │
└─────────────────────────────────┴──────────┴───────────────────┴───────────┴──────────────┴─────────────┴─────────────────┴─────────────────────────────────────────────────────────────────────┘
┌─────────────────────────────────┬──────────┬───────────────────┬───────────┬──────────────┬─────────────┬─────────────────┬─────────────────────────────────────────┐
│ (index)                         │ runCount │ duration          │ tickCount │ visitedNodes │ searchCount │ branchingFactor │ solutionSteps                           │
├─────────────────────────────────┼──────────┼───────────────────┼───────────┼──────────────┼─────────────┼─────────────────┼─────────────────────────────────────────┤
│                  A* CarDistance │ 20       │ '9.44ms ± 2.40ms' │ 1024      │ 1025         │ 11232       │ '2.676'         │ '∅ C+1 B-1 F-1 E-2 G-3 D+2 P+1 H+3 P+2' │
└─────────────────────────────────┴──────────┴───────────────────┴───────────┴──────────────┴─────────────┴─────────────────┴─────────────────────────────────────────┘
┌─────────────────────────────────┬──────────┬────────────────────┬───────────┬──────────────┬─────────────┬─────────────────┬─────────────────────────────────────┐
│ (index)                         │ runCount │ duration           │ tickCount │ visitedNodes │ searchCount │ branchingFactor │ solutionSteps                       │
├─────────────────────────────────┼──────────┼────────────────────┼───────────┼──────────────┼─────────────┼─────────────────┼─────────────────────────────────────┤
│                   A* CarBlocked │ 19       │ '10.28ms ± 1.93ms' │ 1065      │ 1066         │ 11631       │ '3.068'         │ '∅ C+1 B-1 F-1 E-2 G-3 D+2 H+3 P+3' │
└─────────────────────────────────┴──────────┴────────────────────┴───────────┴──────────────┴─────────────┴─────────────────┴─────────────────────────────────────┘
┌─────────────────────────────────┬──────────┬────────────────────┬───────────┬──────────────┬─────────────┬─────────────────┬─────────────────────────────────────┐
│ (index)                         │ runCount │ duration           │ tickCount │ visitedNodes │ searchCount │ branchingFactor │ solutionSteps                       │
├─────────────────────────────────┼──────────┼────────────────────┼───────────┼──────────────┼─────────────┼─────────────────┼─────────────────────────────────────┤
│          A* CarBlockedRecursive │ 7        │ '25.89ms ± 7.74ms' │ 1027      │ 1028         │ 11273       │ '3.055'         │ '∅ C+1 B-1 F-1 E-2 G-3 D+2 H+3 P+3' │
└─────────────────────────────────┴──────────┴────────────────────┴───────────┴──────────────┴─────────────┴─────────────────┴─────────────────────────────────────┘
┌─────────────────────────────────┬─────────────┐
│ (index)                         │ status      │
├─────────────────────────────────┼─────────────┤
│                IDA* CarDistance │ 'Timed out' │
└─────────────────────────────────┴─────────────┘
┌─────────────────────────────────┬─────────────┐
│ (index)                         │ status      │
├─────────────────────────────────┼─────────────┤
│                 IDA* CarBlocked │ 'Timed out' │
└─────────────────────────────────┴─────────────┘
┌─────────────────────────────────┬─────────────┐
│ (index)                         │ status      │
├─────────────────────────────────┼─────────────┤
│        IDA* CarBlockedRecursive │ 'Timed out' │
└─────────────────────────────────┴─────────────┘
┌─────────────────────────────────┬──────────┬──────────────────────┬───────────┬──────────────┬─────────────┬─────────────────┬─────────────────────────────────────────────────────────────────────┐
│ (index)                         │ runCount │ duration             │ tickCount │ visitedNodes │ searchCount │ branchingFactor │ solutionSteps                                                       │
├─────────────────────────────────┼──────────┼──────────────────────┼───────────┼──────────────┼─────────────┼─────────────────┼─────────────────────────────────────────────────────────────────────┤
│         IDA* Approx CarDistance │ 2        │ '103.63ms ± 22.93ms' │ 13        │ 1076         │ 178529      │ '2.042'         │ '∅ C+1 H+1 B-1 F-1 G-1 H+1 H+1 G-1 G-1 D+1 E-1 E-1 D+1 P+1 P+1 P+1' │
└─────────────────────────────────┴──────────┴──────────────────────┴───────────┴──────────────┴─────────────┴─────────────────┴─────────────────────────────────────────────────────────────────────┘
┌─────────────────────────────────┬──────────┬─────────────────────┬───────────┬──────────────┬─────────────┬─────────────────┬─────────────────────────────────────────────────────────────────────┐
│ (index)                         │ runCount │ duration            │ tickCount │ visitedNodes │ searchCount │ branchingFactor │ solutionSteps                                                       │
├─────────────────────────────────┼──────────┼─────────────────────┼───────────┼──────────────┼─────────────┼─────────────────┼─────────────────────────────────────────────────────────────────────┤
│          IDA* Approx CarBlocked │ 1        │ '135.78ms ± 0.00ms' │ 14        │ 1079         │ 230436      │ '2.076'         │ '∅ C+1 H+1 B-1 F-1 G-1 H+1 H+1 G-1 G-1 D+1 E-1 E-1 D+1 P+1 P+1 P+1' │
└─────────────────────────────────┴──────────┴─────────────────────┴───────────┴──────────────┴─────────────┴─────────────────┴─────────────────────────────────────────────────────────────────────┘
┌─────────────────────────────────┬──────────┬─────────────────────┬───────────┬──────────────┬─────────────┬─────────────────┬─────────────────────────────────────────────────────────────────────┐
│ (index)                         │ runCount │ duration            │ tickCount │ visitedNodes │ searchCount │ branchingFactor │ solutionSteps                                                       │
├─────────────────────────────────┼──────────┼─────────────────────┼───────────┼──────────────┼─────────────┼─────────────────┼─────────────────────────────────────────────────────────────────────┤
│ IDA* Approx CarBlockedRecursive │ 1        │ '184.69ms ± 0.00ms' │ 11        │ 1078         │ 121691      │ '1.990'         │ '∅ H+1 C+1 B-1 F-1 G-1 H+1 H+1 G-1 G-1 D+1 E-1 E-1 D+1 P+1 P+1 P+1' │
└─────────────────────────────────┴──────────┴─────────────────────┴───────────┴──────────────┴─────────────┴─────────────────┴─────────────────────────────────────────────────────────────────────┘
=====================================
cases\Jam-2.txt
6 6
10
B..FFF 
B..G.L 
PP.GHLK
CCC.HL 
..E.II 
DDEJJ. 

┌─────────────────────────────────┬──────────┬────────────────────┬───────────┬──────────────┬─────────────┬─────────────────┬─────────────────────────────────────┐
│ (index)                         │ runCount │ duration           │ tickCount │ visitedNodes │ searchCount │ branchingFactor │ solutionSteps                       │
├─────────────────────────────────┼──────────┼────────────────────┼───────────┼──────────────┼─────────────┼─────────────────┼─────────────────────────────────────┤
│                             UCS │ 11       │ '17.93ms ± 6.59ms' │ 2949      │ 4390         │ 32515       │ '3.514'         │ '∅ P+1 B+1 F-3 G-1 H-2 I-1 L+2 P+3' │
└─────────────────────────────────┴──────────┴────────────────────┴───────────┴──────────────┴─────────────┴─────────────────┴─────────────────────────────────────┘
┌─────────────────────────────────┬──────────┬───────────────────┬───────────┬──────────────┬─────────────┬─────────────────┬─────────────────────────────────────────────────────────────────────────────────────────────────────────────────────────────────────────────────────────────────────────────────────────────────────────────────────────────────────────────────────────────────────────────────────────────────────────────────────────────────────────────────────────────────────────────────────────────────────────────────────────────────────────────────────────────────────────────────────────────────────────────┐
│ (index)                         │ runCount │ duration          │ tickCount │ visitedNodes │ searchCount │ branchingFactor │ solutionSteps                                                                                                                                                                                                                                                                                                                                                                                                                                                                                               │
├─────────────────────────────────┼──────────┼───────────────────┼───────────┼──────────────┼─────────────┼─────────────────┼─────────────────────────────────────────────────────────────────────────────────────────────────────────────────────────────────────────────────────────────────────────────────────────────────────────────────────────────────────────────────────────────────────────────────────────────────────────────────────────────────────────────────────────────────────────────────────────────────────────────────────────────────────────────────────────────────────────────────────────────────────────────┤
│                GBFS CarDistance │ 20       │ '7.12ms ± 3.79ms' │ 676       │ 677          │ 6329        │ '1.048'         │ '∅ P+1 J+1 I-1 C+1 J-1 H-1 I+1 J+1 C+1 I-1 L+1 J-1 C-2 L+1 H+1 G+1 L-2 H-1 J+1 I+1 G+2 P+1 G-1 J-1 H+1 F-2 J+1 G+1 F+1 P-1 G-2 J-1 H-1 G-1 J+1 I-1 C+1 L-1 J-1 I+1 C+2 J+1 E-1 J-2 I-1 J+1 D+1 J+1 D+1 F-1 D-2 E+1 J-1 C-3 I+1 J+1 C+2 H-1 J-1 I-1 C-1 J+1 C-1 G+1 J-1 I+1 L+1 J+1 G-1 C+1 J-1 H+2 L-1 J+1 F+1 C-1 J-1 I-1 G+1 J+1 H-1 I+1 B+1 J-1 I-1 G-1 J+1 C+3 E-1 B+2 F-2 J-2 I+1 J+1 D+1 J+1 D+1 B-2 D-2 E+1 J-1 I-1 E-1 D+1 J+1 H-1 D-1 J-2 I+1 J+1 D+1 G-1 P+2 J+1 D-1 J-2 I-1 J+1 E-2 C-3 L+3 P+1' │
└─────────────────────────────────┴──────────┴───────────────────┴───────────┴──────────────┴─────────────┴─────────────────┴─────────────────────────────────────────────────────────────────────────────────────────────────────────────────────────────────────────────────────────────────────────────────────────────────────────────────────────────────────────────────────────────────────────────────────────────────────────────────────────────────────────────────────────────────────────────────────────────────────────────────────────────────────────────────────────────────────────────────────────────────────────────┘
┌─────────────────────────────────┬──────────┬───────────────────┬───────────┬──────────────┬─────────────┬─────────────────┬─────────────────────────────────────────────────────────────────────────────────────────────────────────────────────────────────────────────┐
│ (index)                         │ runCount │ duration          │ tickCount │ visitedNodes │ searchCount │ branchingFactor │ solutionSteps                                                                                                                               │
├─────────────────────────────────┼──────────┼───────────────────┼───────────┼──────────────┼─────────────┼─────────────────┼─────────────────────────────────────────────────────────────────────────────────────────────────────────────────────────────────────────────┤
│                 GBFS CarBlocked │ 20       │ '0.49ms ± 0.12ms' │ 49        │ 50           │ 445         │ '1.121'         │ '∅ G+2 J+1 G+1 C+1 H-1 C+1 P+2 C-2 G-1 J-1 P-1 F-2 H-1 J+1 G+1 C+2 P-1 C-1 P+3 L-1 C-1 G-1 B+1 L+1 J-1 F-1 P-2 J+1 G-3 I-1 J-1 L+2 C+2 P+3' │
└─────────────────────────────────┴──────────┴───────────────────┴───────────┴──────────────┴─────────────┴─────────────────┴─────────────────────────────────────────────────────────────────────────────────────────────────────────────────────────────────────────────┘
┌─────────────────────────────────┬──────────┬───────────────────┬───────────┬──────────────┬─────────────┬─────────────────┬─────────────────────────────────────────────────────────────────────────────────┐
│ (index)                         │ runCount │ duration          │ tickCount │ visitedNodes │ searchCount │ branchingFactor │ solutionSteps                                                                   │
├─────────────────────────────────┼──────────┼───────────────────┼───────────┼──────────────┼─────────────┼─────────────────┼─────────────────────────────────────────────────────────────────────────────────┤
│        GBFS CarBlockedRecursive │ 20       │ '1.90ms ± 1.09ms' │ 20        │ 21           │ 181         │ '1.197'         │ '∅ I-1 L+2 C+1 H-1 C+1 F-2 H-1 C-2 G+1 P+1 B+1 G-1 C+2 B+2 C-1 B-1 F-1 G-1 P+3' │
└─────────────────────────────────┴──────────┴───────────────────┴───────────┴──────────────┴─────────────┴─────────────────┴─────────────────────────────────────────────────────────────────────────────────┘
┌─────────────────────────────────┬──────────┬────────────────────┬───────────┬──────────────┬─────────────┬─────────────────┬─────────────────────────────────────┐
│ (index)                         │ runCount │ duration           │ tickCount │ visitedNodes │ searchCount │ branchingFactor │ solutionSteps                       │
├─────────────────────────────────┼──────────┼────────────────────┼───────────┼──────────────┼─────────────┼─────────────────┼─────────────────────────────────────┤
│                  A* CarDistance │ 16       │ '12.15ms ± 4.65ms' │ 1667      │ 1668         │ 17511       │ '3.239'         │ '∅ P+1 B+1 F-3 G-1 I-1 L+2 H-2 P+3' │
└─────────────────────────────────┴──────────┴────────────────────┴───────────┴──────────────┴─────────────┴─────────────────┴─────────────────────────────────────┘
┌─────────────────────────────────┬──────────┬────────────────────┬───────────┬──────────────┬─────────────┬─────────────────┬─────────────────────────────────────┐
│ (index)                         │ runCount │ duration           │ tickCount │ visitedNodes │ searchCount │ branchingFactor │ solutionSteps                       │
├─────────────────────────────────┼──────────┼────────────────────┼───────────┼──────────────┼─────────────┼─────────────────┼─────────────────────────────────────┤
│                   A* CarBlocked │ 11       │ '17.98ms ± 2.91ms' │ 2244      │ 2245         │ 23558       │ '3.368'         │ '∅ P+1 B+1 F-3 G-1 I-1 H-2 L+2 P+3' │
└─────────────────────────────────┴──────────┴────────────────────┴───────────┴──────────────┴─────────────┴─────────────────┴─────────────────────────────────────┘
┌─────────────────────────────────┬──────────┬─────────────────────┬───────────┬──────────────┬─────────────┬─────────────────┬─────────────────────────────────────┐
│ (index)                         │ runCount │ duration            │ tickCount │ visitedNodes │ searchCount │ branchingFactor │ solutionSteps                       │
├─────────────────────────────────┼──────────┼─────────────────────┼───────────┼──────────────┼─────────────┼─────────────────┼─────────────────────────────────────┤
│          A* CarBlockedRecursive │ 4        │ '61.10ms ± 20.28ms' │ 1595      │ 1596         │ 16803       │ '3.221'         │ '∅ P+1 B+1 F-3 G-1 I-1 H-2 L+2 P+3' │
└─────────────────────────────────┴──────────┴─────────────────────┴───────────┴──────────────┴─────────────┴─────────────────┴─────────────────────────────────────┘
┌─────────────────────────────────┬─────────────┐
│ (index)                         │ status      │
├─────────────────────────────────┼─────────────┤
│                IDA* CarDistance │ 'Timed out' │
└─────────────────────────────────┴─────────────┘
┌─────────────────────────────────┬─────────────┐
│ (index)                         │ status      │
├─────────────────────────────────┼─────────────┤
│                 IDA* CarBlocked │ 'Timed out' │
└─────────────────────────────────┴─────────────┘
┌─────────────────────────────────┬─────────────┐
│ (index)                         │ status      │
├─────────────────────────────────┼─────────────┤
│        IDA* CarBlockedRecursive │ 'Timed out' │
└─────────────────────────────────┴─────────────┘
┌─────────────────────────────────┬──────────┬─────────────────────┬───────────┬──────────────┬─────────────┬─────────────────┬─────────────────────────────────────────────────────────────┐
│ (index)                         │ runCount │ duration            │ tickCount │ visitedNodes │ searchCount │ branchingFactor │ solutionSteps                                               │
├─────────────────────────────────┼──────────┼─────────────────────┼───────────┼──────────────┼─────────────┼─────────────────┼─────────────────────────────────────────────────────────────┤
│         IDA* Approx CarDistance │ 1        │ '183.34ms ± 0.00ms' │ 10        │ 2637         │ 151458      │ '2.248'         │ '∅ F-1 F-1 P+1 B+1 F-1 G-1 P+1 H-1 H-1 P+1 I-1 L+1 L+1 P+1' │
└─────────────────────────────────┴──────────┴─────────────────────┴───────────┴──────────────┴─────────────┴─────────────────┴─────────────────────────────────────────────────────────────┘
┌─────────────────────────────────┬──────────┬─────────────────────┬───────────┬──────────────┬─────────────┬─────────────────┬─────────────────────────────────────────────────────────────┐
│ (index)                         │ runCount │ duration            │ tickCount │ visitedNodes │ searchCount │ branchingFactor │ solutionSteps                                               │
├─────────────────────────────────┼──────────┼─────────────────────┼───────────┼──────────────┼─────────────┼─────────────────┼─────────────────────────────────────────────────────────────┤
│          IDA* Approx CarBlocked │ 1        │ '147.13ms ± 0.00ms' │ 11        │ 2885         │ 186475      │ '2.284'         │ '∅ F-1 F-1 P+1 B+1 F-1 G-1 P+1 H-1 H-1 P+1 I-1 L+1 L+1 P+1' │
└─────────────────────────────────┴──────────┴─────────────────────┴───────────┴──────────────┴─────────────┴─────────────────┴─────────────────────────────────────────────────────────────┘
┌─────────────────────────────────┬──────────┬─────────────────────┬───────────┬──────────────┬─────────────┬───────────────────────────────────┐
│ (index)                         │ runCount │ duration            │ tickCount │ visitedNodes │ searchCount │ errorMessage                      │
├─────────────────────────────────┼──────────┼─────────────────────┼───────────┼──────────────┼─────────────┼───────────────────────────────────┤
│ IDA* Approx CarBlockedRecursive │ 1        │ '217.07ms ± 0.00ms' │ 9         │ 1925         │ 68820       │ 'Timed out, ticked too many/long' │
└─────────────────────────────────┴──────────┴─────────────────────┴───────────┴──────────────┴─────────────┴───────────────────────────────────┘
=====================================
cases\Jam-3.txt
6 6
5
...... 
...... 
.PPC..K
.BBC.F 
.D.C.F 
.DEE.F 

┌─────────────────────────────────┬──────────┬───────────────────┬───────────┬──────────────┬─────────────┬─────────────────┬─────────────────────────────────────────────────────────────┐
│ (index)                         │ runCount │ duration          │ tickCount │ visitedNodes │ searchCount │ branchingFactor │ solutionSteps                                               │
├─────────────────────────────────┼──────────┼───────────────────┼───────────┼──────────────┼─────────────┼─────────────────┼─────────────────────────────────────────────────────────────┤
│                             UCS │ 20       │ '5.17ms ± 1.56ms' │ 772       │ 816          │ 7778        │ '1.789'         │ '∅ C-2 F-3 B+3 D-1 E-1 C+3 P+1 D-3 P-1 C-3 B-3 C+3 F+3 P+3' │
└─────────────────────────────────┴──────────┴───────────────────┴───────────┴──────────────┴─────────────┴─────────────────┴─────────────────────────────────────────────────────────────┘
┌─────────────────────────────────┬──────────┬───────────────────┬───────────┬──────────────┬─────────────┬─────────────────┬─────────────────────────────────────────────────────────────────────────────────────────────────────────────────────────────────────────────────────────────────────────────────────────┐
│ (index)                         │ runCount │ duration          │ tickCount │ visitedNodes │ searchCount │ branchingFactor │ solutionSteps                                                                                                                                                                           │
├─────────────────────────────────┼──────────┼───────────────────┼───────────┼──────────────┼─────────────┼─────────────────┼─────────────────────────────────────────────────────────────────────────────────────────────────────────────────────────────────────────────────────────────────────────────────────────┤
│                GBFS CarDistance │ 20       │ '3.45ms ± 2.83ms' │ 160       │ 161          │ 1425        │ '1.118'         │ '∅ E+1 F-3 E+1 B-1 E-2 C-2 E+1 B+4 C+2 E-1 D-1 E-1 C+1 P+2 D-3 P-2 C-3 E-1 B-4 E+4 B+3 E-2 B-2 E+1 B+1 F+3 E-3 F-2 E+4 B-1 E-3 B-1 E+2 B+3 F+1 E-3 B-2 C+3 P+2 E+1 B-1 F-2 E-1 F+3 P+1' │
└─────────────────────────────────┴──────────┴───────────────────┴───────────┴──────────────┴─────────────┴─────────────────┴─────────────────────────────────────────────────────────────────────────────────────────────────────────────────────────────────────────────────────────────────────────────────────────┘
┌─────────────────────────────────┬──────────┬───────────────────┬───────────┬──────────────┬─────────────┬─────────────────┬─────────────────────────────────────────────────────────────────────────────────────────────────────────────────────────────────────┐
│ (index)                         │ runCount │ duration          │ tickCount │ visitedNodes │ searchCount │ branchingFactor │ solutionSteps                                                                                                                       │
├─────────────────────────────────┼──────────┼───────────────────┼───────────┼──────────────┼─────────────┼─────────────────┼─────────────────────────────────────────────────────────────────────────────────────────────────────────────────────────────────────┤
│                 GBFS CarBlocked │ 20       │ '1.61ms ± 1.14ms' │ 143       │ 144          │ 1147        │ '1.174'         │ '∅ E+1 B-1 C-2 E-1 B+3 D-1 E-2 B-1 E+3 P-1 E-1 F-3 E+2 B+2 C+3 P+1 C-2 E-4 C+2 E+1 P+2 D-3 P-3 C-3 E+2 B-4 F+3 E-3 C+3 E+1 B+1 P+4' │
└─────────────────────────────────┴──────────┴───────────────────┴───────────┴──────────────┴─────────────┴─────────────────┴─────────────────────────────────────────────────────────────────────────────────────────────────────────────────────────────────────┘
┌─────────────────────────────────┬──────────┬───────────────────┬───────────┬──────────────┬─────────────┬─────────────────┬─────────────────────────────────────────────────────────────────────────────────────────────────────┐
│ (index)                         │ runCount │ duration          │ tickCount │ visitedNodes │ searchCount │ branchingFactor │ solutionSteps                                                                                       │
├─────────────────────────────────┼──────────┼───────────────────┼───────────┼──────────────┼─────────────┼─────────────────┼─────────────────────────────────────────────────────────────────────────────────────────────────────┤
│        GBFS CarBlockedRecursive │ 20       │ '3.61ms ± 1.97ms' │ 134       │ 135          │ 1127        │ '1.254'         │ '∅ C-2 F-3 E+2 C+3 F+2 P-1 C-3 B+2 D-1 E-4 F+1 P+1 F-3 B+1 C+3 E+1 P+2 D-3 P-2 C-3 B-4 F+3 C+3 P+3' │
└─────────────────────────────────┴──────────┴───────────────────┴───────────┴──────────────┴─────────────┴─────────────────┴─────────────────────────────────────────────────────────────────────────────────────────────────────┘
┌─────────────────────────────────┬──────────┬───────────────────┬───────────┬──────────────┬─────────────┬─────────────────┬─────────────────────────────────────────────────────────────────────┐
│ (index)                         │ runCount │ duration          │ tickCount │ visitedNodes │ searchCount │ branchingFactor │ solutionSteps                                                       │
├─────────────────────────────────┼──────────┼───────────────────┼───────────┼──────────────┼─────────────┼─────────────────┼─────────────────────────────────────────────────────────────────────┤
│                  A* CarDistance │ 20       │ '5.69ms ± 1.99ms' │ 673       │ 674          │ 6668        │ '1.634'         │ '∅ C-2 B+1 D-1 E-1 F-3 B+2 C+3 P+1 D-3 P-1 C-3 B-3 C+3 P+1 F+3 P+2' │
└─────────────────────────────────┴──────────┴───────────────────┴───────────┴──────────────┴─────────────┴─────────────────┴─────────────────────────────────────────────────────────────────────┘
┌─────────────────────────────────┬──────────┬───────────────────┬───────────┬──────────────┬─────────────┬─────────────────┬─────────────────────────────────────────────────────────────────┐
│ (index)                         │ runCount │ duration          │ tickCount │ visitedNodes │ searchCount │ branchingFactor │ solutionSteps                                                   │
├─────────────────────────────────┼──────────┼───────────────────┼───────────┼──────────────┼─────────────┼─────────────────┼─────────────────────────────────────────────────────────────────┤
│                   A* CarBlocked │ 20       │ '6.12ms ± 0.35ms' │ 800       │ 801          │ 7985        │ '1.717'         │ '∅ C-2 B+1 D-1 E-1 F-3 B+2 C+3 P+1 D-3 P-1 C-3 B-3 C+3 F+3 P+3' │
└─────────────────────────────────┴──────────┴───────────────────┴───────────┴──────────────┴─────────────┴─────────────────┴─────────────────────────────────────────────────────────────────┘
┌─────────────────────────────────┬──────────┬────────────────────┬───────────┬──────────────┬─────────────┬─────────────────┬─────────────────────────────────────────────────────────────────┐
│ (index)                         │ runCount │ duration           │ tickCount │ visitedNodes │ searchCount │ branchingFactor │ solutionSteps                                                   │
├─────────────────────────────────┼──────────┼────────────────────┼───────────┼──────────────┼─────────────┼─────────────────┼─────────────────────────────────────────────────────────────────┤
│          A* CarBlockedRecursive │ 18       │ '10.53ms ± 0.48ms' │ 678       │ 679          │ 6788        │ '1.697'         │ '∅ C-2 B+1 D-1 E-1 F-3 B+2 C+3 P+1 D-3 P-1 C-3 B-3 F+3 C+3 P+3' │
└─────────────────────────────────┴──────────┴────────────────────┴───────────┴──────────────┴─────────────┴─────────────────┴─────────────────────────────────────────────────────────────────┘
┌─────────────────────────────────┬─────────────┐
│ (index)                         │ status      │
├─────────────────────────────────┼─────────────┤
│                IDA* CarDistance │ 'Timed out' │
└─────────────────────────────────┴─────────────┘
┌─────────────────────────────────┬──────────┬─────────────────────┬───────────┬──────────────┬─────────────┬───────────────────────────────────┐
│ (index)                         │ runCount │ duration            │ tickCount │ visitedNodes │ searchCount │ errorMessage                      │
├─────────────────────────────────┼──────────┼─────────────────────┼───────────┼──────────────┼─────────────┼───────────────────────────────────┤
│                 IDA* CarBlocked │ 1        │ '315.33ms ± 0.00ms' │ 8         │ 0            │ 615001      │ 'Timed out, ticked too many/long' │
└─────────────────────────────────┴──────────┴─────────────────────┴───────────┴──────────────┴─────────────┴───────────────────────────────────┘
┌─────────────────────────────────┬─────────────┐
│ (index)                         │ status      │
├─────────────────────────────────┼─────────────┤
│        IDA* CarBlockedRecursive │ 'Timed out' │
└─────────────────────────────────┴─────────────┘
┌─────────────────────────────────┬──────────┬─────────────────────┬───────────┬──────────────┬─────────────┬───────────────────────────────────┐
│ (index)                         │ runCount │ duration            │ tickCount │ visitedNodes │ searchCount │ errorMessage                      │
├─────────────────────────────────┼──────────┼─────────────────────┼───────────┼──────────────┼─────────────┼───────────────────────────────────┤
│         IDA* Approx CarDistance │ 1        │ '201.69ms ± 0.00ms' │ 30        │ 803          │ 447138      │ 'Timed out, ticked too many/long' │
└─────────────────────────────────┴──────────┴─────────────────────┴───────────┴──────────────┴─────────────┴───────────────────────────────────┘
┌─────────────────────────────────┬──────────┬─────────────────────┬───────────┬──────────────┬─────────────┬───────────────────────────────────┐
│ (index)                         │ runCount │ duration            │ tickCount │ visitedNodes │ searchCount │ errorMessage                      │
├─────────────────────────────────┼──────────┼─────────────────────┼───────────┼──────────────┼─────────────┼───────────────────────────────────┤
│          IDA* Approx CarBlocked │ 1        │ '210.35ms ± 0.00ms' │ 30        │ 763          │ 429455      │ 'Timed out, ticked too many/long' │
└─────────────────────────────────┴──────────┴─────────────────────┴───────────┴──────────────┴─────────────┴───────────────────────────────────┘
┌─────────────────────────────────┬──────────┬─────────────────────┬───────────┬──────────────┬─────────────┬───────────────────────────────────┐
│ (index)                         │ runCount │ duration            │ tickCount │ visitedNodes │ searchCount │ errorMessage                      │
├─────────────────────────────────┼──────────┼─────────────────────┼───────────┼──────────────┼─────────────┼───────────────────────────────────┤
│ IDA* Approx CarBlockedRecursive │ 1        │ '206.53ms ± 0.00ms' │ 23        │ 396          │ 199047      │ 'Timed out, ticked too many/long' │
└─────────────────────────────────┴──────────┴─────────────────────┴───────────┴──────────────┴─────────────┴───────────────────────────────────┘
=====================================
cases\Jam-4.txt
6 6
6
D..F.. 
D..F.. 
DPPF..K
..BCCC 
..B..E 
..GGGE 

┌─────────────────────────────────┬──────────┬───────────────────┬───────────┬──────────────┬─────────────┬─────────────────┬─────────────────────────────────────────┐
│ (index)                         │ runCount │ duration          │ tickCount │ visitedNodes │ searchCount │ branchingFactor │ solutionSteps                           │
├─────────────────────────────────┼──────────┼───────────────────┼───────────┼──────────────┼─────────────┼─────────────────┼─────────────────────────────────────────┤
│                             UCS │ 20       │ '2.43ms ± 1.29ms' │ 366       │ 410          │ 3476        │ '2.324'         │ '∅ D+3 P-1 B-3 P+1 D-3 C-3 G-2 F+3 P+3' │
└─────────────────────────────────┴──────────┴───────────────────┴───────────┴──────────────┴─────────────┴─────────────────┴─────────────────────────────────────────┘
┌─────────────────────────────────┬──────────┬───────────────────┬───────────┬──────────────┬─────────────┬─────────────────┬─────────────────────────────────────────────────────────────────────────────────────────────┐
│ (index)                         │ runCount │ duration          │ tickCount │ visitedNodes │ searchCount │ branchingFactor │ solutionSteps                                                                               │
├─────────────────────────────────┼──────────┼───────────────────┼───────────┼──────────────┼─────────────┼─────────────────┼─────────────────────────────────────────────────────────────────────────────────────────────┤
│                GBFS CarDistance │ 20       │ '0.83ms ± 1.25ms' │ 59        │ 60           │ 558         │ '1.237'         │ '∅ G-2 D+2 G+1 D+1 P-1 B-3 P+1 G+1 C-2 E-4 G-1 C+2 G+2 C-1 D-3 G-3 C-2 E+1 F+3 P+2 E-1 P+1' │
└─────────────────────────────────┴──────────┴───────────────────┴───────────┴──────────────┴─────────────┴─────────────────┴─────────────────────────────────────────────────────────────────────────────────────────────┘
┌─────────────────────────────────┬──────────┬───────────────────┬───────────┬──────────────┬─────────────┬─────────────────┬─────────────────────────────────────────────────────────────────────────────────────────────┐
│ (index)                         │ runCount │ duration          │ tickCount │ visitedNodes │ searchCount │ branchingFactor │ solutionSteps                                                                               │
├─────────────────────────────────┼──────────┼───────────────────┼───────────┼──────────────┼─────────────┼─────────────────┼─────────────────────────────────────────────────────────────────────────────────────────────┤
│                 GBFS CarBlocked │ 20       │ '0.32ms ± 0.13ms' │ 23        │ 24           │ 186         │ '1.161'         │ '∅ G-2 D+2 G+1 D+1 P-1 G+1 B-3 C-2 G-1 E-4 G+2 C+2 G-1 C-1 P+1 G-1 C+1 D-3 G-1 C-3 F+3 P+3' │
└─────────────────────────────────┴──────────┴───────────────────┴───────────┴──────────────┴─────────────┴─────────────────┴─────────────────────────────────────────────────────────────────────────────────────────────┘
┌─────────────────────────────────┬──────────┬───────────────────┬───────────┬──────────────┬─────────────┬─────────────────┬─────────────────────────────────────────────────────────────────────────────────┐
│ (index)                         │ runCount │ duration          │ tickCount │ visitedNodes │ searchCount │ branchingFactor │ solutionSteps                                                                   │
├─────────────────────────────────┼──────────┼───────────────────┼───────────┼──────────────┼─────────────┼─────────────────┼─────────────────────────────────────────────────────────────────────────────────┤
│        GBFS CarBlockedRecursive │ 20       │ '1.03ms ± 0.46ms' │ 20        │ 21           │ 152         │ '1.183'         │ '∅ G-2 D+2 G+1 D+1 P-1 G+1 B-3 C-2 G-1 E-4 G+2 E+3 C+1 P+1 D-3 G-3 C-2 F+3 P+3' │
└─────────────────────────────────┴──────────┴───────────────────┴───────────┴──────────────┴─────────────┴─────────────────┴─────────────────────────────────────────────────────────────────────────────────┘
┌─────────────────────────────────┬──────────┬───────────────────┬───────────┬──────────────┬─────────────┬─────────────────┬─────────────────────────────────────────────┐
│ (index)                         │ runCount │ duration          │ tickCount │ visitedNodes │ searchCount │ branchingFactor │ solutionSteps                               │
├─────────────────────────────────┼──────────┼───────────────────┼───────────┼──────────────┼─────────────┼─────────────────┼─────────────────────────────────────────────┤
│                  A* CarDistance │ 20       │ '2.57ms ± 0.80ms' │ 378       │ 379          │ 3526        │ '2.124'         │ '∅ D+3 P-1 B-3 P+1 D-1 G-2 D-2 C-3 F+3 P+3' │
└─────────────────────────────────┴──────────┴───────────────────┴───────────┴──────────────┴─────────────┴─────────────────┴─────────────────────────────────────────────┘
┌─────────────────────────────────┬──────────┬───────────────────┬───────────┬──────────────┬─────────────┬─────────────────┬─────────────────────────────────────────┐
│ (index)                         │ runCount │ duration          │ tickCount │ visitedNodes │ searchCount │ branchingFactor │ solutionSteps                           │
├─────────────────────────────────┼──────────┼───────────────────┼───────────┼──────────────┼─────────────┼─────────────────┼─────────────────────────────────────────┤
│                   A* CarBlocked │ 20       │ '3.79ms ± 0.56ms' │ 417       │ 418          │ 3840        │ '2.353'         │ '∅ D+3 P-1 B-3 P+1 D-3 G-2 C-3 F+3 P+3' │
└─────────────────────────────────┴──────────┴───────────────────┴───────────┴──────────────┴─────────────┴─────────────────┴─────────────────────────────────────────┘
┌─────────────────────────────────┬──────────┬───────────────────┬───────────┬──────────────┬─────────────┬─────────────────┬─────────────────────────────────────────────┐
│ (index)                         │ runCount │ duration          │ tickCount │ visitedNodes │ searchCount │ branchingFactor │ solutionSteps                               │
├─────────────────────────────────┼──────────┼───────────────────┼───────────┼──────────────┼─────────────┼─────────────────┼─────────────────────────────────────────────┤
│          A* CarBlockedRecursive │ 20       │ '5.79ms ± 2.30ms' │ 355       │ 356          │ 3346        │ '2.112'         │ '∅ D+3 P-1 B-3 P+1 D-1 G-2 D-2 C-3 F+3 P+3' │
└─────────────────────────────────┴──────────┴───────────────────┴───────────┴──────────────┴─────────────┴─────────────────┴─────────────────────────────────────────────┘
┌─────────────────────────────────┬──────────┬─────────────────────┬───────────┬──────────────┬─────────────┬───────────────────────────────────┐
│ (index)                         │ runCount │ duration            │ tickCount │ visitedNodes │ searchCount │ errorMessage                      │
├─────────────────────────────────┼──────────┼─────────────────────┼───────────┼──────────────┼─────────────┼───────────────────────────────────┤
│                IDA* CarDistance │ 1        │ '439.33ms ± 0.00ms' │ 13        │ 0            │ 942006      │ 'Timed out, ticked too many/long' │
└─────────────────────────────────┴──────────┴─────────────────────┴───────────┴──────────────┴─────────────┴───────────────────────────────────┘
┌─────────────────────────────────┬──────────┬─────────────────────┬───────────┬──────────────┬─────────────┬───────────────────────────────────┐
│ (index)                         │ runCount │ duration            │ tickCount │ visitedNodes │ searchCount │ errorMessage                      │
├─────────────────────────────────┼──────────┼─────────────────────┼───────────┼──────────────┼─────────────┼───────────────────────────────────┤
│                 IDA* CarBlocked │ 1        │ '259.41ms ± 0.00ms' │ 12        │ 0            │ 323746      │ 'Timed out, ticked too many/long' │
└─────────────────────────────────┴──────────┴─────────────────────┴───────────┴──────────────┴─────────────┴───────────────────────────────────┘
┌─────────────────────────────────┬─────────────┐
│ (index)                         │ status      │
├─────────────────────────────────┼─────────────┤
│        IDA* CarBlockedRecursive │ 'Timed out' │
└─────────────────────────────────┴─────────────┘
┌─────────────────────────────────┬──────────┬────────────────────┬───────────┬──────────────┬─────────────┬─────────────────┬─────────────────────────────────────────────────────────────────────────────────────────────┐
│ (index)                         │ runCount │ duration           │ tickCount │ visitedNodes │ searchCount │ branchingFactor │ solutionSteps                                                                               │
├─────────────────────────────────┼──────────┼────────────────────┼───────────┼──────────────┼─────────────┼─────────────────┼─────────────────────────────────────────────────────────────────────────────────────────────┤
│         IDA* Approx CarDistance │ 9        │ '21.70ms ± 7.95ms' │ 19        │ 435          │ 42676       │ '1.549'         │ '∅ D+1 D+1 D+1 P-1 B-1 B-1 B-1 P+1 D-1 D-1 D-1 C-1 C-1 C-1 F+1 F+1 G-1 G-1 F+1 P+1 P+1 P+1' │
└─────────────────────────────────┴──────────┴────────────────────┴───────────┴──────────────┴─────────────┴─────────────────┴─────────────────────────────────────────────────────────────────────────────────────────────┘
┌─────────────────────────────────┬──────────┬─────────────────────┬───────────┬──────────────┬─────────────┬─────────────────┬─────────────────────────────────────────────────────────────────────────────────────────────┐
│ (index)                         │ runCount │ duration            │ tickCount │ visitedNodes │ searchCount │ branchingFactor │ solutionSteps                                                                               │
├─────────────────────────────────┼──────────┼─────────────────────┼───────────┼──────────────┼─────────────┼─────────────────┼─────────────────────────────────────────────────────────────────────────────────────────────┤
│          IDA* Approx CarBlocked │ 3        │ '67.81ms ± 39.37ms' │ 21        │ 444          │ 65036       │ '1.581'         │ '∅ D+1 D+1 D+1 P-1 B-1 B-1 B-1 P+1 D-1 D-1 D-1 C-1 C-1 C-1 F+1 F+1 G-1 G-1 F+1 P+1 P+1 P+1' │
└─────────────────────────────────┴──────────┴─────────────────────┴───────────┴──────────────┴─────────────┴─────────────────┴─────────────────────────────────────────────────────────────────────────────────────────────┘
┌─────────────────────────────────┬──────────┬─────────────────────┬───────────┬──────────────┬─────────────┬─────────────────┬─────────────────────────────────────────────────────────────────────────────────────────────┐
│ (index)                         │ runCount │ duration            │ tickCount │ visitedNodes │ searchCount │ branchingFactor │ solutionSteps                                                                               │
├─────────────────────────────────┼──────────┼─────────────────────┼───────────┼──────────────┼─────────────┼─────────────────┼─────────────────────────────────────────────────────────────────────────────────────────────┤
│ IDA* Approx CarBlockedRecursive │ 4        │ '44.10ms ± 15.06ms' │ 18        │ 419          │ 32761       │ '1.529'         │ '∅ D+1 D+1 D+1 P-1 B-1 B-1 B-1 P+1 D-1 D-1 D-1 C-1 C-1 C-1 F+1 F+1 G-1 G-1 F+1 P+1 P+1 P+1' │
└─────────────────────────────────┴──────────┴─────────────────────┴───────────┴──────────────┴─────────────┴─────────────────┴─────────────────────────────────────────────────────────────────────────────────────────────┘
=====================================
cases\Jam-5.txt
6 6
10
BB.F.G 
L..FCG 
LPPFCJK
LHHHCJ 
E...II 
E...DD 

┌─────────────────────────────────┬──────────┬────────────────────┬───────────┬──────────────┬─────────────┬─────────────────┬─────────────────────────────────────────┐
│ (index)                         │ runCount │ duration           │ tickCount │ visitedNodes │ searchCount │ branchingFactor │ solutionSteps                           │
├─────────────────────────────────┼──────────┼────────────────────┼───────────┼──────────────┼─────────────┼─────────────────┼─────────────────────────────────────────┤
│                             UCS │ 16       │ '12.46ms ± 3.72ms' │ 2237      │ 2504         │ 24622       │ '2.937'         │ '∅ B+1 L-1 H-1 I-3 J+1 D-3 F+3 C+2 P+3' │
└─────────────────────────────────┴──────────┴────────────────────┴───────────┴──────────────┴─────────────┴─────────────────┴─────────────────────────────────────────┘
┌─────────────────────────────────┬──────────┬───────────────────┬───────────┬──────────────┬─────────────┬─────────────────┬─────────────────────────────────────────────────────────────────────────────────────────────────────────────────────────────────────────────────────────────────────────────────────────────────────────────────────────────────────────────────────────────────────────────────────────────────────────────────────────────────────────────────────────────────────────────────────────────────────────────────────────────────────────────────────────────────────────────────────────────────────────────────────────────────────────────────────────────────────────────────────────────────────────────────────────────────────────────────────────────────────────────────────────────────────────────────────────────────────────────────────────────────────┐
│ (index)                         │ runCount │ duration          │ tickCount │ visitedNodes │ searchCount │ branchingFactor │ solutionSteps                                                                                                                                                                                                                                                                                                                                                                                                                                                                                                                                                                                                                                                                                                                                                       │
├─────────────────────────────────┼──────────┼───────────────────┼───────────┼──────────────┼─────────────┼─────────────────┼─────────────────────────────────────────────────────────────────────────────────────────────────────────────────────────────────────────────────────────────────────────────────────────────────────────────────────────────────────────────────────────────────────────────────────────────────────────────────────────────────────────────────────────────────────────────────────────────────────────────────────────────────────────────────────────────────────────────────────────────────────────────────────────────────────────────────────────────────────────────────────────────────────────────────────────────────────────────────────────────────────────────────────────────────────────────────────────────────────────────────────────────────────┤
│                GBFS CarDistance │ 20       │ '2.96ms ± 0.73ms' │ 466       │ 467          │ 5036        │ '1.027'         │ '∅ D-3 I-3 D+2 I+2 D-1 I-1 J+2 D-1 J-1 D+3 I-1 D-2 C-1 D-1 I+2 D+3 J-1 I-2 H+1 D-3 I+3 D+2 I-2 D-1 I+1 J+2 D-1 I-1 J-1 D+3 G+1 D-2 I-1 D-1 I+2 D+2 J+1 I-2 H-1 D-2 I+2 D+1 J-1 C+1 D-1 I-2 D+2 I+1 J+1 I+1 G+1 D-2 I-2 D+1 G-1 C+2 J-1 I+1 D-1 J+1 C-1 D+1 G+1 D+1 I-1 G-2 D-2 C+1 B+1 D+1 J-2 I+1 D-1 C-3 D+3 I+2 D-2 I-1 D+1 I-2 H+1 D-1 J+2 D-1 J-1 D+3 I+2 D-2 I-1 D+1 J+1 I+1 H+1 D-2 I-1 D+1 H-2 L-1 D-1 J-1 D+3 I-1 D-2 I+2 D+1 E-1 D-3 I-2 D+1 J-1 D+3 I+3 D-4 I-2 D+3 H+1 D-2 I+2 D+1 I-3 D-2 I+2 D+4 E+1 D-3 I-2 H-2 D+3 I+3 D-2 I-2 D+1 I+1 J+2 D-2 J-1 D+3 G+1 D-2 I-2 D-1 I+1 D+2 J+1 D-1 H+3 D-1 I-1 D+2 I+2 E-1 D-3 I-2 D+2 H-2 D-1 I+2 J-1 D+3 I-2 D-1 I+1 D-3 J+1 H+1 D+3 I-1 G-1 D-2 I+2 D+1 H+1 E+1 I-2 H-3 F+2 D-1 F+1 P+1 J-2 C+3 P+1 J+2 P+1' │
└─────────────────────────────────┴──────────┴───────────────────┴───────────┴──────────────┴─────────────┴─────────────────┴─────────────────────────────────────────────────────────────────────────────────────────────────────────────────────────────────────────────────────────────────────────────────────────────────────────────────────────────────────────────────────────────────────────────────────────────────────────────────────────────────────────────────────────────────────────────────────────────────────────────────────────────────────────────────────────────────────────────────────────────────────────────────────────────────────────────────────────────────────────────────────────────────────────────────────────────────────────────────────────────────────────────────────────────────────────────────────────────────────────────────────────────────────┘
┌─────────────────────────────────┬──────────┬───────────────────┬───────────┬──────────────┬─────────────┬─────────────────┬─────────────────────────────────────────────────────────────────────────────────────────────────────────────────────┐
│ (index)                         │ runCount │ duration          │ tickCount │ visitedNodes │ searchCount │ branchingFactor │ solutionSteps                                                                                                       │
├─────────────────────────────────┼──────────┼───────────────────┼───────────┼──────────────┼─────────────┼─────────────────┼─────────────────────────────────────────────────────────────────────────────────────────────────────────────────────┤
│                 GBFS CarBlocked │ 20       │ '0.27ms ± 0.10ms' │ 29        │ 30           │ 311         │ '1.140'         │ '∅ D-3 I-3 J+2 C+2 D+1 J-1 I+1 D-1 B+1 I-1 L-1 D+1 I+1 E-1 D-2 I-1 J+1 D+1 I+1 E+1 H-1 D+1 I-1 F+2 D-1 F+1 J-1 P+3' │
└─────────────────────────────────┴──────────┴───────────────────┴───────────┴──────────────┴─────────────┴─────────────────┴─────────────────────────────────────────────────────────────────────────────────────────────────────────────────────┘
┌─────────────────────────────────┬──────────┬───────────────────┬───────────┬──────────────┬─────────────┬─────────────────┬─────────────────────────────────────────────┐
│ (index)                         │ runCount │ duration          │ tickCount │ visitedNodes │ searchCount │ branchingFactor │ solutionSteps                               │
├─────────────────────────────────┼──────────┼───────────────────┼───────────┼──────────────┼─────────────┼─────────────────┼─────────────────────────────────────────────┤
│        GBFS CarBlockedRecursive │ 20       │ '0.49ms ± 0.51ms' │ 10        │ 11           │ 106         │ '1.413'         │ '∅ D-3 I-3 J+2 C+2 J-1 B+1 L-1 H-1 F+3 P+3' │
└─────────────────────────────────┴──────────┴───────────────────┴───────────┴──────────────┴─────────────┴─────────────────┴─────────────────────────────────────────────┘
┌─────────────────────────────────┬──────────┬─────────────────────┬───────────┬──────────────┬─────────────┬─────────────────┬─────────────────────────────────────────────┐
│ (index)                         │ runCount │ duration            │ tickCount │ visitedNodes │ searchCount │ branchingFactor │ solutionSteps                               │
├─────────────────────────────────┼──────────┼─────────────────────┼───────────┼──────────────┼─────────────┼─────────────────┼─────────────────────────────────────────────┤
│                  A* CarDistance │ 9        │ '21.49ms ± 20.82ms' │ 2300      │ 2301         │ 25099       │ '2.625'         │ '∅ B+1 L-1 H-1 D-3 I-3 F+3 P+1 J+1 C+2 P+2' │
└─────────────────────────────────┴──────────┴─────────────────────┴───────────┴──────────────┴─────────────┴─────────────────┴─────────────────────────────────────────────┘
┌─────────────────────────────────┬──────────┬────────────────────┬───────────┬──────────────┬─────────────┬─────────────────┬─────────────────────────────────────────────┐
│ (index)                         │ runCount │ duration           │ tickCount │ visitedNodes │ searchCount │ branchingFactor │ solutionSteps                               │
├─────────────────────────────────┼──────────┼────────────────────┼───────────┼──────────────┼─────────────┼─────────────────┼─────────────────────────────────────────────┤
│                   A* CarBlocked │ 12       │ '15.63ms ± 2.15ms' │ 2281      │ 2282         │ 24970       │ '2.624'         │ '∅ I-1 J+1 B+1 L-1 H-1 I-2 D-3 C+2 F+3 P+3' │
└─────────────────────────────────┴──────────┴────────────────────┴───────────┴──────────────┴─────────────┴─────────────────┴─────────────────────────────────────────────┘
┌─────────────────────────────────┬──────────┬────────────────────┬───────────┬──────────────┬─────────────┬─────────────────┬─────────────────────────────────────────────┐
│ (index)                         │ runCount │ duration           │ tickCount │ visitedNodes │ searchCount │ branchingFactor │ solutionSteps                               │
├─────────────────────────────────┼──────────┼────────────────────┼───────────┼──────────────┼─────────────┼─────────────────┼─────────────────────────────────────────────┤
│          A* CarBlockedRecursive │ 4        │ '49.67ms ± 6.11ms' │ 2014      │ 2015         │ 22204       │ '2.591'         │ '∅ I-1 J+1 B+1 L-1 H-1 I-2 D-3 C+2 F+3 P+3' │
└─────────────────────────────────┴──────────┴────────────────────┴───────────┴──────────────┴─────────────┴─────────────────┴─────────────────────────────────────────────┘
┌─────────────────────────────────┬──────────┬─────────────────────┬───────────┬──────────────┬─────────────┬───────────────────────────────────┐
│ (index)                         │ runCount │ duration            │ tickCount │ visitedNodes │ searchCount │ errorMessage                      │
├─────────────────────────────────┼──────────┼─────────────────────┼───────────┼──────────────┼─────────────┼───────────────────────────────────┤
│                IDA* CarDistance │ 1        │ '214.85ms ± 0.00ms' │ 7         │ 0            │ 428163      │ 'Timed out, ticked too many/long' │
└─────────────────────────────────┴──────────┴─────────────────────┴───────────┴──────────────┴─────────────┴───────────────────────────────────┘
┌─────────────────────────────────┬─────────────┐
│ (index)                         │ status      │
├─────────────────────────────────┼─────────────┤
│                 IDA* CarBlocked │ 'Timed out' │
└─────────────────────────────────┴─────────────┘
┌─────────────────────────────────┬─────────────┐
│ (index)                         │ status      │
├─────────────────────────────────┼─────────────┤
│        IDA* CarBlockedRecursive │ 'Timed out' │
└─────────────────────────────────┴─────────────┘
┌─────────────────────────────────┬──────────┬─────────────────────┬───────────┬──────────────┬─────────────┬───────────────────────────────────┐
│ (index)                         │ runCount │ duration            │ tickCount │ visitedNodes │ searchCount │ errorMessage                      │
├─────────────────────────────────┼──────────┼─────────────────────┼───────────┼──────────────┼─────────────┼───────────────────────────────────┤
│         IDA* Approx CarDistance │ 1        │ '203.01ms ± 0.00ms' │ 14        │ 2357         │ 212842      │ 'Timed out, ticked too many/long' │
└─────────────────────────────────┴──────────┴─────────────────────┴───────────┴──────────────┴─────────────┴───────────────────────────────────┘
┌─────────────────────────────────┬──────────┬─────────────────────┬───────────┬──────────────┬─────────────┬───────────────────────────────────┐
│ (index)                         │ runCount │ duration            │ tickCount │ visitedNodes │ searchCount │ errorMessage                      │
├─────────────────────────────────┼──────────┼─────────────────────┼───────────┼──────────────┼─────────────┼───────────────────────────────────┤
│          IDA* Approx CarBlocked │ 1        │ '229.29ms ± 0.00ms' │ 14        │ 2444         │ 242616      │ 'Timed out, ticked too many/long' │
└─────────────────────────────────┴──────────┴─────────────────────┴───────────┴──────────────┴─────────────┴───────────────────────────────────┘
┌─────────────────────────────────┬──────────┬─────────────────────┬───────────┬──────────────┬─────────────┬───────────────────────────────────┐
│ (index)                         │ runCount │ duration            │ tickCount │ visitedNodes │ searchCount │ errorMessage                      │
├─────────────────────────────────┼──────────┼─────────────────────┼───────────┼──────────────┼─────────────┼───────────────────────────────────┤
│ IDA* Approx CarBlockedRecursive │ 1        │ '283.76ms ± 0.00ms' │ 11        │ 1937         │ 62918       │ 'Timed out, ticked too many/long' │
└─────────────────────────────────┴──────────┴─────────────────────┴───────────┴──────────────┴─────────────┴───────────────────────────────────┘
=====================================
cases\Jam-6.txt
6 6
10
BB.G.. 
HH.GFL 
.PPCFLK
EEICFL 
D.IC.. 
D..JJJ 

┌─────────────────────────────────┬──────────┬────────────────────┬───────────┬──────────────┬─────────────┬─────────────────┬─────────────────────────────────────────┐
│ (index)                         │ runCount │ duration           │ tickCount │ visitedNodes │ searchCount │ branchingFactor │ solutionSteps                           │
├─────────────────────────────────┼──────────┼────────────────────┼───────────┼──────────────┼─────────────┼─────────────────┼─────────────────────────────────────────┤
│                             UCS │ 13       │ '14.90ms ± 3.16ms' │ 1649      │ 1864         │ 16965       │ '2.810'         │ '∅ P-1 I-3 E+1 D-1 J-3 F+2 L+2 C+1 P+4' │
└─────────────────────────────────┴──────────┴────────────────────┴───────────┴──────────────┴─────────────┴─────────────────┴─────────────────────────────────────────┘
┌─────────────────────────────────┬──────────┬───────────────────┬───────────┬──────────────┬─────────────┬─────────────────┬─────────────────────────────────────────────────────────────────────────────┐
│ (index)                         │ runCount │ duration          │ tickCount │ visitedNodes │ searchCount │ branchingFactor │ solutionSteps                                                               │
├─────────────────────────────────┼──────────┼───────────────────┼───────────┼──────────────┼─────────────┼─────────────────┼─────────────────────────────────────────────────────────────────────────────┤
│                GBFS CarDistance │ 20       │ '0.55ms ± 0.89ms' │ 18        │ 19           │ 170         │ '1.208'         │ '∅ J-2 L-1 J+1 F-1 J+1 I+1 E+1 D-2 H+1 D-1 E-1 I-1 J-3 C+1 P+1 L+3 F+3 P+2' │
└─────────────────────────────────┴──────────┴───────────────────┴───────────┴──────────────┴─────────────┴─────────────────┴─────────────────────────────────────────────────────────────────────────────┘
┌─────────────────────────────────┬──────────┬───────────────────┬───────────┬──────────────┬─────────────┬─────────────────┬─────────────────────────────────────────────┐
│ (index)                         │ runCount │ duration          │ tickCount │ visitedNodes │ searchCount │ branchingFactor │ solutionSteps                               │
├─────────────────────────────────┼──────────┼───────────────────┼───────────┼──────────────┼─────────────┼─────────────────┼─────────────────────────────────────────────┤
│                 GBFS CarBlocked │ 20       │ '0.16ms ± 0.04ms' │ 10        │ 11           │ 106         │ '1.413'         │ '∅ J-2 L+2 F+2 P-1 I-3 E+1 D-1 J-1 C+1 P+4' │
└─────────────────────────────────┴──────────┴───────────────────┴───────────┴──────────────┴─────────────┴─────────────────┴─────────────────────────────────────────────┘
┌─────────────────────────────────┬──────────┬───────────────────┬───────────┬──────────────┬─────────────┬─────────────────┬─────────────────────────────────────────────┐
│ (index)                         │ runCount │ duration          │ tickCount │ visitedNodes │ searchCount │ branchingFactor │ solutionSteps                               │
├─────────────────────────────────┼──────────┼───────────────────┼───────────┼──────────────┼─────────────┼─────────────────┼─────────────────────────────────────────────┤
│        GBFS CarBlockedRecursive │ 20       │ '1.09ms ± 0.34ms' │ 14        │ 15           │ 144         │ '1.468'         │ '∅ J-2 L+2 F+2 P-1 I-3 E+1 D-1 J-1 C+1 P+4' │
└─────────────────────────────────┴──────────┴───────────────────┴───────────┴──────────────┴─────────────┴─────────────────┴─────────────────────────────────────────────┘
┌─────────────────────────────────┬──────────┬────────────────────┬───────────┬──────────────┬─────────────┬─────────────────┬─────────────────────────────────────────────┐
│ (index)                         │ runCount │ duration           │ tickCount │ visitedNodes │ searchCount │ branchingFactor │ solutionSteps                               │
├─────────────────────────────────┼──────────┼────────────────────┼───────────┼──────────────┼─────────────┼─────────────────┼─────────────────────────────────────────────┤
│                  A* CarDistance │ 8        │ '23.00ms ± 6.52ms' │ 1745      │ 1746         │ 17889       │ '2.532'         │ '∅ P-1 I-2 E+1 D-1 J-3 C+1 I-1 F+2 L+2 P+4' │
└─────────────────────────────────┴──────────┴────────────────────┴───────────┴──────────────┴─────────────┴─────────────────┴─────────────────────────────────────────────┘
┌─────────────────────────────────┬──────────┬────────────────────┬───────────┬──────────────┬─────────────┬─────────────────┬─────────────────────────────────────────────┐
│ (index)                         │ runCount │ duration           │ tickCount │ visitedNodes │ searchCount │ branchingFactor │ solutionSteps                               │
├─────────────────────────────────┼──────────┼────────────────────┼───────────┼──────────────┼─────────────┼─────────────────┼─────────────────────────────────────────────┤
│                   A* CarBlocked │ 12       │ '16.35ms ± 2.43ms' │ 1826      │ 1827         │ 18711       │ '2.544'         │ '∅ P-1 I-2 E+1 D-1 J-3 C+1 I-1 L+2 F+2 P+4' │
└─────────────────────────────────┴──────────┴────────────────────┴───────────┴──────────────┴─────────────┴─────────────────┴─────────────────────────────────────────────┘
┌─────────────────────────────────┬──────────┬────────────────────┬───────────┬──────────────┬─────────────┬─────────────────┬─────────────────────────────────────────────┐
│ (index)                         │ runCount │ duration           │ tickCount │ visitedNodes │ searchCount │ branchingFactor │ solutionSteps                               │
├─────────────────────────────────┼──────────┼────────────────────┼───────────┼──────────────┼─────────────┼─────────────────┼─────────────────────────────────────────────┤
│          A* CarBlockedRecursive │ 6        │ '32.84ms ± 6.25ms' │ 1698      │ 1699         │ 17462       │ '2.525'         │ '∅ P-1 I-2 E+1 D-1 J-3 C+1 I-1 L+2 F+2 P+4' │
└─────────────────────────────────┴──────────┴────────────────────┴───────────┴──────────────┴─────────────┴─────────────────┴─────────────────────────────────────────────┘
┌─────────────────────────────────┬─────────────┐
│ (index)                         │ status      │
├─────────────────────────────────┼─────────────┤
│                IDA* CarDistance │ 'Timed out' │
└─────────────────────────────────┴─────────────┘
┌─────────────────────────────────┬─────────────┐
│ (index)                         │ status      │
├─────────────────────────────────┼─────────────┤
│                 IDA* CarBlocked │ 'Timed out' │
└─────────────────────────────────┴─────────────┘
┌─────────────────────────────────┬─────────────┐
│ (index)                         │ status      │
├─────────────────────────────────┼─────────────┤
│        IDA* CarBlockedRecursive │ 'Timed out' │
└─────────────────────────────────┴─────────────┘
┌─────────────────────────────────┬──────────┬─────────────────────┬───────────┬──────────────┬─────────────┬─────────────────┬─────────────────────────────────────────────────────────────────────────────┐
│ (index)                         │ runCount │ duration            │ tickCount │ visitedNodes │ searchCount │ branchingFactor │ solutionSteps                                                               │
├─────────────────────────────────┼──────────┼─────────────────────┼───────────┼──────────────┼─────────────┼─────────────────┼─────────────────────────────────────────────────────────────────────────────┤
│         IDA* Approx CarDistance │ 1        │ '186.88ms ± 0.00ms' │ 15        │ 2023         │ 360369      │ '1.956'         │ '∅ F+1 L+1 P-1 I-1 I-1 I-1 P+1 E+1 D-1 J-1 L+1 J-1 F+1 J-1 C+1 P+1 P+1 P+1' │
└─────────────────────────────────┴──────────┴─────────────────────┴───────────┴──────────────┴─────────────┴─────────────────┴─────────────────────────────────────────────────────────────────────────────┘
┌─────────────────────────────────┬──────────┬─────────────────────┬───────────┬──────────────┬─────────────┬─────────────────┬─────────────────────────────────────────────────────────────────────────────┐
│ (index)                         │ runCount │ duration            │ tickCount │ visitedNodes │ searchCount │ branchingFactor │ solutionSteps                                                               │
├─────────────────────────────────┼──────────┼─────────────────────┼───────────┼──────────────┼─────────────┼─────────────────┼─────────────────────────────────────────────────────────────────────────────┤
│          IDA* Approx CarBlocked │ 1        │ '210.87ms ± 0.00ms' │ 15        │ 2115         │ 403240      │ '1.969'         │ '∅ F+1 L+1 P-1 I-1 I-1 I-1 P+1 E+1 D-1 J-1 L+1 J-1 F+1 J-1 C+1 P+1 P+1 P+1' │
└─────────────────────────────────┴──────────┴─────────────────────┴───────────┴──────────────┴─────────────┴─────────────────┴─────────────────────────────────────────────────────────────────────────────┘
┌─────────────────────────────────┬──────────┬─────────────────────┬───────────┬──────────────┬─────────────┬───────────────────────────────────┐
│ (index)                         │ runCount │ duration            │ tickCount │ visitedNodes │ searchCount │ errorMessage                      │
├─────────────────────────────────┼──────────┼─────────────────────┼───────────┼──────────────┼─────────────┼───────────────────────────────────┤
│ IDA* Approx CarBlockedRecursive │ 1        │ '211.65ms ± 0.00ms' │ 11        │ 1551         │ 115413      │ 'Timed out, ticked too many/long' │
└─────────────────────────────────┴──────────┴─────────────────────┴───────────┴──────────────┴─────────────┴───────────────────────────────────┘
=====================================
cases\Jam-7.txt
6 6
8
.BFFGE 
.B.HGE 
.PPH.DK
..II.D 
...C.. 
...C.. 

┌─────────────────────────────────┬──────────┬────────────────────┬───────────┬──────────────┬─────────────┬─────────────────┬─────────────────────────────────────────────────────────┐
│ (index)                         │ runCount │ duration           │ tickCount │ visitedNodes │ searchCount │ branchingFactor │ solutionSteps                                           │
├─────────────────────────────────┼──────────┼────────────────────┼───────────┼──────────────┼─────────────┼─────────────────┼─────────────────────────────────────────────────────────┤
│                             UCS │ 6        │ '31.97ms ± 9.99ms' │ 4943      │ 6011         │ 60951       │ '2.229'         │ '∅ G+3 D+1 E+1 F+2 H-1 P+1 B+3 P-1 H+1 F-3 H-1 E-1 P+3' │
└─────────────────────────────────┴──────────┴────────────────────┴───────────┴──────────────┴─────────────┴─────────────────┴─────────────────────────────────────────────────────────┘
┌─────────────────────────────────┬──────────┬───────────────────┬───────────┬──────────────┬─────────────┬─────────────────┬─────────────────────────────────────────────────────────────────────────────────────────────────────────────────────────────────────────────────────────────────────────────────────────────────────────────────────────────────────────────────────────────────────────────────────────────────────────────────────────────────────────────────────────────────────────────────────────────────────────────────────────────────────────────────────────────────────────────────────────────────────────────────────────────────────────────────────────────────────────────────────────────────────────────────────────────┐
│ (index)                         │ runCount │ duration          │ tickCount │ visitedNodes │ searchCount │ branchingFactor │ solutionSteps                                                                                                                                                                                                                                                                                                                                                                                                                                                                                                                                                                                                               │
├─────────────────────────────────┼──────────┼───────────────────┼───────────┼──────────────┼─────────────┼─────────────────┼─────────────────────────────────────────────────────────────────────────────────────────────────────────────────────────────────────────────────────────────────────────────────────────────────────────────────────────────────────────────────────────────────────────────────────────────────────────────────────────────────────────────────────────────────────────────────────────────────────────────────────────────────────────────────────────────────────────────────────────────────────────────────────────────────────────────────────────────────────────────────────────────────────────────────────────────┤
│                GBFS CarDistance │ 20       │ '4.48ms ± 1.85ms' │ 522       │ 523          │ 5276        │ '1.035'         │ '∅ I-2 C-1 I+1 D+2 C+1 D-1 I+2 E+1 D+1 I-3 C-1 D-1 I+1 G+4 D+1 G-3 C+1 D-1 I-1 E-1 C-1 D+1 G+3 C+1 G-2 I+2 D-1 G+2 I+1 D-1 I-2 G-3 I+2 D+2 I+1 C-1 E+1 F+2 C+1 I-4 C-1 D-1 I+1 G+2 D+1 G-1 C+1 D-1 I-1 G+2 I+3 D+1 I-1 G-1 D-1 G-2 I+1 H-1 P+1 D+1 I-3 C-1 D-1 I+1 G+3 P+1 G-1 D+1 C+1 G+1 I-1 D-1 G-1 I+2 B+4 D+1 B-3 G+1 D-1 I+1 B+3 D+1 B-2 E+1 I-1 G-1 B-2 I-2 C-1 G+1 I+1 B+1 G-1 C+1 P-1 G-1 I+1 E-1 B-1 D-1 B+4 I-2 G-1 P-1 H+2 D+1 I+1 H-1 D-1 C-1 I-1 D+1 G+3 C+1 D-1 G-2 I+2 B-1 D+1 G-1 I+2 C-1 B+1 F-4 C+1 I-4 D-1 I+3 B-1 D+1 E-1 D-2 I-1 B+1 I-2 C-1 I+1 D+2 C+1 D-1 G-1 C-1 I-1 D+1 C+1 I+4 C-1 B-1 H-1 P+3' │
└─────────────────────────────────┴──────────┴───────────────────┴───────────┴──────────────┴─────────────┴─────────────────┴─────────────────────────────────────────────────────────────────────────────────────────────────────────────────────────────────────────────────────────────────────────────────────────────────────────────────────────────────────────────────────────────────────────────────────────────────────────────────────────────────────────────────────────────────────────────────────────────────────────────────────────────────────────────────────────────────────────────────────────────────────────────────────────────────────────────────────────────────────────────────────────────────────────────────────────────┘
┌─────────────────────────────────┬──────────┬───────────────────┬───────────┬──────────────┬─────────────┬─────────────────┬─────────────────────────────────────────────────────────────────────────────────────────────────────────────────────────────────────────────────────────────┐
│ (index)                         │ runCount │ duration          │ tickCount │ visitedNodes │ searchCount │ branchingFactor │ solutionSteps                                                                                                                                               │
├─────────────────────────────────┼──────────┼───────────────────┼───────────┼──────────────┼─────────────┼─────────────────┼─────────────────────────────────────────────────────────────────────────────────────────────────────────────────────────────────────────────────────────────┤
│                 GBFS CarBlocked │ 20       │ '3.89ms ± 0.66ms' │ 610       │ 611          │ 6544        │ '1.202'         │ '∅ D+2 I-2 D-1 G+3 E+1 F+2 H-1 C-1 D+1 G+1 C+1 I+4 C-1 P+2 B+4 P-2 H+1 F-4 E-1 H-1 B-1 C+1 I-2 D-1 G-4 I+1 D+1 I+1 C-1 B+1 P-1 C+1 I-4 D-1 C-1 I+1 D+1 P+4' │
└─────────────────────────────────┴──────────┴───────────────────┴───────────┴──────────────┴─────────────┴─────────────────┴─────────────────────────────────────────────────────────────────────────────────────────────────────────────────────────────────────────────────────────────┘
┌─────────────────────────────────┬──────────┬────────────────────┬───────────┬──────────────┬─────────────┬─────────────────┬─────────────────────────────────────────────────────────────────────────────────────────────────────────────────────────────────────────────────────────────────────────────────────────────────────────────────────────────────────────────────────────────────────────────────────────────────────────────────────────────────────────────────────────────────────────────────────────────────────────────────────────────────────────────────────────────────────────────────────────────────────────────────────────────────────┐
│ (index)                         │ runCount │ duration           │ tickCount │ visitedNodes │ searchCount │ branchingFactor │ solutionSteps                                                                                                                                                                                                                                                                                                                                                                                                                                                                                                                       │
├─────────────────────────────────┼──────────┼────────────────────┼───────────┼──────────────┼─────────────┼─────────────────┼─────────────────────────────────────────────────────────────────────────────────────────────────────────────────────────────────────────────────────────────────────────────────────────────────────────────────────────────────────────────────────────────────────────────────────────────────────────────────────────────────────────────────────────────────────────────────────────────────────────────────────────────────────────────────────────────────────────────────────────────────────────────────────────────────────┤
│        GBFS CarBlockedRecursive │ 18       │ '11.08ms ± 4.54ms' │ 622       │ 623          │ 6567        │ '1.045'         │ '∅ D+2 I-2 C-1 I+1 D-1 C+1 I+2 P-1 I-3 C-1 G+4 I+1 C+1 I+2 D+1 I-3 H+1 I+1 G-4 D-1 G+3 I-1 F+1 D+1 I+1 H-1 C-1 I-1 D-1 P+1 C+1 I+2 D+1 G+1 I-2 C-1 I+1 D-1 E+1 F+1 H-1 C+1 I-1 D+1 C-1 E+1 I+1 C+1 I+2 P-1 I-3 G-1 C-1 I+1 E-1 C+1 I+1 D-1 I-2 C-1 G+1 P+3 B+1 C+1 I+3 D+1 I-2 C-1 B-1 P-1 C+1 I+3 C-1 B+4 P-2 C+1 I-4 C-1 I+1 D-1 C+1 I+2 B-1 I-1 D+1 E+1 I+1 B+1 I-2 G-1 C-1 I-1 P+3 C+1 I+2 B-4 I-1 B+1 C-1 I-1 E-1 C+1 I+2 D-1 I-1 C-1 P-1 G+1 C+1 I+1 D+1 I-2 C-1 E+1 I+1 C+1 I+2 B+1 I-1 B+2 P-1 E-1 I+1 H+1 F-4 H-1 E-1 P+3' │
└─────────────────────────────────┴──────────┴────────────────────┴───────────┴──────────────┴─────────────┴─────────────────┴─────────────────────────────────────────────────────────────────────────────────────────────────────────────────────────────────────────────────────────────────────────────────────────────────────────────────────────────────────────────────────────────────────────────────────────────────────────────────────────────────────────────────────────────────────────────────────────────────────────────────────────────────────────────────────────────────────────────────────────────────────────────────────────────────────┘
┌─────────────────────────────────┬──────────┬─────────────────────┬───────────┬──────────────┬─────────────┬─────────────────┬─────────────────────────────────────────────────────────────────────┐
│ (index)                         │ runCount │ duration            │ tickCount │ visitedNodes │ searchCount │ branchingFactor │ solutionSteps                                                       │
├─────────────────────────────────┼──────────┼─────────────────────┼───────────┼──────────────┼─────────────┼─────────────────┼─────────────────────────────────────────────────────────────────────┤
│                  A* CarDistance │ 8        │ '24.66ms ± 19.33ms' │ 2170      │ 2171         │ 23701       │ '1.783'         │ '∅ D+1 E+1 G+1 F+2 H-1 P+1 B+3 P-1 H+1 F-3 H-1 P+1 G-1 P+1 E-1 P+1' │
└─────────────────────────────────┴──────────┴─────────────────────┴───────────┴──────────────┴─────────────┴─────────────────┴─────────────────────────────────────────────────────────────────────┘
┌─────────────────────────────────┬──────────┬────────────────────┬───────────┬──────────────┬─────────────┬─────────────────┬─────────────────────────────────────────────────────────────────┐
│ (index)                         │ runCount │ duration           │ tickCount │ visitedNodes │ searchCount │ branchingFactor │ solutionSteps                                                   │
├─────────────────────────────────┼──────────┼────────────────────┼───────────┼──────────────┼─────────────┼─────────────────┼─────────────────────────────────────────────────────────────────┤
│                   A* CarBlocked │ 11       │ '17.80ms ± 0.74ms' │ 2651      │ 2652         │ 29910       │ '1.891'         │ '∅ D+1 E+1 G+1 F+2 H-1 P+1 B+3 P-1 H+1 F-1 E-1 F-2 H-1 G-1 P+3' │
└─────────────────────────────────┴──────────┴────────────────────┴───────────┴──────────────┴─────────────┴─────────────────┴─────────────────────────────────────────────────────────────────┘
┌─────────────────────────────────┬──────────┬─────────────────────┬───────────┬──────────────┬─────────────┬─────────────────┬─────────────────────────────────────────────────────────────────┐
│ (index)                         │ runCount │ duration            │ tickCount │ visitedNodes │ searchCount │ branchingFactor │ solutionSteps                                                   │
├─────────────────────────────────┼──────────┼─────────────────────┼───────────┼──────────────┼─────────────┼─────────────────┼─────────────────────────────────────────────────────────────────┤
│          A* CarBlockedRecursive │ 4        │ '55.08ms ± 25.59ms' │ 2258      │ 2259         │ 24887       │ '1.866'         │ '∅ D+1 E+1 G+1 F+2 H-1 P+1 B+3 P-1 H+1 F-1 E-1 F-2 H-1 G-1 P+3' │
└─────────────────────────────────┴──────────┴─────────────────────┴───────────┴──────────────┴─────────────┴─────────────────┴─────────────────────────────────────────────────────────────────┘
┌─────────────────────────────────┬──────────┬─────────────────────┬───────────┬──────────────┬─────────────┬───────────────────────────────────┐
│ (index)                         │ runCount │ duration            │ tickCount │ visitedNodes │ searchCount │ errorMessage                      │
├─────────────────────────────────┼──────────┼─────────────────────┼───────────┼──────────────┼─────────────┼───────────────────────────────────┤
│                IDA* CarDistance │ 1        │ '295.94ms ± 0.00ms' │ 7         │ 0            │ 491746      │ 'Timed out, ticked too many/long' │
└─────────────────────────────────┴──────────┴─────────────────────┴───────────┴──────────────┴─────────────┴───────────────────────────────────┘
┌─────────────────────────────────┬─────────────┐
│ (index)                         │ status      │
├─────────────────────────────────┼─────────────┤
│                 IDA* CarBlocked │ 'Timed out' │
└─────────────────────────────────┴─────────────┘
┌─────────────────────────────────┬──────────┬─────────────────────┬───────────┬──────────────┬─────────────┬───────────────────────────────────┐
│ (index)                         │ runCount │ duration            │ tickCount │ visitedNodes │ searchCount │ errorMessage                      │
├─────────────────────────────────┼──────────┼─────────────────────┼───────────┼──────────────┼─────────────┼───────────────────────────────────┤
│        IDA* CarBlockedRecursive │ 1        │ '306.08ms ± 0.00ms' │ 6         │ 0            │ 201872      │ 'Timed out, ticked too many/long' │
└─────────────────────────────────┴──────────┴─────────────────────┴───────────┴──────────────┴─────────────┴───────────────────────────────────┘
┌─────────────────────────────────┬──────────┬─────────────────────┬───────────┬──────────────┬─────────────┬───────────────────────────────────┐
│ (index)                         │ runCount │ duration            │ tickCount │ visitedNodes │ searchCount │ errorMessage                      │
├─────────────────────────────────┼──────────┼─────────────────────┼───────────┼──────────────┼─────────────┼───────────────────────────────────┤
│         IDA* Approx CarDistance │ 1        │ '209.03ms ± 0.00ms' │ 16        │ 2112         │ 296827      │ 'Timed out, ticked too many/long' │
└─────────────────────────────────┴──────────┴─────────────────────┴───────────┴──────────────┴─────────────┴───────────────────────────────────┘
┌─────────────────────────────────┬──────────┬─────────────────────┬───────────┬──────────────┬─────────────┬───────────────────────────────────┐
│ (index)                         │ runCount │ duration            │ tickCount │ visitedNodes │ searchCount │ errorMessage                      │
├─────────────────────────────────┼──────────┼─────────────────────┼───────────┼──────────────┼─────────────┼───────────────────────────────────┤
│          IDA* Approx CarBlocked │ 1        │ '212.68ms ± 0.00ms' │ 17        │ 2449         │ 388109      │ 'Timed out, ticked too many/long' │
└─────────────────────────────────┴──────────┴─────────────────────┴───────────┴──────────────┴─────────────┴───────────────────────────────────┘
┌─────────────────────────────────┬──────────┬─────────────────────┬───────────┬──────────────┬─────────────┬───────────────────────────────────┐
│ (index)                         │ runCount │ duration            │ tickCount │ visitedNodes │ searchCount │ errorMessage                      │
├─────────────────────────────────┼──────────┼─────────────────────┼───────────┼──────────────┼─────────────┼───────────────────────────────────┤
│ IDA* Approx CarBlockedRecursive │ 1        │ '239.08ms ± 0.00ms' │ 13        │ 1592         │ 144010      │ 'Timed out, ticked too many/long' │
└─────────────────────────────────┴──────────┴─────────────────────┴───────────┴──────────────┴─────────────┴───────────────────────────────────┘
=====================================
cases\Jam-8.txt
6 6
13
...BBF 
..GGHF 
PPEIHFK
DDEIJJ 
MMNLLL 
OONCCC 

┌─────────────────────────────────┬──────────┬───────────────────┬───────────┬──────────────┬─────────────┬─────────────────┬─────────────────────────────────────────────────────┐
│ (index)                         │ runCount │ duration          │ tickCount │ visitedNodes │ searchCount │ branchingFactor │ solutionSteps                                       │
├─────────────────────────────────┼──────────┼───────────────────┼───────────┼──────────────┼─────────────┼─────────────────┼─────────────────────────────────────────────────────┤
│                             UCS │ 20       │ '6.18ms ± 1.83ms' │ 950       │ 951          │ 6465        │ '1.957'         │ '∅ B-3 G-2 H-1 E-2 I-2 P+3 J-1 N-2 L-1 C-1 F+3 P+1' │
└─────────────────────────────────┴──────────┴───────────────────┴───────────┴──────────────┴─────────────┴─────────────────┴─────────────────────────────────────────────────────┘
┌─────────────────────────────────┬──────────┬───────────────────┬───────────┬──────────────┬─────────────┬─────────────────┬─────────────────────────────────────────────────────────────────────────────────────────────────────────────────────────────────────────────────────────────────────────────────────────────────────────────────────────────────────────────────────────────┐
│ (index)                         │ runCount │ duration          │ tickCount │ visitedNodes │ searchCount │ branchingFactor │ solutionSteps                                                                                                                                                                                                                                               │
├─────────────────────────────────┼──────────┼───────────────────┼───────────┼──────────────┼─────────────┼─────────────────┼─────────────────────────────────────────────────────────────────────────────────────────────────────────────────────────────────────────────────────────────────────────────────────────────────────────────────────────────────────────────────────────────┤
│                GBFS CarDistance │ 20       │ '1.57ms ± 0.77ms' │ 138       │ 139          │ 812         │ '1.065'         │ '∅ G-2 B-2 I-2 J-1 E-1 N-1 C-1 J+1 H-1 C+1 O+1 J-1 F+1 O-1 C-1 I+1 F-1 C+1 N+1 J-1 I-1 F+1 H+2 I+1 H-1 J+1 N-1 O+1 F-1 J+1 O-1 N+1 D+2 H-1 D-1 I-1 J-1 F+1 H+1 B-1 D-1 N-1 C-1 E-1 P+2 C+1 O+1 F-1 J+1 O-1 C-1 H-1 P+1 C+1 O+1 J-1 N-1 O-1 C-1 L-1 F+3 P+1' │
└─────────────────────────────────┴──────────┴───────────────────┴───────────┴──────────────┴─────────────┴─────────────────┴─────────────────────────────────────────────────────────────────────────────────────────────────────────────────────────────────────────────────────────────────────────────────────────────────────────────────────────────────────────────────────────────┘
┌─────────────────────────────────┬──────────┬───────────────────┬───────────┬──────────────┬─────────────┬─────────────────┬─────────────────────────────────────────────────────────────────────────────────────────────────────────────────────────────┐
│ (index)                         │ runCount │ duration          │ tickCount │ visitedNodes │ searchCount │ branchingFactor │ solutionSteps                                                                                                               │
├─────────────────────────────────┼──────────┼───────────────────┼───────────┼──────────────┼─────────────┼─────────────────┼─────────────────────────────────────────────────────────────────────────────────────────────────────────────────────────────┤
│                 GBFS CarBlocked │ 20       │ '0.98ms ± 0.32ms' │ 132       │ 133          │ 721         │ '1.168'         │ '∅ G-2 E-2 N-1 C-1 I-1 J-1 C+1 N+1 E+2 G+1 J+1 B-3 H-1 I-1 J-1 G-1 E-2 N-1 C-1 J+1 P+3 C+1 O+1 J-1 N-1 O-1 C-1 L-1 F+3 P+1' │
└─────────────────────────────────┴──────────┴───────────────────┴───────────┴──────────────┴─────────────┴─────────────────┴─────────────────────────────────────────────────────────────────────────────────────────────────────────────────────────────┘
┌─────────────────────────────────┬──────────┬───────────────────┬───────────┬──────────────┬─────────────┬─────────────────┬─────────────────────────────────────────────────────────────────────────────┐
│ (index)                         │ runCount │ duration          │ tickCount │ visitedNodes │ searchCount │ branchingFactor │ solutionSteps                                                               │
├─────────────────────────────────┼──────────┼───────────────────┼───────────┼──────────────┼─────────────┼─────────────────┼─────────────────────────────────────────────────────────────────────────────┤
│        GBFS CarBlockedRecursive │ 20       │ '0.32ms ± 0.02ms' │ 18        │ 19           │ 120         │ '1.178'         │ '∅ B-3 H-1 B+2 G-2 I-1 J-1 E-1 N-1 C-1 B-2 I-1 E-1 F+1 P+3 N-1 L-1 F+2 P+1' │
└─────────────────────────────────┴──────────┴───────────────────┴───────────┴──────────────┴─────────────┴─────────────────┴─────────────────────────────────────────────────────────────────────────────┘
┌─────────────────────────────────┬──────────┬───────────────────┬───────────┬──────────────┬─────────────┬─────────────────┬─────────────────────────────────────────────────────────┐
│ (index)                         │ runCount │ duration          │ tickCount │ visitedNodes │ searchCount │ branchingFactor │ solutionSteps                                           │
├─────────────────────────────────┼──────────┼───────────────────┼───────────┼──────────────┼─────────────┼─────────────────┼─────────────────────────────────────────────────────────┤
│                  A* CarDistance │ 20       │ '5.49ms ± 1.42ms' │ 950       │ 951          │ 6465        │ '1.850'         │ '∅ G-2 B-3 E-2 P+1 H-1 I-2 P+2 N-2 L-1 C-1 J-1 F+3 P+1' │
└─────────────────────────────────┴──────────┴───────────────────┴───────────┴──────────────┴─────────────┴─────────────────┴─────────────────────────────────────────────────────────┘
┌─────────────────────────────────┬──────────┬───────────────────┬───────────┬──────────────┬─────────────┬─────────────────┬─────────────────────────────────────────────────────────┐
│ (index)                         │ runCount │ duration          │ tickCount │ visitedNodes │ searchCount │ branchingFactor │ solutionSteps                                           │
├─────────────────────────────────┼──────────┼───────────────────┼───────────┼──────────────┼─────────────┼─────────────────┼─────────────────────────────────────────────────────────┤
│                   A* CarBlocked │ 20       │ '5.89ms ± 3.74ms' │ 950       │ 951          │ 6465        │ '1.850'         │ '∅ B-1 H-1 G-2 B-2 E-2 I-2 P+3 N-2 C-1 L-1 J-1 F+3 P+1' │
└─────────────────────────────────┴──────────┴───────────────────┴───────────┴──────────────┴─────────────┴─────────────────┴─────────────────────────────────────────────────────────┘
┌─────────────────────────────────┬──────────┬────────────────────┬───────────┬──────────────┬─────────────┬─────────────────┬─────────────────────────────────────────────────────────────┐
│ (index)                         │ runCount │ duration           │ tickCount │ visitedNodes │ searchCount │ branchingFactor │ solutionSteps                                               │
├─────────────────────────────────┼──────────┼────────────────────┼───────────┼──────────────┼─────────────┼─────────────────┼─────────────────────────────────────────────────────────────┤
│          A* CarBlockedRecursive │ 10       │ '18.97ms ± 1.52ms' │ 903       │ 904          │ 6261        │ '1.758'         │ '∅ B-1 H-1 B-2 G-2 E-2 N-1 C-1 I-2 P+3 N-1 L-1 J-1 F+3 P+1' │
└─────────────────────────────────┴──────────┴────────────────────┴───────────┴──────────────┴─────────────┴─────────────────┴─────────────────────────────────────────────────────────────┘
┌─────────────────────────────────┬──────────┬─────────────────────┬───────────┬──────────────┬─────────────┬───────────────────────────────────┐
│ (index)                         │ runCount │ duration            │ tickCount │ visitedNodes │ searchCount │ errorMessage                      │
├─────────────────────────────────┼──────────┼─────────────────────┼───────────┼──────────────┼─────────────┼───────────────────────────────────┤
│                IDA* CarDistance │ 1        │ '273.21ms ± 0.00ms' │ 8         │ 0            │ 221416      │ 'Timed out, ticked too many/long' │
└─────────────────────────────────┴──────────┴─────────────────────┴───────────┴──────────────┴─────────────┴───────────────────────────────────┘
┌─────────────────────────────────┬─────────────┐
│ (index)                         │ status      │
├─────────────────────────────────┼─────────────┤
│                 IDA* CarBlocked │ 'Timed out' │
└─────────────────────────────────┴─────────────┘
┌─────────────────────────────────┬─────────────┐
│ (index)                         │ status      │
├─────────────────────────────────┼─────────────┤
│        IDA* CarBlockedRecursive │ 'Timed out' │
└─────────────────────────────────┴─────────────┘
┌─────────────────────────────────┬─────────────┐
│ (index)                         │ status      │
├─────────────────────────────────┼─────────────┤
│         IDA* Approx CarDistance │ 'Timed out' │
└─────────────────────────────────┴─────────────┘
┌─────────────────────────────────┬──────────┬─────────────────────┬───────────┬──────────────┬─────────────┬─────────────────┬─────────────────────────────────────────────────────────────────────────────────────────────┐
│ (index)                         │ runCount │ duration            │ tickCount │ visitedNodes │ searchCount │ branchingFactor │ solutionSteps                                                                               │
├─────────────────────────────────┼──────────┼─────────────────────┼───────────┼──────────────┼─────────────┼─────────────────┼─────────────────────────────────────────────────────────────────────────────────────────────┤
│          IDA* Approx CarBlocked │ 1        │ '182.18ms ± 0.00ms' │ 18        │ 951          │ 197037      │ '1.670'         │ '∅ B-1 B-1 B-1 G-1 G-1 H-1 E-1 E-1 P+1 I-1 I-1 P+1 P+1 J-1 F+1 N-1 N-1 L-1 F+1 C-1 F+1 P+1' │
└─────────────────────────────────┴──────────┴─────────────────────┴───────────┴──────────────┴─────────────┴─────────────────┴─────────────────────────────────────────────────────────────────────────────────────────────┘
┌─────────────────────────────────┬──────────┬─────────────────────┬───────────┬──────────────┬─────────────┬───────────────────────────────────┐
│ (index)                         │ runCount │ duration            │ tickCount │ visitedNodes │ searchCount │ errorMessage                      │
├─────────────────────────────────┼──────────┼─────────────────────┼───────────┼──────────────┼─────────────┼───────────────────────────────────┤
│ IDA* Approx CarBlockedRecursive │ 1        │ '227.75ms ± 0.00ms' │ 12        │ 876          │ 41879       │ 'Timed out, ticked too many/long' │
└─────────────────────────────────┴──────────┴─────────────────────┴───────────┴──────────────┴─────────────┴───────────────────────────────────┘
=====================================
cases\Jam-9.txt
6 6
11
.BGGHH 
.B.EII 
PP.EFDK
LCCCFD 
L.J.FM 
L.J..M 

┌─────────────────────────────────┬──────────┬───────────────────┬───────────┬──────────────┬─────────────┬─────────────────┬─────────────────────────────────────────────────────┐
│ (index)                         │ runCount │ duration          │ tickCount │ visitedNodes │ searchCount │ branchingFactor │ solutionSteps                                       │
├─────────────────────────────────┼──────────┼───────────────────┼───────────┼──────────────┼─────────────┼─────────────────┼─────────────────────────────────────────────────────┤
│                             UCS │ 20       │ '5.16ms ± 2.74ms' │ 680       │ 875          │ 5897        │ '1.941'         │ '∅ P+1 F+1 L-3 C-1 E+2 I-1 P+1 B+1 G-1 H-1 D-2 P+2' │
└─────────────────────────────────┴──────────┴───────────────────┴───────────┴──────────────┴─────────────┴─────────────────┴─────────────────────────────────────────────────────┘
┌─────────────────────────────────┬──────────┬───────────────────┬───────────┬──────────────┬─────────────┬─────────────────┬─────────────────────────────────────────────────────────────────────────────────────────────────────────────────────────────────────┐
│ (index)                         │ runCount │ duration          │ tickCount │ visitedNodes │ searchCount │ branchingFactor │ solutionSteps                                                                                                                       │
├─────────────────────────────────┼──────────┼───────────────────┼───────────┼──────────────┼─────────────┼─────────────────┼─────────────────────────────────────────────────────────────────────────────────────────────────────────────────────────────────────┤
│                GBFS CarDistance │ 20       │ '0.39ms ± 0.33ms' │ 32        │ 33           │ 233         │ '1.102'         │ '∅ P+1 L-3 C-1 F+1 E+3 P+2 E-1 I-2 D-1 M-1 E+1 C+1 M+1 D+1 I+1 B+1 C-1 E-1 D-1 M-1 E+1 C+1 G-1 M+1 C-1 I-1 M-1 E-1 H-1 M+1 D-1 P+1' │
└─────────────────────────────────┴──────────┴───────────────────┴───────────┴──────────────┴─────────────┴─────────────────┴─────────────────────────────────────────────────────────────────────────────────────────────────────────────────────────────────────┘
┌─────────────────────────────────┬──────────┬───────────────────┬───────────┬──────────────┬─────────────┬─────────────────┬─────────────────────────────────────────────────────────────────────────────────────────────────────────────────────────────────────────────────────────────────────────────────────────────────────────────────────────────────────────────────────────┐
│ (index)                         │ runCount │ duration          │ tickCount │ visitedNodes │ searchCount │ branchingFactor │ solutionSteps                                                                                                                                                                                                                                           │
├─────────────────────────────────┼──────────┼───────────────────┼───────────┼──────────────┼─────────────┼─────────────────┼─────────────────────────────────────────────────────────────────────────────────────────────────────────────────────────────────────────────────────────────────────────────────────────────────────────────────────────────────────────────────────────┤
│                 GBFS CarBlocked │ 20       │ '1.26ms ± 0.20ms' │ 61        │ 62           │ 500         │ '1.056'         │ '∅ F+1 P+1 L-3 C-1 E+3 C+1 P+2 I-2 C-1 E-1 D-1 M-1 E+1 C+1 P-2 M+1 C-1 P+1 I+1 M-1 E-1 P-1 M+1 D+1 P+1 I+1 B+1 E+1 C+1 I-2 D-1 M-1 C-1 E-1 M+1 I+1 P+1 M-1 E+1 C+1 M+1 D+1 C-1 G-1 E-1 P-1 I-1 E+1 D-1 P+1 M-1 E-1 H-1 D-1 M+1 E+1 C+1 M-1 P-1 C-1 P+2' │
└─────────────────────────────────┴──────────┴───────────────────┴───────────┴──────────────┴─────────────┴─────────────────┴─────────────────────────────────────────────────────────────────────────────────────────────────────────────────────────────────────────────────────────────────────────────────────────────────────────────────────────────────────────────────────────┘
┌─────────────────────────────────┬──────────┬───────────────────┬───────────┬──────────────┬─────────────┬─────────────────┬─────────────────────────────────────────────────────────────────────────────────────────────────────────────────────────────────────────────────────────────────────────────────────────────────────────────────┐
│ (index)                         │ runCount │ duration          │ tickCount │ visitedNodes │ searchCount │ branchingFactor │ solutionSteps                                                                                                                                                                                                   │
├─────────────────────────────────┼──────────┼───────────────────┼───────────┼──────────────┼─────────────┼─────────────────┼─────────────────────────────────────────────────────────────────────────────────────────────────────────────────────────────────────────────────────────────────────────────────────────────────────────────────┤
│        GBFS CarBlockedRecursive │ 20       │ '2.38ms ± 0.58ms' │ 51        │ 52           │ 443         │ '1.068'         │ '∅ F+1 P+1 L-3 C-1 E+3 C+1 L+3 I-2 L-2 D-1 M-1 L-1 C-1 M+1 I+1 C+1 L+3 M-1 L-1 P+2 M+1 L-1 D+1 L-1 C-1 B+1 D-1 M-1 C+1 L+3 M+1 D+1 L-1 I-1 L-2 D-1 L+1 M-1 L+1 G-2 M+1 L+1 D+1 L-2 I+2 L+1 H-2 L+1 I-1 D-2 P+1' │
└─────────────────────────────────┴──────────┴───────────────────┴───────────┴──────────────┴─────────────┴─────────────────┴─────────────────────────────────────────────────────────────────────────────────────────────────────────────────────────────────────────────────────────────────────────────────────────────────────────────────┘
┌─────────────────────────────────┬──────────┬───────────────────┬───────────┬──────────────┬─────────────┬─────────────────┬─────────────────────────────────────────────────────┐
│ (index)                         │ runCount │ duration          │ tickCount │ visitedNodes │ searchCount │ branchingFactor │ solutionSteps                                       │
├─────────────────────────────────┼──────────┼───────────────────┼───────────┼──────────────┼─────────────┼─────────────────┼─────────────────────────────────────────────────────┤
│                  A* CarDistance │ 20       │ '3.82ms ± 1.33ms' │ 427       │ 428          │ 3530        │ '1.852'         │ '∅ P+1 L-3 C-1 E+2 P+1 B+1 G-1 F+1 I-1 H-1 D-2 P+2' │
└─────────────────────────────────┴──────────┴───────────────────┴───────────┴──────────────┴─────────────┴─────────────────┴─────────────────────────────────────────────────────┘
┌─────────────────────────────────┬──────────┬───────────────────┬───────────┬──────────────┬─────────────┬─────────────────┬─────────────────────────────────────────────────────┐
│ (index)                         │ runCount │ duration          │ tickCount │ visitedNodes │ searchCount │ branchingFactor │ solutionSteps                                       │
├─────────────────────────────────┼──────────┼───────────────────┼───────────┼──────────────┼─────────────┼─────────────────┼─────────────────────────────────────────────────────┤
│                   A* CarBlocked │ 20       │ '2.84ms ± 0.42ms' │ 410       │ 411          │ 3384        │ '1.844'         │ '∅ F+1 P+1 L-3 C-1 E+2 P+1 B+1 G-1 I-1 H-1 D-2 P+2' │
└─────────────────────────────────┴──────────┴───────────────────┴───────────┴──────────────┴─────────────┴─────────────────┴─────────────────────────────────────────────────────┘
┌─────────────────────────────────┬──────────┬───────────────────┬───────────┬──────────────┬─────────────┬─────────────────┬─────────────────────────────────────────────────────┐
│ (index)                         │ runCount │ duration          │ tickCount │ visitedNodes │ searchCount │ branchingFactor │ solutionSteps                                       │
├─────────────────────────────────┼──────────┼───────────────────┼───────────┼──────────────┼─────────────┼─────────────────┼─────────────────────────────────────────────────────┤
│          A* CarBlockedRecursive │ 20       │ '5.21ms ± 1.03ms' │ 340       │ 341          │ 2756        │ '1.810'         │ '∅ F+1 P+1 L-3 C-1 E+2 P+1 B+1 G-1 I-1 H-1 D-2 P+2' │
└─────────────────────────────────┴──────────┴───────────────────┴───────────┴──────────────┴─────────────┴─────────────────┴─────────────────────────────────────────────────────┘
┌─────────────────────────────────┬─────────────┐
│ (index)                         │ status      │
├─────────────────────────────────┼─────────────┤
│                IDA* CarDistance │ 'Timed out' │
└─────────────────────────────────┴─────────────┘
┌─────────────────────────────────┬─────────────┐
│ (index)                         │ status      │
├─────────────────────────────────┼─────────────┤
│                 IDA* CarBlocked │ 'Timed out' │
└─────────────────────────────────┴─────────────┘
┌─────────────────────────────────┬──────────┬─────────────────────┬───────────┬──────────────┬─────────────┬───────────────────────────────────┐
│ (index)                         │ runCount │ duration            │ tickCount │ visitedNodes │ searchCount │ errorMessage                      │
├─────────────────────────────────┼──────────┼─────────────────────┼───────────┼──────────────┼─────────────┼───────────────────────────────────┤
│        IDA* CarBlockedRecursive │ 1        │ '330.41ms ± 0.00ms' │ 10        │ 0            │ 152379      │ 'Timed out, ticked too many/long' │
└─────────────────────────────────┴──────────┴─────────────────────┴───────────┴──────────────┴─────────────┴───────────────────────────────────┘
┌─────────────────────────────────┬──────────┬────────────────────┬───────────┬──────────────┬─────────────┬─────────────────┬─────────────────────────────────────────────────────────────────────────┐
│ (index)                         │ runCount │ duration           │ tickCount │ visitedNodes │ searchCount │ branchingFactor │ solutionSteps                                                           │
├─────────────────────────────────┼──────────┼────────────────────┼───────────┼──────────────┼─────────────┼─────────────────┼─────────────────────────────────────────────────────────────────────────┤
│         IDA* Approx CarDistance │ 19       │ '10.53ms ± 5.20ms' │ 13        │ 685          │ 16567       │ '1.679'         │ '∅ P+1 F+1 L-1 L-1 L-1 C-1 E+1 I-1 E+1 P+1 B+1 G-1 H-1 P+1 D-1 D-1 P+1' │
└─────────────────────────────────┴──────────┴────────────────────┴───────────┴──────────────┴─────────────┴─────────────────┴─────────────────────────────────────────────────────────────────────────┘
┌─────────────────────────────────┬──────────┬────────────────────┬───────────┬──────────────┬─────────────┬─────────────────┬─────────────────────────────────────────────────────────────────────────┐
│ (index)                         │ runCount │ duration           │ tickCount │ visitedNodes │ searchCount │ branchingFactor │ solutionSteps                                                           │
├─────────────────────────────────┼──────────┼────────────────────┼───────────┼──────────────┼─────────────┼─────────────────┼─────────────────────────────────────────────────────────────────────────┤
│          IDA* Approx CarBlocked │ 13       │ '15.28ms ± 3.34ms' │ 14        │ 752          │ 21593       │ '1.708'         │ '∅ P+1 F+1 L-1 L-1 L-1 C-1 E+1 I-1 E+1 P+1 B+1 G-1 H-1 P+1 D-1 D-1 P+1' │
└─────────────────────────────────┴──────────┴────────────────────┴───────────┴──────────────┴─────────────┴─────────────────┴─────────────────────────────────────────────────────────────────────────┘
┌─────────────────────────────────┬──────────┬────────────────────┬───────────┬──────────────┬─────────────┬─────────────────┬─────────────────────────────────────────────────────────────────────────┐
│ (index)                         │ runCount │ duration           │ tickCount │ visitedNodes │ searchCount │ branchingFactor │ solutionSteps                                                           │
├─────────────────────────────────┼──────────┼────────────────────┼───────────┼──────────────┼─────────────┼─────────────────┼─────────────────────────────────────────────────────────────────────────┤
│ IDA* Approx CarBlockedRecursive │ 8        │ '23.85ms ± 5.32ms' │ 13        │ 613          │ 13948       │ '1.661'         │ '∅ P+1 F+1 L-1 L-1 L-1 C-1 E+1 E+1 P+1 P+1 I-1 B+1 G-1 H-1 D-1 D-1 P+1' │
└─────────────────────────────────┴──────────┴────────────────────┴───────────┴──────────────┴─────────────┴─────────────────┴─────────────────────────────────────────────────────────────────────────┘
=====================================
cases\Jam-10.txt
6 6
11
BBG.HH 
EEG..F 
LPP..FK
LCCC.F 
L..IDD 
JJ.IMM 

┌─────────────────────────────────┬──────────┬────────────────────┬───────────┬──────────────┬─────────────┬─────────────────┬─────────────────────────────────────────────────────────────────────────┐
│ (index)                         │ runCount │ duration           │ tickCount │ visitedNodes │ searchCount │ branchingFactor │ solutionSteps                                                           │
├─────────────────────────────────┼──────────┼────────────────────┼───────────┼──────────────┼─────────────┼─────────────────┼─────────────────────────────────────────────────────────────────────────┤
│                             UCS │ 16       │ '12.40ms ± 3.47ms' │ 1899      │ 2145         │ 16183       │ '1.677'         │ '∅ H-1 F-1 P+2 C+2 G+4 B+1 E+1 L-2 P-2 C-3 F+1 H+1 I-4 D-1 M-1 F+2 P+3' │
└─────────────────────────────────┴──────────┴────────────────────┴───────────┴──────────────┴─────────────┴─────────────────┴─────────────────────────────────────────────────────────────────────────┘
┌─────────────────────────────────┬──────────┬───────────────────┬───────────┬──────────────┬─────────────┬─────────────────┬─────────────────────────────────────────────────────────────────────────────────────────────────────────────────────────────────────────────────────────────────────────────────────────────────────────────────────────────────────────────────────────────────────────────────────────────────────────────────────────────────────────────────────────────────────────────────────────────────────────────────────────────────────────────────────────────────────┐
│ (index)                         │ runCount │ duration          │ tickCount │ visitedNodes │ searchCount │ branchingFactor │ solutionSteps                                                                                                                                                                                                                                                                                                                                                                                                                                                       │
├─────────────────────────────────┼──────────┼───────────────────┼───────────┼──────────────┼─────────────┼─────────────────┼─────────────────────────────────────────────────────────────────────────────────────────────────────────────────────────────────────────────────────────────────────────────────────────────────────────────────────────────────────────────────────────────────────────────────────────────────────────────────────────────────────────────────────────────────────────────────────────────────────────────────────────────────────────────────────────────────────┤
│                GBFS CarDistance │ 20       │ '7.38ms ± 2.05ms' │ 1031      │ 1032         │ 8850        │ '1.057'         │ '∅ P+2 J+1 C+1 L+1 H-1 C-1 F-1 C+2 L-1 J-1 C-2 G+1 J+1 C+1 F+1 B+1 J-1 F-1 C+1 G+2 E+2 J+1 G-1 L-2 J-1 G+2 C-3 E-1 P-2 I-3 M-1 D-1 C+3 M+1 G-1 M-2 D+1 M+1 J+1 M+1 J+1 L+3 D-1 J-1 M-1 L-2 J-1 L+1 E-1 M-1 D+1 M+2 J+2 D-1 J-1 B-1 M-1 D+1 J-1 G+1 M+1 D-1 C-2 M-1 C+1 E+1 M+1 D+1 C-1 M-1 L-1 D-1 M+1 C+2 D+1 G-1 M-2 D-1 L+1 M+2 J+2 D+1 J-1 L+1 M-1 L-2 H-1 M+1 J+1 D-1 J-2 M-1 G+1 D+1 C-1 M+1 D-1 F+2 M-1 C-1 F-1 M+1 D+1 L+1 E-1 H+2 M-1 D-1 C+1 F+2 I-1 P+3' │
└─────────────────────────────────┴──────────┴───────────────────┴───────────┴──────────────┴─────────────┴─────────────────┴─────────────────────────────────────────────────────────────────────────────────────────────────────────────────────────────────────────────────────────────────────────────────────────────────────────────────────────────────────────────────────────────────────────────────────────────────────────────────────────────────────────────────────────────────────────────────────────────────────────────────────────────────────────────────────────────────────┘
┌─────────────────────────────────┬──────────┬───────────────────┬───────────┬──────────────┬─────────────┬─────────────────┬─────────────────────────────────────────────────────────────────────────────────────────────────────────────────────────────────────────────────────────────────────────────────────────────────────────────────────────────────────────────────────────────────────────────────────────────────────────────────────────────────────────────────────────────────────────────────────────────────────────────────────────────────────────────────────────────────┐
│ (index)                         │ runCount │ duration          │ tickCount │ visitedNodes │ searchCount │ branchingFactor │ solutionSteps                                                                                                                                                                                                                                                                                                                                                                                                                                                   │
├─────────────────────────────────┼──────────┼───────────────────┼───────────┼──────────────┼─────────────┼─────────────────┼─────────────────────────────────────────────────────────────────────────────────────────────────────────────────────────────────────────────────────────────────────────────────────────────────────────────────────────────────────────────────────────────────────────────────────────────────────────────────────────────────────────────────────────────────────────────────────────────────────────────────────────────────────────────────────────────────┤
│                 GBFS CarBlocked │ 20       │ '2.21ms ± 1.49ms' │ 219       │ 220          │ 1741        │ '1.038'         │ '∅ J+1 C+1 P+2 J-1 P-1 H-1 J+1 C-1 P+1 J-1 F-1 C+2 J+1 C-1 P-2 C-1 L+1 C+2 P-1 C-1 F+1 C-1 H+1 P+3 G+1 C+1 H-2 L-1 J-1 C-1 F-1 J+1 C+2 L+1 G+2 P-3 E+3 P+2 L-2 J-1 G+1 C-2 P-1 C+1 P+2 E-2 C-1 E+1 C+2 G-2 J+1 G+1 P-2 J-1 E-1 G+1 L+1 C-2 P+1 C+1 E-1 C+1 G-1 P-1 H+1 G+1 B+1 C-2 P+2 C+1 P-1 E+3 C-1 L-2 C-1 I-1 M-1 P-1 E-2 M+1 I+1 C+3 P+1 C-1 P+1 C-1 E+1 C-1 I-1 M-1 F+1 P-2 M+1 I+1 C+2 P+2 E+1 C-2 I-1 E-2 P-1 M-1 H+1 P-1 M+1 I-3 D-1 M-1 F+2 C+2 P+3' │
└─────────────────────────────────┴──────────┴───────────────────┴───────────┴──────────────┴─────────────┴─────────────────┴─────────────────────────────────────────────────────────────────────────────────────────────────────────────────────────────────────────────────────────────────────────────────────────────────────────────────────────────────────────────────────────────────────────────────────────────────────────────────────────────────────────────────────────────────────────────────────────────────────────────────────────────────────────────────────────────────┘
┌─────────────────────────────────┬──────────┬───────────────────┬───────────┬──────────────┬─────────────┬─────────────────┬─────────────────────────────────────────────────────────────────────────────────────────────────────────────────────────────────────────────────────────────────────────────────────────────────────────────────────────────────────────────────────────────────────────────────────────────────────────────────────────────────────────────────────────────────────────────────────────────────────┐
│ (index)                         │ runCount │ duration          │ tickCount │ visitedNodes │ searchCount │ branchingFactor │ solutionSteps                                                                                                                                                                                                                                                                                                                                                                                       │
├─────────────────────────────────┼──────────┼───────────────────┼───────────┼──────────────┼─────────────┼─────────────────┼─────────────────────────────────────────────────────────────────────────────────────────────────────────────────────────────────────────────────────────────────────────────────────────────────────────────────────────────────────────────────────────────────────────────────────────────────────────────────────────────────────────────────────────────────────────────────────────────────────┤
│        GBFS CarBlockedRecursive │ 20       │ '6.56ms ± 2.56ms' │ 435       │ 436          │ 3097        │ '1.054'         │ '∅ J+1 C+1 L+1 H-1 C-1 F-1 L-1 J-1 C+1 F+1 P+2 J+1 C-1 G+1 J-1 B+1 C+1 J+1 L+1 C-1 F-1 B-1 C+1 H-1 C+1 G+2 L-1 J-1 E+3 L-1 J+1 E-2 H+1 J-1 B+1 L-1 J+1 L+3 E-1 L-1 J-1 E+3 G-2 C-2 J+1 C+1 B-1 G-1 C+1 G+3 L+1 E-1 G-1 B+1 L-3 J-1 L+2 B-1 L-1 E+1 J+1 B+1 L+1 E-2 B-1 H-1 J-1 L-1 G+2 C-2 L+1 C+1 F+1 L-1 E+2 C-1 L+1 E-3 H+2 C+1 B+2 E+3 C-1 B-1 L-2 C-1 I-1 M-1 B+1 E-2 P-2 B-1 I-3 D-1 F+2 P+3' │
└─────────────────────────────────┴──────────┴───────────────────┴───────────┴──────────────┴─────────────┴─────────────────┴─────────────────────────────────────────────────────────────────────────────────────────────────────────────────────────────────────────────────────────────────────────────────────────────────────────────────────────────────────────────────────────────────────────────────────────────────────────────────────────────────────────────────────────────────────────────────────────────────────┘
┌─────────────────────────────────┬──────────┬────────────────────┬───────────┬──────────────┬─────────────┬─────────────────┬─────────────────────────────────────────────────────────────────────────────────┐
│ (index)                         │ runCount │ duration           │ tickCount │ visitedNodes │ searchCount │ branchingFactor │ solutionSteps                                                                   │
├─────────────────────────────────┼──────────┼────────────────────┼───────────┼──────────────┼─────────────┼─────────────────┼─────────────────────────────────────────────────────────────────────────────────┤
│                  A* CarDistance │ 9        │ '20.35ms ± 9.33ms' │ 1767      │ 1768         │ 15080       │ '1.573'         │ '∅ P+2 H-1 F-1 C+2 G+4 C-1 F+1 B+1 E+1 H+1 L-2 C-2 P-2 I-4 P+2 M-1 D-1 F+2 P+1' │
└─────────────────────────────────┴──────────┴────────────────────┴───────────┴──────────────┴─────────────┴─────────────────┴─────────────────────────────────────────────────────────────────────────────────┘
┌─────────────────────────────────┬──────────┬────────────────────┬───────────┬──────────────┬─────────────┬─────────────────┬─────────────────────────────────────────────────────────────────────────────────┐
│ (index)                         │ runCount │ duration           │ tickCount │ visitedNodes │ searchCount │ branchingFactor │ solutionSteps                                                                   │
├─────────────────────────────────┼──────────┼────────────────────┼───────────┼──────────────┼─────────────┼─────────────────┼─────────────────────────────────────────────────────────────────────────────────┤
│                   A* CarBlocked │ 12       │ '16.54ms ± 1.61ms' │ 1988      │ 1989         │ 16956       │ '1.584'         │ '∅ H-1 F-1 C+2 P+2 G+2 E+1 B+1 G+2 P-2 L-2 C-3 I-2 D-1 F+1 H+1 I-2 M-1 F+2 P+3' │
└─────────────────────────────────┴──────────┴────────────────────┴───────────┴──────────────┴─────────────┴─────────────────┴─────────────────────────────────────────────────────────────────────────────────┘
┌─────────────────────────────────┬──────────┬────────────────────┬───────────┬──────────────┬─────────────┬─────────────────┬─────────────────────────────────────────────────────────────────────────────────────┐
│ (index)                         │ runCount │ duration           │ tickCount │ visitedNodes │ searchCount │ branchingFactor │ solutionSteps                                                                       │
├─────────────────────────────────┼──────────┼────────────────────┼───────────┼──────────────┼─────────────┼─────────────────┼─────────────────────────────────────────────────────────────────────────────────────┤
│          A* CarBlockedRecursive │ 5        │ '38.10ms ± 0.97ms' │ 1635      │ 1636         │ 14007       │ '1.528'         │ '∅ H-1 F-1 P+2 C+2 G+4 C-1 B+1 E+1 L-2 C-2 I-1 M-1 P-2 I-1 D-1 F+1 H+1 F+2 I-2 P+3' │
└─────────────────────────────────┴──────────┴────────────────────┴───────────┴──────────────┴─────────────┴─────────────────┴─────────────────────────────────────────────────────────────────────────────────────┘
┌─────────────────────────────────┬─────────────┐
│ (index)                         │ status      │
├─────────────────────────────────┼─────────────┤
│                IDA* CarDistance │ 'Timed out' │
└─────────────────────────────────┴─────────────┘
┌─────────────────────────────────┬──────────┬─────────────────────┬───────────┬──────────────┬─────────────┬───────────────────────────────────┐
│ (index)                         │ runCount │ duration            │ tickCount │ visitedNodes │ searchCount │ errorMessage                      │
├─────────────────────────────────┼──────────┼─────────────────────┼───────────┼──────────────┼─────────────┼───────────────────────────────────┤
│                 IDA* CarBlocked │ 1        │ '255.34ms ± 0.00ms' │ 8         │ 0            │ 369340      │ 'Timed out, ticked too many/long' │
└─────────────────────────────────┴──────────┴─────────────────────┴───────────┴──────────────┴─────────────┴───────────────────────────────────┘
┌─────────────────────────────────┬──────────┬─────────────────────┬───────────┬──────────────┬─────────────┬───────────────────────────────────┐
│ (index)                         │ runCount │ duration            │ tickCount │ visitedNodes │ searchCount │ errorMessage                      │
├─────────────────────────────────┼──────────┼─────────────────────┼───────────┼──────────────┼─────────────┼───────────────────────────────────┤
│        IDA* CarBlockedRecursive │ 1        │ '245.38ms ± 0.00ms' │ 7         │ 0            │ 79332       │ 'Timed out, ticked too many/long' │
└─────────────────────────────────┴──────────┴─────────────────────┴───────────┴──────────────┴─────────────┴───────────────────────────────────┘
┌─────────────────────────────────┬──────────┬─────────────────────┬───────────┬──────────────┬─────────────┬───────────────────────────────────┐
│ (index)                         │ runCount │ duration            │ tickCount │ visitedNodes │ searchCount │ errorMessage                      │
├─────────────────────────────────┼──────────┼─────────────────────┼───────────┼──────────────┼─────────────┼───────────────────────────────────┤
│         IDA* Approx CarDistance │ 1        │ '211.55ms ± 0.00ms' │ 23        │ 1366         │ 326013      │ 'Timed out, ticked too many/long' │
└─────────────────────────────────┴──────────┴─────────────────────┴───────────┴──────────────┴─────────────┴───────────────────────────────────┘
┌─────────────────────────────────┬──────────┬─────────────────────┬───────────┬──────────────┬─────────────┬───────────────────────────────────┐
│ (index)                         │ runCount │ duration            │ tickCount │ visitedNodes │ searchCount │ errorMessage                      │
├─────────────────────────────────┼──────────┼─────────────────────┼───────────┼──────────────┼─────────────┼───────────────────────────────────┤
│          IDA* Approx CarBlocked │ 1        │ '202.84ms ± 0.00ms' │ 24        │ 1371         │ 313660      │ 'Timed out, ticked too many/long' │
└─────────────────────────────────┴──────────┴─────────────────────┴───────────┴──────────────┴─────────────┴───────────────────────────────────┘
┌─────────────────────────────────┬──────────┬─────────────────────┬───────────┬──────────────┬─────────────┬───────────────────────────────────┐
│ (index)                         │ runCount │ duration            │ tickCount │ visitedNodes │ searchCount │ errorMessage                      │
├─────────────────────────────────┼──────────┼─────────────────────┼───────────┼──────────────┼─────────────┼───────────────────────────────────┤
│ IDA* Approx CarBlockedRecursive │ 1        │ '229.35ms ± 0.00ms' │ 20        │ 1261         │ 126147      │ 'Timed out, ticked too many/long' │
└─────────────────────────────────┴──────────┴─────────────────────┴───────────┴──────────────┴─────────────┴───────────────────────────────────┘
=====================================
cases\Jam-11.txt
6 6
7
EBBH.. 
E..H.. 
EPPH..K
..FCCC 
..F..G 
..DDDG 

┌─────────────────────────────────┬──────────┬───────────────────┬───────────┬──────────────┬─────────────┬─────────────────┬─────────────────────────────────────────────────────────────────────────────────────────────────────────┐
│ (index)                         │ runCount │ duration          │ tickCount │ visitedNodes │ searchCount │ branchingFactor │ solutionSteps                                                                                           │
├─────────────────────────────────┼──────────┼───────────────────┼───────────┼──────────────┼─────────────┼─────────────────┼─────────────────────────────────────────────────────────────────────────────────────────────────────────┤
│                             UCS │ 20       │ '3.38ms ± 0.81ms' │ 828       │ 847          │ 6879        │ '1.349'         │ '∅ E+3 P-1 F-2 C-1 G-3 C+1 D+1 F+3 P+1 E-3 C-3 H+1 B+3 H-1 C+3 E+3 P-1 F-4 P+1 E-3 C-3 G+2 D-3 H+3 P+3' │
└─────────────────────────────────┴──────────┴───────────────────┴───────────┴──────────────┴─────────────┴─────────────────┴─────────────────────────────────────────────────────────────────────────────────────────────────────────┘
┌─────────────────────────────────┬──────────┬───────────────────┬───────────┬──────────────┬─────────────┬─────────────────┬─────────────────────────────────────────────────────────────────────────────────────────────────────────────────────────────────────────────────────────────────────────────────────────────────────────────────────────────────────────────────────────────────┐
│ (index)                         │ runCount │ duration          │ tickCount │ visitedNodes │ searchCount │ branchingFactor │ solutionSteps                                                                                                                                                                                                                                                   │
├─────────────────────────────────┼──────────┼───────────────────┼───────────┼──────────────┼─────────────┼─────────────────┼─────────────────────────────────────────────────────────────────────────────────────────────────────────────────────────────────────────────────────────────────────────────────────────────────────────────────────────────────────────────────────────────────┤
│                GBFS CarDistance │ 20       │ '3.29ms ± 0.84ms' │ 570       │ 571          │ 4756        │ '1.101'         │ '∅ E+3 P-1 F-2 D-1 C-2 G-4 D+2 C+2 D-1 F+2 P+1 D-1 E-3 D-1 G+1 D+3 F+1 C-3 H+1 G+2 H+1 G-1 B+3 G-1 H-2 C+3 F-1 D-3 E+2 D+2 E-1 D-1 E+2 P-1 F-3 P+1 D+2 C-2 D-1 C+1 E-3 C-2 H+2 D-1 H-1 G+3 D-1 G-2 D+3 H+1 B-1 D-3 G-2 D+2 H-1 D-1 G+3 D-1 G-2 H+2 P+2 G-1 P+1' │
└─────────────────────────────────┴──────────┴───────────────────┴───────────┴──────────────┴─────────────┴─────────────────┴─────────────────────────────────────────────────────────────────────────────────────────────────────────────────────────────────────────────────────────────────────────────────────────────────────────────────────────────────────────────────────────────────┘
┌─────────────────────────────────┬──────────┬───────────────────┬───────────┬──────────────┬─────────────┬─────────────────┬─────────────────────────────────────────────────────────────────────────────────────────────────────────────────────────────────────────────────────────────────────────────────────────────────────────────────────────────────────────────┐
│ (index)                         │ runCount │ duration          │ tickCount │ visitedNodes │ searchCount │ branchingFactor │ solutionSteps                                                                                                                                                                                                                               │
├─────────────────────────────────┼──────────┼───────────────────┼───────────┼──────────────┼─────────────┼─────────────────┼─────────────────────────────────────────────────────────────────────────────────────────────────────────────────────────────────────────────────────────────────────────────────────────────────────────────────────────────────────────────┤
│                 GBFS CarBlocked │ 20       │ '1.49ms ± 0.32ms' │ 270       │ 271          │ 2173        │ '1.095'         │ '∅ E+2 B-1 E+1 P-1 D-1 F-3 C-2 D+1 G-4 D+1 C+2 D-2 F+3 D+1 P+1 D+1 F+1 C-2 E-2 C+1 E+1 G+3 C-1 B+1 G-3 C+2 E-2 C-3 G+3 H+2 B+3 H-2 C+2 E+3 C-1 P-1 G-2 C+2 F-4 D-2 C-2 G+3 D+1 G-1 D+1 C+1 D-2 P+1 D+1 G+1 C+1 D-1 E-3 D-1 C-3 H+3 G-1 P+3' │
└─────────────────────────────────┴──────────┴───────────────────┴───────────┴──────────────┴─────────────┴─────────────────┴─────────────────────────────────────────────────────────────────────────────────────────────────────────────────────────────────────────────────────────────────────────────────────────────────────────────────────────────────────────────┘
┌─────────────────────────────────┬──────────┬───────────────────┬───────────┬──────────────┬─────────────┬─────────────────┬─────────────────────────────────────────────────────────────────────────────────────────────────────────────────────────────────────────────────────────────────────────────────────────────────────────────────────────────────────────────────────────────┐
│ (index)                         │ runCount │ duration          │ tickCount │ visitedNodes │ searchCount │ branchingFactor │ solutionSteps                                                                                                                                                                                                                                               │
├─────────────────────────────────┼──────────┼───────────────────┼───────────┼──────────────┼─────────────┼─────────────────┼─────────────────────────────────────────────────────────────────────────────────────────────────────────────────────────────────────────────────────────────────────────────────────────────────────────────────────────────────────────────────────────────┤
│        GBFS CarBlockedRecursive │ 20       │ '5.16ms ± 0.42ms' │ 447       │ 448          │ 3604        │ '1.098'         │ '∅ E+2 B-1 E+1 P-1 D-1 F-3 C-2 D+1 G-4 D+1 G+3 C+1 P+1 E-2 D-3 G+1 D+2 E+2 D-1 G-4 C+1 P-1 F+3 D+1 B+1 P+1 D+1 F+1 C-2 G+3 C+1 E-3 C-2 G-3 H+2 B+2 G+3 H-1 B+1 H-1 C+2 E+2 G-2 C+1 F-1 D-3 E-2 D+2 E+3 D-1 P-1 F-3 D+2 C-2 G+2 C+1 P+1 E-3 D-3 C-2 H+3 P+3' │
└─────────────────────────────────┴──────────┴───────────────────┴───────────┴──────────────┴─────────────┴─────────────────┴─────────────────────────────────────────────────────────────────────────────────────────────────────────────────────────────────────────────────────────────────────────────────────────────────────────────────────────────────────────────────────────────┘
┌─────────────────────────────────┬──────────┬───────────────────┬───────────┬──────────────┬─────────────┬─────────────────┬─────────────────────────────────────────────────────────────────────────────────────────────────────────────────────┐
│ (index)                         │ runCount │ duration          │ tickCount │ visitedNodes │ searchCount │ branchingFactor │ solutionSteps                                                                                                       │
├─────────────────────────────────┼──────────┼───────────────────┼───────────┼──────────────┼─────────────┼─────────────────┼─────────────────────────────────────────────────────────────────────────────────────────────────────────────────────┤
│                  A* CarDistance │ 20       │ '4.17ms ± 0.54ms' │ 827       │ 828          │ 6845        │ '1.301'         │ '∅ E+3 P-1 F-2 C-1 G-3 C+1 F+2 P+1 D+1 F+1 E-3 C-3 H+1 B+3 H-1 C+1 E+3 P-1 C+2 F-4 P+1 E-3 C-3 D-3 H+3 P+2 G+2 P+1' │
└─────────────────────────────────┴──────────┴───────────────────┴───────────┴──────────────┴─────────────┴─────────────────┴─────────────────────────────────────────────────────────────────────────────────────────────────────────────────────┘
┌─────────────────────────────────┬──────────┬───────────────────┬───────────┬──────────────┬─────────────┬─────────────────┬─────────────────────────────────────────────────────────────────────────────────────────────────────────────────────────────┐
│ (index)                         │ runCount │ duration          │ tickCount │ visitedNodes │ searchCount │ branchingFactor │ solutionSteps                                                                                                               │
├─────────────────────────────────┼──────────┼───────────────────┼───────────┼──────────────┼─────────────┼─────────────────┼─────────────────────────────────────────────────────────────────────────────────────────────────────────────────────────────┤
│                   A* CarBlocked │ 20       │ '6.57ms ± 2.14ms' │ 845       │ 846          │ 7001        │ '1.277'         │ '∅ E+3 P-1 F-2 C-1 G-1 D+1 G-2 C+1 F+2 P+1 F+1 E-3 C-3 H+1 B+3 H-1 C+1 E+3 P-1 C+2 F-4 P+1 E-3 C-3 H+1 B-1 G-1 D-3 H+2 P+3' │
└─────────────────────────────────┴──────────┴───────────────────┴───────────┴──────────────┴─────────────┴─────────────────┴─────────────────────────────────────────────────────────────────────────────────────────────────────────────────────────────┘
┌─────────────────────────────────┬──────────┬───────────────────┬───────────┬──────────────┬─────────────┬─────────────────┬─────────────────────────────────────────────────────────────────────────────────────────────────────────────────┐
│ (index)                         │ runCount │ duration          │ tickCount │ visitedNodes │ searchCount │ branchingFactor │ solutionSteps                                                                                                   │
├─────────────────────────────────┼──────────┼───────────────────┼───────────┼──────────────┼─────────────┼─────────────────┼─────────────────────────────────────────────────────────────────────────────────────────────────────────────────┤
│          A* CarBlockedRecursive │ 20       │ '9.14ms ± 0.51ms' │ 831       │ 832          │ 6890        │ '1.316'         │ '∅ E+3 P-1 F-2 C-1 G-3 C+1 D+1 F+3 P+1 E-3 C-3 H+1 B+3 H-1 C+1 E+3 P-1 C+2 F-4 C-1 G+2 P+1 E-3 C-2 D-3 H+3 P+3' │
└─────────────────────────────────┴──────────┴───────────────────┴───────────┴──────────────┴─────────────┴─────────────────┴─────────────────────────────────────────────────────────────────────────────────────────────────────────────────┘
┌─────────────────────────────────┬──────────┬─────────────────────┬───────────┬──────────────┬─────────────┬───────────────────────────────────┐
│ (index)                         │ runCount │ duration            │ tickCount │ visitedNodes │ searchCount │ errorMessage                      │
├─────────────────────────────────┼──────────┼─────────────────────┼───────────┼──────────────┼─────────────┼───────────────────────────────────┤
│                IDA* CarDistance │ 1        │ '270.72ms ± 0.00ms' │ 11        │ 0            │ 456541      │ 'Timed out, ticked too many/long' │
└─────────────────────────────────┴──────────┴─────────────────────┴───────────┴──────────────┴─────────────┴───────────────────────────────────┘
┌─────────────────────────────────┬──────────┬─────────────────────┬───────────┬──────────────┬─────────────┬───────────────────────────────────┐
│ (index)                         │ runCount │ duration            │ tickCount │ visitedNodes │ searchCount │ errorMessage                      │
├─────────────────────────────────┼──────────┼─────────────────────┼───────────┼──────────────┼─────────────┼───────────────────────────────────┤
│                 IDA* CarBlocked │ 1        │ '380.87ms ± 0.00ms' │ 11        │ 0            │ 542713      │ 'Timed out, ticked too many/long' │
└─────────────────────────────────┴──────────┴─────────────────────┴───────────┴──────────────┴─────────────┴───────────────────────────────────┘
┌─────────────────────────────────┬──────────┬─────────────────────┬───────────┬──────────────┬─────────────┬───────────────────────────────────┐
│ (index)                         │ runCount │ duration            │ tickCount │ visitedNodes │ searchCount │ errorMessage                      │
├─────────────────────────────────┼──────────┼─────────────────────┼───────────┼──────────────┼─────────────┼───────────────────────────────────┤
│        IDA* CarBlockedRecursive │ 1        │ '214.94ms ± 0.00ms' │ 10        │ 0            │ 194270      │ 'Timed out, ticked too many/long' │
└─────────────────────────────────┴──────────┴─────────────────────┴───────────┴──────────────┴─────────────┴───────────────────────────────────┘
┌─────────────────────────────────┬──────────┬─────────────────────┬───────────┬──────────────┬─────────────┬───────────────────────────────────┐
│ (index)                         │ runCount │ duration            │ tickCount │ visitedNodes │ searchCount │ errorMessage                      │
├─────────────────────────────────┼──────────┼─────────────────────┼───────────┼──────────────┼─────────────┼───────────────────────────────────┤
│         IDA* Approx CarDistance │ 1        │ '203.47ms ± 0.00ms' │ 35        │ 523          │ 399696      │ 'Timed out, ticked too many/long' │
└─────────────────────────────────┴──────────┴─────────────────────┴───────────┴──────────────┴─────────────┴───────────────────────────────────┘
┌─────────────────────────────────┬──────────┬─────────────────────┬───────────┬──────────────┬─────────────┬───────────────────────────────────┐
│ (index)                         │ runCount │ duration            │ tickCount │ visitedNodes │ searchCount │ errorMessage                      │
├─────────────────────────────────┼──────────┼─────────────────────┼───────────┼──────────────┼─────────────┼───────────────────────────────────┤
│          IDA* Approx CarBlocked │ 1        │ '236.42ms ± 0.00ms' │ 36        │ 526          │ 427125      │ 'Timed out, ticked too many/long' │
└─────────────────────────────────┴──────────┴─────────────────────┴───────────┴──────────────┴─────────────┴───────────────────────────────────┘
┌─────────────────────────────────┬──────────┬─────────────────────┬───────────┬──────────────┬─────────────┬───────────────────────────────────┐
│ (index)                         │ runCount │ duration            │ tickCount │ visitedNodes │ searchCount │ errorMessage                      │
├─────────────────────────────────┼──────────┼─────────────────────┼───────────┼──────────────┼─────────────┼───────────────────────────────────┤
│ IDA* Approx CarBlockedRecursive │ 1        │ '218.39ms ± 0.00ms' │ 27        │ 469          │ 151424      │ 'Timed out, ticked too many/long' │
└─────────────────────────────────┴──────────┴─────────────────────┴───────────┴──────────────┴─────────────┴───────────────────────────────────┘
=====================================
cases\Jam-12.txt
6 6
7
BFF..E 
B.H..E 
PPH..EK
..HCCC 
....G. 
DDD.G. 

┌─────────────────────────────────┬──────────┬───────────────────┬───────────┬──────────────┬─────────────┬─────────────────┬─────────────────────────────────────────────────────────────────────────┐
│ (index)                         │ runCount │ duration          │ tickCount │ visitedNodes │ searchCount │ branchingFactor │ solutionSteps                                                           │
├─────────────────────────────────┼──────────┼───────────────────┼───────────┼──────────────┼─────────────┼─────────────────┼─────────────────────────────────────────────────────────────────────────┤
│                             UCS │ 20       │ '5.66ms ± 0.69ms' │ 1267      │ 1330         │ 11649       │ '1.641'         │ '∅ F+2 H-1 C-2 G-3 C+2 D+3 H+3 F-1 G-1 P+3 B+1 F-2 H-3 C-1 D-1 E+3 P+1' │
└─────────────────────────────────┴──────────┴───────────────────┴───────────┴──────────────┴─────────────┴─────────────────┴─────────────────────────────────────────────────────────────────────────┘
┌─────────────────────────────────┬──────────┬───────────────────┬───────────┬──────────────┬─────────────┬─────────────────┬─────────────────────────────────────────────────────────────────────────────────────────────────────────────────────────────────────────────────────────────────────────────────────────────────────────────────────┐
│ (index)                         │ runCount │ duration          │ tickCount │ visitedNodes │ searchCount │ branchingFactor │ solutionSteps                                                                                                                                                                                                       │
├─────────────────────────────────┼──────────┼───────────────────┼───────────┼──────────────┼─────────────┼─────────────────┼─────────────────────────────────────────────────────────────────────────────────────────────────────────────────────────────────────────────────────────────────────────────────────────────────────────────────────┤
│                GBFS CarDistance │ 20       │ '0.65ms ± 0.08ms' │ 132       │ 133          │ 1204        │ '1.093'         │ '∅ D+1 H+1 F+2 D-1 H-2 C-3 D+1 G-3 C+3 H+2 D+1 H-1 F-2 D-2 G-1 D+3 H+2 P+3 H-2 D-3 H+1 D+2 F+1 D-1 H-1 B+4 D+2 B-3 D-3 H+1 B+2 D+3 B-1 H+1 F-2 H-3 D-3 C-2 D+2 C+1 D-1 B-1 D-1 C-2 D+3 C+1 B+3 D-2 C-1 D+1 E+3 P+1' │
└─────────────────────────────────┴──────────┴───────────────────┴───────────┴──────────────┴─────────────┴─────────────────┴─────────────────────────────────────────────────────────────────────────────────────────────────────────────────────────────────────────────────────────────────────────────────────────────────────────────────────┘
┌─────────────────────────────────┬──────────┬───────────────────┬───────────┬──────────────┬─────────────┬─────────────────┬─────────────────────────────────────────────────────────────────────────────────────────────────────────────────────────────────────────────────────────────────────────────────────────────────────────────────────────────────────────────────┐
│ (index)                         │ runCount │ duration          │ tickCount │ visitedNodes │ searchCount │ branchingFactor │ solutionSteps                                                                                                                                                                                                                                   │
├─────────────────────────────────┼──────────┼───────────────────┼───────────┼──────────────┼─────────────┼─────────────────┼─────────────────────────────────────────────────────────────────────────────────────────────────────────────────────────────────────────────────────────────────────────────────────────────────────────────────────────────────────────────────┤
│                 GBFS CarBlocked │ 20       │ '0.95ms ± 0.07ms' │ 197       │ 198          │ 1757        │ '1.088'         │ '∅ D+1 H+1 F+2 D-1 H-2 C-3 E+3 D+1 G-1 D+1 C+1 D-2 F+1 D+1 G-2 C+1 D+1 E-2 D+1 E+1 F-1 E-2 C+1 H+3 P+2 F-2 G-1 P-2 F+1 P+3 H-2 D-3 H+1 D+2 F-1 D-1 H-1 B+4 D+2 B-3 D-3 H+1 B+2 D+3 B-1 H+1 P-2 B-1 F-1 P+2 H-3 D-3 C-3 E+3 D+2 C+2 D-1 C-1 P+1' │
└─────────────────────────────────┴──────────┴───────────────────┴───────────┴──────────────┴─────────────┴─────────────────┴─────────────────────────────────────────────────────────────────────────────────────────────────────────────────────────────────────────────────────────────────────────────────────────────────────────────────────────────────────────────────┘
┌─────────────────────────────────┬──────────┬───────────────────┬───────────┬──────────────┬─────────────┬─────────────────┬─────────────────────────────────────────────────────────────────────────────────────────────────────────────────────────────────────────────┐
│ (index)                         │ runCount │ duration          │ tickCount │ visitedNodes │ searchCount │ branchingFactor │ solutionSteps                                                                                                                               │
├─────────────────────────────────┼──────────┼───────────────────┼───────────┼──────────────┼─────────────┼─────────────────┼─────────────────────────────────────────────────────────────────────────────────────────────────────────────────────────────────────────────┤
│        GBFS CarBlockedRecursive │ 20       │ '1.34ms ± 0.46ms' │ 91        │ 92           │ 803         │ '1.146'         │ '∅ D+1 H+1 F+2 D-1 H-2 C-3 G-3 C+3 H+2 D+3 H+1 F-2 G-1 F+1 P+3 B+4 H-2 D-2 B-4 D-1 B+3 D+2 B-2 H+1 D-2 B+1 D+1 B+1 F-2 D-1 H-2 C-2 E+3 P+1' │
└─────────────────────────────────┴──────────┴───────────────────┴───────────┴──────────────┴─────────────┴─────────────────┴─────────────────────────────────────────────────────────────────────────────────────────────────────────────────────────────────────────────┘
┌─────────────────────────────────┬──────────┬───────────────────┬───────────┬──────────────┬─────────────┬─────────────────┬─────────────────────────────────────────────────────────────────────────────┐
│ (index)                         │ runCount │ duration          │ tickCount │ visitedNodes │ searchCount │ branchingFactor │ solutionSteps                                                               │
├─────────────────────────────────┼──────────┼───────────────────┼───────────┼──────────────┼─────────────┼─────────────────┼─────────────────────────────────────────────────────────────────────────────┤
│                  A* CarDistance │ 20       │ '3.49ms ± 0.26ms' │ 680       │ 681          │ 6200        │ '1.532'         │ '∅ F+2 H-1 C-2 G-3 C+2 D+3 H+3 P+1 F-1 G-1 P+2 B+1 F-2 H-3 C-1 D-1 E+3 P+1' │
└─────────────────────────────────┴──────────┴───────────────────┴───────────┴──────────────┴─────────────┴─────────────────┴─────────────────────────────────────────────────────────────────────────────┘
┌─────────────────────────────────┬──────────┬───────────────────┬───────────┬──────────────┬─────────────┬─────────────────┬─────────────────────────────────────────────────────────────────────────────────┐
│ (index)                         │ runCount │ duration          │ tickCount │ visitedNodes │ searchCount │ branchingFactor │ solutionSteps                                                                   │
├─────────────────────────────────┼──────────┼───────────────────┼───────────┼──────────────┼─────────────┼─────────────────┼─────────────────────────────────────────────────────────────────────────────────┤
│                   A* CarBlocked │ 20       │ '4.19ms ± 0.19ms' │ 792       │ 793          │ 7217        │ '1.507'         │ '∅ F+2 H-1 C-2 G-3 C+2 H+1 F-1 G-1 D+3 H+2 P+1 B+1 F-2 P+2 H-3 C-1 D-1 E+3 P+1' │
└─────────────────────────────────┴──────────┴───────────────────┴───────────┴──────────────┴─────────────┴─────────────────┴─────────────────────────────────────────────────────────────────────────────────┘
┌─────────────────────────────────┬──────────┬───────────────────┬───────────┬──────────────┬─────────────┬─────────────────┬─────────────────────────────────────────────────────────────────────────────────┐
│ (index)                         │ runCount │ duration          │ tickCount │ visitedNodes │ searchCount │ branchingFactor │ solutionSteps                                                                   │
├─────────────────────────────────┼──────────┼───────────────────┼───────────┼──────────────┼─────────────┼─────────────────┼─────────────────────────────────────────────────────────────────────────────────┤
│          A* CarBlockedRecursive │ 20       │ '8.86ms ± 1.90ms' │ 618       │ 619          │ 5616        │ '1.485'         │ '∅ F+2 H-1 C-2 G-3 C+2 H+1 F-1 G-1 D+3 H+2 P+3 H-1 D-1 B+1 F-2 H-2 C-1 E+3 P+1' │
└─────────────────────────────────┴──────────┴───────────────────┴───────────┴──────────────┴─────────────┴─────────────────┴─────────────────────────────────────────────────────────────────────────────────┘
┌─────────────────────────────────┬──────────┬─────────────────────┬───────────┬──────────────┬─────────────┬───────────────────────────────────┐
│ (index)                         │ runCount │ duration            │ tickCount │ visitedNodes │ searchCount │ errorMessage                      │
├─────────────────────────────────┼──────────┼─────────────────────┼───────────┼──────────────┼─────────────┼───────────────────────────────────┤
│                IDA* CarDistance │ 1        │ '517.24ms ± 0.00ms' │ 11        │ 0            │ 882056      │ 'Timed out, ticked too many/long' │
└─────────────────────────────────┴──────────┴─────────────────────┴───────────┴──────────────┴─────────────┴───────────────────────────────────┘
┌─────────────────────────────────┬─────────────┐
│ (index)                         │ status      │
├─────────────────────────────────┼─────────────┤
│                 IDA* CarBlocked │ 'Timed out' │
└─────────────────────────────────┴─────────────┘
┌─────────────────────────────────┬──────────┬─────────────────────┬───────────┬──────────────┬─────────────┬───────────────────────────────────┐
│ (index)                         │ runCount │ duration            │ tickCount │ visitedNodes │ searchCount │ errorMessage                      │
├─────────────────────────────────┼──────────┼─────────────────────┼───────────┼──────────────┼─────────────┼───────────────────────────────────┤
│        IDA* CarBlockedRecursive │ 1        │ '274.52ms ± 0.00ms' │ 10        │ 0            │ 206450      │ 'Timed out, ticked too many/long' │
└─────────────────────────────────┴──────────┴─────────────────────┴───────────┴──────────────┴─────────────┴───────────────────────────────────┘
┌─────────────────────────────────┬──────────┬─────────────────────┬───────────┬──────────────┬─────────────┬───────────────────────────────────┐
│ (index)                         │ runCount │ duration            │ tickCount │ visitedNodes │ searchCount │ errorMessage                      │
├─────────────────────────────────┼──────────┼─────────────────────┼───────────┼──────────────┼─────────────┼───────────────────────────────────┤
│         IDA* Approx CarDistance │ 1        │ '221.69ms ± 0.00ms' │ 27        │ 671          │ 201221      │ 'Timed out, ticked too many/long' │
└─────────────────────────────────┴──────────┴─────────────────────┴───────────┴──────────────┴─────────────┴───────────────────────────────────┘
┌─────────────────────────────────┬──────────┬─────────────────────┬───────────┬──────────────┬─────────────┬───────────────────────────────────┐
│ (index)                         │ runCount │ duration            │ tickCount │ visitedNodes │ searchCount │ errorMessage                      │
├─────────────────────────────────┼──────────┼─────────────────────┼───────────┼──────────────┼─────────────┼───────────────────────────────────┤
│          IDA* Approx CarBlocked │ 1        │ '217.83ms ± 0.00ms' │ 28        │ 652          │ 212263      │ 'Timed out, ticked too many/long' │
└─────────────────────────────────┴──────────┴─────────────────────┴───────────┴──────────────┴─────────────┴───────────────────────────────────┘
┌─────────────────────────────────┬──────────┬─────────────────────┬───────────┬──────────────┬─────────────┬───────────────────────────────────┐
│ (index)                         │ runCount │ duration            │ tickCount │ visitedNodes │ searchCount │ errorMessage                      │
├─────────────────────────────────┼──────────┼─────────────────────┼───────────┼──────────────┼─────────────┼───────────────────────────────────┤
│ IDA* Approx CarBlockedRecursive │ 1        │ '224.95ms ± 0.00ms' │ 21        │ 388          │ 80124       │ 'Timed out, ticked too many/long' │
└─────────────────────────────────┴──────────┴─────────────────────┴───────────┴──────────────┴─────────────┴───────────────────────────────────┘
=====================================
cases\Jam-13.txt
6 6
12
BBGGH. 
..E.HF 
.IEPPFK
LI.DDF 
L..JCC 
LMMJNN 

┌─────────────────────────────────┬──────────┬─────────────────────┬───────────┬──────────────┬─────────────┬─────────────────┬─────────────────────────────────────────────────────────────────────┐
│ (index)                         │ runCount │ duration            │ tickCount │ visitedNodes │ searchCount │ branchingFactor │ solutionSteps                                                       │
├─────────────────────────────────┼──────────┼─────────────────────┼───────────┼──────────────┼─────────────┼─────────────────┼─────────────────────────────────────────────────────────────────────┤
│                             UCS │ 4        │ '66.08ms ± 18.11ms' │ 8209      │ 9344         │ 75359       │ '1.927'         │ '∅ E+2 F-1 I+1 P-3 E-2 D+1 J-3 D-2 C-2 H+3 N-1 F+3 G+2 E-1 J-1 P+4' │
└─────────────────────────────────┴──────────┴─────────────────────┴───────────┴──────────────┴─────────────┴─────────────────┴─────────────────────────────────────────────────────────────────────┘
┌─────────────────────────────────┬──────────┬─────────────────────┬───────────┬──────────────┬─────────────┬─────────────────┬─────────────────────────────────────────────────────────────────────────────────────────────────────────────────────────────────────────────────────────────────────────────────────────────────────────────────────────────────────────────────────────────────────────────────────────────────────────────────────────────────────────────────────────────────────────────────────────────────────────────────────────────────────────────────────────────────────────────────────────────────────────────────────────────────────────────────────────────────────────────────────────────────────────────────────────────────────────────────────────────────────────────────────────────────────────────────────────────────────────────────────────────────────────────────────────────────────────────────────────────────────────────────────────────────────────────────────────────────────────────────────────────────────────────────────────────────────────────────────────────────────────────────────────────────────────────────────────────────────────────────────────────────────────────────────────────────────────────────────────────────────────────────────────────────────────────────────────────────────────────────────────────────────────────────────────────────────────────────────────────────────────────────────────────────────────────────────────────────────────────────────────────────────────────────────────────────────────────────────────────────────────────────────────────────────────────────────────────────────────────────────────────────────────────────────────────────────────────────────────────────────────────────────────────────────────────────────────────────────────────────────────────────────────────────────────────────────────────────────────────┐
│ (index)                         │ runCount │ duration            │ tickCount │ visitedNodes │ searchCount │ branchingFactor │ solutionSteps                                                                                                                                                                                                                                                                                                                                                                                                                                                                                                                                                                                                                                                                                                                                                                                                                                                                                                                                                                                                                                                                                                                                                                                                                                                                                                                                                                                                                                                                                                                                                                                                                                                                                                                                                                                                               │
├─────────────────────────────────┼──────────┼─────────────────────┼───────────┼──────────────┼─────────────┼─────────────────┼─────────────────────────────────────────────────────────────────────────────────────────────────────────────────────────────────────────────────────────────────────────────────────────────────────────────────────────────────────────────────────────────────────────────────────────────────────────────────────────────────────────────────────────────────────────────────────────────────────────────────────────────────────────────────────────────────────────────────────────────────────────────────────────────────────────────────────────────────────────────────────────────────────────────────────────────────────────────────────────────────────────────────────────────────────────────────────────────────────────────────────────────────────────────────────────────────────────────────────────────────────────────────────────────────────────────────────────────────────────────────────────────────────────────────────────────────────────────────────────────────────────────────────────────────────────────────────────────────────────────────────────────────────────────────────────────────────────────────────────────────────────────────────────────────────────────────────────────────────────────────────────────────────────────────────────────────────────────────────────────────────────────────────────────────────────────────────────────────────────────────────────────────────────────────────────────────────────────────────────────────────────────────────────────────────────────────────────────────────────────────────────────────────────────────────────────────────────────────────────────────────────────────────────────────────────────────────────────────────────────────────────────────────────────────────────────────────────────────────────────┤
│                GBFS CarDistance │ 4        │ '44.60ms ± 22.63ms' │ 4952      │ 4953         │ 44304       │ '1.015'         │ '∅ D-1 L-2 M-1 D+1 I-1 M+1 D-2 J-1 N-1 M-1 N-1 F-1 N+2 M+2 L+2 M-1 J+1 D+3 J-1 N-1 L-2 M-1 N-1 E+2 N+2 M+2 E-2 I+3 E+1 I-2 M-2 N-2 I+1 N+1 E+2 P-1 H+1 P-1 J-2 N+1 C-1 E-1 N-2 C+1 D-1 N+2 M+2 C-1 M-1 N-1 M-1 E+1 D-1 H-1 N+1 C+1 D+1 N-1 E-1 M+1 N+1 D+1 M-1 J+1 N-2 C-1 N+1 M+1 N+1 M+1 I+1 C+1 J-1 D-1 C-1 L+2 I-1 M-1 N-1 D+1 C+1 L-1 M-1 N-1 C-1 N+2 M+2 C+1 D-1 M-2 F+1 N-2 C-1 N+1 M+1 N+1 M+1 I+1 C+1 L+1 I-1 M-1 N-1 H+1 C-1 N+1 M+1 I+1 L-2 C+1 G+2 I-1 M-2 N-2 C-1 N+1 M+1 N+1 F+1 M-1 E+1 N-1 D-1 F-1 N+1 C+1 H+1 N-1 J-1 P+1 N+1 C-1 I-2 N-1 D-1 C+1 N+1 H-1 C-1 D+2 N-1 C+1 E-1 N-1 C-1 F+2 N+1 M+1 I+2 L+2 F-1 N+1 M+1 L-2 I+1 B+1 I-3 M-2 N-2 L+1 I+2 N+2 E+1 N-1 P-1 J+1 N+1 E-1 N-2 F-1 N+1 M+1 N+1 L+1 P-1 E-2 N-1 C-1 D-1 N+1 M+1 C+2 D+1 I+1 C-2 D-2 C+1 D+1 F+1 C-1 H+2 I-1 M-1 N-1 H-1 C+1 N+1 M+1 F-1 J-1 M-1 N-1 C-1 H+1 N+1 M+1 I+1 H-2 C+2 D-1 H+1 C-2 F+1 C+1 D+1 B-1 C-1 I-1 M-1 N-1 C+1 F+1 H-1 C-1 F-2 N+1 M+1 C+2 D+1 M-1 N-1 C-1 F+1 N+1 M+1 C-1 I+1 D-2 C+1 F-1 D+2 E-1 P+2 C-1 I-3 M-1 N-1 C-1 D-2 N+1 M+1 C+3 D+1 M-1 N-1 C-1 L-2 N+1 M-1 N-2 C-3 N+1 C+4 D-1 N-1 C-3 N+2 C-1 M+2 C+3 D+2 C-2 M-1 C-1 N-1 C+4 I+2 N+1 M-1 N-2 C-2 N+1 C+1 D-1 I-1 C-2 N-1 C+3 N+2 M+2 C-4 M-1 N-1 C+4 H+1 N+1 C-3 M-1 C-1 N-2 C+3 I+1 N+2 M+2 C-1 M-1 N-1 M-1 C+2 L+1 N-1 C-2 N+2 I-2 N-1 M+1 C-1 N+1 M+1 C+3 D-1 M-2 N-2 C-3 N+1 C+2 M+1 N+1 C-1 H-1 N-1 M-1 N-1 C+1 N+2 D+2 N-1 M+1 F+2 C-2 M-1 N-1 C+2 F-1 C-1 N+2 M+2 C-1 M-1 C+2 D-2 N-1 M-1 C-2 N-1 D+1 N+2 C+2 M+2 F-1 C-1 L-1 F+1 M-2 N-2 D-1 N+1 M+1 N+1 C-2 D+1 N-1 C+1 M-1 C+2 D+1 N+1 C-3 N-2 C+1 I+1 N+2 M+2 C-1 M-1 N-1 M-1 C+2 D-1 M+1 N+1 C-1 H+2 P+1 N-1 M-1 N-1 C-1 N+2 M+2 C+2 F-1 M-2 N-2 H+1 C-2 D+1 C+1 I-1 C+1 D-2 H-1 N+2 M+2 C-2 M-1 N-1 M-1 C+1 D+1 N-1 C-1 N+2 E+1 N-1 M+1 C+2 N+1 M+1 C-1 D-1 M-2 N-2 C-1 H+1 D+2 F+2 P+1' │
└─────────────────────────────────┴──────────┴─────────────────────┴───────────┴──────────────┴─────────────┴─────────────────┴─────────────────────────────────────────────────────────────────────────────────────────────────────────────────────────────────────────────────────────────────────────────────────────────────────────────────────────────────────────────────────────────────────────────────────────────────────────────────────────────────────────────────────────────────────────────────────────────────────────────────────────────────────────────────────────────────────────────────────────────────────────────────────────────────────────────────────────────────────────────────────────────────────────────────────────────────────────────────────────────────────────────────────────────────────────────────────────────────────────────────────────────────────────────────────────────────────────────────────────────────────────────────────────────────────────────────────────────────────────────────────────────────────────────────────────────────────────────────────────────────────────────────────────────────────────────────────────────────────────────────────────────────────────────────────────────────────────────────────────────────────────────────────────────────────────────────────────────────────────────────────────────────────────────────────────────────────────────────────────────────────────────────────────────────────────────────────────────────────────────────────────────────────────────────────────────────────────────────────────────────────────────────────────────────────────────────────────────────────────────────────────────────────────────────────────────────────────────────────────────────────────────────────────────────────────────────────────────────────────────────────────────────────────────────────────────────────────────────────────────┘
┌─────────────────────────────────┬──────────┬───────────────────┬───────────┬──────────────┬─────────────┬─────────────────┬─────────────────────────────────────────────────────────────────────────────────────────────────────────────────────────────────────────────────────────────────────────────────────────────────────────────────────────────────────────────────────────────────────────────────────────────────────────────────────────────────────────────────────────────────────────────────────────────────────────────────────────────────────────────────────────────────────────────────────────────────────────────────────────────────────────────────────────────────┐
│ (index)                         │ runCount │ duration          │ tickCount │ visitedNodes │ searchCount │ branchingFactor │ solutionSteps                                                                                                                                                                                                                                                                                                                                                                                                                                                                                                                                                   │
├─────────────────────────────────┼──────────┼───────────────────┼───────────┼──────────────┼─────────────┼─────────────────┼─────────────────────────────────────────────────────────────────────────────────────────────────────────────────────────────────────────────────────────────────────────────────────────────────────────────────────────────────────────────────────────────────────────────────────────────────────────────────────────────────────────────────────────────────────────────────────────────────────────────────────────────────────────────────────────────────────────────────────────────────────────────────────────────────────────────────────────────────┤
│                 GBFS CarBlocked │ 20       │ '9.46ms ± 1.88ms' │ 1655      │ 1656         │ 13753       │ '1.049'         │ '∅ D-1 L-2 M-1 D+1 I-1 M+1 D-2 J-1 N-1 M-1 N-1 F-1 N+2 M+2 L+2 M-1 J+1 D+3 J-1 N-1 L-2 M-1 N-1 E+2 N+2 M+2 E-2 I+3 E+1 I-2 M-2 N-2 I+1 N+1 M+1 N+1 J+1 M-1 D-1 I-2 M+1 E+1 D+1 P-1 M-1 D-1 E+1 D-2 J-1 N-1 P+1 L+1 N+1 J+1 D+3 J-1 N-1 E-2 M+1 N+1 M+1 L+1 I+2 E-1 I-1 L-1 M-2 N-2 I+1 N+1 M+1 N+1 J+1 M-1 D-2 I-2 M+1 D+1 I+1 M-1 E+3 D-1 P-1 D+2 J-1 N-1 E-1 N-1 I-1 N+2 M+2 L+1 M-1 N-1 L-2 M-1 E+1 N+1 I+2 E-1 N-2 P-1 N+1 M+1 N+1 M+1 I+1 L+1 J-2 C-1 I-1 M-2 N-2 D-1 F+3 N+1 E+1 L-1 H+1 G+2 J-1 E-1 N-1 P+1 I-2 N+1 M+1 I+2 L+2 P-2 E-3 C-1 D-1 H+2 P+4' │
└─────────────────────────────────┴──────────┴───────────────────┴───────────┴──────────────┴─────────────┴─────────────────┴─────────────────────────────────────────────────────────────────────────────────────────────────────────────────────────────────────────────────────────────────────────────────────────────────────────────────────────────────────────────────────────────────────────────────────────────────────────────────────────────────────────────────────────────────────────────────────────────────────────────────────────────────────────────────────────────────────────────────────────────────────────────────────────────────────────────────────────────────┘
┌─────────────────────────────────┬──────────┬────────────────────┬───────────┬──────────────┬─────────────┬─────────────────┬─────────────────────────────────────────────────────────────────────────────────────────────────────────────────────────────────────────────────────────────────────────────────────────────────────────────────────────────────────────────────────────────────────────────────────────────────────────────────────────────────────────────────────────────────────────────────────────────────────────────────────────────────────────────────────────┐
│ (index)                         │ runCount │ duration           │ tickCount │ visitedNodes │ searchCount │ branchingFactor │ solutionSteps                                                                                                                                                                                                                                                                                                                                                                                                                                           │
├─────────────────────────────────┼──────────┼────────────────────┼───────────┼──────────────┼─────────────┼─────────────────┼─────────────────────────────────────────────────────────────────────────────────────────────────────────────────────────────────────────────────────────────────────────────────────────────────────────────────────────────────────────────────────────────────────────────────────────────────────────────────────────────────────────────────────────────────────────────────────────────────────────────────────────────────────────────────────────┤
│        GBFS CarBlockedRecursive │ 13       │ '15.18ms ± 4.02ms' │ 719       │ 720          │ 5606        │ '1.053'         │ '∅ D-1 L-2 M-1 D+1 L+1 I-1 M+1 E+2 L-1 M-1 I+2 L+1 F-1 M+1 L-1 I-1 M-1 E-1 L+1 I-1 E+2 D-2 J-1 N-1 L-1 F+1 P-1 L+1 H+2 F-1 G+1 N+1 J+1 D+1 L-1 B+1 D-1 L-1 D-1 F+1 D+2 L+2 D-1 H-1 D+2 L-2 I+2 L+1 B-1 L+1 P-1 B+1 E-1 F-1 D+1 M+1 J-1 N-1 B-1 J-2 C-1 M-1 N-1 J+1 L-1 N+1 M+1 L+2 B+1 J-1 D-1 F+3 L-3 M-1 N-1 L+2 B-1 N+1 G+1 J-1 N-1 L-1 B+1 N+1 M+1 L-1 P+1 M-1 N-1 L+2 I-2 N+1 M+1 L-1 B-1 M-1 N-1 I+1 L+1 N+1 M+1 L+1 I+1 P-2 E-3 C-1 D-1 H+2 P+4' │
└─────────────────────────────────┴──────────┴────────────────────┴───────────┴──────────────┴─────────────┴─────────────────┴─────────────────────────────────────────────────────────────────────────────────────────────────────────────────────────────────────────────────────────────────────────────────────────────────────────────────────────────────────────────────────────────────────────────────────────────────────────────────────────────────────────────────────────────────────────────────────────────────────────────────────────────────────────────────────────┘
┌─────────────────────────────────┬──────────┬─────────────────────┬───────────┬──────────────┬─────────────┬─────────────────┬─────────────────────────────────────────────────────────────────────────────────────┐
│ (index)                         │ runCount │ duration            │ tickCount │ visitedNodes │ searchCount │ branchingFactor │ solutionSteps                                                                       │
├─────────────────────────────────┼──────────┼─────────────────────┼───────────┼──────────────┼─────────────┼─────────────────┼─────────────────────────────────────────────────────────────────────────────────────┤
│                  A* CarDistance │ 4        │ '78.90ms ± 16.66ms' │ 9720      │ 9721         │ 90701       │ '1.692'         │ '∅ F-1 D+1 I+1 E+2 P-2 J-3 D-1 F+1 H+1 N-1 P-1 E-2 D-1 G+2 J-1 E-1 C-2 F+2 H+2 P+4' │
└─────────────────────────────────┴──────────┴─────────────────────┴───────────┴──────────────┴─────────────┴─────────────────┴─────────────────────────────────────────────────────────────────────────────────────┘
┌─────────────────────────────────┬──────────┬────────────────────┬───────────┬──────────────┬─────────────┬─────────────────┬─────────────────────────────────────────────────────────────────────────────────┐
│ (index)                         │ runCount │ duration           │ tickCount │ visitedNodes │ searchCount │ branchingFactor │ solutionSteps                                                                   │
├─────────────────────────────────┼──────────┼────────────────────┼───────────┼──────────────┼─────────────┼─────────────────┼─────────────────────────────────────────────────────────────────────────────────┤
│                   A* CarBlocked │ 4        │ '65.51ms ± 3.80ms' │ 10117     │ 10118        │ 94858       │ '1.748'         │ '∅ F-1 D+1 I+1 E+2 P-2 J-3 D-1 F+1 H+1 G+2 J-1 P-1 N-1 E-3 D-1 C-2 F+2 H+2 P+4' │
└─────────────────────────────────┴──────────┴────────────────────┴───────────┴──────────────┴─────────────┴─────────────────┴─────────────────────────────────────────────────────────────────────────────────┘
┌─────────────────────────────────┬─────────────┐
│ (index)                         │ status      │
├─────────────────────────────────┼─────────────┤
│          A* CarBlockedRecursive │ 'Timed out' │
└─────────────────────────────────┴─────────────┘
┌─────────────────────────────────┬─────────────┐
│ (index)                         │ status      │
├─────────────────────────────────┼─────────────┤
│                IDA* CarDistance │ 'Timed out' │
└─────────────────────────────────┴─────────────┘
┌─────────────────────────────────┬─────────────┐
│ (index)                         │ status      │
├─────────────────────────────────┼─────────────┤
│                 IDA* CarBlocked │ 'Timed out' │
└─────────────────────────────────┴─────────────┘
┌─────────────────────────────────┬─────────────┐
│ (index)                         │ status      │
├─────────────────────────────────┼─────────────┤
│        IDA* CarBlockedRecursive │ 'Timed out' │
└─────────────────────────────────┴─────────────┘
┌─────────────────────────────────┬──────────┬─────────────────────┬───────────┬──────────────┬─────────────┬───────────────────────────────────┐
│ (index)                         │ runCount │ duration            │ tickCount │ visitedNodes │ searchCount │ errorMessage                      │
├─────────────────────────────────┼──────────┼─────────────────────┼───────────┼──────────────┼─────────────┼───────────────────────────────────┤
│         IDA* Approx CarDistance │ 1        │ '205.49ms ± 0.00ms' │ 19        │ 3287         │ 379184      │ 'Timed out, ticked too many/long' │
└─────────────────────────────────┴──────────┴─────────────────────┴───────────┴──────────────┴─────────────┴───────────────────────────────────┘
┌─────────────────────────────────┬──────────┬─────────────────────┬───────────┬──────────────┬─────────────┬───────────────────────────────────┐
│ (index)                         │ runCount │ duration            │ tickCount │ visitedNodes │ searchCount │ errorMessage                      │
├─────────────────────────────────┼──────────┼─────────────────────┼───────────┼──────────────┼─────────────┼───────────────────────────────────┤
│          IDA* Approx CarBlocked │ 1        │ '201.31ms ± 0.00ms' │ 18        │ 3042         │ 329281      │ 'Timed out, ticked too many/long' │
└─────────────────────────────────┴──────────┴─────────────────────┴───────────┴──────────────┴─────────────┴───────────────────────────────────┘
┌─────────────────────────────────┬──────────┬─────────────────────┬───────────┬──────────────┬─────────────┬───────────────────────────────────┐
│ (index)                         │ runCount │ duration            │ tickCount │ visitedNodes │ searchCount │ errorMessage                      │
├─────────────────────────────────┼──────────┼─────────────────────┼───────────┼──────────────┼─────────────┼───────────────────────────────────┤
│ IDA* Approx CarBlockedRecursive │ 1        │ '205.64ms ± 0.00ms' │ 12        │ 1529         │ 68880       │ 'Timed out, ticked too many/long' │
└─────────────────────────────────┴──────────┴─────────────────────┴───────────┴──────────────┴─────────────┴───────────────────────────────────┘
=====================================
cases\Jam-14.txt
6 6
11
BBG... 
..G.HH 
EIPPDJK
EIMMDJ 
..L.CC 
FFL... 

┌─────────────────────────────────┬──────────┬─────────────────────┬───────────┬──────────────┬─────────────┬─────────────────┬─────────────────────────────────────────────────────────────────────────┐
│ (index)                         │ runCount │ duration            │ tickCount │ visitedNodes │ searchCount │ branchingFactor │ solutionSteps                                                           │
├─────────────────────────────────┼──────────┼─────────────────────┼───────────┼──────────────┼─────────────┼─────────────────┼─────────────────────────────────────────────────────────────────────────┤
│                             UCS │ 4        │ '63.82ms ± 15.72ms' │ 9656      │ 13452        │ 113143      │ '1.897'         │ '∅ E+1 I+1 P-2 G+1 B+3 G-1 P+2 E-3 I-3 P-2 M-2 L-2 C-4 L+1 D+1 J+1 P+4' │
└─────────────────────────────────┴──────────┴─────────────────────┴───────────┴──────────────┴─────────────┴─────────────────┴─────────────────────────────────────────────────────────────────────────┘
┌─────────────────────────────────┬──────────┬─────────────────────┬───────────┬──────────────┬─────────────┬─────────────────┬─────────────────────────────────────────────────────────────────────────────────────────────────────────────────────────────────────────────────────────────────────────────────────────────────────────────────────────────────────────────────────────────────────────────────────────────────────────────────────────────────────────────────────────────────────────────────────────────────────────────────────────────────────────────────────────────────────────────────────────────────────────────────────────────────────────────────────────────────────────────────────────────────────────────────────────────────────────────────────────────────────────────────────────────────────────────────────────────────────────────────────────────────────────────────────────────────────────────────────────────────────────────────┐
│ (index)                         │ runCount │ duration            │ tickCount │ visitedNodes │ searchCount │ branchingFactor │ solutionSteps                                                                                                                                                                                                                                                                                                                                                                                                                                                                                                                                                                                                                                                                                                                                                                                                                                   │
├─────────────────────────────────┼──────────┼─────────────────────┼───────────┼──────────────┼─────────────┼─────────────────┼─────────────────────────────────────────────────────────────────────────────────────────────────────────────────────────────────────────────────────────────────────────────────────────────────────────────────────────────────────────────────────────────────────────────────────────────────────────────────────────────────────────────────────────────────────────────────────────────────────────────────────────────────────────────────────────────────────────────────────────────────────────────────────────────────────────────────────────────────────────────────────────────────────────────────────────────────────────────────────────────────────────────────────────────────────────────────────────────────────────────────────────────────────────────────────────────────────────────────────────────────────────────────┤
│                GBFS CarDistance │ 4        │ '82.86ms ± 16.28ms' │ 7013      │ 7014         │ 81455       │ '1.041'         │ '∅ C-1 J+2 I-1 J-1 M-1 J-1 C+1 E-1 M-1 C-1 L-1 F+4 C+1 F-3 H-1 F-1 J-2 F+4 C-1 F-3 J+4 F+2 L+1 J-4 C+1 M+2 F+1 C-1 M-1 E+3 F-1 C+1 E-2 F+1 E+1 J+2 F-1 C-1 M+1 F+1 E-1 C+1 F-1 J-1 C-1 M-1 F+1 E+1 J+2 H+1 F-1 J+1 M+1 E-2 J-2 E+3 C+1 E-1 I+2 F+1 C-1 I+1 E+1 M-2 F-1 L-1 F-1 C+1 F+2 H-1 J-1 P-2 G+1 F-1 C-1 F-1 J-1 F+2 L+1 F-1 C+1 M+2 F+1 I-1 C-1 F-1 E-1 C+1 J+2 F+1 C-1 I+1 F-1 M-1 C+1 F+1 E+1 C-1 J-1 F-1 C+1 B+4 F+1 E-1 C-1 F-1 M+1 C+1 I-1 F+1 C-1 E+1 F-1 J+3 E-1 J-2 H+1 F+1 C+1 I+1 F-1 M-1 C-1 F+1 E+1 C+1 M-1 F-1 C-1 L-1 F-1 C+1 H-1 F+2 C-1 L+1 M+2 F-1 C+1 I-1 F+1 G-1 P+2 F-1 C-1 E-4 F+1 I-3 C+1 F-1 M-2 C-1 L-1 F-3 C+1 F+4 J-1 F-3 C-1 F+1 J+3 H+1 F-2 J-1 F+4 P-2 L-1 F-4 C-3 F+3 C+2 F-2 C-1 F+1 J-1 F-2 C+3 F+4 C-4 F-3 C+3 F+2 J+2 F-1 C-3 D+2 F-2 J-2 D-1 F+3 C+2 F-2 C-1 F+3 J+1 F-4 C+1 F+2 C-2 F-1 J+1 L+1 P+4' │
└─────────────────────────────────┴──────────┴─────────────────────┴───────────┴──────────────┴─────────────┴─────────────────┴─────────────────────────────────────────────────────────────────────────────────────────────────────────────────────────────────────────────────────────────────────────────────────────────────────────────────────────────────────────────────────────────────────────────────────────────────────────────────────────────────────────────────────────────────────────────────────────────────────────────────────────────────────────────────────────────────────────────────────────────────────────────────────────────────────────────────────────────────────────────────────────────────────────────────────────────────────────────────────────────────────────────────────────────────────────────────────────────────────────────────────────────────────────────────────────────────────────────────────────────────────────────────┘
┌─────────────────────────────────┬──────────┬────────────────────┬───────────┬──────────────┬─────────────┬─────────────────┬─────────────────────────────────────────────────────────────────────────────────────────────────────────────────────────────────────────────────────────────────────────────────────────────────────────────────────────────────────────────────────────────────────────────────────────────────────────────────────────────────────────────────────────────────────────────────────────────────────────────────────────────────────────────────────────────────────────────────────────────────────────────────────────────────────────────────────────────────────────────────────────────────────────────────────────────────────────────────────────────────────────────────────────────────────────────────────────────────────────────────────────────────────────────────────────────────────────────────────────────────────────────────────────────────────────────────────────────────────────────┐
│ (index)                         │ runCount │ duration           │ tickCount │ visitedNodes │ searchCount │ branchingFactor │ solutionSteps                                                                                                                                                                                                                                                                                                                                                                                                                                                                                                                                                                                                                                                                                                                                                                                                                                                                                               │
├─────────────────────────────────┼──────────┼────────────────────┼───────────┼──────────────┼─────────────┼─────────────────┼─────────────────────────────────────────────────────────────────────────────────────────────────────────────────────────────────────────────────────────────────────────────────────────────────────────────────────────────────────────────────────────────────────────────────────────────────────────────────────────────────────────────────────────────────────────────────────────────────────────────────────────────────────────────────────────────────────────────────────────────────────────────────────────────────────────────────────────────────────────────────────────────────────────────────────────────────────────────────────────────────────────────────────────────────────────────────────────────────────────────────────────────────────────────────────────────────────────────────────────────────────────────────────────────────────────────────────────────────────────────┤
│                 GBFS CarBlocked │ 4        │ '40.69ms ± 3.25ms' │ 4161      │ 4162         │ 45911       │ '1.034'         │ '∅ C-1 J+2 I-1 J-1 M-1 E-1 J+1 M-1 L-1 F+3 J-1 F-2 H-1 F-1 J-3 F+3 L+1 C+1 M+2 F+1 C-1 M-1 E+3 F-1 E-1 M+1 E-1 I+3 F+1 C+1 I-2 F-1 I+1 P-1 F+1 C-1 E-1 F-1 I+1 C+1 E+3 M-2 F+1 C-1 L-1 F-2 C+1 P-1 F+2 P+2 F-1 C-1 L+1 M+1 F+1 C+1 E-3 F-1 E+2 M+1 P-2 F+1 C-1 I-1 F-1 J+4 G+1 B+4 G-1 J-1 F+1 I+1 M-1 F-1 J+1 E+1 M-1 J-1 F+1 L-1 F-2 P+1 B-1 J-3 F+2 C+1 F-1 L+1 C-1 M+2 F+1 C+1 I-1 F-1 E-4 C-1 F+1 P-1 C+1 I+1 F-1 C-1 M-2 F+1 L-1 F-2 C+1 F+1 P+2 F+1 L+1 M+1 F-1 C-1 P-1 F+1 J+3 M-1 F-1 L-1 F-1 J+1 P+1 F+1 L+1 M+2 J-1 F+1 I-4 J-3 F-1 C+1 M-2 F+1 L-1 F-4 C-1 F+3 P-2 F-2 C+1 F+1 P+1 F+1 E+1 F-3 C-1 F+4 L+1 F-1 M+2 C+1 F+1 M-1 P+1 F-1 C-1 E+3 F+1 E-2 P-1 F-1 C+1 E-2 P-1 F+1 C-1 M-1 J+3 F-1 J+1 M+2 P+1 J-1 M-1 F+1 H+1 M-1 F-1 L-1 F-3 J+1 F+2 P-1 F-1 J-1 F+3 P+2 F-2 H-1 F-1 J+1 P-1 F+2 B+1 F-3 J-1 F+4 L+1 F-1 P+1 L-1 P-2 F-1 L-1 C-3 D+2 L+1 F-2 D-1 F+4 L+1 F-1 J+1 L-1 F-2 D+1 P+4' │
└─────────────────────────────────┴──────────┴────────────────────┴───────────┴──────────────┴─────────────┴─────────────────┴─────────────────────────────────────────────────────────────────────────────────────────────────────────────────────────────────────────────────────────────────────────────────────────────────────────────────────────────────────────────────────────────────────────────────────────────────────────────────────────────────────────────────────────────────────────────────────────────────────────────────────────────────────────────────────────────────────────────────────────────────────────────────────────────────────────────────────────────────────────────────────────────────────────────────────────────────────────────────────────────────────────────────────────────────────────────────────────────────────────────────────────────────────────────────────────────────────────────────────────────────────────────────────────────────────────────────────────────────────────────┘
┌─────────────────────────────────┬──────────┬──────────────────────┬───────────┬──────────────┬─────────────┬─────────────────┬─────────────────────────────────────────────────────────────────────────────────────────────────────────────────────────────────────────────────────────────────────────────────────────────────────────────────────────────┐
│ (index)                         │ runCount │ duration             │ tickCount │ visitedNodes │ searchCount │ branchingFactor │ solutionSteps                                                                                                                                                                                                               │
├─────────────────────────────────┼──────────┼──────────────────────┼───────────┼──────────────┼─────────────┼─────────────────┼─────────────────────────────────────────────────────────────────────────────────────────────────────────────────────────────────────────────────────────────────────────────────────────────────────────────────────────────┤
│        GBFS CarBlockedRecursive │ 4        │ '104.82ms ± 37.77ms' │ 3890      │ 3891         │ 43424       │ '1.177'         │ '∅ C-1 J+2 I-1 M-1 J-1 E-1 M-1 L-1 F+4 L+1 F-1 M+2 J+1 M-1 E+3 M-1 L-1 F-2 J-1 F+3 L+1 M+2 I+3 F-1 M-2 L-1 F-1 J+1 H-1 F+1 L+1 M+2 J-4 F+1 C+1 M-2 P-2 G+2 B+2 C-1 F-1 J+4 B-1 J-1 F+1 H-3 D-2 F-1 J-3 C+1 F+1 B-1 G-2 P+4' │
└─────────────────────────────────┴──────────┴──────────────────────┴───────────┴──────────────┴─────────────┴─────────────────┴─────────────────────────────────────────────────────────────────────────────────────────────────────────────────────────────────────────────────────────────────────────────────────────────────────────────────────────────┘
┌─────────────────────────────────┬──────────┬────────────────────┬───────────┬──────────────┬─────────────┬─────────────────┬─────────────────────────────────────────────────────────────────────────────┐
│ (index)                         │ runCount │ duration           │ tickCount │ visitedNodes │ searchCount │ branchingFactor │ solutionSteps                                                               │
├─────────────────────────────────┼──────────┼────────────────────┼───────────┼──────────────┼─────────────┼─────────────────┼─────────────────────────────────────────────────────────────────────────────┤
│                  A* CarDistance │ 4        │ '66.86ms ± 5.78ms' │ 8874      │ 8875         │ 102706      │ '1.816'         │ '∅ E+1 I+1 P-2 G+1 B+3 G-1 P+2 C-1 J+1 E-3 I-3 M-2 P-2 L-2 C-3 L+1 D+1 P+4' │
└─────────────────────────────────┴──────────┴────────────────────┴───────────┴──────────────┴─────────────┴─────────────────┴─────────────────────────────────────────────────────────────────────────────┘
┌─────────────────────────────────┬──────────┬────────────────────┬───────────┬──────────────┬─────────────┬─────────────────┬─────────────────────────────────────────────────────────────────────────┐
│ (index)                         │ runCount │ duration           │ tickCount │ visitedNodes │ searchCount │ branchingFactor │ solutionSteps                                                           │
├─────────────────────────────────┼──────────┼────────────────────┼───────────┼──────────────┼─────────────┼─────────────────┼─────────────────────────────────────────────────────────────────────────┤
│                   A* CarBlocked │ 4        │ '85.58ms ± 4.04ms' │ 10821     │ 10822        │ 126016      │ '1.910'         │ '∅ E+1 I+1 P-2 G+1 B+3 G-1 P+2 I-3 E-3 P-2 M-2 L-2 C-4 L+1 J+1 D+1 P+4' │
└─────────────────────────────────┴──────────┴────────────────────┴───────────┴──────────────┴─────────────┴─────────────────┴─────────────────────────────────────────────────────────────────────────┘
┌─────────────────────────────────┬─────────────┐
│ (index)                         │ status      │
├─────────────────────────────────┼─────────────┤
│          A* CarBlockedRecursive │ 'Timed out' │
└─────────────────────────────────┴─────────────┘
┌─────────────────────────────────┬─────────────┐
│ (index)                         │ status      │
├─────────────────────────────────┼─────────────┤
│                IDA* CarDistance │ 'Timed out' │
└─────────────────────────────────┴─────────────┘
┌─────────────────────────────────┬─────────────┐
│ (index)                         │ status      │
├─────────────────────────────────┼─────────────┤
│                 IDA* CarBlocked │ 'Timed out' │
└─────────────────────────────────┴─────────────┘
┌─────────────────────────────────┬─────────────┐
│ (index)                         │ status      │
├─────────────────────────────────┼─────────────┤
│        IDA* CarBlockedRecursive │ 'Timed out' │
└─────────────────────────────────┴─────────────┘
┌─────────────────────────────────┬──────────┬─────────────────────┬───────────┬──────────────┬─────────────┬───────────────────────────────────┐
│ (index)                         │ runCount │ duration            │ tickCount │ visitedNodes │ searchCount │ errorMessage                      │
├─────────────────────────────────┼──────────┼─────────────────────┼───────────┼──────────────┼─────────────┼───────────────────────────────────┤
│         IDA* Approx CarDistance │ 1        │ '210.34ms ± 0.00ms' │ 21        │ 2608         │ 268926      │ 'Timed out, ticked too many/long' │
└─────────────────────────────────┴──────────┴─────────────────────┴───────────┴──────────────┴─────────────┴───────────────────────────────────┘
┌─────────────────────────────────┬──────────┬─────────────────────┬───────────┬──────────────┬─────────────┬───────────────────────────────────┐
│ (index)                         │ runCount │ duration            │ tickCount │ visitedNodes │ searchCount │ errorMessage                      │
├─────────────────────────────────┼──────────┼─────────────────────┼───────────┼──────────────┼─────────────┼───────────────────────────────────┤
│          IDA* Approx CarBlocked │ 1        │ '232.00ms ± 0.00ms' │ 20        │ 2552         │ 250817      │ 'Timed out, ticked too many/long' │
└─────────────────────────────────┴──────────┴─────────────────────┴───────────┴──────────────┴─────────────┴───────────────────────────────────┘
┌─────────────────────────────────┬──────────┬─────────────────────┬───────────┬──────────────┬─────────────┬───────────────────────────────────┐
│ (index)                         │ runCount │ duration            │ tickCount │ visitedNodes │ searchCount │ errorMessage                      │
├─────────────────────────────────┼──────────┼─────────────────────┼───────────┼──────────────┼─────────────┼───────────────────────────────────┤
│ IDA* Approx CarBlockedRecursive │ 1        │ '238.81ms ± 0.00ms' │ 16        │ 1278         │ 97256       │ 'Timed out, ticked too many/long' │
└─────────────────────────────────┴──────────┴─────────────────────┴───────────┴──────────────┴─────────────┴───────────────────────────────────┘
=====================================
cases\Jam-15.txt
6 6
13
.BBGG. 
HHEEFL 
CMPPFLK
CMIDFL 
CMIDJJ 
.NNOO. 

┌─────────────────────────────────┬──────────┬───────────────────┬───────────┬──────────────┬─────────────┬─────────────────┬─────────────────────────────────────────────────────────────────────────────────────────────────┐
│ (index)                         │ runCount │ duration          │ tickCount │ visitedNodes │ searchCount │ branchingFactor │ solutionSteps                                                                                   │
├─────────────────────────────────┼──────────┼───────────────────┼───────────┼──────────────┼─────────────┼─────────────────┼─────────────────────────────────────────────────────────────────────────────────────────────────┤
│                             UCS │ 20       │ '2.81ms ± 0.76ms' │ 524       │ 530          │ 3187        │ '1.338'         │ '∅ B-1 G+1 C+1 O+1 N+1 M+1 P-2 I-1 D-1 J-2 F+1 L+1 E+2 I-2 D-2 P+2 C-1 M-1 N-2 O-2 F+1 L+1 P+2' │
└─────────────────────────────────┴──────────┴───────────────────┴───────────┴──────────────┴─────────────┴─────────────────┴─────────────────────────────────────────────────────────────────────────────────────────────────┘
┌─────────────────────────────────┬──────────┬───────────────────┬───────────┬──────────────┬─────────────┬─────────────────┬─────────────────────────────────────────────────────────────────────────────────────────────────────────────────────────────────────────────────────────────────────────────────────────────────────────────────────────────────────────────────────────────────────────────────────────────────────────────────────────────────────────────────┐
│ (index)                         │ runCount │ duration          │ tickCount │ visitedNodes │ searchCount │ branchingFactor │ solutionSteps                                                                                                                                                                                                                                                                                                                                   │
├─────────────────────────────────┼──────────┼───────────────────┼───────────┼──────────────┼─────────────┼─────────────────┼─────────────────────────────────────────────────────────────────────────────────────────────────────────────────────────────────────────────────────────────────────────────────────────────────────────────────────────────────────────────────────────────────────────────────────────────────────────────────────────────────────────────────┤
│                GBFS CarDistance │ 20       │ '1.95ms ± 0.68ms' │ 321       │ 322          │ 1941        │ '1.058'         │ '∅ O+1 N-1 O-2 L-1 O+1 I+1 O+1 D+1 I-1 N+1 C+1 D-1 O-1 B-1 C-1 O+1 N-1 G-1 O-2 F-1 O+1 N+1 O+1 N+1 M+1 L+1 P-1 D-1 J-1 C+1 F+1 P-1 I-1 J-1 L-1 J+2 D+1 L+1 G+2 D-1 G-1 B+1 J-2 L-1 J+1 L+2 G+1 J-1 F+1 L-1 E+1 I-1 L+1 E+1 D-2 I+1 H+1 D+2 E-1 G-1 L-2 H-1 I-1 B-1 I-1 P+1 C-1 L+2 E+1 D-1 C+1 G+1 D-1 P+1 M-1 N-1 O-1 C-1 N-1 O-1 L+1 F+1 P+2' │
└─────────────────────────────────┴──────────┴───────────────────┴───────────┴──────────────┴─────────────┴─────────────────┴─────────────────────────────────────────────────────────────────────────────────────────────────────────────────────────────────────────────────────────────────────────────────────────────────────────────────────────────────────────────────────────────────────────────────────────────────────────────────────────────────────────────────┘
┌─────────────────────────────────┬──────────┬───────────────────┬───────────┬──────────────┬─────────────┬─────────────────┬─────────────────────────────────────────────────────────────────────────────────────────────────────────────────────────────────────────────────────────────────────────────────────────────────────────────────────────────────────────────────────────────────────────────────────────────────────┐
│ (index)                         │ runCount │ duration          │ tickCount │ visitedNodes │ searchCount │ branchingFactor │ solutionSteps                                                                                                                                                                                                                                                                                       │
├─────────────────────────────────┼──────────┼───────────────────┼───────────┼──────────────┼─────────────┼─────────────────┼─────────────────────────────────────────────────────────────────────────────────────────────────────────────────────────────────────────────────────────────────────────────────────────────────────────────────────────────────────────────────────────────────────────────────────────────────────┤
│                 GBFS CarBlocked │ 20       │ '2.22ms ± 0.38ms' │ 347       │ 348          │ 2115        │ '1.071'         │ '∅ O+1 N-1 O-2 L-1 O+1 I+1 O+1 D+1 I-1 N+1 C+1 D-1 O-1 B-1 C-1 O+1 N-1 G-1 O-2 F-1 O+1 N+1 O+1 N+1 M+1 P-1 F+1 D-1 J-1 C+1 P-1 L+2 G+2 L-1 P+1 C-1 L+1 G-1 C+1 B+1 L-2 P-1 I-1 J-1 F+1 E+1 I-1 L+2 E+1 D-1 I+1 H+1 D+1 E-1 L-1 G+1 H-1 I-1 B-1 I-1 P+1 C-1 L+1 E+1 D-2 P+1 M-1 N-2 O-2 L+1 F+1 P+2' │
└─────────────────────────────────┴──────────┴───────────────────┴───────────┴──────────────┴─────────────┴─────────────────┴─────────────────────────────────────────────────────────────────────────────────────────────────────────────────────────────────────────────────────────────────────────────────────────────────────────────────────────────────────────────────────────────────────────────────────────────────────┘
┌─────────────────────────────────┬──────────┬───────────────────┬───────────┬──────────────┬─────────────┬─────────────────┬─────────────────────────────────────────────────────────────────────────────────────────────────────────────────────────────────────────────────────────────────────────────────────────────────────────────────────────────────────────────────┐
│ (index)                         │ runCount │ duration          │ tickCount │ visitedNodes │ searchCount │ branchingFactor │ solutionSteps                                                                                                                                                                                                                                   │
├─────────────────────────────────┼──────────┼───────────────────┼───────────┼──────────────┼─────────────┼─────────────────┼─────────────────────────────────────────────────────────────────────────────────────────────────────────────────────────────────────────────────────────────────────────────────────────────────────────────────────────────────────────────────┤
│        GBFS CarBlockedRecursive │ 20       │ '5.95ms ± 0.86ms' │ 270       │ 271          │ 1642        │ '1.086'         │ '∅ N-1 O-1 B-1 L-1 G-1 F-1 L+1 O+1 N+1 C+1 O+1 N+1 M+1 C-1 L-1 F+1 C+1 M-1 N-1 O-1 G+1 B+1 O+1 N+1 M+1 C-1 L+1 B-1 P-1 D-1 J-1 L+1 B+1 C+1 G+1 B-1 P-1 I-1 J-1 L-1 B+2 F+1 B-1 L+1 E+2 D-2 I-1 B-1 I-1 P+2 M-1 N-1 O-1 L+1 C-1 N-1 O-1 F+1 P+2' │
└─────────────────────────────────┴──────────┴───────────────────┴───────────┴──────────────┴─────────────┴─────────────────┴─────────────────────────────────────────────────────────────────────────────────────────────────────────────────────────────────────────────────────────────────────────────────────────────────────────────────────────────────────────────────┘
┌─────────────────────────────────┬──────────┬───────────────────┬───────────┬──────────────┬─────────────┬─────────────────┬─────────────────────────────────────────────────────────────────────────────────────────────────────────────┐
│ (index)                         │ runCount │ duration          │ tickCount │ visitedNodes │ searchCount │ branchingFactor │ solutionSteps                                                                                               │
├─────────────────────────────────┼──────────┼───────────────────┼───────────┼──────────────┼─────────────┼─────────────────┼─────────────────────────────────────────────────────────────────────────────────────────────────────────────┤
│                  A* CarDistance │ 20       │ '3.14ms ± 0.33ms' │ 522       │ 523          │ 3177        │ '1.287'         │ '∅ O+1 N+1 M+1 P-1 D-1 C+1 P-1 I-1 J-2 F+1 E+1 B-1 I-2 P+1 L+1 E+1 G+1 D-2 P+1 C-1 M-1 N-2 O-2 F+1 L+1 P+2' │
└─────────────────────────────────┴──────────┴───────────────────┴───────────┴──────────────┴─────────────┴─────────────────┴─────────────────────────────────────────────────────────────────────────────────────────────────────────────┘
┌─────────────────────────────────┬──────────┬───────────────────┬───────────┬──────────────┬─────────────┬─────────────────┬─────────────────────────────────────────────────────────────────────────────────────────────────────────────┐
│ (index)                         │ runCount │ duration          │ tickCount │ visitedNodes │ searchCount │ branchingFactor │ solutionSteps                                                                                               │
├─────────────────────────────────┼──────────┼───────────────────┼───────────┼──────────────┼─────────────┼─────────────────┼─────────────────────────────────────────────────────────────────────────────────────────────────────────────┤
│                   A* CarBlocked │ 20       │ '3.30ms ± 0.41ms' │ 524       │ 525          │ 3187        │ '1.287'         │ '∅ O+1 N+1 M+1 C+1 P-2 D-1 I-1 J-2 F+1 E+1 B-1 I-2 L+1 E+1 G+1 D-2 P+2 M-1 N-1 O-1 L+1 C-1 N-1 O-1 F+1 P+2' │
└─────────────────────────────────┴──────────┴───────────────────┴───────────┴──────────────┴─────────────┴─────────────────┴─────────────────────────────────────────────────────────────────────────────────────────────────────────────┘
┌─────────────────────────────────┬──────────┬────────────────────┬───────────┬──────────────┬─────────────┬─────────────────┬─────────────────────────────────────────────────────────────────────────────────────────────────────────┐
│ (index)                         │ runCount │ duration           │ tickCount │ visitedNodes │ searchCount │ branchingFactor │ solutionSteps                                                                                           │
├─────────────────────────────────┼──────────┼────────────────────┼───────────┼──────────────┼─────────────┼─────────────────┼─────────────────────────────────────────────────────────────────────────────────────────────────────────┤
│          A* CarBlockedRecursive │ 17       │ '11.64ms ± 2.96ms' │ 520       │ 521          │ 3169        │ '1.302'         │ '∅ O+1 N+1 C+1 M+1 G+1 P-2 D-1 I-1 J-2 F+1 L+1 E+1 B-1 I-2 E+1 D-2 P+2 C-1 M-1 N-2 O-1 L+1 O-1 F+1 P+2' │
└─────────────────────────────────┴──────────┴────────────────────┴───────────┴──────────────┴─────────────┴─────────────────┴─────────────────────────────────────────────────────────────────────────────────────────────────────────┘
┌─────────────────────────────────┬─────────────┐
│ (index)                         │ status      │
├─────────────────────────────────┼─────────────┤
│                IDA* CarDistance │ 'Timed out' │
└─────────────────────────────────┴─────────────┘
┌─────────────────────────────────┬──────────┬─────────────────────┬───────────┬──────────────┬─────────────┬───────────────────────────────────┐
│ (index)                         │ runCount │ duration            │ tickCount │ visitedNodes │ searchCount │ errorMessage                      │
├─────────────────────────────────┼──────────┼─────────────────────┼───────────┼──────────────┼─────────────┼───────────────────────────────────┤
│                 IDA* CarBlocked │ 1        │ '223.13ms ± 0.00ms' │ 7         │ 0            │ 213054      │ 'Timed out, ticked too many/long' │
└─────────────────────────────────┴──────────┴─────────────────────┴───────────┴──────────────┴─────────────┴───────────────────────────────────┘
┌─────────────────────────────────┬──────────┬─────────────────────┬───────────┬──────────────┬─────────────┬───────────────────────────────────┐
│ (index)                         │ runCount │ duration            │ tickCount │ visitedNodes │ searchCount │ errorMessage                      │
├─────────────────────────────────┼──────────┼─────────────────────┼───────────┼──────────────┼─────────────┼───────────────────────────────────┤
│        IDA* CarBlockedRecursive │ 1        │ '415.78ms ± 0.00ms' │ 6         │ 0            │ 136101      │ 'Timed out, ticked too many/long' │
└─────────────────────────────────┴──────────┴─────────────────────┴───────────┴──────────────┴─────────────┴───────────────────────────────────┘
┌─────────────────────────────────┬──────────┬─────────────────────┬───────────┬──────────────┬─────────────┬───────────────────────────────────┐
│ (index)                         │ runCount │ duration            │ tickCount │ visitedNodes │ searchCount │ errorMessage                      │
├─────────────────────────────────┼──────────┼─────────────────────┼───────────┼──────────────┼─────────────┼───────────────────────────────────┤
│         IDA* Approx CarDistance │ 1        │ '211.33ms ± 0.00ms' │ 26        │ 513          │ 239854      │ 'Timed out, ticked too many/long' │
└─────────────────────────────────┴──────────┴─────────────────────┴───────────┴──────────────┴─────────────┴───────────────────────────────────┘
┌─────────────────────────────────┬──────────┬─────────────────────┬───────────┬──────────────┬─────────────┬───────────────────────────────────┐
│ (index)                         │ runCount │ duration            │ tickCount │ visitedNodes │ searchCount │ errorMessage                      │
├─────────────────────────────────┼──────────┼─────────────────────┼───────────┼──────────────┼─────────────┼───────────────────────────────────┤
│          IDA* Approx CarBlocked │ 1        │ '215.57ms ± 0.00ms' │ 26        │ 514          │ 245036      │ 'Timed out, ticked too many/long' │
└─────────────────────────────────┴──────────┴─────────────────────┴───────────┴──────────────┴─────────────┴───────────────────────────────────┘
┌─────────────────────────────────┬──────────┬─────────────────────┬───────────┬──────────────┬─────────────┬───────────────────────────────────┐
│ (index)                         │ runCount │ duration            │ tickCount │ visitedNodes │ searchCount │ errorMessage                      │
├─────────────────────────────────┼──────────┼─────────────────────┼───────────┼──────────────┼─────────────┼───────────────────────────────────┤
│ IDA* Approx CarBlockedRecursive │ 1        │ '212.42ms ± 0.00ms' │ 15        │ 405          │ 55907       │ 'Timed out, ticked too many/long' │
└─────────────────────────────────┴──────────┴─────────────────────┴───────────┴──────────────┴─────────────┴───────────────────────────────────┘
=====================================
cases\Jam-16.txt
6 6
10
BBGGHF 
E.IIHF 
EDLPPFK
.DLCCC 
..L... 
JJ.... 

┌─────────────────────────────────┬──────────┬────────────────────┬───────────┬──────────────┬─────────────┬─────────────────┬─────────────────────────────────────────────────────────────────────────────────────────┐
│ (index)                         │ runCount │ duration           │ tickCount │ visitedNodes │ searchCount │ branchingFactor │ solutionSteps                                                                           │
├─────────────────────────────────┼──────────┼────────────────────┼───────────┼──────────────┼─────────────┼─────────────────┼─────────────────────────────────────────────────────────────────────────────────────────┤
│                             UCS │ 17       │ '11.32ms ± 2.43ms' │ 2518      │ 2898         │ 23220       │ '1.535'         │ '∅ E+2 I-2 D+1 L+1 P-3 H+1 G+1 L-3 J+2 D+1 C-2 H+3 C+2 D-1 J-2 L+3 P+3 L-3 C-1 F+3 P+1' │
└─────────────────────────────────┴──────────┴────────────────────┴───────────┴──────────────┴─────────────┴─────────────────┴─────────────────────────────────────────────────────────────────────────────────────────┘
┌─────────────────────────────────┬──────────┬───────────────────┬───────────┬──────────────┬─────────────┬─────────────────┬─────────────────────────────────────────────────────────────────────────────────────────────────────────────────────────────────────────────────────────────────────────────────────────────────────────────────────────────────────────────────────────────────────────────────────────────────────────────────────────────────────────────────────────────────────────────────────────────────────────────────────────────────────────────────────────────────────────────────────────────────────────────────────────────────────────────────────────────────────────────────────────────────────────────────────────────────────────────────────────────────────────────────────────────────────────────────────────────────────────────────────────────────────────────────────────────────────────────────────────────────────────────────────────┐
│ (index)                         │ runCount │ duration          │ tickCount │ visitedNodes │ searchCount │ branchingFactor │ solutionSteps                                                                                                                                                                                                                                                                                                                                                                                                                                                                                                                                                                                                                                                                                                                                                                                                                                           │
├─────────────────────────────────┼──────────┼───────────────────┼───────────┼──────────────┼─────────────┼─────────────────┼─────────────────────────────────────────────────────────────────────────────────────────────────────────────────────────────────────────────────────────────────────────────────────────────────────────────────────────────────────────────────────────────────────────────────────────────────────────────────────────────────────────────────────────────────────────────────────────────────────────────────────────────────────────────────────────────────────────────────────────────────────────────────────────────────────────────────────────────────────────────────────────────────────────────────────────────────────────────────────────────────────────────────────────────────────────────────────────────────────────────────────────────────────────────────────────────────────────────────────────────────────────────────────────┤
│                GBFS CarDistance │ 20       │ '9.57ms ± 5.58ms' │ 1348      │ 1349         │ 12774       │ '1.029'         │ '∅ J+4 L+1 E+1 P-1 H+1 J-1 D-1 E-1 J+1 D+3 I-1 J-1 D-2 E+3 J+1 E-1 D+1 J-1 E-1 I-1 J+1 D+1 E+2 J-1 P-2 L-2 J-1 D-1 J-1 E-1 J-1 H-1 J+4 D+1 J-2 L+1 J+1 D-1 J-2 E+1 J+3 D+1 I+2 J-2 D-1 J+1 I-1 D+1 H+1 J-1 D-1 J-1 E-1 J-1 H-1 J+4 D+1 H+1 I-1 D-1 J-2 I+2 J+1 D+1 G+1 J-1 E+1 J+2 D-1 J-3 E-1 J-1 I-2 J+3 E+1 J-1 L-2 J-1 E-1 J+3 C-1 J-4 F+3 J+3 F-2 J-2 E+1 J+3 D+1 J-2 E-1 C-1 J+2 F-1 J-1 H+1 J-1 E+1 J+2 C-1 J-1 H-1 J-1 H+3 C+3 D-1 J-1 E-1 J-1 L+1 J+2 D+1 L+1 I+3 D-1 J-2 L-2 J+1 C-1 J+1 D+1 C-1 H-2 J+2 E+1 J-1 C-1 J-1 H+2 C+3 D-1 L+1 J-1 L+1 I-2 J+1 D+1 I+1 G-1 D-1 J-1 E-1 J-1 L+1 P+3 L-1 J+2 D-2 J-1 E-2 J-1 L+1 I+1 L-2 J+2 L+1 D+3 I-2 D-2 J-2 L+1 D+1 E+1 L-1 J+2 E+2 J-1 E-3 I+2 J-1 G+1 J+2 D-1 J-1 L-2 J-1 C-1 J+2 D-1 J-1 C-2 J-1 H-1 J+4 C+1 J-3 E+3 J+2 E-2 J-3 H+1 J+2 C+2 J-1 E+2 C-3 J+1 H-1 J+2 F+2 J-3 F-1 J+2 F+2 P+1' │
└─────────────────────────────────┴──────────┴───────────────────┴───────────┴──────────────┴─────────────┴─────────────────┴─────────────────────────────────────────────────────────────────────────────────────────────────────────────────────────────────────────────────────────────────────────────────────────────────────────────────────────────────────────────────────────────────────────────────────────────────────────────────────────────────────────────────────────────────────────────────────────────────────────────────────────────────────────────────────────────────────────────────────────────────────────────────────────────────────────────────────────────────────────────────────────────────────────────────────────────────────────────────────────────────────────────────────────────────────────────────────────────────────────────────────────────────────────────────────────────────────────────────────────────────────────────────────────┘
┌─────────────────────────────────┬──────────┬───────────────────┬───────────┬──────────────┬─────────────┬─────────────────┬─────────────────────────────────────────────────────────────────────────────────────────────────────────────────────────────────────────────────────────────────────────────────────────────────────────────────────────────────────────────────────────────────────────────────────────┐
│ (index)                         │ runCount │ duration          │ tickCount │ visitedNodes │ searchCount │ branchingFactor │ solutionSteps                                                                                                                                                                                                                                                                           │
├─────────────────────────────────┼──────────┼───────────────────┼───────────┼──────────────┼─────────────┼─────────────────┼─────────────────────────────────────────────────────────────────────────────────────────────────────────────────────────────────────────────────────────────────────────────────────────────────────────────────────────────────────────────────────────────────────────────────────────┤
│                 GBFS CarBlocked │ 20       │ '9.16ms ± 2.87ms' │ 1132      │ 1133         │ 10977       │ '1.106'         │ '∅ J+4 L+1 J-1 P-1 D-1 J+1 D+3 P-1 J-1 E+2 H+1 G+1 J+1 D-1 E-2 J-1 P+1 D-2 J+1 D+3 I-1 J-1 D-2 E+3 J+1 E-2 D+1 J-1 P-1 D+1 J+1 E+2 P-1 L-1 J-2 D-1 J-1 E-1 I-1 J+1 D+1 L-2 C-2 H+3 F+3 H-1 J+1 E+1 C-1 J-1 H+1 C+2 D-1 E-1 F-3 C+1 J-2 L+3 P+3 L-3 J+2 C-1 F+3 J-2 D-1 J+1 E-1 J+1 P+1' │
└─────────────────────────────────┴──────────┴───────────────────┴───────────┴──────────────┴─────────────┴─────────────────┴─────────────────────────────────────────────────────────────────────────────────────────────────────────────────────────────────────────────────────────────────────────────────────────────────────────────────────────────────────────────────────────────────────────────────────────┘
┌─────────────────────────────────┬──────────┬────────────────────┬───────────┬──────────────┬─────────────┬─────────────────┬─────────────────────────────────────────────────────────────────────────────────────────────────────────────────────────────────────────────────────────────────────────────────────────────────────────────────────────────────────────────────────────────────────────────────────────────┐
│ (index)                         │ runCount │ duration           │ tickCount │ visitedNodes │ searchCount │ branchingFactor │ solutionSteps                                                                                                                                                                                                                                                                               │
├─────────────────────────────────┼──────────┼────────────────────┼───────────┼──────────────┼─────────────┼─────────────────┼─────────────────────────────────────────────────────────────────────────────────────────────────────────────────────────────────────────────────────────────────────────────────────────────────────────────────────────────────────────────────────────────────────────────────────────────┤
│        GBFS CarBlockedRecursive │ 8        │ '24.85ms ± 7.55ms' │ 1468      │ 1469         │ 13915       │ '1.109'         │ '∅ J+3 L+1 D-1 E+3 L-1 J-2 D+2 J+1 I-2 L-1 D+1 E-2 J+1 D-1 J-3 L+2 D-1 I+2 D-1 L-1 J+2 D+3 J+1 D-1 E+1 J-3 L+1 P-3 I-2 H+1 G+1 L-3 C-1 F+3 J+3 D+1 E+1 G+1 F-1 C-2 H+2 F+1 C+1 G-1 F-1 J-1 H+1 C-1 F-2 C+3 L+2 B+1 L-1 D-1 J-1 B-1 L-1 C-1 E-1 J-1 C+1 L+3 B+1 I+3 P+3 B-1 L-3 C-1 F+3 P+1' │
└─────────────────────────────────┴──────────┴────────────────────┴───────────┴──────────────┴─────────────┴─────────────────┴─────────────────────────────────────────────────────────────────────────────────────────────────────────────────────────────────────────────────────────────────────────────────────────────────────────────────────────────────────────────────────────────────────────────────────────────┘
┌─────────────────────────────────┬──────────┬─────────────────────┬───────────┬──────────────┬─────────────┬─────────────────┬─────────────────────────────────────────────────────────────────────────────────────────────────────┐
│ (index)                         │ runCount │ duration            │ tickCount │ visitedNodes │ searchCount │ branchingFactor │ solutionSteps                                                                                       │
├─────────────────────────────────┼──────────┼─────────────────────┼───────────┼──────────────┼─────────────┼─────────────────┼─────────────────────────────────────────────────────────────────────────────────────────────────────┤
│                  A* CarDistance │ 10       │ '19.42ms ± 17.16ms' │ 2476      │ 2477         │ 23021       │ '1.447'         │ '∅ L+1 D+1 P-1 H+1 E+2 P-2 L-1 G+1 J+2 D+1 I-2 L-2 C-2 H+3 C+1 D-1 C+1 J-2 L+3 P+3 L-3 C-1 F+3 P+1' │
└─────────────────────────────────┴──────────┴─────────────────────┴───────────┴──────────────┴─────────────┴─────────────────┴─────────────────────────────────────────────────────────────────────────────────────────────────────┘
┌─────────────────────────────────┬──────────┬────────────────────┬───────────┬──────────────┬─────────────┬─────────────────┬─────────────────────────────────────────────────────────────────────────────────────────────────┐
│ (index)                         │ runCount │ duration           │ tickCount │ visitedNodes │ searchCount │ branchingFactor │ solutionSteps                                                                                   │
├─────────────────────────────────┼──────────┼────────────────────┼───────────┼──────────────┼─────────────┼─────────────────┼─────────────────────────────────────────────────────────────────────────────────────────────────┤
│                   A* CarBlocked │ 15       │ '12.93ms ± 0.47ms' │ 2481      │ 2482         │ 22833       │ '1.472'         │ '∅ L+1 D+1 E+2 P-3 L-1 J+2 D+1 H+1 G+1 I-2 L-2 C-2 H+3 C+1 D-1 C+1 J-2 L+3 P+3 L-3 C-1 F+3 P+1' │
└─────────────────────────────────┴──────────┴────────────────────┴───────────┴──────────────┴─────────────┴─────────────────┴─────────────────────────────────────────────────────────────────────────────────────────────────┘
┌─────────────────────────────────┬──────────┬────────────────────┬───────────┬──────────────┬─────────────┬─────────────────┬─────────────────────────────────────────────────────────────────────────────────────────────────┐
│ (index)                         │ runCount │ duration           │ tickCount │ visitedNodes │ searchCount │ branchingFactor │ solutionSteps                                                                                   │
├─────────────────────────────────┼──────────┼────────────────────┼───────────┼──────────────┼─────────────┼─────────────────┼─────────────────────────────────────────────────────────────────────────────────────────────────┤
│          A* CarBlockedRecursive │ 6        │ '32.19ms ± 1.74ms' │ 2081      │ 2082         │ 19167       │ '1.460'         │ '∅ L+1 D+1 E+2 P-3 L-1 J+2 D+1 H+1 G+1 I-2 L-2 C-2 H+3 C+1 D-1 J-2 C+1 L+3 P+3 L-3 C-1 F+3 P+1' │
└─────────────────────────────────┴──────────┴────────────────────┴───────────┴──────────────┴─────────────┴─────────────────┴─────────────────────────────────────────────────────────────────────────────────────────────────┘
┌─────────────────────────────────┬─────────────┐
│ (index)                         │ status      │
├─────────────────────────────────┼─────────────┤
│                IDA* CarDistance │ 'Timed out' │
└─────────────────────────────────┴─────────────┘
┌─────────────────────────────────┬─────────────┐
│ (index)                         │ status      │
├─────────────────────────────────┼─────────────┤
│                 IDA* CarBlocked │ 'Timed out' │
└─────────────────────────────────┴─────────────┘
┌─────────────────────────────────┬─────────────┐
│ (index)                         │ status      │
├─────────────────────────────────┼─────────────┤
│        IDA* CarBlockedRecursive │ 'Timed out' │
└─────────────────────────────────┴─────────────┘
┌─────────────────────────────────┬──────────┬─────────────────────┬───────────┬──────────────┬─────────────┬───────────────────────────────────┐
│ (index)                         │ runCount │ duration            │ tickCount │ visitedNodes │ searchCount │ errorMessage                      │
├─────────────────────────────────┼──────────┼─────────────────────┼───────────┼──────────────┼─────────────┼───────────────────────────────────┤
│         IDA* Approx CarDistance │ 1        │ '203.16ms ± 0.00ms' │ 22        │ 1339         │ 427557      │ 'Timed out, ticked too many/long' │
└─────────────────────────────────┴──────────┴─────────────────────┴───────────┴──────────────┴─────────────┴───────────────────────────────────┘
┌─────────────────────────────────┬──────────┬─────────────────────┬───────────┬──────────────┬─────────────┬───────────────────────────────────┐
│ (index)                         │ runCount │ duration            │ tickCount │ visitedNodes │ searchCount │ errorMessage                      │
├─────────────────────────────────┼──────────┼─────────────────────┼───────────┼──────────────┼─────────────┼───────────────────────────────────┤
│          IDA* Approx CarBlocked │ 1        │ '214.42ms ± 0.00ms' │ 21        │ 1341         │ 398461      │ 'Timed out, ticked too many/long' │
└─────────────────────────────────┴──────────┴─────────────────────┴───────────┴──────────────┴─────────────┴───────────────────────────────────┘
┌─────────────────────────────────┬──────────┬─────────────────────┬───────────┬──────────────┬─────────────┬───────────────────────────────────┐
│ (index)                         │ runCount │ duration            │ tickCount │ visitedNodes │ searchCount │ errorMessage                      │
├─────────────────────────────────┼──────────┼─────────────────────┼───────────┼──────────────┼─────────────┼───────────────────────────────────┤
│ IDA* Approx CarBlockedRecursive │ 1        │ '227.96ms ± 0.00ms' │ 16        │ 1212         │ 152012      │ 'Timed out, ticked too many/long' │
└─────────────────────────────────┴──────────┴─────────────────────┴───────────┴──────────────┴─────────────┴───────────────────────────────────┘
=====================================
cases\Jam-17.txt
6 6
11
BFFF.. 
B.GGHH 
PPE...K
IIEL.. 
CCCLDJ 
MMMLDJ 

┌─────────────────────────────────┬──────────┬────────────────────┬───────────┬──────────────┬─────────────┬─────────────────┬─────────────────────────────────────────────────────────────────────────────────────────────────────┐
│ (index)                         │ runCount │ duration           │ tickCount │ visitedNodes │ searchCount │ branchingFactor │ solutionSteps                                                                                       │
├─────────────────────────────────┼──────────┼────────────────────┼───────────┼──────────────┼─────────────┼─────────────────┼─────────────────────────────────────────────────────────────────────────────────────────────────────┤
│                             UCS │ 15       │ '12.85ms ± 2.61ms' │ 2107      │ 2152         │ 19664       │ '1.437'         │ '∅ F+2 G-1 L-2 D-2 J-2 C+3 M+3 E+2 P+1 I+1 B+4 G-1 P-1 I-1 E-4 P+1 I+1 B-2 C-3 D+1 J+1 M-3 L+2 P+3' │
└─────────────────────────────────┴──────────┴────────────────────┴───────────┴──────────────┴─────────────┴─────────────────┴─────────────────────────────────────────────────────────────────────────────────────────────────────┘
┌─────────────────────────────────┬──────────┬───────────────────┬───────────┬──────────────┬─────────────┬─────────────────┬─────────────────────────────────────────────────────────────────────────────────────────────────────────────────────────────────────────────────────────────────────────────────────────────────────────────────────────────────────────────────────────────────────────────────────────────────────────────────────────────────────────────────────────────────────────────────────────────────────────────────────────────────────────────────────────────────────────────────────────────────────────────────────────────────────────────────────────────────────────────────────────────────────────────────────────────────────────────────────────────────────────────────────────────────────────────────────────────────────────────────────────────────────────────────────────────────────────────────┐
│ (index)                         │ runCount │ duration          │ tickCount │ visitedNodes │ searchCount │ branchingFactor │ solutionSteps                                                                                                                                                                                                                                                                                                                                                                                                                                                                                                                                                                                                                                                                                                                                                                                                   │
├─────────────────────────────────┼──────────┼───────────────────┼───────────┼──────────────┼─────────────┼─────────────────┼─────────────────────────────────────────────────────────────────────────────────────────────────────────────────────────────────────────────────────────────────────────────────────────────────────────────────────────────────────────────────────────────────────────────────────────────────────────────────────────────────────────────────────────────────────────────────────────────────────────────────────────────────────────────────────────────────────────────────────────────────────────────────────────────────────────────────────────────────────────────────────────────────────────────────────────────────────────────────────────────────────────────────────────────────────────────────────────────────────────────────────────────────────────────────────────────────────────────────┤
│                GBFS CarDistance │ 20       │ '2.56ms ± 1.46ms' │ 318       │ 319          │ 2690        │ '1.021'         │ '∅ J-2 D-2 L-1 M+3 J+1 M-2 J+1 M+1 D+1 M-2 J-1 D+1 G-1 M+1 D-1 M+2 J-1 M-3 L-1 M+2 C+1 M-1 D-1 M-1 C+2 M+3 C-3 J+1 M-3 C+2 M+2 C-1 J+1 C-1 M-1 C+2 F+2 M-1 J-2 M+3 C-1 M-1 C-1 M-1 C+3 E+1 P+1 M-1 F-2 M+3 E+1 I+1 F+2 B+4 I-1 E-1 M-2 G-1 M+1 F-3 L-1 P-1 E-2 M-1 C-2 M+2 C+1 I+2 M-2 B-1 M-1 C-1 M+3 C+2 M-1 I-1 M-2 L+1 M+3 C-2 M-2 C+1 M+1 B+1 M+1 J+1 M-2 C-1 M+1 B-1 M-2 C+1 J+1 L-1 M+2 J-1 M-1 C-1 M+2 B+1 I+1 M-2 J+1 M+1 J-2 I-1 D+1 M-1 B-1 M-1 D+1 I+2 M+1 I-1 J+2 M-1 J-1 D-1 M+2 J+1 I-1 L+1 M-2 D+1 M+1 J-1 D-1 M+2 B+1 J-1 I-1 M-2 D+1 I+1 F+3 D-2 M+2 C+2 M-1 B-1 M-1 E-1 P+1 M-1 C-2 M+3 C+1 M-1 B-1 M-2 C-2 M+3 C+3 B+2 M-1 C-2 M-1 C+1 I-1 M+2 C-1 J+1 M-2 J+1 M+1 C+1 J-1 I+1 M+1 B-2 M-2 C-2 M+1 C+1 M-2 J+1 M+1 D+2 J-2 M-1 D-1 M+3 J+1 M-2 B+2 M+1 B-1 J+1 B-1 C-1 M-2 J-1 D+1 L+2 P+3' │
└─────────────────────────────────┴──────────┴───────────────────┴───────────┴──────────────┴─────────────┴─────────────────┴─────────────────────────────────────────────────────────────────────────────────────────────────────────────────────────────────────────────────────────────────────────────────────────────────────────────────────────────────────────────────────────────────────────────────────────────────────────────────────────────────────────────────────────────────────────────────────────────────────────────────────────────────────────────────────────────────────────────────────────────────────────────────────────────────────────────────────────────────────────────────────────────────────────────────────────────────────────────────────────────────────────────────────────────────────────────────────────────────────────────────────────────────────────────────────────────────────────────────┘
┌─────────────────────────────────┬──────────┬───────────────────┬───────────┬──────────────┬─────────────┬─────────────────┬─────────────────────────────────────────────────────────────────────────────────────────────────────────────────────────────────────────────────────────────────────────────────────────────────────────────────────────────────────────────────────────────────────────────────────────────────────────────────────────────┐
│ (index)                         │ runCount │ duration          │ tickCount │ visitedNodes │ searchCount │ branchingFactor │ solutionSteps                                                                                                                                                                                                                                                                                                               │
├─────────────────────────────────┼──────────┼───────────────────┼───────────┼──────────────┼─────────────┼─────────────────┼─────────────────────────────────────────────────────────────────────────────────────────────────────────────────────────────────────────────────────────────────────────────────────────────────────────────────────────────────────────────────────────────────────────────────────────────────────────────────────────────┤
│                 GBFS CarBlocked │ 20       │ '4.11ms ± 1.56ms' │ 586       │ 587          │ 5596        │ '1.080'         │ '∅ D-1 L-1 M+2 J-1 M-1 D+1 J+1 G-1 D-1 L-1 M+1 J-1 M+1 F+2 J-1 D-1 C+3 E+2 I+1 P+1 F-2 I-1 E-1 M-3 P-1 M+2 F+2 M-1 P+1 F-1 M+1 B+1 M-2 F-2 M+3 E+1 I+1 L-1 I+1 B+3 I-2 E-1 M-2 P-1 M+1 G-1 P+1 L+1 M-1 P-1 F+3 M+2 E-3 M-1 C-2 J+2 D+1 M-1 J-1 M+2 I+1 M-1 B-1 M-2 J+1 M+1 D+1 J-1 B+1 P+1 D-1 B-2 M-1 C-1 L+2 J+1 D+1 P+3' │
└─────────────────────────────────┴──────────┴───────────────────┴───────────┴──────────────┴─────────────┴─────────────────┴─────────────────────────────────────────────────────────────────────────────────────────────────────────────────────────────────────────────────────────────────────────────────────────────────────────────────────────────────────────────────────────────────────────────────────────────────────────────────────────────┘
┌─────────────────────────────────┬──────────┬────────────────────┬───────────┬──────────────┬─────────────┬─────────────────┬─────────────────────────────────────────────────────────────────────────────────────────────────────────────────────────────────────────────────────────────────────────────────────────────────────────────────────────────────────────────────────────────────────────────────┐
│ (index)                         │ runCount │ duration           │ tickCount │ visitedNodes │ searchCount │ branchingFactor │ solutionSteps                                                                                                                                                                                                                                                                   │
├─────────────────────────────────┼──────────┼────────────────────┼───────────┼──────────────┼─────────────┼─────────────────┼─────────────────────────────────────────────────────────────────────────────────────────────────────────────────────────────────────────────────────────────────────────────────────────────────────────────────────────────────────────────────────────────────────────────────┤
│        GBFS CarBlockedRecursive │ 7        │ '24.33ms ± 7.42ms' │ 746       │ 747          │ 7113        │ '1.102'         │ '∅ D-1 L-1 M+2 J-1 M-1 D+1 J+1 G-1 D-1 H-1 M+1 J-4 M+1 J+3 H+1 L-1 J-1 D-1 C+3 E+2 I+1 F+2 P+1 I-1 B+1 F-3 L-1 I+2 B+1 I-1 L+1 B+2 I-1 E-1 M-2 L-1 M+1 G-1 L+1 F+3 M-1 P-1 E-3 M+2 C-2 J+1 D+1 M-1 J+1 I+1 E+1 M-1 J-1 M+2 B-1 M-3 J+1 E-1 P+1 M+2 J-1 M+1 B-1 M-3 C-1 L+2 P+3' │
└─────────────────────────────────┴──────────┴────────────────────┴───────────┴──────────────┴─────────────┴─────────────────┴─────────────────────────────────────────────────────────────────────────────────────────────────────────────────────────────────────────────────────────────────────────────────────────────────────────────────────────────────────────────────────────────────────────────────┘
┌─────────────────────────────────┬──────────┬────────────────────┬───────────┬──────────────┬─────────────┬─────────────────┬─────────────────────────────────────────────────────────────────────────────────────────────────────────────────────┐
│ (index)                         │ runCount │ duration           │ tickCount │ visitedNodes │ searchCount │ branchingFactor │ solutionSteps                                                                                                       │
├─────────────────────────────────┼──────────┼────────────────────┼───────────┼──────────────┼─────────────┼─────────────────┼─────────────────────────────────────────────────────────────────────────────────────────────────────────────────────┤
│                  A* CarDistance │ 9        │ '21.78ms ± 2.86ms' │ 2070      │ 2071         │ 19367       │ '1.356'         │ '∅ G-1 J-2 D-2 L-2 C+3 E+1 P+1 M+3 E+1 I+1 B+2 G-1 B+2 I-1 P-1 F+2 E-4 P+1 I+1 B-2 M-3 C-3 L+2 P+1 D+1 P+1 J+1 P+1' │
└─────────────────────────────────┴──────────┴────────────────────┴───────────┴──────────────┴─────────────┴─────────────────┴─────────────────────────────────────────────────────────────────────────────────────────────────────────────────────┘
┌─────────────────────────────────┬──────────┬────────────────────┬───────────┬──────────────┬─────────────┬─────────────────┬─────────────────────────────────────────────────────────────────────────────────────────────────────────────────────┐
│ (index)                         │ runCount │ duration           │ tickCount │ visitedNodes │ searchCount │ branchingFactor │ solutionSteps                                                                                                       │
├─────────────────────────────────┼──────────┼────────────────────┼───────────┼──────────────┼─────────────┼─────────────────┼─────────────────────────────────────────────────────────────────────────────────────────────────────────────────────┤
│                   A* CarBlocked │ 13       │ '15.38ms ± 4.23ms' │ 2151      │ 2152         │ 19969       │ '1.358'         │ '∅ G-1 J-2 L-2 D-2 C+3 M+3 E+2 I+1 P+1 B+3 P-1 B+1 I-1 E-2 C-1 J+1 C-1 D+1 G-1 F+2 E-2 I+1 P+1 B-2 C-1 M-3 L+2 P+3' │
└─────────────────────────────────┴──────────┴────────────────────┴───────────┴──────────────┴─────────────┴─────────────────┴─────────────────────────────────────────────────────────────────────────────────────────────────────────────────────┘
┌─────────────────────────────────┬──────────┬────────────────────┬───────────┬──────────────┬─────────────┬─────────────────┬─────────────────────────────────────────────────────────────────────────────────────────────────────────────────────┐
│ (index)                         │ runCount │ duration           │ tickCount │ visitedNodes │ searchCount │ branchingFactor │ solutionSteps                                                                                                       │
├─────────────────────────────────┼──────────┼────────────────────┼───────────┼──────────────┼─────────────┼─────────────────┼─────────────────────────────────────────────────────────────────────────────────────────────────────────────────────┤
│          A* CarBlockedRecursive │ 4        │ '44.12ms ± 0.60ms' │ 2085      │ 2086         │ 19503       │ '1.357'         │ '∅ G-1 J-2 L-2 D-2 C+3 M+3 E+2 I+1 P+1 B+4 I-1 P-1 E-2 C-1 J+1 C-1 D+1 G-1 E-1 I+1 F+2 E-1 P+1 B-2 C-1 M-3 L+2 P+3' │
└─────────────────────────────────┴──────────┴────────────────────┴───────────┴──────────────┴─────────────┴─────────────────┴─────────────────────────────────────────────────────────────────────────────────────────────────────────────────────┘
┌─────────────────────────────────┬──────────┬─────────────────────┬───────────┬──────────────┬─────────────┬───────────────────────────────────┐
│ (index)                         │ runCount │ duration            │ tickCount │ visitedNodes │ searchCount │ errorMessage                      │
├─────────────────────────────────┼──────────┼─────────────────────┼───────────┼──────────────┼─────────────┼───────────────────────────────────┤
│                IDA* CarDistance │ 1        │ '313.80ms ± 0.00ms' │ 7         │ 0            │ 613824      │ 'Timed out, ticked too many/long' │
└─────────────────────────────────┴──────────┴─────────────────────┴───────────┴──────────────┴─────────────┴───────────────────────────────────┘
┌─────────────────────────────────┬──────────┬─────────────────────┬───────────┬──────────────┬─────────────┬───────────────────────────────────┐
│ (index)                         │ runCount │ duration            │ tickCount │ visitedNodes │ searchCount │ errorMessage                      │
├─────────────────────────────────┼──────────┼─────────────────────┼───────────┼──────────────┼─────────────┼───────────────────────────────────┤
│                 IDA* CarBlocked │ 1        │ '494.25ms ± 0.00ms' │ 8         │ 0            │ 948441      │ 'Timed out, ticked too many/long' │
└─────────────────────────────────┴──────────┴─────────────────────┴───────────┴──────────────┴─────────────┴───────────────────────────────────┘
┌─────────────────────────────────┬──────────┬─────────────────────┬───────────┬──────────────┬─────────────┬───────────────────────────────────┐
│ (index)                         │ runCount │ duration            │ tickCount │ visitedNodes │ searchCount │ errorMessage                      │
├─────────────────────────────────┼──────────┼─────────────────────┼───────────┼──────────────┼─────────────┼───────────────────────────────────┤
│        IDA* CarBlockedRecursive │ 1        │ '303.00ms ± 0.00ms' │ 7         │ 0            │ 164603      │ 'Timed out, ticked too many/long' │
└─────────────────────────────────┴──────────┴─────────────────────┴───────────┴──────────────┴─────────────┴───────────────────────────────────┘
┌─────────────────────────────────┬──────────┬─────────────────────┬───────────┬──────────────┬─────────────┬───────────────────────────────────┐
│ (index)                         │ runCount │ duration            │ tickCount │ visitedNodes │ searchCount │ errorMessage                      │
├─────────────────────────────────┼──────────┼─────────────────────┼───────────┼──────────────┼─────────────┼───────────────────────────────────┤
│         IDA* Approx CarDistance │ 1        │ '202.24ms ± 0.00ms' │ 23        │ 754          │ 442370      │ 'Timed out, ticked too many/long' │
└─────────────────────────────────┴──────────┴─────────────────────┴───────────┴──────────────┴─────────────┴───────────────────────────────────┘
┌─────────────────────────────────┬──────────┬─────────────────────┬───────────┬──────────────┬─────────────┬───────────────────────────────────┐
│ (index)                         │ runCount │ duration            │ tickCount │ visitedNodes │ searchCount │ errorMessage                      │
├─────────────────────────────────┼──────────┼─────────────────────┼───────────┼──────────────┼─────────────┼───────────────────────────────────┤
│          IDA* Approx CarBlocked │ 1        │ '210.84ms ± 0.00ms' │ 25        │ 733          │ 459419      │ 'Timed out, ticked too many/long' │
└─────────────────────────────────┴──────────┴─────────────────────┴───────────┴──────────────┴─────────────┴───────────────────────────────────┘
┌─────────────────────────────────┬──────────┬─────────────────────┬───────────┬──────────────┬─────────────┬───────────────────────────────────┐
│ (index)                         │ runCount │ duration            │ tickCount │ visitedNodes │ searchCount │ errorMessage                      │
├─────────────────────────────────┼──────────┼─────────────────────┼───────────┼──────────────┼─────────────┼───────────────────────────────────┤
│ IDA* Approx CarBlockedRecursive │ 1        │ '215.26ms ± 0.00ms' │ 13        │ 595          │ 52284       │ 'Timed out, ticked too many/long' │
└─────────────────────────────────┴──────────┴─────────────────────┴───────────┴──────────────┴─────────────┴───────────────────────────────────┘
=====================================
cases\Jam-18.txt
6 6
8
BBGF.. 
HHGF.. 
IPPF..K
ICCC.. 
IEE... 
DDD... 

┌─────────────────────────────────┬──────────┬───────────────────┬───────────┬──────────────┬─────────────┬─────────────────┬─────────────────────────────────────────────────────────────────────────────────────────────────────────┐
│ (index)                         │ runCount │ duration          │ tickCount │ visitedNodes │ searchCount │ branchingFactor │ solutionSteps                                                                                           │
├─────────────────────────────────┼──────────┼───────────────────┼───────────┼──────────────┼─────────────┼─────────────────┼─────────────────────────────────────────────────────────────────────────────────────────────────────────┤
│                             UCS │ 20       │ '9.08ms ± 5.48ms' │ 1586      │ 1634         │ 13905       │ '1.392'         │ '∅ C+2 E+3 D+3 I+1 P-1 G+4 B+1 H+1 P+1 I-3 C-3 F+2 B+3 H+3 F-2 C+3 I+3 P-1 G-4 P+1 I-3 C-3 D-3 F+3 P+3' │
└─────────────────────────────────┴──────────┴───────────────────┴───────────┴──────────────┴─────────────┴─────────────────┴─────────────────────────────────────────────────────────────────────────────────────────────────────────┘
┌─────────────────────────────────┬──────────┬───────────────────┬───────────┬──────────────┬─────────────┬─────────────────┬─────────────────────────────────────────────────────────────────────────────────────────────────────────────────────────────────────────────────────────────────────────────────────────────────────────────────────────────────────────────────────────────────────────────────────────────────────────────────────────────────────────────────────────────────────────────────────────────────────────────────────────────────────────────────────────────────────────────────────────────────────────────┐
│ (index)                         │ runCount │ duration          │ tickCount │ visitedNodes │ searchCount │ branchingFactor │ solutionSteps                                                                                                                                                                                                                                                                                                                                                                                                                                                                                               │
├─────────────────────────────────┼──────────┼───────────────────┼───────────┼──────────────┼─────────────┼─────────────────┼─────────────────────────────────────────────────────────────────────────────────────────────────────────────────────────────────────────────────────────────────────────────────────────────────────────────────────────────────────────────────────────────────────────────────────────────────────────────────────────────────────────────────────────────────────────────────────────────────────────────────────────────────────────────────────────────────────────────────────────────────────────────┤
│                GBFS CarDistance │ 20       │ '4.39ms ± 0.59ms' │ 876       │ 877          │ 7415        │ '1.049'         │ '∅ D+3 E+3 D-2 E-2 D+1 E+1 C+2 D-2 E-1 D+3 C-1 E+1 I+1 P-1 G+1 D-2 E-2 D+1 E+3 C-1 D-1 E-2 D+2 E-1 C+2 E+3 G+3 P+1 E-1 G-1 D-2 E+1 D+1 I-1 D-2 E-1 H+1 D+3 E+1 G+1 C-2 E-1 C+1 I-1 E+1 I+2 B+1 E-1 C-1 I-3 E+1 C-1 F+2 H+3 F-2 E-1 F+1 B+3 E+1 F-1 C+3 E-1 G-1 D-3 E+1 D+2 I+3 D-1 P-1 G-3 P+1 D+2 E-3 D-1 E+2 C-2 D-1 E-2 C+1 E+1 D+2 E+1 I-3 D-3 E-3 D+2 E+4 D-1 C-2 D-1 E-3 D+3 E-1 C+3 D-2 E+3 I+2 D-1 E-2 C-2 D+3 E+3 D-2 E-2 D+1 C+2 I-2 C-3 E+1 F+1 D-2 E-3 D+1 E+2 D+2 E+2 F+1 D-1 H-1 D-2 F+1 P+3' │
└─────────────────────────────────┴──────────┴───────────────────┴───────────┴──────────────┴─────────────┴─────────────────┴─────────────────────────────────────────────────────────────────────────────────────────────────────────────────────────────────────────────────────────────────────────────────────────────────────────────────────────────────────────────────────────────────────────────────────────────────────────────────────────────────────────────────────────────────────────────────────────────────────────────────────────────────────────────────────────────────────────────────────────────────────────────┘
┌─────────────────────────────────┬──────────┬───────────────────┬───────────┬──────────────┬─────────────┬─────────────────┬─────────────────────────────────────────────────────────────────────────────────────────────────────────────────────────────────────────────────────────────────────────────────────────────────────────────────────────────────────────────────────────────────────────────────────────────────┐
│ (index)                         │ runCount │ duration          │ tickCount │ visitedNodes │ searchCount │ branchingFactor │ solutionSteps                                                                                                                                                                                                                                                                                   │
├─────────────────────────────────┼──────────┼───────────────────┼───────────┼──────────────┼─────────────┼─────────────────┼─────────────────────────────────────────────────────────────────────────────────────────────────────────────────────────────────────────────────────────────────────────────────────────────────────────────────────────────────────────────────────────────────────────────────────────────────┤
│                 GBFS CarBlocked │ 20       │ '1.82ms ± 0.22ms' │ 405       │ 406          │ 3294        │ '1.081'         │ '∅ D+3 E+3 D-2 E-2 I+1 D+2 E+1 C+2 D-2 P-1 G+3 D+2 B+1 D-1 E+1 D-1 H+1 D+2 G+1 E-1 C-1 P+1 E+1 I-3 C-2 E-1 F+1 B+3 E+1 F+1 H+3 F-2 E-1 C+3 G-1 D-3 E+1 D+2 I+3 P-1 D+1 E-1 G-3 D-2 E-2 D+1 E+1 C-2 D-1 E+2 D+2 E-3 C+1 E+1 P+1 D-2 E-1 D+1 E+3 C-1 E-1 D-1 I-3 D-1 E-3 D+3 E+4 C-1 D-3 F+3 P+3' │
└─────────────────────────────────┴──────────┴───────────────────┴───────────┴──────────────┴─────────────┴─────────────────┴─────────────────────────────────────────────────────────────────────────────────────────────────────────────────────────────────────────────────────────────────────────────────────────────────────────────────────────────────────────────────────────────────────────────────────────────────┘
┌─────────────────────────────────┬──────────┬───────────────────┬───────────┬──────────────┬─────────────┬─────────────────┬─────────────────────────────────────────────────────────────────────────────────────────────────────────────────────────────────────────────────────────────────────────────────────────────────────────────────────────────────┐
│ (index)                         │ runCount │ duration          │ tickCount │ visitedNodes │ searchCount │ branchingFactor │ solutionSteps                                                                                                                                                                                                                   │
├─────────────────────────────────┼──────────┼───────────────────┼───────────┼──────────────┼─────────────┼─────────────────┼─────────────────────────────────────────────────────────────────────────────────────────────────────────────────────────────────────────────────────────────────────────────────────────────────────────────────────────────────┤
│        GBFS CarBlockedRecursive │ 20       │ '9.49ms ± 0.90ms' │ 781       │ 782          │ 6581        │ '1.128'         │ '∅ C+1 D+3 I+1 D-2 E+3 D+1 C-1 D+1 C+2 P-1 D-2 G+3 D+1 B+1 H+1 D-1 P+1 B-1 D+2 G+1 C-2 B+1 C+1 I-3 C-2 F+2 B+3 H+3 F-2 C+3 I+3 G-1 D-2 P-1 D+1 G-3 D+1 E-3 D-2 C-2 D+1 C+1 G+1 D-1 E+3 G-1 P+1 D+2 E-3 C-1 I-3 D-3 C-1 F+3 P+3' │
└─────────────────────────────────┴──────────┴───────────────────┴───────────┴──────────────┴─────────────┴─────────────────┴─────────────────────────────────────────────────────────────────────────────────────────────────────────────────────────────────────────────────────────────────────────────────────────────────────────────────────────────────┘
┌─────────────────────────────────┬──────────┬───────────────────┬───────────┬──────────────┬─────────────┬─────────────────┬─────────────────────────────────────────────────────────────────────────────────────────────────────────────────────────┐
│ (index)                         │ runCount │ duration          │ tickCount │ visitedNodes │ searchCount │ branchingFactor │ solutionSteps                                                                                                           │
├─────────────────────────────────┼──────────┼───────────────────┼───────────┼──────────────┼─────────────┼─────────────────┼─────────────────────────────────────────────────────────────────────────────────────────────────────────────────────────┤
│                  A* CarDistance │ 20       │ '6.98ms ± 0.25ms' │ 1560      │ 1561         │ 13676       │ '1.323'         │ '∅ D+1 I+1 C+2 P-1 E+2 G+3 P+1 D+2 G+1 B+1 H+1 E+1 I-3 C-3 F+2 B+3 H+3 F-2 C+1 I+3 P-1 C+2 G-4 P+1 I-3 C-3 D-3 F+3 P+3' │
└─────────────────────────────────┴──────────┴───────────────────┴───────────┴──────────────┴─────────────┴─────────────────┴─────────────────────────────────────────────────────────────────────────────────────────────────────────────────────────┘
┌─────────────────────────────────┬──────────┬───────────────────┬───────────┬──────────────┬─────────────┬─────────────────┬─────────────────────────────────────────────────────────────────────────────────────────────────────────────────────────┐
│ (index)                         │ runCount │ duration          │ tickCount │ visitedNodes │ searchCount │ branchingFactor │ solutionSteps                                                                                                           │
├─────────────────────────────────┼──────────┼───────────────────┼───────────┼──────────────┼─────────────┼─────────────────┼─────────────────────────────────────────────────────────────────────────────────────────────────────────────────────────┤
│                   A* CarBlocked │ 20       │ '7.68ms ± 0.54ms' │ 1603      │ 1604         │ 14021       │ '1.324'         │ '∅ D+1 I+1 P-1 E+2 C+2 G+3 P+1 D+2 G+1 H+1 B+1 E+1 I-3 C-3 F+2 B+3 H+3 F-2 C+1 I+3 P-1 C+2 G-4 P+1 I-3 D-3 C-3 F+3 P+3' │
└─────────────────────────────────┴──────────┴───────────────────┴───────────┴──────────────┴─────────────┴─────────────────┴─────────────────────────────────────────────────────────────────────────────────────────────────────────────────────────┘
┌─────────────────────────────────┬──────────┬────────────────────┬───────────┬──────────────┬─────────────┬─────────────────┬─────────────────────────────────────────────────────────────────────────────────────────────────────────────────────┐
│ (index)                         │ runCount │ duration           │ tickCount │ visitedNodes │ searchCount │ branchingFactor │ solutionSteps                                                                                                       │
├─────────────────────────────────┼──────────┼────────────────────┼───────────┼──────────────┼─────────────┼─────────────────┼─────────────────────────────────────────────────────────────────────────────────────────────────────────────────────┤
│          A* CarBlockedRecursive │ 9        │ '20.09ms ± 1.09ms' │ 1574      │ 1575         │ 13784       │ '1.338'         │ '∅ D+1 I+1 P-1 G+1 B+1 D+2 C+2 E+3 G+3 P+1 H+1 I-3 C-3 F+2 B+3 H+3 F-2 C+1 I+3 P-1 C+2 G-4 P+1 I-3 C-3 D-3 F+3 P+3' │
└─────────────────────────────────┴──────────┴────────────────────┴───────────┴──────────────┴─────────────┴─────────────────┴─────────────────────────────────────────────────────────────────────────────────────────────────────────────────────┘
┌─────────────────────────────────┬──────────┬─────────────────────┬───────────┬──────────────┬─────────────┬───────────────────────────────────┐
│ (index)                         │ runCount │ duration            │ tickCount │ visitedNodes │ searchCount │ errorMessage                      │
├─────────────────────────────────┼──────────┼─────────────────────┼───────────┼──────────────┼─────────────┼───────────────────────────────────┤
│                IDA* CarDistance │ 1        │ '224.74ms ± 0.00ms' │ 8         │ 0            │ 473839      │ 'Timed out, ticked too many/long' │
└─────────────────────────────────┴──────────┴─────────────────────┴───────────┴──────────────┴─────────────┴───────────────────────────────────┘
┌─────────────────────────────────┬──────────┬─────────────────────┬───────────┬──────────────┬─────────────┬───────────────────────────────────┐
│ (index)                         │ runCount │ duration            │ tickCount │ visitedNodes │ searchCount │ errorMessage                      │
├─────────────────────────────────┼──────────┼─────────────────────┼───────────┼──────────────┼─────────────┼───────────────────────────────────┤
│                 IDA* CarBlocked │ 1        │ '266.49ms ± 0.00ms' │ 8         │ 0            │ 541850      │ 'Timed out, ticked too many/long' │
└─────────────────────────────────┴──────────┴─────────────────────┴───────────┴──────────────┴─────────────┴───────────────────────────────────┘
┌─────────────────────────────────┬──────────┬─────────────────────┬───────────┬──────────────┬─────────────┬───────────────────────────────────┐
│ (index)                         │ runCount │ duration            │ tickCount │ visitedNodes │ searchCount │ errorMessage                      │
├─────────────────────────────────┼──────────┼─────────────────────┼───────────┼──────────────┼─────────────┼───────────────────────────────────┤
│        IDA* CarBlockedRecursive │ 1        │ '436.80ms ± 0.00ms' │ 9         │ 0            │ 363064      │ 'Timed out, ticked too many/long' │
└─────────────────────────────────┴──────────┴─────────────────────┴───────────┴──────────────┴─────────────┴───────────────────────────────────┘
┌─────────────────────────────────┬──────────┬─────────────────────┬───────────┬──────────────┬─────────────┬───────────────────────────────────┐
│ (index)                         │ runCount │ duration            │ tickCount │ visitedNodes │ searchCount │ errorMessage                      │
├─────────────────────────────────┼──────────┼─────────────────────┼───────────┼──────────────┼─────────────┼───────────────────────────────────┤
│         IDA* Approx CarDistance │ 1        │ '201.69ms ± 0.00ms' │ 29        │ 473          │ 330811      │ 'Timed out, ticked too many/long' │
└─────────────────────────────────┴──────────┴─────────────────────┴───────────┴──────────────┴─────────────┴───────────────────────────────────┘
┌─────────────────────────────────┬──────────┬─────────────────────┬───────────┬──────────────┬─────────────┬───────────────────────────────────┐
│ (index)                         │ runCount │ duration            │ tickCount │ visitedNodes │ searchCount │ errorMessage                      │
├─────────────────────────────────┼──────────┼─────────────────────┼───────────┼──────────────┼─────────────┼───────────────────────────────────┤
│          IDA* Approx CarBlocked │ 1        │ '206.97ms ± 0.00ms' │ 32        │ 520          │ 445442      │ 'Timed out, ticked too many/long' │
└─────────────────────────────────┴──────────┴─────────────────────┴───────────┴──────────────┴─────────────┴───────────────────────────────────┘
┌─────────────────────────────────┬──────────┬─────────────────────┬───────────┬──────────────┬─────────────┬───────────────────────────────────┐
│ (index)                         │ runCount │ duration            │ tickCount │ visitedNodes │ searchCount │ errorMessage                      │
├─────────────────────────────────┼──────────┼─────────────────────┼───────────┼──────────────┼─────────────┼───────────────────────────────────┤
│ IDA* Approx CarBlockedRecursive │ 1        │ '225.80ms ± 0.00ms' │ 23        │ 436          │ 139543      │ 'Timed out, ticked too many/long' │
└─────────────────────────────────┴──────────┴─────────────────────┴───────────┴──────────────┴─────────────┴───────────────────────────────────┘
=====================================
cases\Jam-19.txt
6 6
7
..BFF. 
..B.G. 
.DPPG.K
.DHHC. 
.EEEC. 
...... 

┌─────────────────────────────────┬──────────┬───────────────────┬───────────┬──────────────┬─────────────┬─────────────────┬─────────────────────────────────────────────────────────────────────────────────────────────┐
│ (index)                         │ runCount │ duration          │ tickCount │ visitedNodes │ searchCount │ branchingFactor │ solutionSteps                                                                               │
├─────────────────────────────────┼──────────┼───────────────────┼───────────┼──────────────┼─────────────┼─────────────────┼─────────────────────────────────────────────────────────────────────────────────────────────┤
│                             UCS │ 20       │ '2.48ms ± 1.13ms' │ 484       │ 527          │ 3572        │ '1.366'         │ '∅ D-2 P-2 B+1 F-1 G-1 H-2 C-1 E+2 B+3 P+2 H+2 D+4 F-2 P-2 H-2 B-4 P+2 H+2 D-2 E-2 C+1 P+2' │
└─────────────────────────────────┴──────────┴───────────────────┴───────────┴──────────────┴─────────────┴─────────────────┴─────────────────────────────────────────────────────────────────────────────────────────────┘
┌─────────────────────────────────┬──────────┬───────────────────┬───────────┬──────────────┬─────────────┬─────────────────┬─────────────────────────────────────────────────────────────────────────────────────────────────────────────────────────────────────────────────────────────────────────────────────────────────────────────────────────────────────────────────────────────────────────────────────────┐
│ (index)                         │ runCount │ duration          │ tickCount │ visitedNodes │ searchCount │ branchingFactor │ solutionSteps                                                                                                                                                                                                                                                                           │
├─────────────────────────────────┼──────────┼───────────────────┼───────────┼──────────────┼─────────────┼─────────────────┼─────────────────────────────────────────────────────────────────────────────────────────────────────────────────────────────────────────────────────────────────────────────────────────────────────────────────────────────────────────────────────────────────────────────────────────┤
│                GBFS CarDistance │ 20       │ '2.30ms ± 0.21ms' │ 372       │ 373          │ 2799        │ '1.081'         │ '∅ E-1 C+1 H+2 E+1 H-1 D-2 E-1 H-3 C-1 E+1 H+1 F+1 E-1 C+1 H+3 E+1 H-4 P-2 B+2 C-1 E-1 B-1 C+1 H+4 E+1 H-3 C-1 H+1 F-2 E-1 C+1 H-1 G-1 C-2 E+3 H-1 B+3 P+2 B-1 D+1 F-2 B+1 H+2 D+3 H-2 B-1 F+2 P-2 B-2 E-1 H+2 D-1 E+1 F-2 D+1 H-1 E-1 B-1 P+2 E+1 H+1 D-3 E-3 H-2 E+2 H+1 E-1 C+2 P+2' │
└─────────────────────────────────┴──────────┴───────────────────┴───────────┴──────────────┴─────────────┴─────────────────┴─────────────────────────────────────────────────────────────────────────────────────────────────────────────────────────────────────────────────────────────────────────────────────────────────────────────────────────────────────────────────────────────────────────────────────────┘
┌─────────────────────────────────┬──────────┬───────────────────┬───────────┬──────────────┬─────────────┬─────────────────┬─────────────────────────────────────────────────────────────────────────────────────────────────────────────────────────────────────────────────────────────────────────────────────────────────────────────────┐
│ (index)                         │ runCount │ duration          │ tickCount │ visitedNodes │ searchCount │ branchingFactor │ solutionSteps                                                                                                                                                                                                   │
├─────────────────────────────────┼──────────┼───────────────────┼───────────┼──────────────┼─────────────┼─────────────────┼─────────────────────────────────────────────────────────────────────────────────────────────────────────────────────────────────────────────────────────────────────────────────────────────────────────────────┤
│                 GBFS CarBlocked │ 20       │ '3.80ms ± 1.96ms' │ 264       │ 265          │ 2083        │ '1.110'         │ '∅ E-1 C+1 H+2 E+1 H-1 D-2 E-1 H-3 C-1 E+1 P-2 B+2 F-1 G-1 E-1 C+1 B-1 E+1 H+2 C-1 H-1 C-1 E+2 H-1 B+3 H+2 P+2 H-1 D+1 H-1 F-2 H+2 D+3 H-2 B-1 P-2 B-3 E-1 H+2 D-1 E+1 P+2 D-2 E-3 C+2 E+1 C-1 H-2 E-1 H+1 P+2' │
└─────────────────────────────────┴──────────┴───────────────────┴───────────┴──────────────┴─────────────┴─────────────────┴─────────────────────────────────────────────────────────────────────────────────────────────────────────────────────────────────────────────────────────────────────────────────────────────────────────────────┘
┌─────────────────────────────────┬──────────┬───────────────────┬───────────┬──────────────┬─────────────┬─────────────────┬─────────────────────────────────────────────────────────────────────────────────────────────────────────────────────────────────────────────────────────────────────────────────────────────────────────────┐
│ (index)                         │ runCount │ duration          │ tickCount │ visitedNodes │ searchCount │ branchingFactor │ solutionSteps                                                                                                                                                                                               │
├─────────────────────────────────┼──────────┼───────────────────┼───────────┼──────────────┼─────────────┼─────────────────┼─────────────────────────────────────────────────────────────────────────────────────────────────────────────────────────────────────────────────────────────────────────────────────────────────────────────┤
│        GBFS CarBlockedRecursive │ 20       │ '3.73ms ± 1.31ms' │ 310       │ 311          │ 2370        │ '1.117'         │ '∅ E-1 C+1 H+2 E+1 H-1 D-2 E-1 H-3 C-1 E+1 H+1 D+1 E-1 C+1 G+1 E+1 H-1 D-1 H+2 P-2 B+1 F-1 G-2 E-1 C-1 H-1 C-1 E+3 H-1 B+3 H+2 P+2 H-1 D+1 H-1 F-2 H+2 D+3 H-2 P-2 B-4 E-1 H+2 D-1 E+1 P+2 D-2 E-3 C+2 P+2' │
└─────────────────────────────────┴──────────┴───────────────────┴───────────┴──────────────┴─────────────┴─────────────────┴─────────────────────────────────────────────────────────────────────────────────────────────────────────────────────────────────────────────────────────────────────────────────────────────────────────────┘
┌─────────────────────────────────┬──────────┬───────────────────┬───────────┬──────────────┬─────────────┬─────────────────┬─────────────────────────────────────────────────────────────────────────────────────────────────────┐
│ (index)                         │ runCount │ duration          │ tickCount │ visitedNodes │ searchCount │ branchingFactor │ solutionSteps                                                                                       │
├─────────────────────────────────┼──────────┼───────────────────┼───────────┼──────────────┼─────────────┼─────────────────┼─────────────────────────────────────────────────────────────────────────────────────────────────────┤
│                  A* CarDistance │ 20       │ '1.99ms ± 0.06ms' │ 465       │ 466          │ 3428        │ '1.324'         │ '∅ D-2 P-2 B+1 F-1 G-1 C-1 E+2 H-2 B+2 P+2 B+1 D+1 F-2 H+2 D+3 H-2 P-2 B-4 P+2 H+2 D-2 E-2 C+1 P+2' │
└─────────────────────────────────┴──────────┴───────────────────┴───────────┴──────────────┴─────────────┴─────────────────┴─────────────────────────────────────────────────────────────────────────────────────────────────────┘
┌─────────────────────────────────┬──────────┬───────────────────┬───────────┬──────────────┬─────────────┬─────────────────┬─────────────────────────────────────────────────────────────────────────────────────────────┐
│ (index)                         │ runCount │ duration          │ tickCount │ visitedNodes │ searchCount │ branchingFactor │ solutionSteps                                                                               │
├─────────────────────────────────┼──────────┼───────────────────┼───────────┼──────────────┼─────────────┼─────────────────┼─────────────────────────────────────────────────────────────────────────────────────────────┤
│                   A* CarBlocked │ 20       │ '2.17ms ± 0.06ms' │ 479       │ 480          │ 3528        │ '1.365'         │ '∅ D-2 P-2 B+1 F-1 G-1 C-1 E+2 H-2 B+3 P+2 H+2 D+4 P-2 H-2 F-2 B-4 H+2 P+2 D-2 E-2 C+1 P+2' │
└─────────────────────────────────┴──────────┴───────────────────┴───────────┴──────────────┴─────────────┴─────────────────┴─────────────────────────────────────────────────────────────────────────────────────────────┘
┌─────────────────────────────────┬──────────┬───────────────────┬───────────┬──────────────┬─────────────┬─────────────────┬─────────────────────────────────────────────────────────────────────────────────────────────┐
│ (index)                         │ runCount │ duration          │ tickCount │ visitedNodes │ searchCount │ branchingFactor │ solutionSteps                                                                               │
├─────────────────────────────────┼──────────┼───────────────────┼───────────┼──────────────┼─────────────┼─────────────────┼─────────────────────────────────────────────────────────────────────────────────────────────┤
│          A* CarBlockedRecursive │ 20       │ '4.89ms ± 0.19ms' │ 467       │ 468          │ 3444        │ '1.364'         │ '∅ D-2 P-2 B+1 F-1 G-1 C-1 E+2 H-2 B+3 P+2 H+2 D+4 P-2 H-2 F-2 B-4 H+2 P+2 D-2 E-2 C+1 P+2' │
└─────────────────────────────────┴──────────┴───────────────────┴───────────┴──────────────┴─────────────┴─────────────────┴─────────────────────────────────────────────────────────────────────────────────────────────┘
┌─────────────────────────────────┬─────────────┐
│ (index)                         │ status      │
├─────────────────────────────────┼─────────────┤
│                IDA* CarDistance │ 'Timed out' │
└─────────────────────────────────┴─────────────┘
┌─────────────────────────────────┬──────────┬─────────────────────┬───────────┬──────────────┬─────────────┬───────────────────────────────────┐
│ (index)                         │ runCount │ duration            │ tickCount │ visitedNodes │ searchCount │ errorMessage                      │
├─────────────────────────────────┼──────────┼─────────────────────┼───────────┼──────────────┼─────────────┼───────────────────────────────────┤
│                 IDA* CarBlocked │ 1        │ '204.66ms ± 0.00ms' │ 7         │ 0            │ 169561      │ 'Timed out, ticked too many/long' │
└─────────────────────────────────┴──────────┴─────────────────────┴───────────┴──────────────┴─────────────┴───────────────────────────────────┘
┌─────────────────────────────────┬──────────┬─────────────────────┬───────────┬──────────────┬─────────────┬───────────────────────────────────┐
│ (index)                         │ runCount │ duration            │ tickCount │ visitedNodes │ searchCount │ errorMessage                      │
├─────────────────────────────────┼──────────┼─────────────────────┼───────────┼──────────────┼─────────────┼───────────────────────────────────┤
│        IDA* CarBlockedRecursive │ 1        │ '385.71ms ± 0.00ms' │ 7         │ 0            │ 169561      │ 'Timed out, ticked too many/long' │
└─────────────────────────────────┴──────────┴─────────────────────┴───────────┴──────────────┴─────────────┴───────────────────────────────────┘
┌─────────────────────────────────┬──────────┬─────────────────────┬───────────┬──────────────┬─────────────┬───────────────────────────────────┐
│ (index)                         │ runCount │ duration            │ tickCount │ visitedNodes │ searchCount │ errorMessage                      │
├─────────────────────────────────┼──────────┼─────────────────────┼───────────┼──────────────┼─────────────┼───────────────────────────────────┤
│         IDA* Approx CarDistance │ 1        │ '215.66ms ± 0.00ms' │ 26        │ 390          │ 237874      │ 'Timed out, ticked too many/long' │
└─────────────────────────────────┴──────────┴─────────────────────┴───────────┴──────────────┴─────────────┴───────────────────────────────────┘
┌─────────────────────────────────┬──────────┬─────────────────────┬───────────┬──────────────┬─────────────┬───────────────────────────────────┐
│ (index)                         │ runCount │ duration            │ tickCount │ visitedNodes │ searchCount │ errorMessage                      │
├─────────────────────────────────┼──────────┼─────────────────────┼───────────┼──────────────┼─────────────┼───────────────────────────────────┤
│          IDA* Approx CarBlocked │ 1        │ '210.40ms ± 0.00ms' │ 25        │ 384          │ 233323      │ 'Timed out, ticked too many/long' │
└─────────────────────────────────┴──────────┴─────────────────────┴───────────┴──────────────┴─────────────┴───────────────────────────────────┘
┌─────────────────────────────────┬──────────┬─────────────────────┬───────────┬──────────────┬─────────────┬───────────────────────────────────┐
│ (index)                         │ runCount │ duration            │ tickCount │ visitedNodes │ searchCount │ errorMessage                      │
├─────────────────────────────────┼──────────┼─────────────────────┼───────────┼──────────────┼─────────────┼───────────────────────────────────┤
│ IDA* Approx CarBlockedRecursive │ 1        │ '230.16ms ± 0.00ms' │ 18        │ 348          │ 94490       │ 'Timed out, ticked too many/long' │
└─────────────────────────────────┴──────────┴─────────────────────┴───────────┴──────────────┴─────────────┴───────────────────────────────────┘
=====================================
cases\Jam-20.txt
6 6
9
B..FFF 
BGGH.. 
PPEH.JK
..E..J 
..IDDJ 
..ICCC 

┌─────────────────────────────────┬──────────┬────────────────────┬───────────┬──────────────┬─────────────┬─────────────────┬─────────────────────────────────────────────┐
│ (index)                         │ runCount │ duration           │ tickCount │ visitedNodes │ searchCount │ branchingFactor │ solutionSteps                               │
├─────────────────────────────────┼──────────┼────────────────────┼───────────┼──────────────┼─────────────┼─────────────────┼─────────────────────────────────────────────┤
│                             UCS │ 15       │ '13.02ms ± 2.74ms' │ 1660      │ 2376         │ 14939       │ '2.483'         │ '∅ H+1 G+2 E-2 I-2 D-3 I+1 H+1 C-1 J+1 P+4' │
└─────────────────────────────────┴──────────┴────────────────────┴───────────┴──────────────┴─────────────┴─────────────────┴─────────────────────────────────────────────┘
┌─────────────────────────────────┬──────────┬────────────────────┬───────────┬──────────────┬─────────────┬─────────────────┬─────────────────────────────────────────────────────────────────────────────────────────────────────────────────────────────────────────────────────────────────────────────────────────────────────────────────────────────────────────────────────────────────────────────────────────────────────────────────────────────────────────────────────────────────────────────────────────────┐
│ (index)                         │ runCount │ duration           │ tickCount │ visitedNodes │ searchCount │ branchingFactor │ solutionSteps                                                                                                                                                                                                                                                                                                                                                                               │
├─────────────────────────────────┼──────────┼────────────────────┼───────────┼──────────────┼─────────────┼─────────────────┼─────────────────────────────────────────────────────────────────────────────────────────────────────────────────────────────────────────────────────────────────────────────────────────────────────────────────────────────────────────────────────────────────────────────────────────────────────────────────────────────────────────────────────────────────────────────────────────────┤
│                GBFS CarDistance │ 11       │ '17.22ms ± 9.04ms' │ 1292      │ 1293         │ 11744       │ '1.074'         │ '∅ J-1 D+1 H+2 G+2 H-1 D-1 E-2 P+1 D+1 I-1 C-3 D-1 C+2 B+4 C-1 D+1 B-3 C+1 H+1 P+2 C-2 H+1 I-1 B-1 H-1 C+3 I+1 P-3 I-1 C-3 H-1 C+2 D-4 C-1 D+3 J+2 C-1 D-3 J-1 C+3 D+3 C-1 D-2 C-1 D+1 G+1 C-1 D-1 C+3 H-1 C-2 D-1 C-1 D+3 C+2 D-1 J+1 C-2 D-1 H+3 D-1 H-1 C+2 D+1 C-1 H-1 D-1 I+1 P+1 C-1 J-1 C+3 I+1 H-1 B+2 I-1 C-3 J+1 C+2 B-2 J-1 C-1 H+2 P+2 C-1 H+1 I-1 D+1 H-1 C+3 D-1 C-1 J+1 P+1' │
└─────────────────────────────────┴──────────┴────────────────────┴───────────┴──────────────┴─────────────┴─────────────────┴─────────────────────────────────────────────────────────────────────────────────────────────────────────────────────────────────────────────────────────────────────────────────────────────────────────────────────────────────────────────────────────────────────────────────────────────────────────────────────────────────────────────────────────────────────────────────────────────┘
┌─────────────────────────────────┬──────────┬────────────────────┬───────────┬──────────────┬─────────────┬─────────────────┬─────────────────────────────────────────────────────────────────────────────────────────────────────────────────────────────────────────────────────────────────────────────────────────┐
│ (index)                         │ runCount │ duration           │ tickCount │ visitedNodes │ searchCount │ branchingFactor │ solutionSteps                                                                                                                                                                           │
├─────────────────────────────────┼──────────┼────────────────────┼───────────┼──────────────┼─────────────┼─────────────────┼─────────────────────────────────────────────────────────────────────────────────────────────────────────────────────────────────────────────────────────────────────────────────────────┤
│                 GBFS CarBlocked │ 19       │ '10.25ms ± 1.18ms' │ 1140      │ 1141         │ 9899        │ '1.176'         │ '∅ J-1 D+1 H+2 G+2 E-2 I-1 C-3 H+1 P+3 I-1 H-1 C+3 B+4 C-2 B-3 C+1 I+1 C-2 P-2 C+3 I+1 P+2 B+2 I-1 C-2 B-3 P-2 B+4 H-1 D-1 J+2 C+1 B-4 C-2 P-1 C+1 G+1 C+1 H-1 C-2 I-1 D-3 I+1 H+3 P+4' │
└─────────────────────────────────┴──────────┴────────────────────┴───────────┴──────────────┴─────────────┴─────────────────┴─────────────────────────────────────────────────────────────────────────────────────────────────────────────────────────────────────────────────────────────────────────────────────────┘
┌─────────────────────────────────┬──────────┬───────────────────┬───────────┬──────────────┬─────────────┬─────────────────┬─────────────────────────────────────────────────────┐
│ (index)                         │ runCount │ duration          │ tickCount │ visitedNodes │ searchCount │ branchingFactor │ solutionSteps                                       │
├─────────────────────────────────┼──────────┼───────────────────┼───────────┼──────────────┼─────────────┼─────────────────┼─────────────────────────────────────────────────────┤
│        GBFS CarBlockedRecursive │ 20       │ '2.41ms ± 1.52ms' │ 76        │ 77           │ 644         │ '1.577'         │ '∅ H+1 G+3 E-2 I-1 C-3 J+1 C+1 I-1 D-3 I+1 H+1 P+4' │
└─────────────────────────────────┴──────────┴───────────────────┴───────────┴──────────────┴─────────────┴─────────────────┴─────────────────────────────────────────────────────┘
┌─────────────────────────────────┬──────────┬───────────────────┬───────────┬──────────────┬─────────────┬─────────────────┬─────────────────────────────────────────────────┐
│ (index)                         │ runCount │ duration          │ tickCount │ visitedNodes │ searchCount │ branchingFactor │ solutionSteps                                   │
├─────────────────────────────────┼──────────┼───────────────────┼───────────┼──────────────┼─────────────┼─────────────────┼─────────────────────────────────────────────────┤
│                  A* CarDistance │ 20       │ '9.48ms ± 5.87ms' │ 778       │ 779          │ 6818        │ '2.104'         │ '∅ H+1 G+2 E-2 I-2 D-3 I+1 P+1 C-1 J+1 H+1 P+3' │
└─────────────────────────────────┴──────────┴───────────────────┴───────────┴──────────────┴─────────────┴─────────────────┴─────────────────────────────────────────────────┘
┌─────────────────────────────────┬──────────┬────────────────────┬───────────┬──────────────┬─────────────┬─────────────────┬─────────────────────────────────────────────────┐
│ (index)                         │ runCount │ duration           │ tickCount │ visitedNodes │ searchCount │ branchingFactor │ solutionSteps                                   │
├─────────────────────────────────┼──────────┼────────────────────┼───────────┼──────────────┼─────────────┼─────────────────┼─────────────────────────────────────────────────┤
│                   A* CarBlocked │ 14       │ '13.73ms ± 1.01ms' │ 1338      │ 1339         │ 11998       │ '2.225'         │ '∅ H+1 G+2 E-2 I-2 D-2 H+1 D-1 I+1 C-1 J+1 P+4' │
└─────────────────────────────────┴──────────┴────────────────────┴───────────┴──────────────┴─────────────┴─────────────────┴─────────────────────────────────────────────────┘
┌─────────────────────────────────┬──────────┬────────────────────┬───────────┬──────────────┬─────────────┬─────────────────┬─────────────────────────────────────────────────┐
│ (index)                         │ runCount │ duration           │ tickCount │ visitedNodes │ searchCount │ branchingFactor │ solutionSteps                                   │
├─────────────────────────────────┼──────────┼────────────────────┼───────────┼──────────────┼─────────────┼─────────────────┼─────────────────────────────────────────────────┤
│          A* CarBlockedRecursive │ 10       │ '19.01ms ± 5.59ms' │ 740       │ 741          │ 6407        │ '2.091'         │ '∅ H+1 G+2 E-2 I-2 D-2 H+1 D-1 I+1 C-1 J+1 P+4' │
└─────────────────────────────────┴──────────┴────────────────────┴───────────┴──────────────┴─────────────┴─────────────────┴─────────────────────────────────────────────────┘
┌─────────────────────────────────┬──────────┬─────────────────────┬───────────┬──────────────┬─────────────┬───────────────────────────────────┐
│ (index)                         │ runCount │ duration            │ tickCount │ visitedNodes │ searchCount │ errorMessage                      │
├─────────────────────────────────┼──────────┼─────────────────────┼───────────┼──────────────┼─────────────┼───────────────────────────────────┤
│                IDA* CarDistance │ 1        │ '217.80ms ± 0.00ms' │ 8         │ 0            │ 168444      │ 'Timed out, ticked too many/long' │
└─────────────────────────────────┴──────────┴─────────────────────┴───────────┴──────────────┴─────────────┴───────────────────────────────────┘
┌─────────────────────────────────┬──────────┬─────────────────────┬───────────┬──────────────┬─────────────┬───────────────────────────────────┐
│ (index)                         │ runCount │ duration            │ tickCount │ visitedNodes │ searchCount │ errorMessage                      │
├─────────────────────────────────┼──────────┼─────────────────────┼───────────┼──────────────┼─────────────┼───────────────────────────────────┤
│                 IDA* CarBlocked │ 1        │ '265.92ms ± 0.00ms' │ 8         │ 0            │ 258248      │ 'Timed out, ticked too many/long' │
└─────────────────────────────────┴──────────┴─────────────────────┴───────────┴──────────────┴─────────────┴───────────────────────────────────┘
┌─────────────────────────────────┬─────────────┐
│ (index)                         │ status      │
├─────────────────────────────────┼─────────────┤
│        IDA* CarBlockedRecursive │ 'Timed out' │
└─────────────────────────────────┴─────────────┘
┌─────────────────────────────────┬──────────┬─────────────────────┬───────────┬──────────────┬─────────────┬─────────────────┬─────────────────────────────────────────────────────────────────────────────┐
│ (index)                         │ runCount │ duration            │ tickCount │ visitedNodes │ searchCount │ branchingFactor │ solutionSteps                                                               │
├─────────────────────────────────┼──────────┼─────────────────────┼───────────┼──────────────┼─────────────┼─────────────────┼─────────────────────────────────────────────────────────────────────────────┤
│         IDA* Approx CarDistance │ 3        │ '65.09ms ± 20.51ms' │ 14        │ 1714         │ 63061       │ '1.764'         │ '∅ H+1 G+1 G+1 E-1 E-1 I-1 I-1 D-1 D-1 H+1 D-1 I+1 P+1 P+1 P+1 C-1 J+1 P+1' │
└─────────────────────────────────┴──────────┴─────────────────────┴───────────┴──────────────┴─────────────┴─────────────────┴─────────────────────────────────────────────────────────────────────────────┘
┌─────────────────────────────────┬──────────┬────────────────────┬───────────┬──────────────┬─────────────┬─────────────────┬─────────────────────────────────────────────────────────────────────────────┐
│ (index)                         │ runCount │ duration           │ tickCount │ visitedNodes │ searchCount │ branchingFactor │ solutionSteps                                                               │
├─────────────────────────────────┼──────────┼────────────────────┼───────────┼──────────────┼─────────────┼─────────────────┼─────────────────────────────────────────────────────────────────────────────┤
│          IDA* Approx CarBlocked │ 2        │ '92.74ms ± 7.95ms' │ 15        │ 2170         │ 97649       │ '1.811'         │ '∅ H+1 G+1 G+1 E-1 E-1 I-1 I-1 D-1 D-1 H+1 D-1 I+1 P+1 P+1 P+1 C-1 J+1 P+1' │
└─────────────────────────────────┴──────────┴────────────────────┴───────────┴──────────────┴─────────────┴─────────────────┴─────────────────────────────────────────────────────────────────────────────┘
┌─────────────────────────────────┬──────────┬─────────────────────┬───────────┬──────────────┬─────────────┬─────────────────┬─────────────────────────────────────────────────────────────────────────────┐
│ (index)                         │ runCount │ duration            │ tickCount │ visitedNodes │ searchCount │ branchingFactor │ solutionSteps                                                               │
├─────────────────────────────────┼──────────┼─────────────────────┼───────────┼──────────────┼─────────────┼─────────────────┼─────────────────────────────────────────────────────────────────────────────┤
│ IDA* Approx CarBlockedRecursive │ 1        │ '189.32ms ± 0.00ms' │ 14        │ 1519         │ 57996       │ '1.755'         │ '∅ H+1 G+1 G+1 E-1 E-1 I-1 I-1 D-1 D-1 H+1 D-1 I+1 P+1 P+1 P+1 C-1 J+1 P+1' │
└─────────────────────────────────┴──────────┴─────────────────────┴───────────┴──────────────┴─────────────┴─────────────────┴─────────────────────────────────────────────────────────────────────────────┘
=====================================
cases\Jam-21.txt
6 6
6
BBFE.. 
G.FE.. 
GPPE..K
GCCC.. 
...... 
...DDD 

┌─────────────────────────────────┬──────────┬───────────────────┬───────────┬──────────────┬─────────────┬─────────────────┬─────────────────────────────────────────────────────────────────────────────────────────┐
│ (index)                         │ runCount │ duration          │ tickCount │ visitedNodes │ searchCount │ branchingFactor │ solutionSteps                                                                           │
├─────────────────────────────────┼──────────┼───────────────────┼───────────┼──────────────┼─────────────┼─────────────────┼─────────────────────────────────────────────────────────────────────────────────────────┤
│                             UCS │ 20       │ '1.63ms ± 0.82ms' │ 258       │ 263          │ 1683        │ '1.334'         │ '∅ G+2 P-1 C+2 F+4 B+1 P+1 G-3 C-3 E+1 B+3 E-1 C+3 G+3 P-1 F-4 P+1 G-3 C-3 D-3 E+3 P+3' │
└─────────────────────────────────┴──────────┴───────────────────┴───────────┴──────────────┴─────────────┴─────────────────┴─────────────────────────────────────────────────────────────────────────────────────────┘
┌─────────────────────────────────┬──────────┬───────────────────┬───────────┬──────────────┬─────────────┬─────────────────┬─────────────────────────────────────────────────────────────────────────────────────────────────────────────────────────────────────────────────────────────────────────────────────────────────────────┐
│ (index)                         │ runCount │ duration          │ tickCount │ visitedNodes │ searchCount │ branchingFactor │ solutionSteps                                                                                                                                                                                           │
├─────────────────────────────────┼──────────┼───────────────────┼───────────┼──────────────┼─────────────┼─────────────────┼─────────────────────────────────────────────────────────────────────────────────────────────────────────────────────────────────────────────────────────────────────────────────────────────────────────┤
│                GBFS CarDistance │ 20       │ '1.50ms ± 1.29ms' │ 186       │ 187          │ 1192        │ '1.101'         │ '∅ G+2 P-1 F+1 B+1 C+2 F+3 P+1 F-1 D-2 G-3 D-1 G+2 D+2 G-1 B-1 D-1 G+1 D+2 F+1 C-2 G-1 C+1 B+1 G-1 C-2 E+2 B+3 E-2 C+3 G+3 P-1 F-4 P+1 D-2 C-2 D+1 C+1 G-3 D-2 C-2 D+3 E+2 D-2 E-1 D+1 B-1 D-2 E+2 P+3' │
└─────────────────────────────────┴──────────┴───────────────────┴───────────┴──────────────┴─────────────┴─────────────────┴─────────────────────────────────────────────────────────────────────────────────────────────────────────────────────────────────────────────────────────────────────────────────────────────────────────┘
┌─────────────────────────────────┬──────────┬───────────────────┬───────────┬──────────────┬─────────────┬─────────────────┬─────────────────────────────────────────────────────────────────────────────────────────────────────────────────────────────────────────────────────────────────────────────────────────────────────────────────────────────────────────────────────────┐
│ (index)                         │ runCount │ duration          │ tickCount │ visitedNodes │ searchCount │ branchingFactor │ solutionSteps                                                                                                                                                                                                                                           │
├─────────────────────────────────┼──────────┼───────────────────┼───────────┼──────────────┼─────────────┼─────────────────┼─────────────────────────────────────────────────────────────────────────────────────────────────────────────────────────────────────────────────────────────────────────────────────────────────────────────────────────────────────────────────────────┤
│                 GBFS CarBlocked │ 20       │ '0.71ms ± 0.12ms' │ 62        │ 63           │ 407         │ '1.051'         │ '∅ D-3 C+2 D+2 C-1 D-1 G+2 D+2 C+1 G-1 D-2 C-2 D+1 G+1 P-1 D-1 C+2 F+3 D+2 F+1 C-2 P+1 C+1 G-2 C+1 F-1 D-3 G+1 D+2 G+1 B+1 D-1 G-3 D+2 F+1 C-3 E+2 B+3 E-2 C+3 F-1 D-3 G+2 D+2 G-1 D-1 G+2 P-1 D+2 F-3 D-1 C-2 D-1 C+1 P+1 D+2 C-1 G-3 D-3 C-1 E+3 P+3' │
└─────────────────────────────────┴──────────┴───────────────────┴───────────┴──────────────┴─────────────┴─────────────────┴─────────────────────────────────────────────────────────────────────────────────────────────────────────────────────────────────────────────────────────────────────────────────────────────────────────────────────────────────────────────────────────┘
┌─────────────────────────────────┬──────────┬───────────────────┬───────────┬──────────────┬─────────────┬─────────────────┬─────────────────────────────────────────────────────────────────────────────────────────────────────────────────────────────────────────────────────────────────────────────────┐
│ (index)                         │ runCount │ duration          │ tickCount │ visitedNodes │ searchCount │ branchingFactor │ solutionSteps                                                                                                                                                                   │
├─────────────────────────────────┼──────────┼───────────────────┼───────────┼──────────────┼─────────────┼─────────────────┼─────────────────────────────────────────────────────────────────────────────────────────────────────────────────────────────────────────────────────────────────────────────────┤
│        GBFS CarBlockedRecursive │ 20       │ '4.14ms ± 3.36ms' │ 145       │ 146          │ 905         │ '1.111'         │ '∅ D-3 G+1 D+2 G+1 D-1 C+2 D+2 P-1 D-1 F+3 D-1 B+1 P+1 D+2 F+1 C-2 G-3 C-1 E+2 B+3 E-2 C+3 F-1 D-3 G+2 D+2 G-1 D-1 G+2 P-1 D+1 F-3 D+1 C-2 D-2 C+1 P+1 D+2 G-3 D-3 C-2 E+3 P+3' │
└─────────────────────────────────┴──────────┴───────────────────┴───────────┴──────────────┴─────────────┴─────────────────┴─────────────────────────────────────────────────────────────────────────────────────────────────────────────────────────────────────────────────────────────────────────────────┘
┌─────────────────────────────────┬──────────┬───────────────────┬───────────┬──────────────┬─────────────┬─────────────────┬─────────────────────────────────────────────────────────────────────────────────────────────┐
│ (index)                         │ runCount │ duration          │ tickCount │ visitedNodes │ searchCount │ branchingFactor │ solutionSteps                                                                               │
├─────────────────────────────────┼──────────┼───────────────────┼───────────┼──────────────┼─────────────┼─────────────────┼─────────────────────────────────────────────────────────────────────────────────────────────┤
│                  A* CarDistance │ 20       │ '1.65ms ± 0.27ms' │ 254       │ 255          │ 1662        │ '1.313'         │ '∅ C+2 G+2 P-1 F+3 P+1 B+1 F+1 G-3 C-3 E+1 B+3 E-1 C+3 G+3 P-1 F-4 P+1 G-3 D-3 C-3 E+3 P+3' │
└─────────────────────────────────┴──────────┴───────────────────┴───────────┴──────────────┴─────────────┴─────────────────┴─────────────────────────────────────────────────────────────────────────────────────────────┘
┌─────────────────────────────────┬──────────┬───────────────────┬───────────┬──────────────┬─────────────┬─────────────────┬─────────────────────────────────────────────────────────────────────────────────────────────────┐
│ (index)                         │ runCount │ duration          │ tickCount │ visitedNodes │ searchCount │ branchingFactor │ solutionSteps                                                                                   │
├─────────────────────────────────┼──────────┼───────────────────┼───────────┼──────────────┼─────────────┼─────────────────┼─────────────────────────────────────────────────────────────────────────────────────────────────┤
│                   A* CarBlocked │ 20       │ '1.29ms ± 0.11ms' │ 259       │ 260          │ 1687        │ '1.296'         │ '∅ G+2 P-1 F+1 B+1 C+2 F+3 P+1 G-3 C-3 E+1 B+3 E-1 C+1 G+3 P-1 C+2 F-4 P+1 G-3 C-3 D-3 E+3 P+3' │
└─────────────────────────────────┴──────────┴───────────────────┴───────────┴──────────────┴─────────────┴─────────────────┴─────────────────────────────────────────────────────────────────────────────────────────────────┘
┌─────────────────────────────────┬──────────┬───────────────────┬───────────┬──────────────┬─────────────┬─────────────────┬─────────────────────────────────────────────────────────────────────────────────────────────────┐
│ (index)                         │ runCount │ duration          │ tickCount │ visitedNodes │ searchCount │ branchingFactor │ solutionSteps                                                                                   │
├─────────────────────────────────┼──────────┼───────────────────┼───────────┼──────────────┼─────────────┼─────────────────┼─────────────────────────────────────────────────────────────────────────────────────────────────┤
│          A* CarBlockedRecursive │ 20       │ '2.89ms ± 0.36ms' │ 259       │ 260          │ 1687        │ '1.296'         │ '∅ G+2 P-1 C+2 F+3 P+1 F+1 B+1 G-3 C-3 E+1 B+3 E-1 C+1 G+3 P-1 C+2 F-4 P+1 G-3 D-3 C-3 E+3 P+3' │
└─────────────────────────────────┴──────────┴───────────────────┴───────────┴──────────────┴─────────────┴─────────────────┴─────────────────────────────────────────────────────────────────────────────────────────────────┘
┌─────────────────────────────────┬──────────┬─────────────────────┬───────────┬──────────────┬─────────────┬───────────────────────────────────┐
│ (index)                         │ runCount │ duration            │ tickCount │ visitedNodes │ searchCount │ errorMessage                      │
├─────────────────────────────────┼──────────┼─────────────────────┼───────────┼──────────────┼─────────────┼───────────────────────────────────┤
│                IDA* CarDistance │ 1        │ '384.28ms ± 0.00ms' │ 9         │ 0            │ 467912      │ 'Timed out, ticked too many/long' │
└─────────────────────────────────┴──────────┴─────────────────────┴───────────┴──────────────┴─────────────┴───────────────────────────────────┘
┌─────────────────────────────────┬──────────┬─────────────────────┬───────────┬──────────────┬─────────────┬───────────────────────────────────┐
│ (index)                         │ runCount │ duration            │ tickCount │ visitedNodes │ searchCount │ errorMessage                      │
├─────────────────────────────────┼──────────┼─────────────────────┼───────────┼──────────────┼─────────────┼───────────────────────────────────┤
│                 IDA* CarBlocked │ 1        │ '434.22ms ± 0.00ms' │ 9         │ 0            │ 534276      │ 'Timed out, ticked too many/long' │
└─────────────────────────────────┴──────────┴─────────────────────┴───────────┴──────────────┴─────────────┴───────────────────────────────────┘
┌─────────────────────────────────┬──────────┬─────────────────────┬───────────┬──────────────┬─────────────┬───────────────────────────────────┐
│ (index)                         │ runCount │ duration            │ tickCount │ visitedNodes │ searchCount │ errorMessage                      │
├─────────────────────────────────┼──────────┼─────────────────────┼───────────┼──────────────┼─────────────┼───────────────────────────────────┤
│        IDA* CarBlockedRecursive │ 1        │ '325.40ms ± 0.00ms' │ 8         │ 0            │ 194792      │ 'Timed out, ticked too many/long' │
└─────────────────────────────────┴──────────┴─────────────────────┴───────────┴──────────────┴─────────────┴───────────────────────────────────┘
┌─────────────────────────────────┬──────────┬─────────────────────┬───────────┬──────────────┬─────────────┬─────────────────┬─────────────────────────────────────────────────────────────────────────────────────────────────────────────────────────────────────────────────────────────────────────────────────────────────────────┐
│ (index)                         │ runCount │ duration            │ tickCount │ visitedNodes │ searchCount │ branchingFactor │ solutionSteps                                                                                                                                                                                           │
├─────────────────────────────────┼──────────┼─────────────────────┼───────────┼──────────────┼─────────────┼─────────────────┼─────────────────────────────────────────────────────────────────────────────────────────────────────────────────────────────────────────────────────────────────────────────────────────────────────────┤
│         IDA* Approx CarDistance │ 1        │ '200.47ms ± 0.00ms' │ 46        │ 262          │ 306731      │ '1.253'         │ '∅ G+1 G+1 P-1 F+1 B+1 C+1 C+1 F+1 F+1 P+1 G-1 G-1 G-1 F+1 C-1 C-1 C-1 E+1 B+1 B+1 B+1 E-1 C+1 G+1 G+1 G+1 P-1 C+1 C+1 F-1 F-1 F-1 F-1 P+1 G-1 G-1 G-1 C-1 C-1 C-1 E+1 E+1 D-1 D-1 D-1 E+1 P+1 P+1 P+1' │
└─────────────────────────────────┴──────────┴─────────────────────┴───────────┴──────────────┴─────────────┴─────────────────┴─────────────────────────────────────────────────────────────────────────────────────────────────────────────────────────────────────────────────────────────────────────────────────────────────────────┘
┌─────────────────────────────────┬──────────┬─────────────────────┬───────────┬──────────────┬─────────────┬───────────────────────────────────┐
│ (index)                         │ runCount │ duration            │ tickCount │ visitedNodes │ searchCount │ errorMessage                      │
├─────────────────────────────────┼──────────┼─────────────────────┼───────────┼──────────────┼─────────────┼───────────────────────────────────┤
│          IDA* Approx CarBlocked │ 1        │ '200.71ms ± 0.00ms' │ 46        │ 259          │ 291861      │ 'Timed out, ticked too many/long' │
└─────────────────────────────────┴──────────┴─────────────────────┴───────────┴──────────────┴─────────────┴───────────────────────────────────┘
┌─────────────────────────────────┬──────────┬─────────────────────┬───────────┬──────────────┬─────────────┬───────────────────────────────────┐
│ (index)                         │ runCount │ duration            │ tickCount │ visitedNodes │ searchCount │ errorMessage                      │
├─────────────────────────────────┼──────────┼─────────────────────┼───────────┼──────────────┼─────────────┼───────────────────────────────────┤
│ IDA* Approx CarBlockedRecursive │ 1        │ '204.15ms ± 0.00ms' │ 32        │ 174          │ 111555      │ 'Timed out, ticked too many/long' │
└─────────────────────────────────┴──────────┴─────────────────────┴───────────┴──────────────┴─────────────┴───────────────────────────────────┘
=====================================
cases\Jam-22.txt
6 6
11
..BFFF 
G.BLHH 
GPPL..K
.E.LII 
DEJJ.M 
DCCC.M 

┌─────────────────────────────────┬──────────┬────────────────────┬───────────┬──────────────┬─────────────┬─────────────────┬─────────────────────────────────────────────────────────────────────────────────────────────────────────────┐
│ (index)                         │ runCount │ duration           │ tickCount │ visitedNodes │ searchCount │ branchingFactor │ solutionSteps                                                                                               │
├─────────────────────────────────┼──────────┼────────────────────┼───────────┼──────────────┼─────────────┼─────────────────┼─────────────────────────────────────────────────────────────────────────────────────────────────────────────┤
│                             UCS │ 7        │ '26.70ms ± 0.93ms' │ 3602      │ 4139         │ 32717       │ '1.424'         │ '∅ G-1 P-1 D-1 J+1 B+3 P+1 G+1 F-3 L-1 I-1 M-2 J+1 C+2 E+1 B+1 I-2 L+2 H-3 L-2 M-2 I+3 E-1 B-1 C-3 L+3 P+3' │
└─────────────────────────────────┴──────────┴────────────────────┴───────────┴──────────────┴─────────────┴─────────────────┴─────────────────────────────────────────────────────────────────────────────────────────────────────────────┘
┌─────────────────────────────────┬──────────┬───────────────────┬───────────┬──────────────┬─────────────┬─────────────────┬─────────────────────────────────────────────────────────────────────────────────────────────────────────────────────────────────────────────────────────────────────────────────────────────────────────────────────────────────────────────────────────────────────────────────────────────────────────────────────────────────────────────────────────────────────────────────────────────────────────────────────────────────────────────────────────────────────────────────────────────────────────────────────────────────────────────────────────────────────────────────────────────────────────────────────────────────────────────────────────────────────────────────────────────────────────────────────────────────────────────────────────────────────────────────────────────────────────────────────────────────────────────────────────────────────────────┐
│ (index)                         │ runCount │ duration          │ tickCount │ visitedNodes │ searchCount │ branchingFactor │ solutionSteps                                                                                                                                                                                                                                                                                                                                                                                                                                                                                                                                                                                                                                                                                                                                                                                                                                                               │
├─────────────────────────────────┼──────────┼───────────────────┼───────────┼──────────────┼─────────────┼─────────────────┼─────────────────────────────────────────────────────────────────────────────────────────────────────────────────────────────────────────────────────────────────────────────────────────────────────────────────────────────────────────────────────────────────────────────────────────────────────────────────────────────────────────────────────────────────────────────────────────────────────────────────────────────────────────────────────────────────────────────────────────────────────────────────────────────────────────────────────────────────────────────────────────────────────────────────────────────────────────────────────────────────────────────────────────────────────────────────────────────────────────────────────────────────────────────────────────────────────────────────────────────────────────────────────────────────────────────┤
│                GBFS CarDistance │ 20       │ '1.66ms ± 0.26ms' │ 247       │ 248          │ 1966        │ '1.017'         │ '∅ C+1 J+1 D-1 C-2 G-1 P-1 B+3 P+1 C+2 E+1 D-1 F-2 E-1 C-2 F+1 C+1 D+2 C+1 E+1 G+2 F-2 E-1 C-1 G-1 D-1 C-1 L-1 C+2 I-1 C-1 M-2 C-1 J+1 C+3 B+1 J-1 I-1 E+1 J+1 I-1 D+1 J-1 I-1 B-1 C-1 J+1 L+2 C+1 B+1 L-1 F+3 J-1 B-1 C-1 J+1 G-1 C+1 L+1 B+1 I+1 D-2 L-1 J-1 M+1 D+2 I-1 B-1 C-1 M+1 F-2 M-2 C+1 B+1 J+1 I+1 D-1 J-1 M+1 F+1 G+1 M-1 J+1 D+1 L+1 H-3 D-1 M-2 L-1 J-1 D+1 I-1 J+1 B-1 C-1 J-1 G-1 C+1 M+3 B+1 M-2 J+1 B-1 C-1 M+1 L+1 C+1 B+1 M-2 I+1 D-2 L-1 J-1 M+3 D+1 M-2 J+1 M+1 D+1 J-1 F-1 D-2 J+1 M-1 D+2 M-1 D-1 L+1 H+2 D-1 H-1 D+2 I-1 B-1 C-1 H-1 L-1 C+1 M+2 J-1 C-1 M-1 F+2 C+1 G+1 J+1 C-1 M+1 J-1 M+2 F-3 M-3 L-1 C+1 J+1 B+1 I+4 J-1 B-1 C-1 J+1 E-1 C-1 J-1 D-1 C-1 J+1 C+3 I-1 C-2 M-1 C-1 J-1 C+3 I+1 C-1 J+1 E+1 C+1 I-1 B+1 J-1 I-2 D+1 J+1 I+1 E-1 J-1 D-1 M+3 I+1 M-2 I+1 L+1 J+1 E+1 B-1 C-1 J-1 E-1 D+1 C+1 J+1 M-1 C-2 J-1 D-1 C-1 J+1 L+2 P+3' │
└─────────────────────────────────┴──────────┴───────────────────┴───────────┴──────────────┴─────────────┴─────────────────┴─────────────────────────────────────────────────────────────────────────────────────────────────────────────────────────────────────────────────────────────────────────────────────────────────────────────────────────────────────────────────────────────────────────────────────────────────────────────────────────────────────────────────────────────────────────────────────────────────────────────────────────────────────────────────────────────────────────────────────────────────────────────────────────────────────────────────────────────────────────────────────────────────────────────────────────────────────────────────────────────────────────────────────────────────────────────────────────────────────────────────────────────────────────────────────────────────────────────────────────────────────────────────────────────────────────────┘
┌─────────────────────────────────┬──────────┬───────────────────┬───────────┬──────────────┬─────────────┬─────────────────┬─────────────────────────────────────────────────────────────────────────────────────────────────────────────────────────────────────────────────────────────────────────────────────────────────────────────────────────────────────────────────────────────────────────────────────────────────────────┐
│ (index)                         │ runCount │ duration          │ tickCount │ visitedNodes │ searchCount │ branchingFactor │ solutionSteps                                                                                                                                                                                                                                                                                           │
├─────────────────────────────────┼──────────┼───────────────────┼───────────┼──────────────┼─────────────┼─────────────────┼─────────────────────────────────────────────────────────────────────────────────────────────────────────────────────────────────────────────────────────────────────────────────────────────────────────────────────────────────────────────────────────────────────────────────────────────────────────┤
│                 GBFS CarBlocked │ 20       │ '3.28ms ± 0.40ms' │ 483       │ 484          │ 3429        │ '1.079'         │ '∅ C+1 J+1 D-1 C-2 G-1 P-1 B+3 C+2 E+1 D+1 P+1 E-1 C-1 D-2 C-1 F-2 C+2 E+1 D+1 F+1 E-1 C-2 G+1 C+1 D+1 C+1 E+1 G+1 F-2 E-1 C-1 L-1 I-1 C+1 M-1 C+1 B+1 I-1 E+1 I-1 L+1 F+3 G-1 M-1 J+1 D-1 L+1 H-3 D+1 I-1 B-1 C-1 M-1 L-1 C+1 J-1 M+2 F-3 L-1 B+1 M-3 I+4 J+1 B-1 C-1 J-1 E-1 C-1 J+1 D-1 C-1 L+3 P+3' │
└─────────────────────────────────┴──────────┴───────────────────┴───────────┴──────────────┴─────────────┴─────────────────┴─────────────────────────────────────────────────────────────────────────────────────────────────────────────────────────────────────────────────────────────────────────────────────────────────────────────────────────────────────────────────────────────────────────────────────────────────────────┘
┌─────────────────────────────────┬──────────┬────────────────────┬───────────┬──────────────┬─────────────┬─────────────────┬─────────────────────────────────────────────────────────────────────────────────────────────────────────────────────────────────────────────────────────────────────────────────────────────────────────────────────────────────────────────────────────────────────────────────────────────────────────────────────────────────────────────────────────────────────────────────────────────────────────────────┐
│ (index)                         │ runCount │ duration           │ tickCount │ visitedNodes │ searchCount │ branchingFactor │ solutionSteps                                                                                                                                                                                                                                                                                                                                                                                                   │
├─────────────────────────────────┼──────────┼────────────────────┼───────────┼──────────────┼─────────────┼─────────────────┼─────────────────────────────────────────────────────────────────────────────────────────────────────────────────────────────────────────────────────────────────────────────────────────────────────────────────────────────────────────────────────────────────────────────────────────────────────────────────────────────────────────────────────────────────────────────────────────────────────────────────┤
│        GBFS CarBlockedRecursive │ 15       │ '12.91ms ± 1.22ms' │ 578       │ 579          │ 4173        │ '1.056'         │ '∅ C+1 J+1 D-1 C-2 J-1 G-1 P-1 J+1 B+3 F-2 P+1 G+1 F-1 L-1 I-1 M-1 C+3 D+1 E+1 B+1 I-3 B-1 L+1 F+3 B+1 I+1 D-1 G-1 D-1 F-2 D+2 I-1 B-1 F+1 P-1 B+1 F+1 B-4 P+1 M-1 J+1 C-1 I+1 D-2 C+1 D+1 L+1 C-1 H-1 M-1 C+1 D-1 M+1 D+2 I-1 C-1 M-1 P-1 C+1 B+3 M+1 C-1 H-2 M-1 H+1 F-2 M-1 C+1 H-1 L-1 C-1 F+1 L+1 H+2 C+1 P+1 F-1 B+1 I+1 D-2 H-2 D+1 H+1 G+1 D+1 H-1 L-1 D-1 F-1 L-1 D+1 I+3 B-1 C-1 D-1 E-1 C-2 L+3 P+3' │
└─────────────────────────────────┴──────────┴────────────────────┴───────────┴──────────────┴─────────────┴─────────────────┴─────────────────────────────────────────────────────────────────────────────────────────────────────────────────────────────────────────────────────────────────────────────────────────────────────────────────────────────────────────────────────────────────────────────────────────────────────────────────────────────────────────────────────────────────────────────────────────────────────────────────┘
┌─────────────────────────────────┬──────────┬────────────────────┬───────────┬──────────────┬─────────────┬─────────────────┬─────────────────────────────────────────────────────────────────────────────────────────────────────────────────────────┐
│ (index)                         │ runCount │ duration           │ tickCount │ visitedNodes │ searchCount │ branchingFactor │ solutionSteps                                                                                                           │
├─────────────────────────────────┼──────────┼────────────────────┼───────────┼──────────────┼─────────────┼─────────────────┼─────────────────────────────────────────────────────────────────────────────────────────────────────────────────────────┤
│                  A* CarDistance │ 5        │ '35.21ms ± 1.87ms' │ 4014      │ 4015         │ 36898       │ '1.374'         │ '∅ G-1 J+1 P-1 B+3 P+1 G+1 F-3 L-1 I-1 M-2 J+1 C+2 E+1 B+1 I-2 L+2 H-3 L-2 I+1 E-1 I+1 M-1 B-1 I+1 D-1 M-1 C-3 L+3 P+3' │
└─────────────────────────────────┴──────────┴────────────────────┴───────────┴──────────────┴─────────────┴─────────────────┴─────────────────────────────────────────────────────────────────────────────────────────────────────────────────────────┘
┌─────────────────────────────────┬──────────┬────────────────────┬───────────┬──────────────┬─────────────┬─────────────────┬─────────────────────────────────────────────────────────────────────────────────────────────────────────────────────────┐
│ (index)                         │ runCount │ duration           │ tickCount │ visitedNodes │ searchCount │ branchingFactor │ solutionSteps                                                                                                           │
├─────────────────────────────────┼──────────┼────────────────────┼───────────┼──────────────┼─────────────┼─────────────────┼─────────────────────────────────────────────────────────────────────────────────────────────────────────────────────────┤
│                   A* CarBlocked │ 4        │ '43.26ms ± 1.13ms' │ 4482      │ 4483         │ 41529       │ '1.380'         │ '∅ G-1 J+1 P-1 B+3 P+1 G+1 F-3 L-1 I-1 M-1 C+2 B+1 M-1 J+1 E+1 I-2 L+2 H-1 M-2 H-2 L-2 I+2 B-1 I+1 E-1 D-1 C-3 L+3 P+3' │
└─────────────────────────────────┴──────────┴────────────────────┴───────────┴──────────────┴─────────────┴─────────────────┴─────────────────────────────────────────────────────────────────────────────────────────────────────────────────────────┘
┌─────────────────────────────────┬──────────┬──────────────────────┬───────────┬──────────────┬─────────────┬─────────────────┬─────────────────────────────────────────────────────────────────────────────────────────────────────────────────┐
│ (index)                         │ runCount │ duration             │ tickCount │ visitedNodes │ searchCount │ branchingFactor │ solutionSteps                                                                                                   │
├─────────────────────────────────┼──────────┼──────────────────────┼───────────┼──────────────┼─────────────┼─────────────────┼─────────────────────────────────────────────────────────────────────────────────────────────────────────────────┤
│          A* CarBlockedRecursive │ 4        │ '114.66ms ± 17.95ms' │ 3825      │ 3826         │ 35037       │ '1.407'         │ '∅ G-1 J+1 P-1 B+3 P+1 G+1 F-3 L-1 I-1 M-2 J+1 C+2 B+1 E+1 I-2 L+2 H-3 L-2 I+2 B-1 M-2 I+1 E-1 D-1 C-3 L+3 P+3' │
└─────────────────────────────────┴──────────┴──────────────────────┴───────────┴──────────────┴─────────────┴─────────────────┴─────────────────────────────────────────────────────────────────────────────────────────────────────────────────┘
┌─────────────────────────────────┬──────────┬─────────────────────┬───────────┬──────────────┬─────────────┬───────────────────────────────────┐
│ (index)                         │ runCount │ duration            │ tickCount │ visitedNodes │ searchCount │ errorMessage                      │
├─────────────────────────────────┼──────────┼─────────────────────┼───────────┼──────────────┼─────────────┼───────────────────────────────────┤
│                IDA* CarDistance │ 1        │ '511.94ms ± 0.00ms' │ 9         │ 0            │ 674388      │ 'Timed out, ticked too many/long' │
└─────────────────────────────────┴──────────┴─────────────────────┴───────────┴──────────────┴─────────────┴───────────────────────────────────┘
┌─────────────────────────────────┬──────────┬─────────────────────┬───────────┬──────────────┬─────────────┬───────────────────────────────────┐
│ (index)                         │ runCount │ duration            │ tickCount │ visitedNodes │ searchCount │ errorMessage                      │
├─────────────────────────────────┼──────────┼─────────────────────┼───────────┼──────────────┼─────────────┼───────────────────────────────────┤
│                 IDA* CarBlocked │ 1        │ '254.40ms ± 0.00ms' │ 8         │ 0            │ 221572      │ 'Timed out, ticked too many/long' │
└─────────────────────────────────┴──────────┴─────────────────────┴───────────┴──────────────┴─────────────┴───────────────────────────────────┘
┌─────────────────────────────────┬──────────┬─────────────────────┬───────────┬──────────────┬─────────────┬───────────────────────────────────┐
│ (index)                         │ runCount │ duration            │ tickCount │ visitedNodes │ searchCount │ errorMessage                      │
├─────────────────────────────────┼──────────┼─────────────────────┼───────────┼──────────────┼─────────────┼───────────────────────────────────┤
│        IDA* CarBlockedRecursive │ 1        │ '208.14ms ± 0.00ms' │ 7         │ 0            │ 70561       │ 'Timed out, ticked too many/long' │
└─────────────────────────────────┴──────────┴─────────────────────┴───────────┴──────────────┴─────────────┴───────────────────────────────────┘
┌─────────────────────────────────┬──────────┬─────────────────────┬───────────┬──────────────┬─────────────┬───────────────────────────────────┐
│ (index)                         │ runCount │ duration            │ tickCount │ visitedNodes │ searchCount │ errorMessage                      │
├─────────────────────────────────┼──────────┼─────────────────────┼───────────┼──────────────┼─────────────┼───────────────────────────────────┤
│         IDA* Approx CarDistance │ 1        │ '217.05ms ± 0.00ms' │ 29        │ 815          │ 225626      │ 'Timed out, ticked too many/long' │
└─────────────────────────────────┴──────────┴─────────────────────┴───────────┴──────────────┴─────────────┴───────────────────────────────────┘
┌─────────────────────────────────┬──────────┬─────────────────────┬───────────┬──────────────┬─────────────┬───────────────────────────────────┐
│ (index)                         │ runCount │ duration            │ tickCount │ visitedNodes │ searchCount │ errorMessage                      │
├─────────────────────────────────┼──────────┼─────────────────────┼───────────┼──────────────┼─────────────┼───────────────────────────────────┤
│          IDA* Approx CarBlocked │ 1        │ '229.93ms ± 0.00ms' │ 33        │ 1496         │ 347744      │ 'Timed out, ticked too many/long' │
└─────────────────────────────────┴──────────┴─────────────────────┴───────────┴──────────────┴─────────────┴───────────────────────────────────┘
┌─────────────────────────────────┬──────────┬─────────────────────┬───────────┬──────────────┬─────────────┬───────────────────────────────────┐
│ (index)                         │ runCount │ duration            │ tickCount │ visitedNodes │ searchCount │ errorMessage                      │
├─────────────────────────────────┼──────────┼─────────────────────┼───────────┼──────────────┼─────────────┼───────────────────────────────────┤
│ IDA* Approx CarBlockedRecursive │ 1        │ '209.53ms ± 0.00ms' │ 20        │ 335          │ 75303       │ 'Timed out, ticked too many/long' │
└─────────────────────────────────┴──────────┴─────────────────────┴───────────┴──────────────┴─────────────┴───────────────────────────────────┘
=====================================
cases\Jam-23.txt
6 6
9
..FFFJ 
..BGGJ 
..BPPJK
..HEII 
..HEDD 
..CCC. 

┌─────────────────────────────────┬──────────┬────────────────────┬───────────┬──────────────┬─────────────┬─────────────────┬─────────────────────────────────────────────────────────────────────────────────────────────────────────────────────────┐
│ (index)                         │ runCount │ duration           │ tickCount │ visitedNodes │ searchCount │ branchingFactor │ solutionSteps                                                                                                           │
├─────────────────────────────────┼──────────┼────────────────────┼───────────┼──────────────┼─────────────┼─────────────────┼─────────────────────────────────────────────────────────────────────────────────────────────────────────────────────────┤
│                             UCS │ 16       │ '11.91ms ± 2.34ms' │ 2306      │ 2747         │ 19552       │ '1.341'         │ '∅ C-2 E+1 I-1 J+1 F+1 B-1 P-3 B+1 F-1 J-1 I+1 E-1 C+3 H+1 B+1 G-3 B-1 E-2 I-4 J+1 F+1 B-1 H-2 D-4 E+2 H+1 C-1 J+2 P+4' │
└─────────────────────────────────┴──────────┴────────────────────┴───────────┴──────────────┴─────────────┴─────────────────┴─────────────────────────────────────────────────────────────────────────────────────────────────────────────────────────┘
┌─────────────────────────────────┬──────────┬───────────────────┬───────────┬──────────────┬─────────────┬─────────────────┬─────────────────────────────────────────────────────────────────────────────────────────────────────────────────────────────────────────────────────────────────────────────────────────────────────────────────────────────────────────────────────────────────────────────────────────────────────────────────────────────────────────────────────────────────────────────────────────────────────────────────────────────────────────────────────────────────────────────────────────────────────────────────────────────────────────────────────────────────────────────────────────────────────────────────────────────────────────────────────────────────┐
│ (index)                         │ runCount │ duration          │ tickCount │ visitedNodes │ searchCount │ branchingFactor │ solutionSteps                                                                                                                                                                                                                                                                                                                                                                                                                                                                                                                                                                                                                                                   │
├─────────────────────────────────┼──────────┼───────────────────┼───────────┼──────────────┼─────────────┼─────────────────┼─────────────────────────────────────────────────────────────────────────────────────────────────────────────────────────────────────────────────────────────────────────────────────────────────────────────────────────────────────────────────────────────────────────────────────────────────────────────────────────────────────────────────────────────────────────────────────────────────────────────────────────────────────────────────────────────────────────────────────────────────────────────────────────────────────────────────────────────────────────────────────────────────────────────────────────────────────────────────────────────────┤
│                GBFS CarDistance │ 20       │ '2.95ms ± 0.33ms' │ 511       │ 512          │ 3353        │ '1.029'         │ '∅ C-2 E+1 I-1 J+1 F+1 B-1 P-3 B+1 F-3 J-1 I+1 E-2 C+3 D-1 C-2 F+2 C-1 F-1 C+2 D+1 C-1 E+1 C-1 F+1 C+3 H+1 E-1 D-1 B+1 G-3 D+1 E-1 I-1 D-1 B-1 H-1 C-3 D+1 C+2 I+1 C-1 D-1 E+1 C-1 D+1 C+3 E+1 H+1 F-2 E-3 D-1 H-1 C-3 D+1 C+2 I-1 C-1 D-1 J+3 C-1 J-2 C+3 D+1 H+1 I-3 D-1 H-1 C-3 D+1 C+2 J-1 C-1 D-1 J+3 C+1 J-1 E+2 C-2 J-2 C+3 D+1 H+1 I+1 D-1 E-1 I-1 B+1 D+1 E-1 G+1 D-1 J+2 G-1 E+2 J-1 D+1 E+1 G+3 B-1 H-1 C-3 E-1 C+2 D-1 C-1 J-1 C-1 J+3 G+1 C+2 J-1 C-1 E-2 C-1 E+1 C+3 H+1 I+1 E+1 G-1 I-1 H-1 F+3 C-3 J-1 B-1 P+1 C+3 D+1 H+1 I+1 D-1 J+1 I-1 G+1 H-1 C-3 J+1 C+2 E-1 P-1 H-1 C-2 D-3 C+1 D+2 J-1 C-1 D-1 C+3 D-1 C-1 H+1 P+1 C-2 J+1 C+1 E+2 P+3' │
└─────────────────────────────────┴──────────┴───────────────────┴───────────┴──────────────┴─────────────┴─────────────────┴─────────────────────────────────────────────────────────────────────────────────────────────────────────────────────────────────────────────────────────────────────────────────────────────────────────────────────────────────────────────────────────────────────────────────────────────────────────────────────────────────────────────────────────────────────────────────────────────────────────────────────────────────────────────────────────────────────────────────────────────────────────────────────────────────────────────────────────────────────────────────────────────────────────────────────────────────────────────────────────────────┘
┌─────────────────────────────────┬──────────┬───────────────────┬───────────┬──────────────┬─────────────┬─────────────────┬─────────────────────────────────────────────────────────────────────────────────────────────────────────────────────────────────────────────────────────────────────────────────────────────────────────────────────────────────────────────────────────────────────────────────────────────┐
│ (index)                         │ runCount │ duration          │ tickCount │ visitedNodes │ searchCount │ branchingFactor │ solutionSteps                                                                                                                                                                                                                                                                               │
├─────────────────────────────────┼──────────┼───────────────────┼───────────┼──────────────┼─────────────┼─────────────────┼─────────────────────────────────────────────────────────────────────────────────────────────────────────────────────────────────────────────────────────────────────────────────────────────────────────────────────────────────────────────────────────────────────────────────────────────┤
│                 GBFS CarBlocked │ 20       │ '3.19ms ± 0.23ms' │ 515       │ 516          │ 3380        │ '1.083'         │ '∅ C-2 E+1 I-1 J+1 F+1 B-1 P-3 B+1 F-3 J-1 I+1 E-1 C+3 H+1 B+1 G-3 E-3 D-1 I-1 B-1 D+1 I-2 J+1 E+3 F+3 B-1 I-1 H-1 C-3 E+1 P+3 H-1 E-1 C+2 H+1 C-1 B+1 C-1 F-3 C+3 H+1 J-1 B+1 G+3 B-1 H-1 C-3 E+1 J+1 F+3 E-1 C+3 H+1 I+1 B-1 P-3 I-1 H-1 C-2 E-1 D-1 J+2 C+1 H-1 D-3 E+1 H+1 C-2 E+1 P+4' │
└─────────────────────────────────┴──────────┴───────────────────┴───────────┴──────────────┴─────────────┴─────────────────┴─────────────────────────────────────────────────────────────────────────────────────────────────────────────────────────────────────────────────────────────────────────────────────────────────────────────────────────────────────────────────────────────────────────────────────────────┘
┌─────────────────────────────────┬──────────┬───────────────────┬───────────┬──────────────┬─────────────┬─────────────────┬─────────────────────────────────────────────────────────────────────────────────────────────────────────────────────────────────────────────────────────────────────────────────────────────────────────────────────────┐
│ (index)                         │ runCount │ duration          │ tickCount │ visitedNodes │ searchCount │ branchingFactor │ solutionSteps                                                                                                                                                                                                           │
├─────────────────────────────────┼──────────┼───────────────────┼───────────┼──────────────┼─────────────┼─────────────────┼─────────────────────────────────────────────────────────────────────────────────────────────────────────────────────────────────────────────────────────────────────────────────────────────────────────────────────────┤
│        GBFS CarBlockedRecursive │ 20       │ '3.52ms ± 0.90ms' │ 207       │ 208          │ 1261        │ '1.092'         │ '∅ C+1 H+1 F-2 B+1 F+1 G-3 F+1 B-1 H-1 C-3 E+1 I-1 F-2 J+1 F+3 B-1 P-3 B+1 F-3 J-1 F+1 I+1 E-1 C+2 F-1 C-1 E-3 D-1 I-1 J+3 C+1 E+1 F+3 B-1 C-2 H-1 D-3 H+1 C+1 B+1 F-3 E-1 C+1 J-3 I+1 E+3 C-2 E+1 I-1 J+3 F+3 B-1 P+4' │
└─────────────────────────────────┴──────────┴───────────────────┴───────────┴──────────────┴─────────────┴─────────────────┴─────────────────────────────────────────────────────────────────────────────────────────────────────────────────────────────────────────────────────────────────────────────────────────────────────────────────────────┘
┌─────────────────────────────────┬──────────┬────────────────────┬───────────┬──────────────┬─────────────┬─────────────────┬─────────────────────────────────────────────────────────────────────────────────────────────────────────────────────────────┐
│ (index)                         │ runCount │ duration           │ tickCount │ visitedNodes │ searchCount │ branchingFactor │ solutionSteps                                                                                                               │
├─────────────────────────────────┼──────────┼────────────────────┼───────────┼──────────────┼─────────────┼─────────────────┼─────────────────────────────────────────────────────────────────────────────────────────────────────────────────────────────┤
│                  A* CarDistance │ 12       │ '15.67ms ± 1.59ms' │ 2069      │ 2070         │ 17181       │ '1.320'         │ '∅ C-2 E+1 I-1 J+1 F+1 B-1 P-3 B+1 F-1 J-1 I+1 E-1 C+3 H+1 B+1 G-2 E-2 I-1 J+1 G-1 F+1 B-2 I-3 H-2 D-4 H+1 C-1 J+2 E+2 P+4' │
└─────────────────────────────────┴──────────┴────────────────────┴───────────┴──────────────┴─────────────┴─────────────────┴─────────────────────────────────────────────────────────────────────────────────────────────────────────────────────────────┘
┌─────────────────────────────────┬──────────┬────────────────────┬───────────┬──────────────┬─────────────┬─────────────────┬─────────────────────────────────────────────────────────────────────────────────────────────────────────────────────────────┐
│ (index)                         │ runCount │ duration           │ tickCount │ visitedNodes │ searchCount │ branchingFactor │ solutionSteps                                                                                                               │
├─────────────────────────────────┼──────────┼────────────────────┼───────────┼──────────────┼─────────────┼─────────────────┼─────────────────────────────────────────────────────────────────────────────────────────────────────────────────────────────┤
│                   A* CarBlocked │ 10       │ '19.63ms ± 1.83ms' │ 2440      │ 2441         │ 20385       │ '1.329'         │ '∅ C-2 E+1 I-1 J+1 F+1 B-1 P-3 B+1 F-1 J-1 I+1 E-1 C+3 H+1 B+1 G-2 E-2 I-1 J+1 G-1 F+1 B-2 I-3 H-2 D-4 H+1 C-1 J+2 E+2 P+4' │
└─────────────────────────────────┴──────────┴────────────────────┴───────────┴──────────────┴─────────────┴─────────────────┴─────────────────────────────────────────────────────────────────────────────────────────────────────────────────────────────┘
┌─────────────────────────────────┬──────────┬────────────────────┬───────────┬──────────────┬─────────────┬─────────────────┬─────────────────────────────────────────────────────────────────────────────────────────────────────────────────────────────────┐
│ (index)                         │ runCount │ duration           │ tickCount │ visitedNodes │ searchCount │ branchingFactor │ solutionSteps                                                                                                                   │
├─────────────────────────────────┼──────────┼────────────────────┼───────────┼──────────────┼─────────────┼─────────────────┼─────────────────────────────────────────────────────────────────────────────────────────────────────────────────────────────────┤
│          A* CarBlockedRecursive │ 4        │ '49.49ms ± 7.39ms' │ 2165      │ 2166         │ 18095       │ '1.310'         │ '∅ C-2 E+1 I-1 J+1 F+1 B-1 P-3 B+1 F-1 J-1 I+1 E-1 C+3 H+1 B+1 G-2 E-2 I-1 D-1 J+1 F+1 G-1 B-2 I-3 H-2 D-3 H+1 C-1 J+2 E+2 P+4' │
└─────────────────────────────────┴──────────┴────────────────────┴───────────┴──────────────┴─────────────┴─────────────────┴─────────────────────────────────────────────────────────────────────────────────────────────────────────────────────────────────┘
┌─────────────────────────────────┬──────────┬─────────────────────┬───────────┬──────────────┬─────────────┬───────────────────────────────────┐
│ (index)                         │ runCount │ duration            │ tickCount │ visitedNodes │ searchCount │ errorMessage                      │
├─────────────────────────────────┼──────────┼─────────────────────┼───────────┼──────────────┼─────────────┼───────────────────────────────────┤
│                IDA* CarDistance │ 1        │ '370.72ms ± 0.00ms' │ 12        │ 0            │ 670373      │ 'Timed out, ticked too many/long' │
└─────────────────────────────────┴──────────┴─────────────────────┴───────────┴──────────────┴─────────────┴───────────────────────────────────┘
┌─────────────────────────────────┬──────────┬─────────────────────┬───────────┬──────────────┬─────────────┬───────────────────────────────────┐
│ (index)                         │ runCount │ duration            │ tickCount │ visitedNodes │ searchCount │ errorMessage                      │
├─────────────────────────────────┼──────────┼─────────────────────┼───────────┼──────────────┼─────────────┼───────────────────────────────────┤
│                 IDA* CarBlocked │ 1        │ '224.50ms ± 0.00ms' │ 11        │ 0            │ 281270      │ 'Timed out, ticked too many/long' │
└─────────────────────────────────┴──────────┴─────────────────────┴───────────┴──────────────┴─────────────┴───────────────────────────────────┘
┌─────────────────────────────────┬──────────┬─────────────────────┬───────────┬──────────────┬─────────────┬───────────────────────────────────┐
│ (index)                         │ runCount │ duration            │ tickCount │ visitedNodes │ searchCount │ errorMessage                      │
├─────────────────────────────────┼──────────┼─────────────────────┼───────────┼──────────────┼─────────────┼───────────────────────────────────┤
│        IDA* CarBlockedRecursive │ 1        │ '397.21ms ± 0.00ms' │ 11        │ 0            │ 245050      │ 'Timed out, ticked too many/long' │
└─────────────────────────────────┴──────────┴─────────────────────┴───────────┴──────────────┴─────────────┴───────────────────────────────────┘
┌─────────────────────────────────┬──────────┬─────────────────────┬───────────┬──────────────┬─────────────┬───────────────────────────────────┐
│ (index)                         │ runCount │ duration            │ tickCount │ visitedNodes │ searchCount │ errorMessage                      │
├─────────────────────────────────┼──────────┼─────────────────────┼───────────┼──────────────┼─────────────┼───────────────────────────────────┤
│         IDA* Approx CarDistance │ 1        │ '202.83ms ± 0.00ms' │ 43        │ 1514         │ 275570      │ 'Timed out, ticked too many/long' │
└─────────────────────────────────┴──────────┴─────────────────────┴───────────┴──────────────┴─────────────┴───────────────────────────────────┘
┌─────────────────────────────────┬──────────┬─────────────────────┬───────────┬──────────────┬─────────────┬───────────────────────────────────┐
│ (index)                         │ runCount │ duration            │ tickCount │ visitedNodes │ searchCount │ errorMessage                      │
├─────────────────────────────────┼──────────┼─────────────────────┼───────────┼──────────────┼─────────────┼───────────────────────────────────┤
│          IDA* Approx CarBlocked │ 1        │ '207.87ms ± 0.00ms' │ 41        │ 1415         │ 244216      │ 'Timed out, ticked too many/long' │
└─────────────────────────────────┴──────────┴─────────────────────┴───────────┴──────────────┴─────────────┴───────────────────────────────────┘
┌─────────────────────────────────┬──────────┬─────────────────────┬───────────┬──────────────┬─────────────┬───────────────────────────────────┐
│ (index)                         │ runCount │ duration            │ tickCount │ visitedNodes │ searchCount │ errorMessage                      │
├─────────────────────────────────┼──────────┼─────────────────────┼───────────┼──────────────┼─────────────┼───────────────────────────────────┤
│ IDA* Approx CarBlockedRecursive │ 1        │ '202.15ms ± 0.00ms' │ 36        │ 983          │ 116164      │ 'Timed out, ticked too many/long' │
└─────────────────────────────────┴──────────┴─────────────────────┴───────────┴──────────────┴─────────────┴───────────────────────────────────┘
=====================================
cases\Jam-24.txt
6 6
9
..BGG. 
.HB... 
EHPPI.K
EDD.I. 
FFF.J. 
CC..J. 

┌─────────────────────────────────┬──────────┬────────────────────┬───────────┬──────────────┬─────────────┬─────────────────┬─────────────────────────────────────────────────────────────────────────────────────────────────────────┐
│ (index)                         │ runCount │ duration           │ tickCount │ visitedNodes │ searchCount │ branchingFactor │ solutionSteps                                                                                           │
├─────────────────────────────────┼──────────┼────────────────────┼───────────┼──────────────┼─────────────┼─────────────────┼─────────────────────────────────────────────────────────────────────────────────────────────────────────┤
│                             UCS │ 5        │ '32.95ms ± 8.57ms' │ 4326      │ 4512         │ 46154       │ '1.468'         │ '∅ H-1 E-2 P-2 B+1 G-1 I-2 D-1 J-2 F+3 C+3 B+3 P+2 D+2 E+4 H+4 G-2 P-2 D-2 B-4 P+2 D+2 H-2 F-2 J+1 P+2' │
└─────────────────────────────────┴──────────┴────────────────────┴───────────┴──────────────┴─────────────┴─────────────────┴─────────────────────────────────────────────────────────────────────────────────────────────────────────┘
┌─────────────────────────────────┬──────────┬────────────────────┬───────────┬──────────────┬─────────────┬─────────────────┬─────────────────────────────────────────────────────────────────────────────────────────────────────────────────────────────────────────────────────────────────────────────────────────────────────────────────────────────────────────────────────────────────────────────────────────────────────────────────────────────────────────────────────────────────────────────────────────────────────────────────────────────────────────────────────────────────────────────────────────────────────────────────────────────────────────────────────────────────────────────────────────────────────────────────────────────────────────────────────────────────────────────────────────────────────────────────────────────────────────────────────────────────────────────────────────────────────────────────────────────────────────────────────────────────────────────────────────────────────────────────────────────────────────────────┐
│ (index)                         │ runCount │ duration           │ tickCount │ visitedNodes │ searchCount │ branchingFactor │ solutionSteps                                                                                                                                                                                                                                                                                                                                                                                                                                                                                                                                                                                                                                                                                                                                                                                                                                                                                                                                   │
├─────────────────────────────────┼──────────┼────────────────────┼───────────┼──────────────┼─────────────┼─────────────────┼─────────────────────────────────────────────────────────────────────────────────────────────────────────────────────────────────────────────────────────────────────────────────────────────────────────────────────────────────────────────────────────────────────────────────────────────────────────────────────────────────────────────────────────────────────────────────────────────────────────────────────────────────────────────────────────────────────────────────────────────────────────────────────────────────────────────────────────────────────────────────────────────────────────────────────────────────────────────────────────────────────────────────────────────────────────────────────────────────────────────────────────────────────────────────────────────────────────────────────────────────────────────────────────────────────────────────────────────────────────────────────────────────────────────────┤
│                GBFS CarDistance │ 8        │ '24.09ms ± 2.07ms' │ 2895      │ 2896         │ 32082       │ '1.031'         │ '∅ C+2 F+1 C-1 D+1 C-1 I-1 C+2 J-1 C-1 F-1 C-1 D-1 C+4 F+1 C-1 E-2 C-3 J+1 C+2 F-1 C-1 J-1 D-1 C-1 J+1 D+4 H-1 C+2 F+1 C-1 D-4 C-1 J-1 C+4 F-1 C-2 D+2 C-2 D-1 C+3 G+1 C-2 F+1 C-1 J+1 C+2 F-1 D-1 C-2 J-1 E+1 C+4 F+1 C-3 J+1 C-1 D+4 C+2 F-1 C-1 D-3 C-1 D+2 E+1 C+2 F+1 C-1 D-2 E+2 D-1 C+1 J-1 C+2 D+2 C-3 E-2 C-1 F-1 C+4 D-1 C-2 F+1 C+1 E-1 D+1 C-1 F-1 C-1 G-1 C+3 F+1 C-4 J+1 C+2 F-1 D-2 C-2 I+1 E-1 P-2 B+2 G+1 C+1 G-2 F+1 C+1 I-2 J-2 C-1 F+1 C-1 F+1 C+4 B+2 P+2 C-1 B-1 C-3 B+1 D+2 H+3 G-1 H-2 D-2 B-1 C+4 B+1 C-1 D+2 H+3 C+1 H-2 G+1 C-1 H+1 E+4 C+1 E-3 H-3 C-1 D-1 E+3 C+1 E-2 H+1 C-1 D+1 E+1 C+1 H+3 D-1 C-1 E-3 D-1 C+1 B-1 C-2 G-1 C+1 E+1 C+1 B+1 D+1 C-1 E+3 D-1 C+1 P-2 B-3 C-2 F-1 C+1 D+2 C+1 H-1 C-3 F+1 C+2 E-1 C-3 F-1 C+2 H+1 F+1 C+2 D-1 C-1 F-1 G-1 C-1 F+1 E+1 C+2 F-1 D-1 B-1 P+2 C-2 F+1 C+1 D+2 C+1 H-3 C-3 F-2 C+2 F+1 C-1 E-3 C-2 F-2 C+4 F+1 D-2 C-4 F+2 C+3 F-3 C-2 F+2 D+1 C+3 F+1 C-2 F-3 J+2 P+2' │
└─────────────────────────────────┴──────────┴────────────────────┴───────────┴──────────────┴─────────────┴─────────────────┴─────────────────────────────────────────────────────────────────────────────────────────────────────────────────────────────────────────────────────────────────────────────────────────────────────────────────────────────────────────────────────────────────────────────────────────────────────────────────────────────────────────────────────────────────────────────────────────────────────────────────────────────────────────────────────────────────────────────────────────────────────────────────────────────────────────────────────────────────────────────────────────────────────────────────────────────────────────────────────────────────────────────────────────────────────────────────────────────────────────────────────────────────────────────────────────────────────────────────────────────────────────────────────────────────────────────────────────────────────────────────────────────────────────────────┘
┌─────────────────────────────────┬──────────┬────────────────────┬───────────┬──────────────┬─────────────┬─────────────────┬─────────────────────────────────────────────────────────────────────────────────────────────────────────────────────────────────────────────────────────────────────────────────────────────────────────────────────────────────────────────────────────────────────────────────────────────────────────────────────────────────────────────────────────────────────────────────────────────────────────────────────────────────────────────────────────────────────────────────────────────────────────────────────────────────────────────────────────────────────────────────────────────────────────────────────────────────────────────────────────────────────────────────────────────────────────────────────────────────────────────────────────────────────────────────────────────────────────────────────────────────────────────────────────────────────────────────────────────────────────────────────────────────────────────────────────────────────────────────────────────────────────────────────────────────────────────────────────────────────────────────────────────────────────────────────────────────────────────────────────────────────────────────────────────────────────────┐
│ (index)                         │ runCount │ duration           │ tickCount │ visitedNodes │ searchCount │ branchingFactor │ solutionSteps                                                                                                                                                                                                                                                                                                                                                                                                                                                                                                                                                                                                                                                                                                                                                                                                                                                                                                                                                                                                                                                                                                                                                                                               │
├─────────────────────────────────┼──────────┼────────────────────┼───────────┼──────────────┼─────────────┼─────────────────┼─────────────────────────────────────────────────────────────────────────────────────────────────────────────────────────────────────────────────────────────────────────────────────────────────────────────────────────────────────────────────────────────────────────────────────────────────────────────────────────────────────────────────────────────────────────────────────────────────────────────────────────────────────────────────────────────────────────────────────────────────────────────────────────────────────────────────────────────────────────────────────────────────────────────────────────────────────────────────────────────────────────────────────────────────────────────────────────────────────────────────────────────────────────────────────────────────────────────────────────────────────────────────────────────────────────────────────────────────────────────────────────────────────────────────────────────────────────────────────────────────────────────────────────────────────────────────────────────────────────────────────────────────────────────────────────────────────────────────────────────────────────────────────────────────────────────┤
│                 GBFS CarBlocked │ 8        │ '21.89ms ± 5.43ms' │ 2487      │ 2488         │ 28962       │ '1.023'         │ '∅ C+2 F+1 C-1 D+1 C-1 I-1 C+2 J-1 C-1 F-1 C-1 D-1 C+4 F+1 C-1 E-2 C-3 J+1 C+2 F-1 C-1 J-1 D-1 C-1 J+1 D+4 H-1 C+2 F+1 C-1 D-4 C-1 J-1 C+4 F-1 C-2 D+2 C-2 D-1 C+3 P-2 C-2 F+1 C-1 J+1 C+2 F-1 D-1 C-2 J-1 P+1 C+3 F+1 C-2 D+2 C-1 J+1 C+2 F-1 C-1 D-2 I+1 C-1 F+1 C+2 D+1 C-1 D+1 P-1 C-1 F-1 C+2 P+2 C-1 D-1 C-1 F+1 G+1 C+2 F-1 D-1 C-2 D+2 I-1 C+2 F+1 C-1 J-1 C-1 D-1 C+4 F-1 C-3 J+1 D-1 P-2 J-1 F+1 B+2 G-2 I-1 C-1 F-1 C+4 B-1 C-3 J+1 C+1 J-2 F+3 B+2 C-2 B+1 D+2 P+2 D-1 P-1 E+3 D+1 E-2 D-2 B-1 C+4 B+1 C-1 D+2 P+1 C+1 D-1 E-1 C-1 D-1 B-1 C-2 H+1 C-1 B+1 G-1 D+2 H+2 P-2 G+1 P+1 E+3 P-1 G-2 P+2 H-2 D-1 E-2 D-1 B-1 C+4 B+1 C-1 D+2 H+3 C+1 H-2 E+3 C-1 E-2 H+1 C+1 H-2 D-1 C-1 E+2 D-1 C+1 G+2 D+2 C-1 E-4 H+3 C+1 H-2 G-1 C-1 H+1 P-2 C+1 H+1 D-2 C-1 B-1 C-1 P+2 C+2 P-1 G+1 C-2 E+1 C+1 B+1 C+1 D+2 H-1 C-1 E+3 H+1 E-2 D-1 C+1 P+1 E-1 C-1 E+3 D-1 C+1 B-1 C-2 P-2 C+1 P+1 G-2 C-1 G+1 C+2 B+1 C-1 D+1 E-4 C+1 P+1 E+4 D+1 C-1 E-2 H-3 E+1 C+1 H+2 P-2 C-1 H+1 D-1 C+1 G-1 D+1 E+1 C-1 D-2 B-4 C-1 F-1 C+2 D+2 C-1 H-1 C-2 F+1 C+3 E-1 C-4 F-1 C+2 H+1 F+1 C+1 D-1 C+1 F-1 P+2 C-2 F+1 E-2 C+2 D-1 C-1 F-1 C-1 D+2 C+2 H-3 C-4 F-2 J+2 C+2 J-1 C-1 F+1 C-1 D-2 C+4 F-1 C-1 D+1 C-3 P+2' │
└─────────────────────────────────┴──────────┴────────────────────┴───────────┴──────────────┴─────────────┴─────────────────┴─────────────────────────────────────────────────────────────────────────────────────────────────────────────────────────────────────────────────────────────────────────────────────────────────────────────────────────────────────────────────────────────────────────────────────────────────────────────────────────────────────────────────────────────────────────────────────────────────────────────────────────────────────────────────────────────────────────────────────────────────────────────────────────────────────────────────────────────────────────────────────────────────────────────────────────────────────────────────────────────────────────────────────────────────────────────────────────────────────────────────────────────────────────────────────────────────────────────────────────────────────────────────────────────────────────────────────────────────────────────────────────────────────────────────────────────────────────────────────────────────────────────────────────────────────────────────────────────────────────────────────────────────────────────────────────────────────────────────────────────────────────────────────────────────────────────┘
┌─────────────────────────────────┬──────────┬────────────────────┬───────────┬──────────────┬─────────────┬─────────────────┬─────────────────────────────────────────────────────────────────────────────────────────────────────────────────────────────────────────────────────────────────────────────────────────────────────────────────────────────────────────────────────────────────────────────────────────────────────────────────────────────────────────────────────────────────────────────────────────────────────────────────────────────────────────────────────────────────────────────────────────────────────────────────────────────────────────────────────────────────────────────────────────────────────────────────────────────────────────────────────────────────────────────────────────────────────────────────────────────────────────────────────────────────────────────────────────────────────────────────────────────────────────────────────────────────────────────────────────────────────────────────────────────────────────────────────────────────────────────────────────────────────────────────────────────────────────────────────────────────────────┐
│ (index)                         │ runCount │ duration           │ tickCount │ visitedNodes │ searchCount │ branchingFactor │ solutionSteps                                                                                                                                                                                                                                                                                                                                                                                                                                                                                                                                                                                                                                                                                                                                                                                                                                                                                                                                                                                                                                                           │
├─────────────────────────────────┼──────────┼────────────────────┼───────────┼──────────────┼─────────────┼─────────────────┼─────────────────────────────────────────────────────────────────────────────────────────────────────────────────────────────────────────────────────────────────────────────────────────────────────────────────────────────────────────────────────────────────────────────────────────────────────────────────────────────────────────────────────────────────────────────────────────────────────────────────────────────────────────────────────────────────────────────────────────────────────────────────────────────────────────────────────────────────────────────────────────────────────────────────────────────────────────────────────────────────────────────────────────────────────────────────────────────────────────────────────────────────────────────────────────────────────────────────────────────────────────────────────────────────────────────────────────────────────────────────────────────────────────────────────────────────────────────────────────────────────────────────────────────────────────────────────────────────────────┤
│        GBFS CarBlockedRecursive │ 4        │ '59.94ms ± 4.92ms' │ 2625      │ 2626         │ 30049       │ '1.026'         │ '∅ C+2 F+1 C-1 D+1 C-1 I-1 C+2 J-1 C-1 F-1 C-1 D-1 C+4 F+1 C-1 E-2 C-3 J+1 C+2 F-1 C-1 J-1 D-1 C-1 J+1 D+4 E+2 C+2 D-1 C-1 F+1 D+1 E-2 D-4 I+1 C-1 E+1 C+2 F-1 C-1 D+2 C-1 I-1 C+2 J-1 C+2 F+1 H-1 P-1 C-4 J+1 C+2 F-1 C-1 J-1 C+2 D-2 C-3 J+1 D+4 E-1 D-3 C+2 J-1 C-1 F+1 C-1 E+2 C+4 F-1 C-1 G+1 C-2 D+1 C-1 J+1 C+2 D-1 I+1 C-2 E-2 C+1 F+1 C+1 D-1 C-2 D+2 I-1 C+2 J-1 C-1 D-2 C-1 P-1 C+4 F-1 C-2 D+2 C-2 J+1 D-1 C+2 B+1 G-2 I-1 C-2 D+1 J-2 F+3 C+4 F-1 C-3 D-2 B+1 C+3 F+1 B+2 C-1 D+2 P+2 C+1 D-1 E+4 C-1 D-1 B-1 C-2 H+1 C+3 B+1 D+2 C-1 E-3 D-2 C+1 D+1 E+2 C-1 E-3 G-1 C+1 D+1 E+3 C-1 E-1 H+3 C+1 D-1 E-2 C-1 D-1 B-1 C-1 E+1 C+2 B+1 G-1 C-1 D+2 E+3 C+1 D-2 B-1 C-2 G+2 C+1 B+1 D+1 C+1 E-3 D+1 E+2 C-1 H-2 E-1 C+1 H+1 G-2 C-1 E+1 P-2 C+1 E+1 G+2 C-1 H+1 G-1 C+1 D-2 B-1 C-2 P+1 C+1 B+1 D+1 C+1 E-3 D+1 C-1 D-2 B-1 G-1 C-1 G+2 C+2 B+1 E-1 C-1 D+2 E+2 C+1 D-1 E+1 C-1 E-2 G-2 E+1 P+1 E+1 C+1 P-2 E+1 C-1 D-1 B-4 C-1 F-1 C+2 D+2 C-1 D-1 E-1 C-1 F+1 C+2 D+1 C-1 H-1 C-3 F-1 C+4 P+2 C-3 F+1 C+1 E-2 C-2 F-1 C+3 E+3 C-1 E-2 H-2 C-2 F-2 J+2 P+2' │
└─────────────────────────────────┴──────────┴────────────────────┴───────────┴──────────────┴─────────────┴─────────────────┴─────────────────────────────────────────────────────────────────────────────────────────────────────────────────────────────────────────────────────────────────────────────────────────────────────────────────────────────────────────────────────────────────────────────────────────────────────────────────────────────────────────────────────────────────────────────────────────────────────────────────────────────────────────────────────────────────────────────────────────────────────────────────────────────────────────────────────────────────────────────────────────────────────────────────────────────────────────────────────────────────────────────────────────────────────────────────────────────────────────────────────────────────────────────────────────────────────────────────────────────────────────────────────────────────────────────────────────────────────────────────────────────────────────────────────────────────────────────────────────────────────────────────────────────────────────────────────────────────────────┘
┌─────────────────────────────────┬──────────┬────────────────────┬───────────┬──────────────┬─────────────┬─────────────────┬─────────────────────────────────────────────────────────────────────────────────────────────────────────────────────┐
│ (index)                         │ runCount │ duration           │ tickCount │ visitedNodes │ searchCount │ branchingFactor │ solutionSteps                                                                                                       │
├─────────────────────────────────┼──────────┼────────────────────┼───────────┼──────────────┼─────────────┼─────────────────┼─────────────────────────────────────────────────────────────────────────────────────────────────────────────────────┤
│                  A* CarDistance │ 5        │ '37.30ms ± 3.39ms' │ 4101      │ 4102         │ 43606       │ '1.400'         │ '∅ F+1 E+1 H-1 P-2 B+1 C+1 E+1 G-1 D-1 I-2 J-2 F+2 B+2 P+2 C+2 B+1 D+2 H+4 D-2 G-2 P-2 B-4 P+2 D+2 H-2 F-2 J+1 P+2' │
└─────────────────────────────────┴──────────┴────────────────────┴───────────┴──────────────┴─────────────┴─────────────────┴─────────────────────────────────────────────────────────────────────────────────────────────────────────────────────┘
┌─────────────────────────────────┬──────────┬────────────────────┬───────────┬──────────────┬─────────────┬─────────────────┬─────────────────────────────────────────────────────────────────────────────────────────────────────────────────┐
│ (index)                         │ runCount │ duration           │ tickCount │ visitedNodes │ searchCount │ branchingFactor │ solutionSteps                                                                                                   │
├─────────────────────────────────┼──────────┼────────────────────┼───────────┼──────────────┼─────────────┼─────────────────┼─────────────────────────────────────────────────────────────────────────────────────────────────────────────────┤
│                   A* CarBlocked │ 6        │ '33.34ms ± 5.43ms' │ 4209      │ 4210         │ 44793       │ '1.421'         │ '∅ F+1 E+1 H-1 P-2 B+1 G-1 C+1 E+1 I-2 D-1 J-2 F+2 C+2 B+3 D+2 P+2 H+4 D-2 P-2 G-2 B-4 D+2 P+2 H-2 F-2 J+1 P+2' │
└─────────────────────────────────┴──────────┴────────────────────┴───────────┴──────────────┴─────────────┴─────────────────┴─────────────────────────────────────────────────────────────────────────────────────────────────────────────────┘
┌─────────────────────────────────┬──────────┬─────────────────────┬───────────┬──────────────┬─────────────┬─────────────────┬─────────────────────────────────────────────────────────────────────────────────────────────────────────────────────┐
│ (index)                         │ runCount │ duration            │ tickCount │ visitedNodes │ searchCount │ branchingFactor │ solutionSteps                                                                                                       │
├─────────────────────────────────┼──────────┼─────────────────────┼───────────┼──────────────┼─────────────┼─────────────────┼─────────────────────────────────────────────────────────────────────────────────────────────────────────────────────┤
│          A* CarBlockedRecursive │ 4        │ '102.16ms ± 4.08ms' │ 4131      │ 4132         │ 43893       │ '1.401'         │ '∅ F+1 E+1 H-1 P-2 B+1 G-1 C+1 I-2 E+1 D-1 J-2 C+2 F+2 B+3 P+2 H+1 G-2 D+2 H+3 D-2 P-2 B-4 D+2 P+2 H-2 F-2 J+1 P+2' │
└─────────────────────────────────┴──────────┴─────────────────────┴───────────┴──────────────┴─────────────┴─────────────────┴─────────────────────────────────────────────────────────────────────────────────────────────────────────────────────┘
┌─────────────────────────────────┬──────────┬─────────────────────┬───────────┬──────────────┬─────────────┬───────────────────────────────────┐
│ (index)                         │ runCount │ duration            │ tickCount │ visitedNodes │ searchCount │ errorMessage                      │
├─────────────────────────────────┼──────────┼─────────────────────┼───────────┼──────────────┼─────────────┼───────────────────────────────────┤
│                IDA* CarDistance │ 1        │ '308.88ms ± 0.00ms' │ 6         │ 0            │ 375307      │ 'Timed out, ticked too many/long' │
└─────────────────────────────────┴──────────┴─────────────────────┴───────────┴──────────────┴─────────────┴───────────────────────────────────┘
┌─────────────────────────────────┬──────────┬─────────────────────┬───────────┬──────────────┬─────────────┬───────────────────────────────────┐
│ (index)                         │ runCount │ duration            │ tickCount │ visitedNodes │ searchCount │ errorMessage                      │
├─────────────────────────────────┼──────────┼─────────────────────┼───────────┼──────────────┼─────────────┼───────────────────────────────────┤
│                 IDA* CarBlocked │ 1        │ '321.11ms ± 0.00ms' │ 6         │ 0            │ 407235      │ 'Timed out, ticked too many/long' │
└─────────────────────────────────┴──────────┴─────────────────────┴───────────┴──────────────┴─────────────┴───────────────────────────────────┘
┌─────────────────────────────────┬─────────────┐
│ (index)                         │ status      │
├─────────────────────────────────┼─────────────┤
│        IDA* CarBlockedRecursive │ 'Timed out' │
└─────────────────────────────────┴─────────────┘
┌─────────────────────────────────┬──────────┬─────────────────────┬───────────┬──────────────┬─────────────┬───────────────────────────────────┐
│ (index)                         │ runCount │ duration            │ tickCount │ visitedNodes │ searchCount │ errorMessage                      │
├─────────────────────────────────┼──────────┼─────────────────────┼───────────┼──────────────┼─────────────┼───────────────────────────────────┤
│         IDA* Approx CarDistance │ 1        │ '228.48ms ± 0.00ms' │ 15        │ 2863         │ 502643      │ 'Timed out, ticked too many/long' │
└─────────────────────────────────┴──────────┴─────────────────────┴───────────┴──────────────┴─────────────┴───────────────────────────────────┘
┌─────────────────────────────────┬──────────┬─────────────────────┬───────────┬──────────────┬─────────────┬───────────────────────────────────┐
│ (index)                         │ runCount │ duration            │ tickCount │ visitedNodes │ searchCount │ errorMessage                      │
├─────────────────────────────────┼──────────┼─────────────────────┼───────────┼──────────────┼─────────────┼───────────────────────────────────┤
│          IDA* Approx CarBlocked │ 1        │ '250.42ms ± 0.00ms' │ 15        │ 2937         │ 555505      │ 'Timed out, ticked too many/long' │
└─────────────────────────────────┴──────────┴─────────────────────┴───────────┴──────────────┴─────────────┴───────────────────────────────────┘
┌─────────────────────────────────┬──────────┬─────────────────────┬───────────┬──────────────┬─────────────┬───────────────────────────────────┐
│ (index)                         │ runCount │ duration            │ tickCount │ visitedNodes │ searchCount │ errorMessage                      │
├─────────────────────────────────┼──────────┼─────────────────────┼───────────┼──────────────┼─────────────┼───────────────────────────────────┤
│ IDA* Approx CarBlockedRecursive │ 1        │ '259.61ms ± 0.00ms' │ 11        │ 2529         │ 179196      │ 'Timed out, ticked too many/long' │
└─────────────────────────────────┴──────────┴─────────────────────┴───────────┴──────────────┴─────────────┴───────────────────────────────────┘
=====================================
cases\Jam-25.txt
6 6
12
BBG.HH 
EEG..F 
LPP.IFK
LCCCIF 
LD.JMM 
.D.JNN 

┌─────────────────────────────────┬──────────┬─────────────────────┬───────────┬──────────────┬─────────────┬─────────────────┬─────────────────────────────────────────────────────────────────────────────────────────────────────────────────┐
│ (index)                         │ runCount │ duration            │ tickCount │ visitedNodes │ searchCount │ branchingFactor │ solutionSteps                                                                                                   │
├─────────────────────────────────┼──────────┼─────────────────────┼───────────┼──────────────┼─────────────┼─────────────────┼─────────────────────────────────────────────────────────────────────────────────────────────────────────────────┤
│                             UCS │ 4        │ '81.56ms ± 16.78ms' │ 8621      │ 8824         │ 82834       │ '1.457'         │ '∅ H-1 F-1 L+1 P-1 I-1 C+2 G+4 B+1 E+1 P+1 L-3 C-3 J-3 C+3 L+3 B-1 E-1 P-1 G-4 C-2 M-2 I+2 N-1 F+3 H+1 J-1 P+4' │
└─────────────────────────────────┴──────────┴─────────────────────┴───────────┴──────────────┴─────────────┴─────────────────┴─────────────────────────────────────────────────────────────────────────────────────────────────────────────────┘
┌─────────────────────────────────┬──────────┬─────────────────────┬───────────┬──────────────┬─────────────┬─────────────────┬─────────────────────────────────────────────────────────────────────────────────────────────────────────────────────────────────────────────────────────────────────────────────────────────────────────────────────────────────────────────────────────────────────────────────────────────────────────────────────────────────────────────────────────────────────────────────────────────────────────────────────────────────────────────────────────────────────────────────────────────────────────────────────────────────────────────────────────────────────────────────────────────────────────────────────────────────────────────────────────────────────────────────────────────────────────────────────────────────────────────────────────────────────────────────────────────────────────────────────────────────────────────────────────────────────────────────────────────────────────────────────────────────────────────────────────────────────────────────────────────────────────────────────────────────────────────────────────────────────────────────────────────────────────────────────────────────┐
│ (index)                         │ runCount │ duration            │ tickCount │ visitedNodes │ searchCount │ branchingFactor │ solutionSteps                                                                                                                                                                                                                                                                                                                                                                                                                                                                                                                                                                                                                                                                                                                                                                                                                                                                                                                                                                                                                                                                                                                   │
├─────────────────────────────────┼──────────┼─────────────────────┼───────────┼──────────────┼─────────────┼─────────────────┼─────────────────────────────────────────────────────────────────────────────────────────────────────────────────────────────────────────────────────────────────────────────────────────────────────────────────────────────────────────────────────────────────────────────────────────────────────────────────────────────────────────────────────────────────────────────────────────────────────────────────────────────────────────────────────────────────────────────────────────────────────────────────────────────────────────────────────────────────────────────────────────────────────────────────────────────────────────────────────────────────────────────────────────────────────────────────────────────────────────────────────────────────────────────────────────────────────────────────────────────────────────────────────────────────────────────────────────────────────────────────────────────────────────────────────────────────────────────────────────────────────────────────────────────────────────────────────────────────────────────────────────────────────────────────────────────────┤
│                GBFS CarDistance │ 4        │ '54.36ms ± 19.29ms' │ 5220      │ 5221         │ 49534       │ '1.027'         │ '∅ P+1 I-1 C+1 D-2 L+1 D+1 H-1 D+1 C-1 F-1 C+2 P-2 G+4 P+2 G-1 D-2 L-1 G+1 C-1 D+2 C-1 E+1 B+1 C+2 G-1 D-2 L-2 G+1 C-1 D+2 C-2 J-1 N-1 I+1 P-1 J-2 N+1 M-1 C+1 N-1 I-1 M+1 N+1 C+2 M-1 G-1 N-2 M+1 N+1 D-1 N-3 M-1 N+1 L+3 N+3 M+1 N-2 L-2 N-1 L+1 E-1 N-1 M-1 N+4 G+1 N-1 M+1 L+1 P-1 G-3 N-2 M-2 N+3 M+1 N-2 C-1 N-1 F+3 N+2 M-1 N-1 F-2 N-1 M+2 N+3 M-1 D+1 N-2 M+1 N+1 M-2 C-1 N-1 F-1 N+2 M+2 N-1 M-1 C+2 M-1 G+1 N-1 M+2 N+2 M-1 E+1 N-2 D-1 N-1 M-1 N+3 M+2 N-1 D+1 B-1 N-1 M-2 N+2 E-1 D-1 N-3 M+2 N+2 M-1 N-1 D+1 G-2 P+1 N+2 M-1 N-1 M+2 D-1 N-2 M-2 N+1 C-1 N+2 M+2 D+1 N-2 C-1 M-2 L-1 N+2 M+2 N-1 M-1 C+2 D-1 N-3 M-1 N+4 M+2 N-2 C-1 N-2 F+1 N+4 M-2 N-3 M+1 N+2 D+1 N-1 M-1 L+1 N+2 M+1 D-1 N-2 M+1 N-1 H+1 N+3 M-2 N-2 L-1 N-2 M+1 N+4 D+1 M-1 N-1 M+2 N-1 C-1 N+2 L+1 N-1 M-2 N-1 M+1 C+1 N+1 D-1 F+2 N-2 M-1 F-1 N+2 D+1 N-1 L-1 M+1 N+1 D-1 N-2 J-1 P+1 N-1 M-1 N+4 D-1 N-3 M-1 N-1 F-1 N+4 M+3 N-3 M-1 N+2 M-1 N-1 D+2 N+2 M+1 D-1 N-2 M+1 N+1 D+1 C-1 N-1 M-1 L+1 N+2 M-1 N-1 C+1 M+1 D-1 N-2 M-1 N+3 M+2 D+1 N-2 D-2 N+1 M-3 N-2 F+2 N+1 M+2 N+1 M-1 F-1 N-1 D+2 M+1 L-1 N+1 M-1 C-1 N-1 F+1 L+1 I+3 P+2' │
└─────────────────────────────────┴──────────┴─────────────────────┴───────────┴──────────────┴─────────────┴─────────────────┴─────────────────────────────────────────────────────────────────────────────────────────────────────────────────────────────────────────────────────────────────────────────────────────────────────────────────────────────────────────────────────────────────────────────────────────────────────────────────────────────────────────────────────────────────────────────────────────────────────────────────────────────────────────────────────────────────────────────────────────────────────────────────────────────────────────────────────────────────────────────────────────────────────────────────────────────────────────────────────────────────────────────────────────────────────────────────────────────────────────────────────────────────────────────────────────────────────────────────────────────────────────────────────────────────────────────────────────────────────────────────────────────────────────────────────────────────────────────────────────────────────────────────────────────────────────────────────────────────────────────────────────────────────────────────────────────────┘
┌─────────────────────────────────┬──────────┬────────────────────┬───────────┬──────────────┬─────────────┬─────────────────┬─────────────────────────────────────────────────────────────────────────────────────────────────────────────────────────────────────────────────────────────────────────────────────────────────────────────────────────────────────────────────────────────────────────────────────────────────────────────────────────────────────────────────────────────────────────────────────────────────────────────────────────────────────────────────────────────────────────────────────────────────────────────────────────────────────────────────────────────────────────────────────────────────────────────────────────────────────────────────────────────────────────────────────────────────────────────────────────────────────────────────────────────────────────────────────────────────────────────────────────────────────────────────────────────────────────────────────────┐
│ (index)                         │ runCount │ duration           │ tickCount │ visitedNodes │ searchCount │ branchingFactor │ solutionSteps                                                                                                                                                                                                                                                                                                                                                                                                                                                                                                                                                                                                                                                                                                                                                                                                                                                                           │
├─────────────────────────────────┼──────────┼────────────────────┼───────────┼──────────────┼─────────────┼─────────────────┼─────────────────────────────────────────────────────────────────────────────────────────────────────────────────────────────────────────────────────────────────────────────────────────────────────────────────────────────────────────────────────────────────────────────────────────────────────────────────────────────────────────────────────────────────────────────────────────────────────────────────────────────────────────────────────────────────────────────────────────────────────────────────────────────────────────────────────────────────────────────────────────────────────────────────────────────────────────────────────────────────────────────────────────────────────────────────────────────────────────────────────────────────────────────────────────────────────────────────────────────────────────────────────────────────────────────────────────┤
│                 GBFS CarBlocked │ 8        │ '23.11ms ± 1.81ms' │ 3779      │ 3780         │ 34795       │ '1.034'         │ '∅ I-1 C+1 D-1 P+1 D-1 L+1 D+2 C-1 P-2 I+1 H-1 P+2 L-1 I-1 C+1 F-1 D-2 C+1 D+1 P-1 C-1 L+1 D+1 C-1 P-1 C+2 D-1 G+4 C-1 D+1 C-1 P+2 C+2 G-1 D-2 L-1 G+1 C-1 D+2 P-1 D-1 C+1 G-1 D+1 E+2 G+1 C-2 P+1 L-1 C+2 G-1 D-3 L+2 G+1 C-2 L-2 C+1 D+2 P-1 C+1 G-1 E-1 D+1 G+1 C-2 I+1 P+1 E+2 L+2 P-2 E-2 F+1 I-1 C+1 D-1 P+2 D-1 L-2 D+2 C-1 L+1 P-1 B+1 H+1 C+1 D-1 P+1 D-1 L-1 D+2 C-1 I+1 P-1 E+2 L-1 C-1 J-1 N-1 P+1 E-2 N+1 J+1 I-1 P-1 J-4 N-1 M-1 F+2 C+2 D-1 P+1 D-1 L+3 D+2 C-1 P-2 J+1 H-1 C+1 D-1 E-1 P+1 D+1 C-1 L-1 I+1 B-1 L+1 P-1 I-1 C+1 H-1 I-1 D-1 P+1 E+1 I+1 H+1 D+1 L-1 F-2 N+1 M+1 D-1 N-1 L-1 D+1 C-1 N+1 M-1 F-1 C+2 N-1 M+1 G-1 N-1 M-1 D-1 N-2 M+1 N+4 G+1 C-1 M-1 L+2 C+1 N-1 M+1 G-1 N-2 M-1 L-1 N+3 D+1 N-1 L+1 P-1 N-1 M+1 N+2 D-1 M-1 E-1 N-3 M+1 N+2 G-3 N-1 M-2 N-1 C-1 F+3 N+2 M+1 N-1 D+1 M-1 C-1 I+3 C+1 D-1 N-1 P+1 L-1 N-1 H+1 J-1 N+2 D+1 C-1 I-1 N+1 P+3' │
└─────────────────────────────────┴──────────┴────────────────────┴───────────┴──────────────┴─────────────┴─────────────────┴─────────────────────────────────────────────────────────────────────────────────────────────────────────────────────────────────────────────────────────────────────────────────────────────────────────────────────────────────────────────────────────────────────────────────────────────────────────────────────────────────────────────────────────────────────────────────────────────────────────────────────────────────────────────────────────────────────────────────────────────────────────────────────────────────────────────────────────────────────────────────────────────────────────────────────────────────────────────────────────────────────────────────────────────────────────────────────────────────────────────────────────────────────────────────────────────────────────────────────────────────────────────────────────────────────────────────────────┘
┌─────────────────────────────────┬──────────┬─────────────────────┬───────────┬──────────────┬─────────────┬─────────────────┬─────────────────────────────────────────────────────────────────────────────────────────────────────────────────────────────────────────────────────────────────────────────────────────────────────────────────────────────────────────────────────────────────────────────────────────────────────────────────────────────────────────────────────────────────────────────────────────────────────────────────────────────────────────────────────────────────────────────────────────────────────────────────────────────────────────────────────────────────────────────────────┐
│ (index)                         │ runCount │ duration            │ tickCount │ visitedNodes │ searchCount │ branchingFactor │ solutionSteps                                                                                                                                                                                                                                                                                                                                                                                                                                                                                                                                                                       │
├─────────────────────────────────┼──────────┼─────────────────────┼───────────┼──────────────┼─────────────┼─────────────────┼─────────────────────────────────────────────────────────────────────────────────────────────────────────────────────────────────────────────────────────────────────────────────────────────────────────────────────────────────────────────────────────────────────────────────────────────────────────────────────────────────────────────────────────────────────────────────────────────────────────────────────────────────────────────────────────────────────────────────────────────────────────────────────────────────────────────────────────────────────────────────────┤
│        GBFS CarBlockedRecursive │ 4        │ '70.34ms ± 14.34ms' │ 3221      │ 3222         │ 29609       │ '1.054'         │ '∅ I-1 C+1 D-1 L+1 H-1 D+1 C-1 I+1 F-1 P-1 G+1 B+1 F+1 I-1 C+1 D-1 B-1 H-1 I-1 F-1 C+1 G+3 C-1 D+1 C-1 F+1 E+2 C+1 D-1 E-1 P+3 D-1 L-2 D+2 C-1 L+2 F-1 C+1 L-1 D-2 E-1 D+1 F+1 D+1 C-1 F-1 E+2 L-1 C+1 D-3 C-1 L+2 F+1 C+1 L-1 D+1 P-1 D+2 C-1 L-1 P-1 C+1 D-1 L+1 F-1 D+1 L+1 P+1 D-2 L-2 D+1 E-1 P-1 I+1 H+1 D+1 C-1 I+1 B+1 L-1 C-1 J-1 N-1 I-1 F+1 E+1 I+1 E+1 H+1 E-2 J-3 M-1 F+2 C+1 I-1 C+1 D-1 L+3 B-1 D+1 C-1 I+1 L-2 J+1 H-2 I-2 C+1 F-3 C+1 G-1 N-1 D-1 N-2 L+1 N+3 L+1 N-2 E-1 P-1 G-2 C-1 F+3 N+2 M-1 N-1 D+1 M+1 C-1 N+1 M-1 I+3 N-1 I+1 C+1 D-1 N-1 H+2 J-1 G-1 P+4' │
└─────────────────────────────────┴──────────┴─────────────────────┴───────────┴──────────────┴─────────────┴─────────────────┴─────────────────────────────────────────────────────────────────────────────────────────────────────────────────────────────────────────────────────────────────────────────────────────────────────────────────────────────────────────────────────────────────────────────────────────────────────────────────────────────────────────────────────────────────────────────────────────────────────────────────────────────────────────────────────────────────────────────────────────────────────────────────────────────────────────────────────────────────────────────────────┘
┌─────────────────────────────────┬──────────┬────────────────────┬───────────┬──────────────┬─────────────┬─────────────────┬─────────────────────────────────────────────────────────────────────────────────────────────────────────────────────────────────────┐
│ (index)                         │ runCount │ duration           │ tickCount │ visitedNodes │ searchCount │ branchingFactor │ solutionSteps                                                                                                                       │
├─────────────────────────────────┼──────────┼────────────────────┼───────────┼──────────────┼─────────────┼─────────────────┼─────────────────────────────────────────────────────────────────────────────────────────────────────────────────────────────────────┤
│                  A* CarDistance │ 4        │ '58.29ms ± 6.56ms' │ 8557      │ 8558         │ 82409       │ '1.367'         │ '∅ H-1 I-1 L+1 F-1 P-1 C+2 G+3 P+1 B+1 G+1 E+1 L-3 C-3 J-3 C+1 L+3 E-1 B-1 C+2 P-1 G-4 P+1 C-1 F+1 H+1 J-1 C-1 N-1 M-2 I+2 F+2 P+3' │
└─────────────────────────────────┴──────────┴────────────────────┴───────────┴──────────────┴─────────────┴─────────────────┴─────────────────────────────────────────────────────────────────────────────────────────────────────────────────────────────────────┘
┌─────────────────────────────────┬──────────┬────────────────────┬───────────┬──────────────┬─────────────┬─────────────────┬─────────────────────────────────────────────────────────────────────────────────────────────────────────────────────────────────────┐
│ (index)                         │ runCount │ duration           │ tickCount │ visitedNodes │ searchCount │ branchingFactor │ solutionSteps                                                                                                                       │
├─────────────────────────────────┼──────────┼────────────────────┼───────────┼──────────────┼─────────────┼─────────────────┼─────────────────────────────────────────────────────────────────────────────────────────────────────────────────────────────────────┤
│                   A* CarBlocked │ 4        │ '61.10ms ± 4.56ms' │ 8796      │ 8797         │ 84394       │ '1.368'         │ '∅ L+1 P-1 I-1 H-1 F-1 C+2 G+3 P+1 G+1 E+1 B+1 L-3 C-3 J-3 C+1 L+3 P-1 E-1 B-1 C+2 G-4 C-1 F+1 H+1 J-1 N-1 M-1 F+2 C-1 M-1 I+2 P+4' │
└─────────────────────────────────┴──────────┴────────────────────┴───────────┴──────────────┴─────────────┴─────────────────┴─────────────────────────────────────────────────────────────────────────────────────────────────────────────────────────────────────┘
┌─────────────────────────────────┬─────────────┐
│ (index)                         │ status      │
├─────────────────────────────────┼─────────────┤
│          A* CarBlockedRecursive │ 'Timed out' │
└─────────────────────────────────┴─────────────┘
┌─────────────────────────────────┬─────────────┐
│ (index)                         │ status      │
├─────────────────────────────────┼─────────────┤
│                IDA* CarDistance │ 'Timed out' │
└─────────────────────────────────┴─────────────┘
┌─────────────────────────────────┬─────────────┐
│ (index)                         │ status      │
├─────────────────────────────────┼─────────────┤
│                 IDA* CarBlocked │ 'Timed out' │
└─────────────────────────────────┴─────────────┘
┌─────────────────────────────────┬─────────────┐
│ (index)                         │ status      │
├─────────────────────────────────┼─────────────┤
│        IDA* CarBlockedRecursive │ 'Timed out' │
└─────────────────────────────────┴─────────────┘
┌─────────────────────────────────┬──────────┬─────────────────────┬───────────┬──────────────┬─────────────┬───────────────────────────────────┐
│ (index)                         │ runCount │ duration            │ tickCount │ visitedNodes │ searchCount │ errorMessage                      │
├─────────────────────────────────┼──────────┼─────────────────────┼───────────┼──────────────┼─────────────┼───────────────────────────────────┤
│         IDA* Approx CarDistance │ 1        │ '227.13ms ± 0.00ms' │ 22        │ 1898         │ 201285      │ 'Timed out, ticked too many/long' │
└─────────────────────────────────┴──────────┴─────────────────────┴───────────┴──────────────┴─────────────┴───────────────────────────────────┘
┌─────────────────────────────────┬──────────┬─────────────────────┬───────────┬──────────────┬─────────────┬───────────────────────────────────┐
│ (index)                         │ runCount │ duration            │ tickCount │ visitedNodes │ searchCount │ errorMessage                      │
├─────────────────────────────────┼──────────┼─────────────────────┼───────────┼──────────────┼─────────────┼───────────────────────────────────┤
│          IDA* Approx CarBlocked │ 1        │ '244.40ms ± 0.00ms' │ 23        │ 1923         │ 244801      │ 'Timed out, ticked too many/long' │
└─────────────────────────────────┴──────────┴─────────────────────┴───────────┴──────────────┴─────────────┴───────────────────────────────────┘
┌─────────────────────────────────┬──────────┬─────────────────────┬───────────┬──────────────┬─────────────┬───────────────────────────────────┐
│ (index)                         │ runCount │ duration            │ tickCount │ visitedNodes │ searchCount │ errorMessage                      │
├─────────────────────────────────┼──────────┼─────────────────────┼───────────┼──────────────┼─────────────┼───────────────────────────────────┤
│ IDA* Approx CarBlockedRecursive │ 1        │ '246.45ms ± 0.00ms' │ 18        │ 1329         │ 52173       │ 'Timed out, ticked too many/long' │
└─────────────────────────────────┴──────────┴─────────────────────┴───────────┴──────────────┴─────────────┴───────────────────────────────────┘
=====================================
cases\Jam-26.txt
6 6
11
.B.FFF 
GB.HM. 
GPPHMEK
ILLLME 
I.D..J 
..DCCJ 

┌─────────────────────────────────┬──────────┬────────────────────┬───────────┬──────────────┬─────────────┬─────────────────┬─────────────────────────────────────────────────────────────────────────────────────────────────────────────────────┐
│ (index)                         │ runCount │ duration           │ tickCount │ visitedNodes │ searchCount │ branchingFactor │ solutionSteps                                                                                                       │
├─────────────────────────────────┼──────────┼────────────────────┼───────────┼──────────────┼─────────────┼─────────────────┼─────────────────────────────────────────────────────────────────────────────────────────────────────────────────────┤
│                             UCS │ 4        │ '44.28ms ± 7.29ms' │ 4699      │ 4816         │ 40081       │ '1.396'         │ '∅ F-1 E-2 I+1 L-1 J-1 C+1 H+3 P+1 B+1 F-2 M-1 L+2 B+3 P-1 L-2 H-4 P+1 C-1 J+1 L+3 I-1 B-3 D-1 C-3 D+1 L-2 M+3 P+2' │
└─────────────────────────────────┴──────────┴────────────────────┴───────────┴──────────────┴─────────────┴─────────────────┴─────────────────────────────────────────────────────────────────────────────────────────────────────────────────────┘
┌─────────────────────────────────┬──────────┬────────────────────┬───────────┬──────────────┬─────────────┬─────────────────┬─────────────────────────────────────────────────────────────────────────────────────────────────────────────────────────────────────────────────────────────────────────────────────────────────────────────────────────────────────────────────────────────────────────────────────────────────────────────────────────────────────────────────────────────────────────────────────────────────────────────────────────────────────────────────────────────────────────────────────────────────────────────────────────────────────────────────────────────────────────────────────────────────────────────────────────────────────────────────────────────────────────────────────────────────────────────────────────────────────────────────────────────────────────────────────────────────────────────────────────────────────────────────────────────────────────────────────────────────────────────────────────────────────────────────────────────────────────────────────────────────────────────────────────────────────────────────────────────────────────────────────────────────────────┐
│ (index)                         │ runCount │ duration           │ tickCount │ visitedNodes │ searchCount │ branchingFactor │ solutionSteps                                                                                                                                                                                                                                                                                                                                                                                                                                                                                                                                                                                                                                                                                                                                                                                                                                                                                                                                                                                                                                                                                           │
├─────────────────────────────────┼──────────┼────────────────────┼───────────┼──────────────┼─────────────┼─────────────────┼─────────────────────────────────────────────────────────────────────────────────────────────────────────────────────────────────────────────────────────────────────────────────────────────────────────────────────────────────────────────────────────────────────────────────────────────────────────────────────────────────────────────────────────────────────────────────────────────────────────────────────────────────────────────────────────────────────────────────────────────────────────────────────────────────────────────────────────────────────────────────────────────────────────────────────────────────────────────────────────────────────────────────────────────────────────────────────────────────────────────────────────────────────────────────────────────────────────────────────────────────────────────────────────────────────────────────────────────────────────────────────────────────────────────────────────────────────────────────────────────────────────────────────────────────────────────────────────────────────────────────────────────────────────┤
│                GBFS CarDistance │ 19       │ '10.31ms ± 8.12ms' │ 1078      │ 1079         │ 8835        │ '1.020'         │ '∅ I+1 L-1 E-1 J-1 C+1 L+1 I-1 C-1 M+1 J+1 I+1 G-1 J-1 C+1 I-2 M-1 C-1 J+1 I+1 F-1 J-1 C+1 I+1 L-1 C-1 J+1 E-1 J-2 C+1 L+1 I-2 C-1 J+2 M+1 J-1 C+1 I+2 L-1 C-1 H+2 P+1 C+1 J-1 H+1 L+1 I-2 J+1 M-1 I+2 L-1 E+1 H-1 C-1 J+1 E-1 J-2 B+1 C+1 H+1 L+1 I-2 F-1 J+1 I+2 L-1 H-1 C-1 J+1 M-1 J-2 C+1 H+1 L+2 I-2 J+1 I+1 L-1 J-1 M+2 I+1 G+2 J+1 M-2 L+1 G-1 L-2 H-1 C-1 E+1 J+1 E+1 M+2 E-2 J-2 C+1 H+1 M-1 L+1 I-1 J+1 M+1 E+1 I+1 L-1 H-1 M-1 F-1 C-1 J+1 E-1 J-2 C+1 M-1 H+1 L+2 I-1 L-1 J+1 I+1 E+1 L+1 I-1 B+3 L-1 I+1 L-1 H-1 C-1 J+1 E-1 J-2 C+1 H+1 L+1 I-1 M+2 J+1 I+1 L-1 H-1 C-1 M-1 F+1 P-1 H-2 C+1 J-1 L+1 C-1 I-1 J+2 M-1 J-1 C+1 J-1 L+1 C-1 B-1 I+1 C+1 J+1 I-1 G-1 C-1 J+1 L+1 D-1 C-3 D+1 L-1 J-2 I-1 J+1 E+1 J+1 L+1 D-1 C+3 D+1 L-1 J-1 C+1 B+1 L-1 C-1 J+1 I+2 L-1 J-1 C+1 E-1 J-1 L+2 G+2 L-1 C-1 J+2 E+2 L+1 B-1 E-2 J-1 B+1 G-1 E+1 C+1 I-1 F-1 C-1 B-1 J+1 L+1 D-1 C-3 D+1 L-1 J-1 E-1 J-1 H-1 P+1 B-2 L-1 J+2 L+2 D-1 C+3 D+1 L-2 J-2 C+1 L+1 I+1 C-1 L-2 J+2 E+2 L+2 I-1 E-1 J-1 C+1 L-1 I+1 C-1 J+1 L+2 D-1 C-2 I-1 C+1 B+3 C+1 B-2 C-3 D+1 L-1 J-1 B-1 L-1 M+3 P+1 J+1 E-1 P+1' │
└─────────────────────────────────┴──────────┴────────────────────┴───────────┴──────────────┴─────────────┴─────────────────┴─────────────────────────────────────────────────────────────────────────────────────────────────────────────────────────────────────────────────────────────────────────────────────────────────────────────────────────────────────────────────────────────────────────────────────────────────────────────────────────────────────────────────────────────────────────────────────────────────────────────────────────────────────────────────────────────────────────────────────────────────────────────────────────────────────────────────────────────────────────────────────────────────────────────────────────────────────────────────────────────────────────────────────────────────────────────────────────────────────────────────────────────────────────────────────────────────────────────────────────────────────────────────────────────────────────────────────────────────────────────────────────────────────────────────────────────────────────────────────────────────────────────────────────────────────────────────────────────────────────────────────────────────────────┘
┌─────────────────────────────────┬──────────┬───────────────────┬───────────┬──────────────┬─────────────┬─────────────────┬─────────────────────────────────────────────────────────────────────────────────────────────────────────────────────────────────────────────────────────────────────────────────────────────────────────────────────────────────────────────────────────────────────────────────────────────────────────────────────────────────────────────────────────────────────────────────────────────────────────────────────────────────────────────────────────────────────────────────────────────────────────────────────────────────────────────────────────────────────────────────────────────────────────────────────────────────────────────────────┐
│ (index)                         │ runCount │ duration          │ tickCount │ visitedNodes │ searchCount │ branchingFactor │ solutionSteps                                                                                                                                                                                                                                                                                                                                                                                                                                                                                                                                                                                                                                       │
├─────────────────────────────────┼──────────┼───────────────────┼───────────┼──────────────┼─────────────┼─────────────────┼─────────────────────────────────────────────────────────────────────────────────────────────────────────────────────────────────────────────────────────────────────────────────────────────────────────────────────────────────────────────────────────────────────────────────────────────────────────────────────────────────────────────────────────────────────────────────────────────────────────────────────────────────────────────────────────────────────────────────────────────────────────────────────────────────────────────────────────────────────────────────────────────────────────────────────────────────────────────────────┤
│                 GBFS CarBlocked │ 20       │ '1.60ms ± 0.23ms' │ 157       │ 158          │ 1361        │ '1.022'         │ '∅ I+1 L-1 H+2 E-1 J-1 C+1 H+1 L+1 I-1 P+1 M+1 I+1 L-1 H-1 C-1 J+1 E+1 G-1 M-1 E-1 J-1 C+1 H+1 L+1 I-2 P-1 M+1 I+2 L-1 H-1 C-1 J+1 P-1 F-1 E-1 J-1 C+1 H+1 L+1 I-1 M-1 P+2 I-1 P-1 I+2 L-1 H-1 C-1 J+1 P+1 B+1 J-1 C+1 H+1 L+1 M+1 I-2 F-1 M-2 L+1 I+2 L-2 H-1 C-1 J+1 M+2 G+1 J-1 C+1 H+1 L+1 I-1 M-2 L+1 B+3 L-1 I+1 L-1 H-1 C-1 J+1 P-1 G-1 J-1 C+1 H+1 L+2 B-1 I-1 P-1 B+1 L-1 I+1 M+2 L-1 H-1 C-1 J+1 M-1 P+2 J-1 C+1 H+1 L+1 I-2 P-1 I+1 M+1 P+1 F+1 I-1 P-1 I+2 L-1 H-1 C-1 J+1 M-1 G+1 J-1 C+1 H+1 L+1 I-1 P+1 F-2 I+1 L-1 H-1 C-1 J+1 M+1 P-1 J-1 C+1 H-3 L+1 C-1 I-1 J+1 M-2 L+2 D-1 C-1 B-1 C-2 D+1 L-1 J-1 P+1 B-2 J+1 L-1 M+3 J-1 P+2' │
└─────────────────────────────────┴──────────┴───────────────────┴───────────┴──────────────┴─────────────┴─────────────────┴─────────────────────────────────────────────────────────────────────────────────────────────────────────────────────────────────────────────────────────────────────────────────────────────────────────────────────────────────────────────────────────────────────────────────────────────────────────────────────────────────────────────────────────────────────────────────────────────────────────────────────────────────────────────────────────────────────────────────────────────────────────────────────────────────────────────────────────────────────────────────────────────────────────────────────────────────────────────────────┘
┌─────────────────────────────────┬──────────┬─────────────────────┬───────────┬──────────────┬─────────────┬─────────────────┬─────────────────────────────────────────────────────────────────────────────────────────────────────────────────────────────────────────────────────────────────────────────────────────────────────────────────────────────────────────────────────────────────────────────────────────────────────────────────────────────────────────────────────────────────────────────────────────────────────────────────────────────────────────────────────────────────────────────────────────────────────────────────────────────────────────────────────────────────────────────────────────────────────────────────────────────────────────────────────────────────────────────────────────────────────────────────────────────────────────────────────────────────────────┐
│ (index)                         │ runCount │ duration            │ tickCount │ visitedNodes │ searchCount │ branchingFactor │ solutionSteps                                                                                                                                                                                                                                                                                                                                                                                                                                                                                                                                                                                                                                                                                                                                                           │
├─────────────────────────────────┼──────────┼─────────────────────┼───────────┼──────────────┼─────────────┼─────────────────┼─────────────────────────────────────────────────────────────────────────────────────────────────────────────────────────────────────────────────────────────────────────────────────────────────────────────────────────────────────────────────────────────────────────────────────────────────────────────────────────────────────────────────────────────────────────────────────────────────────────────────────────────────────────────────────────────────────────────────────────────────────────────────────────────────────────────────────────────────────────────────────────────────────────────────────────────────────────────────────────────────────────────────────────────────────────────────────────────────────────────────────────────────────────┤
│        GBFS CarBlockedRecursive │ 6        │ '32.76ms ± 15.15ms' │ 950       │ 951          │ 8282        │ '1.030'         │ '∅ I+1 E-1 J-1 C+1 I-1 M+1 C-1 J+1 G-1 I-1 J-1 C+1 I+2 G+2 C-1 J+1 E+1 G-2 F-1 E-2 G+1 L-1 H+2 J-1 C+1 M-1 H+1 L+1 I-1 M+1 G-1 I-1 M-1 P+1 I+2 L-1 B+1 M+1 L+1 I-2 F-1 I+1 M-2 L+1 I-1 B+3 L-1 I+2 L-1 M+2 H-1 C-1 J+1 M-2 G+1 J-1 C+1 M+1 H+1 L+1 I-1 M-1 L+1 I+1 B-3 L-2 M+2 L+1 M-1 I-1 F-1 M-1 L+1 B+2 I+1 B-1 G+1 B+2 L-1 M+2 G-1 L-1 M-2 P-1 H-1 C-1 J+1 H-3 L+1 J-1 C+1 L+1 I-1 B-1 H+1 I+1 G+1 B+1 L-1 M+2 C-1 J+1 M-1 H-1 J-1 C+1 P+1 M-1 C-1 J+1 M+2 G-1 J-1 C+1 I-1 M-2 C-1 J+1 M+1 P-1 J-1 C+1 H+1 I+1 C-1 F+2 J+1 I-1 M+1 J-1 C+1 I+1 G-1 C-1 J+1 I-2 M-1 J-1 C+1 I+1 F-1 C-1 J+1 I+1 P-1 J-1 C+1 M-1 I-1 M+2 C-1 J+1 M-2 L+2 D-1 C-1 I+1 B-1 C-1 I-1 C-1 D+1 L-1 J-1 P+1 I-1 J+1 L+1 D-1 C+2 I+1 G+1 C-2 D+1 L-1 F-1 J-1 H-1 P+1 J+1 L+1 B-2 L-2 M+3 P+2' │
└─────────────────────────────────┴──────────┴─────────────────────┴───────────┴──────────────┴─────────────┴─────────────────┴─────────────────────────────────────────────────────────────────────────────────────────────────────────────────────────────────────────────────────────────────────────────────────────────────────────────────────────────────────────────────────────────────────────────────────────────────────────────────────────────────────────────────────────────────────────────────────────────────────────────────────────────────────────────────────────────────────────────────────────────────────────────────────────────────────────────────────────────────────────────────────────────────────────────────────────────────────────────────────────────────────────────────────────────────────────────────────────────────────────────────────────────────────────┘
┌─────────────────────────────────┬──────────┬────────────────────┬───────────┬──────────────┬─────────────┬─────────────────┬─────────────────────────────────────────────────────────────────────────────────────────────────────────────────────────────────┐
│ (index)                         │ runCount │ duration           │ tickCount │ visitedNodes │ searchCount │ branchingFactor │ solutionSteps                                                                                                                   │
├─────────────────────────────────┼──────────┼────────────────────┼───────────┼──────────────┼─────────────┼─────────────────┼─────────────────────────────────────────────────────────────────────────────────────────────────────────────────────────────────┤
│                  A* CarDistance │ 4        │ '49.58ms ± 7.49ms' │ 4646      │ 4647         │ 39690       │ '1.347'         │ '∅ I+1 L-1 H+2 P+1 E-1 B+1 F-2 M-1 J-1 C+1 H+1 F-1 L+2 B+3 L-2 P-1 H-4 P+1 C-1 J+1 L+3 D-1 I-1 B-1 C-3 D+1 E-1 B-2 L-2 M+3 P+2' │
└─────────────────────────────────┴──────────┴────────────────────┴───────────┴──────────────┴─────────────┴─────────────────┴─────────────────────────────────────────────────────────────────────────────────────────────────────────────────────────────────┘
┌─────────────────────────────────┬──────────┬─────────────────────┬───────────┬──────────────┬─────────────┬─────────────────┬─────────────────────────────────────────────────────────────────────────────────────────────────────────────────────────────────────┐
│ (index)                         │ runCount │ duration            │ tickCount │ visitedNodes │ searchCount │ branchingFactor │ solutionSteps                                                                                                                       │
├─────────────────────────────────┼──────────┼─────────────────────┼───────────┼──────────────┼─────────────┼─────────────────┼─────────────────────────────────────────────────────────────────────────────────────────────────────────────────────────────────────┤
│                   A* CarBlocked │ 6        │ '33.18ms ± 10.73ms' │ 4763      │ 4764         │ 40584       │ '1.334'         │ '∅ F-1 E-2 J-1 I+1 L-1 H+2 C+1 P+1 B+1 F-1 H+1 M-1 L+2 B+3 L-2 H-1 C-1 J+1 F-1 P-1 H-3 L+3 D-1 B-1 I-1 C-3 D+1 P+1 B-2 L-2 M+3 P+2' │
└─────────────────────────────────┴──────────┴─────────────────────┴───────────┴──────────────┴─────────────┴─────────────────┴─────────────────────────────────────────────────────────────────────────────────────────────────────────────────────────────────────┘
┌─────────────────────────────────┬─────────────┐
│ (index)                         │ status      │
├─────────────────────────────────┼─────────────┤
│          A* CarBlockedRecursive │ 'Timed out' │
└─────────────────────────────────┴─────────────┘
┌─────────────────────────────────┬──────────┬─────────────────────┬───────────┬──────────────┬─────────────┬───────────────────────────────────┐
│ (index)                         │ runCount │ duration            │ tickCount │ visitedNodes │ searchCount │ errorMessage                      │
├─────────────────────────────────┼──────────┼─────────────────────┼───────────┼──────────────┼─────────────┼───────────────────────────────────┤
│                IDA* CarDistance │ 1        │ '230.96ms ± 0.00ms' │ 7         │ 0            │ 265554      │ 'Timed out, ticked too many/long' │
└─────────────────────────────────┴──────────┴─────────────────────┴───────────┴──────────────┴─────────────┴───────────────────────────────────┘
┌─────────────────────────────────┬──────────┬─────────────────────┬───────────┬──────────────┬─────────────┬───────────────────────────────────┐
│ (index)                         │ runCount │ duration            │ tickCount │ visitedNodes │ searchCount │ errorMessage                      │
├─────────────────────────────────┼──────────┼─────────────────────┼───────────┼──────────────┼─────────────┼───────────────────────────────────┤
│                 IDA* CarBlocked │ 1        │ '553.57ms ± 0.00ms' │ 7         │ 0            │ 605245      │ 'Timed out, ticked too many/long' │
└─────────────────────────────────┴──────────┴─────────────────────┴───────────┴──────────────┴─────────────┴───────────────────────────────────┘
┌─────────────────────────────────┬──────────┬─────────────────────┬───────────┬──────────────┬─────────────┬───────────────────────────────────┐
│ (index)                         │ runCount │ duration            │ tickCount │ visitedNodes │ searchCount │ errorMessage                      │
├─────────────────────────────────┼──────────┼─────────────────────┼───────────┼──────────────┼─────────────┼───────────────────────────────────┤
│        IDA* CarBlockedRecursive │ 1        │ '245.34ms ± 0.00ms' │ 6         │ 0            │ 70340       │ 'Timed out, ticked too many/long' │
└─────────────────────────────────┴──────────┴─────────────────────┴───────────┴──────────────┴─────────────┴───────────────────────────────────┘
┌─────────────────────────────────┬──────────┬─────────────────────┬───────────┬──────────────┬─────────────┬───────────────────────────────────┐
│ (index)                         │ runCount │ duration            │ tickCount │ visitedNodes │ searchCount │ errorMessage                      │
├─────────────────────────────────┼──────────┼─────────────────────┼───────────┼──────────────┼─────────────┼───────────────────────────────────┤
│         IDA* Approx CarDistance │ 1        │ '224.54ms ± 0.00ms' │ 21        │ 1240         │ 314308      │ 'Timed out, ticked too many/long' │
└─────────────────────────────────┴──────────┴─────────────────────┴───────────┴──────────────┴─────────────┴───────────────────────────────────┘
┌─────────────────────────────────┬──────────┬─────────────────────┬───────────┬──────────────┬─────────────┬───────────────────────────────────┐
│ (index)                         │ runCount │ duration            │ tickCount │ visitedNodes │ searchCount │ errorMessage                      │
├─────────────────────────────────┼──────────┼─────────────────────┼───────────┼──────────────┼─────────────┼───────────────────────────────────┤
│          IDA* Approx CarBlocked │ 1        │ '206.96ms ± 0.00ms' │ 21        │ 1315         │ 343719      │ 'Timed out, ticked too many/long' │
└─────────────────────────────────┴──────────┴─────────────────────┴───────────┴──────────────┴─────────────┴───────────────────────────────────┘
┌─────────────────────────────────┬──────────┬─────────────────────┬───────────┬──────────────┬─────────────┬───────────────────────────────────┐
│ (index)                         │ runCount │ duration            │ tickCount │ visitedNodes │ searchCount │ errorMessage                      │
├─────────────────────────────────┼──────────┼─────────────────────┼───────────┼──────────────┼─────────────┼───────────────────────────────────┤
│ IDA* Approx CarBlockedRecursive │ 1        │ '202.33ms ± 0.00ms' │ 13        │ 817          │ 58762       │ 'Timed out, ticked too many/long' │
└─────────────────────────────────┴──────────┴─────────────────────┴───────────┴──────────────┴─────────────┴───────────────────────────────────┘
=====================================
cases\Jam-27.txt
6 6
9
BGGF.. 
BHHF.. 
PPEF.JK
..EIIJ 
..D..J 
..DCCC 

┌─────────────────────────────────┬──────────┬────────────────────┬───────────┬──────────────┬─────────────┬─────────────────┬─────────────────────────────────────────────────────────────────────────────────────────────────────────────────────┐
│ (index)                         │ runCount │ duration           │ tickCount │ visitedNodes │ searchCount │ branchingFactor │ solutionSteps                                                                                                       │
├─────────────────────────────────┼──────────┼────────────────────┼───────────┼──────────────┼─────────────┼─────────────────┼─────────────────────────────────────────────────────────────────────────────────────────────────────────────────────┤
│                             UCS │ 12       │ '16.57ms ± 5.04ms' │ 2743      │ 2936         │ 21347       │ '1.362'         │ '∅ J-2 I+1 F+2 G+2 H+2 E-2 P+1 B+4 P-1 E+2 G-3 H-3 E-1 F-2 I-4 F+2 E+1 H+3 E-2 P+1 I+1 B-3 I-1 D-1 C-3 J+3 F+1 P+3' │
└─────────────────────────────────┴──────────┴────────────────────┴───────────┴──────────────┴─────────────┴─────────────────┴─────────────────────────────────────────────────────────────────────────────────────────────────────────────────────┘
┌─────────────────────────────────┬──────────┬───────────────────┬───────────┬──────────────┬─────────────┬─────────────────┬─────────────────────────────────────────────────────────────────────────────────────────────────────────────────────────────────────────────────────────────────────────────────────────────────────────────────────────────────────────────────────────────────────────────────────────────────────────────────────────────────────────────────────────────────────────────────────────────────────────────────────────────────────────────────────────────────────────────────────────────────┐
│ (index)                         │ runCount │ duration          │ tickCount │ visitedNodes │ searchCount │ branchingFactor │ solutionSteps                                                                                                                                                                                                                                                                                                                                                                                                                                                                                   │
├─────────────────────────────────┼──────────┼───────────────────┼───────────┼──────────────┼─────────────┼─────────────────┼─────────────────────────────────────────────────────────────────────────────────────────────────────────────────────────────────────────────────────────────────────────────────────────────────────────────────────────────────────────────────────────────────────────────────────────────────────────────────────────────────────────────────────────────────────────────────────────────────────────────────────────────────────────────────────────────────────────────────────────────────┤
│                GBFS CarDistance │ 20       │ '5.55ms ± 2.15ms' │ 649       │ 650          │ 4743        │ '1.046'         │ '∅ J-2 I+1 F+2 H+2 E-1 D-1 C-3 F+1 G+2 E-1 P+3 E+1 G-2 B+3 G-1 B-2 E-1 P-2 F-1 C+3 B+3 P-1 E+1 C-2 B-1 C+1 G+2 C-2 G-1 C+3 D+1 B+1 E+1 H-3 B-1 G+1 F-1 B+1 E-1 D-1 C-2 B-1 C-1 F+2 G-2 F-1 C+2 F-1 C+1 D+1 F-1 I-3 B+1 I-1 D-1 C-2 J+3 C+1 J-2 F+2 C-1 F-1 C+2 D+1 I+1 B-1 J+1 F+1 B+1 I-1 D-1 G+4 C-2 J+1 C+1 F-1 J-1 G-4 J-2 G+3 C-1 F+1 C+2 D+1 I+1 B-1 F-1 G-2 B+1 I-1 G+1 E+1 F+1 H+3 E-1 D-1 C-2 J+3 C+1 J-2 G-2 C-1 J+1 C+2 D+1 I+1 B-1 J-2 E-1 P+1 B-2 I-1 D-1 C-3 F+1 P+2 D-1 J+3 P+1' │
└─────────────────────────────────┴──────────┴───────────────────┴───────────┴──────────────┴─────────────┴─────────────────┴─────────────────────────────────────────────────────────────────────────────────────────────────────────────────────────────────────────────────────────────────────────────────────────────────────────────────────────────────────────────────────────────────────────────────────────────────────────────────────────────────────────────────────────────────────────────────────────────────────────────────────────────────────────────────────────────────────────────────────────────────┘
┌─────────────────────────────────┬──────────┬───────────────────┬───────────┬──────────────┬─────────────┬─────────────────┬─────────────────────────────────────────────────────────────────────────────────────────────────────────────────────────────────────────────────────────────────────────────────────────────────────────────────────────────────────────────────────────────────────────────────────────────────────────────────────────────────────────────────────────────────────────────────────────────────────────────────────────────────────────────────────────────────────────────────────────────────────────────────────────────────────────────────────────────────────────────────────────────────────────────────────────────────────────────────────────────────────────────────────────────────────────────────────────────────────────────────┐
│ (index)                         │ runCount │ duration          │ tickCount │ visitedNodes │ searchCount │ branchingFactor │ solutionSteps                                                                                                                                                                                                                                                                                                                                                                                                                                                                                                                                                                                                                                                                                                                                   │
├─────────────────────────────────┼──────────┼───────────────────┼───────────┼──────────────┼─────────────┼─────────────────┼─────────────────────────────────────────────────────────────────────────────────────────────────────────────────────────────────────────────────────────────────────────────────────────────────────────────────────────────────────────────────────────────────────────────────────────────────────────────────────────────────────────────────────────────────────────────────────────────────────────────────────────────────────────────────────────────────────────────────────────────────────────────────────────────────────────────────────────────────────────────────────────────────────────────────────────────────────────────────────────────────────────────────────────────────────────────────────────────────────────────────┤
│                 GBFS CarBlocked │ 20       │ '6.73ms ± 1.81ms' │ 949       │ 950          │ 7172        │ '1.030'         │ '∅ J-2 I+1 F+2 H+2 E-1 D-1 C-3 F+1 G+2 E-1 P+3 E+1 G-2 B+3 G-1 B-2 E-1 P-2 F-1 C+3 D+1 B+3 P-1 D-1 B-1 E+1 G+2 C-2 B+1 C+1 G-1 C+1 D+1 B-1 E+1 H-3 B+1 F-2 I-1 B-1 E-1 D-1 C-3 J+3 C+2 B+1 C-1 G-1 E-1 P+1 J-3 C+2 B-2 I+1 C-3 F+3 B+1 F-2 C+3 D+1 B-1 F+1 B+2 D-1 C-2 B-2 C+1 F-1 B+2 P-1 C-1 B-1 F-1 C+2 I-1 D+1 I-2 B+1 I-1 D-1 C-2 J+3 F+1 E+1 G+4 E-1 G-1 J-3 C+2 D+1 I+1 B-1 P+1 B-1 F+1 B+2 I-1 D-1 J+2 F-1 D+1 I+1 J-1 G+1 B-2 J+1 B+1 P-1 B+1 I-1 D-1 J-1 P+1 F-1 D+1 I+3 D-1 C-2 J+2 P-1 J-1 C+2 B-1 D+1 I-1 B+1 J-1 I-1 F+2 E+1 G-3 B-1 F-2 I+1 B+1 I-2 D-1 J-1 F+2 D+1 F-1 G+1 E+1 F+1 H+3 E-1 D-1 C-2 J+3 C+1 H+1 F-1 C-1 G-2 E-1 F+1 J-1 C+2 D+1 I+1 B-1 F-2 I+2 D-1 C-3 J+1 C+2 B+1 P+1 J-1 C+1 B-3 D+1 I-3 D-1 C-3 J+1 F+3 P+3' │
└─────────────────────────────────┴──────────┴───────────────────┴───────────┴──────────────┴─────────────┴─────────────────┴─────────────────────────────────────────────────────────────────────────────────────────────────────────────────────────────────────────────────────────────────────────────────────────────────────────────────────────────────────────────────────────────────────────────────────────────────────────────────────────────────────────────────────────────────────────────────────────────────────────────────────────────────────────────────────────────────────────────────────────────────────────────────────────────────────────────────────────────────────────────────────────────────────────────────────────────────────────────────────────────────────────────────────────────────────────────────────────────────────────────────┘
┌─────────────────────────────────┬──────────┬────────────────────┬───────────┬──────────────┬─────────────┬─────────────────┬─────────────────────────────────────────────────────────────────────────────────────────────────────────────────────────────────────────────────────────────────────────────────────────────────────────────────────────────────────────────────────────────────────────────────────────────────────────────────────────────────────────────────────────────────────────────────────┐
│ (index)                         │ runCount │ duration           │ tickCount │ visitedNodes │ searchCount │ branchingFactor │ solutionSteps                                                                                                                                                                                                                                                                                                                                                                       │
├─────────────────────────────────┼──────────┼────────────────────┼───────────┼──────────────┼─────────────┼─────────────────┼─────────────────────────────────────────────────────────────────────────────────────────────────────────────────────────────────────────────────────────────────────────────────────────────────────────────────────────────────────────────────────────────────────────────────────────────────────────────────────────────────────────────────────────────────────────────────────┤
│        GBFS CarBlockedRecursive │ 5        │ '36.40ms ± 5.35ms' │ 1651      │ 1652         │ 12908       │ '1.077'         │ '∅ J-2 I+1 F+2 H+2 E-1 D-1 C-3 F+1 G+2 E-1 F-1 P+1 B+3 F+1 P-1 E+1 G-2 F-1 C+3 D+1 E+1 H-1 G+2 H-2 E-2 D-1 C-3 F+1 P+3 E+1 B-1 G-3 E-1 P-2 F-3 I-1 J+3 B+1 P-1 E+1 G+1 J-2 C+3 D+1 I-1 B+1 I-2 E+1 H+1 J-1 F+2 J+2 H+3 E-1 D-1 C-2 J+1 C+1 H-1 G-1 E-1 C-1 H+1 F-1 E+1 G+4 E-1 C+1 F-1 P+1 C-1 F+2 H-1 C+1 G-1 H+1 F-1 C-1 J-1 C+2 F+1 H-1 D+1 I+1 J-2 B-4 I-1 D-1 C-3 J+3 F+1 P+3' │
└─────────────────────────────────┴──────────┴────────────────────┴───────────┴──────────────┴─────────────┴─────────────────┴─────────────────────────────────────────────────────────────────────────────────────────────────────────────────────────────────────────────────────────────────────────────────────────────────────────────────────────────────────────────────────────────────────────────────────────────────────────────────────────────────────────────────────────────────────────────────────┘
┌─────────────────────────────────┬──────────┬────────────────────┬───────────┬──────────────┬─────────────┬─────────────────┬─────────────────────────────────────────────────────────────────────────────────────────────────────────────────────────────┐
│ (index)                         │ runCount │ duration           │ tickCount │ visitedNodes │ searchCount │ branchingFactor │ solutionSteps                                                                                                               │
├─────────────────────────────────┼──────────┼────────────────────┼───────────┼──────────────┼─────────────┼─────────────────┼─────────────────────────────────────────────────────────────────────────────────────────────────────────────────────────────┤
│                  A* CarDistance │ 12       │ '15.92ms ± 4.68ms' │ 2467      │ 2468         │ 19181       │ '1.326'         │ '∅ J-2 I+1 F+2 G+2 H+2 E-2 P+1 B+3 P-1 E+2 H-3 E-1 B+1 G-3 F-2 I-4 E+1 F+2 H+3 E-2 P+1 I+1 B-3 I-1 D-1 C-3 F+1 P+1 J+3 P+2' │
└─────────────────────────────────┴──────────┴────────────────────┴───────────┴──────────────┴─────────────┴─────────────────┴─────────────────────────────────────────────────────────────────────────────────────────────────────────────────────────────┘
┌─────────────────────────────────┬──────────┬────────────────────┬───────────┬──────────────┬─────────────┬─────────────────┬─────────────────────────────────────────────────────────────────────────────────────────────────────────────────────────┐
│ (index)                         │ runCount │ duration           │ tickCount │ visitedNodes │ searchCount │ branchingFactor │ solutionSteps                                                                                                           │
├─────────────────────────────────┼──────────┼────────────────────┼───────────┼──────────────┼─────────────┼─────────────────┼─────────────────────────────────────────────────────────────────────────────────────────────────────────────────────────┤
│                   A* CarBlocked │ 11       │ '17.21ms ± 1.83ms' │ 2716      │ 2717         │ 21157       │ '1.345'         │ '∅ J-2 I+1 F+2 G+2 H+2 E-2 P+1 B+3 P-1 E+2 H-3 E-1 B+1 G-3 F-2 I-4 E+1 F+2 H+3 E-2 I+1 P+1 B-3 I-1 D-1 C-3 F+1 J+3 P+3' │
└─────────────────────────────────┴──────────┴────────────────────┴───────────┴──────────────┴─────────────┴─────────────────┴─────────────────────────────────────────────────────────────────────────────────────────────────────────────────────────┘
┌─────────────────────────────────┬──────────┬────────────────────┬───────────┬──────────────┬─────────────┬─────────────────┬─────────────────────────────────────────────────────────────────────────────────────────────────────────────────────────────────┐
│ (index)                         │ runCount │ duration           │ tickCount │ visitedNodes │ searchCount │ branchingFactor │ solutionSteps                                                                                                                   │
├─────────────────────────────────┼──────────┼────────────────────┼───────────┼──────────────┼─────────────┼─────────────────┼─────────────────────────────────────────────────────────────────────────────────────────────────────────────────────────────────┤
│          A* CarBlockedRecursive │ 4        │ '44.84ms ± 3.64ms' │ 2403      │ 2404         │ 18732       │ '1.311'         │ '∅ J-2 I+1 F+2 H+2 G+2 E-2 P+1 B+3 P-1 E+2 H-3 E-1 B+1 G-2 F-2 I-4 E+1 F+2 H+3 E-1 G-1 E-1 I+1 P+1 B-3 I-1 D-1 C-3 F+1 J+3 P+3' │
└─────────────────────────────────┴──────────┴────────────────────┴───────────┴──────────────┴─────────────┴─────────────────┴─────────────────────────────────────────────────────────────────────────────────────────────────────────────────────────────────┘
┌─────────────────────────────────┬──────────┬─────────────────────┬───────────┬──────────────┬─────────────┬───────────────────────────────────┐
│ (index)                         │ runCount │ duration            │ tickCount │ visitedNodes │ searchCount │ errorMessage                      │
├─────────────────────────────────┼──────────┼─────────────────────┼───────────┼──────────────┼─────────────┼───────────────────────────────────┤
│                IDA* CarDistance │ 1        │ '388.32ms ± 0.00ms' │ 15        │ 0            │ 515772      │ 'Timed out, ticked too many/long' │
└─────────────────────────────────┴──────────┴─────────────────────┴───────────┴──────────────┴─────────────┴───────────────────────────────────┘
┌─────────────────────────────────┬──────────┬─────────────────────┬───────────┬──────────────┬─────────────┬───────────────────────────────────┐
│ (index)                         │ runCount │ duration            │ tickCount │ visitedNodes │ searchCount │ errorMessage                      │
├─────────────────────────────────┼──────────┼─────────────────────┼───────────┼──────────────┼─────────────┼───────────────────────────────────┤
│                 IDA* CarBlocked │ 1        │ '503.42ms ± 0.00ms' │ 15        │ 0            │ 667766      │ 'Timed out, ticked too many/long' │
└─────────────────────────────────┴──────────┴─────────────────────┴───────────┴──────────────┴─────────────┴───────────────────────────────────┘
┌─────────────────────────────────┬──────────┬─────────────────────┬───────────┬──────────────┬─────────────┬───────────────────────────────────┐
│ (index)                         │ runCount │ duration            │ tickCount │ visitedNodes │ searchCount │ errorMessage                      │
├─────────────────────────────────┼──────────┼─────────────────────┼───────────┼──────────────┼─────────────┼───────────────────────────────────┤
│        IDA* CarBlockedRecursive │ 1        │ '478.63ms ± 0.00ms' │ 11        │ 0            │ 176056      │ 'Timed out, ticked too many/long' │
└─────────────────────────────────┴──────────┴─────────────────────┴───────────┴──────────────┴─────────────┴───────────────────────────────────┘
┌─────────────────────────────────┬──────────┬─────────────────────┬───────────┬──────────────┬─────────────┬───────────────────────────────────┐
│ (index)                         │ runCount │ duration            │ tickCount │ visitedNodes │ searchCount │ errorMessage                      │
├─────────────────────────────────┼──────────┼─────────────────────┼───────────┼──────────────┼─────────────┼───────────────────────────────────┤
│         IDA* Approx CarDistance │ 1        │ '202.97ms ± 0.00ms' │ 38        │ 1376         │ 258870      │ 'Timed out, ticked too many/long' │
└─────────────────────────────────┴──────────┴─────────────────────┴───────────┴──────────────┴─────────────┴───────────────────────────────────┘
┌─────────────────────────────────┬──────────┬─────────────────────┬───────────┬──────────────┬─────────────┬───────────────────────────────────┐
│ (index)                         │ runCount │ duration            │ tickCount │ visitedNodes │ searchCount │ errorMessage                      │
├─────────────────────────────────┼──────────┼─────────────────────┼───────────┼──────────────┼─────────────┼───────────────────────────────────┤
│          IDA* Approx CarBlocked │ 1        │ '224.26ms ± 0.00ms' │ 39        │ 1484         │ 310246      │ 'Timed out, ticked too many/long' │
└─────────────────────────────────┴──────────┴─────────────────────┴───────────┴──────────────┴─────────────┴───────────────────────────────────┘
┌─────────────────────────────────┬──────────┬─────────────────────┬───────────┬──────────────┬─────────────┬───────────────────────────────────┐
│ (index)                         │ runCount │ duration            │ tickCount │ visitedNodes │ searchCount │ errorMessage                      │
├─────────────────────────────────┼──────────┼─────────────────────┼───────────┼──────────────┼─────────────┼───────────────────────────────────┤
│ IDA* Approx CarBlockedRecursive │ 1        │ '209.91ms ± 0.00ms' │ 28        │ 660          │ 69476       │ 'Timed out, ticked too many/long' │
└─────────────────────────────────┴──────────┴─────────────────────┴───────────┴──────────────┴─────────────┴───────────────────────────────────┘
=====================================
cases\Jam-28.txt
6 6
11
FFFB.. 
..LBGG 
PPL...K
HELIIM 
HECCCM 
DDJJ.M 

┌─────────────────────────────────┬──────────┬────────────────────┬───────────┬──────────────┬─────────────┬─────────────────┬─────────────────────────────────────────────────────────────────────────────────────────────────────────────────────────────┐
│ (index)                         │ runCount │ duration           │ tickCount │ visitedNodes │ searchCount │ branchingFactor │ solutionSteps                                                                                                               │
├─────────────────────────────────┼──────────┼────────────────────┼───────────┼──────────────┼─────────────┼─────────────────┼─────────────────────────────────────────────────────────────────────────────────────────────────────────────────────────────┤
│                             UCS │ 14       │ '13.78ms ± 2.22ms' │ 2065      │ 2250         │ 16737       │ '1.319'         │ '∅ B+1 F+3 L-1 M-1 J+2 D+2 H+1 E+1 I-3 B+1 G-1 M-1 C+1 L+2 G-3 L-2 B-1 I+3 H-1 E-1 D-2 L+3 F-3 B-1 P+3 L-2 C-1 J-1 M+2 P+1' │
└─────────────────────────────────┴──────────┴────────────────────┴───────────┴──────────────┴─────────────┴─────────────────┴─────────────────────────────────────────────────────────────────────────────────────────────────────────────────────────────┘
┌─────────────────────────────────┬──────────┬───────────────────┬───────────┬──────────────┬─────────────┬─────────────────┬─────────────────────────────────────────────────────────────────────────────────────────────────────────────────────────────────────────────────────────────────────────────────────────────────────────────────────────────────────────────────────────────────────────────────────────────────────────────────────────────────────────────────────────────────────────────────────────────────────────────────────────────────────────────────────────────────────────────────────────────────────────────────────────────────────────────────────────────────────────────────────────────────────────────────────────────────────────────────────────────────────────────────────────────────────────────────────────────────────────────────────────────────────────────────────────────────────────────────────────────────────────────────────────────────────────────────────────────────────────────────────────────────────────────────────────────────────────────────────────────────────────────────────────────────────────────────────────────────────────────────────────────────────────────────────────────────────────────┐
│ (index)                         │ runCount │ duration          │ tickCount │ visitedNodes │ searchCount │ branchingFactor │ solutionSteps                                                                                                                                                                                                                                                                                                                                                                                                                                                                                                                                                                                                                                                                                                                                                                                                                                                                                                                                                                                                                                                                                                                               │
├─────────────────────────────────┼──────────┼───────────────────┼───────────┼──────────────┼─────────────┼─────────────────┼─────────────────────────────────────────────────────────────────────────────────────────────────────────────────────────────────────────────────────────────────────────────────────────────────────────────────────────────────────────────────────────────────────────────────────────────────────────────────────────────────────────────────────────────────────────────────────────────────────────────────────────────────────────────────────────────────────────────────────────────────────────────────────────────────────────────────────────────────────────────────────────────────────────────────────────────────────────────────────────────────────────────────────────────────────────────────────────────────────────────────────────────────────────────────────────────────────────────────────────────────────────────────────────────────────────────────────────────────────────────────────────────────────────────────────────────────────────────────────────────────────────────────────────────────────────────────────────────────────────────────────────────────────────────────────────────────────────────┤
│                GBFS CarDistance │ 20       │ '2.62ms ± 0.22ms' │ 368       │ 369          │ 2964        │ '1.014'         │ '∅ J+1 D+1 M-1 J+1 D-1 B+1 J-2 F+3 J+1 D+1 J+1 D+1 E+1 H+1 L-1 E-1 D-1 J-1 I-1 H-1 J+1 D+1 E+1 I-1 B+1 H+1 I-1 G-1 M-1 C+1 L+2 G-3 B-1 L-2 C-1 I+3 E-1 D-1 J-1 C+1 H-1 J+1 D-1 J-2 C-1 J+1 I-1 J+1 D+2 C+1 E+1 I-1 C-1 M+1 I+2 E-1 D-2 L+1 J-2 M+1 J+1 D+1 M-2 J+1 D+1 C+1 E+1 H+1 L+1 E-1 D-1 L-1 F-3 J-1 C-1 M-1 J+1 D+1 C+1 H-1 D-2 J-2 C-1 J+1 I+1 J+1 D+2 E+1 C+1 H+1 B-1 C-1 E-1 D-1 J-1 C+1 H-1 J+1 D-1 J-2 C-1 B+2 F+2 J+2 D+2 C+1 D-1 J-1 D-1 B-1 J-1 L+1 J+2 D+2 I-1 D-1 J-1 D-1 L+1 P+1 J+1 I+1 H-1 J-1 B+1 H+1 G+3 J+1 H-3 G-2 J-1 B-1 I-1 J+1 M+1 F-1 J-1 F+2 H+3 J+1 H-2 F-3 J-1 M-1 I+1 J+1 B-1 P+2 J-1 I-1 L-1 J-1 I+1 E-1 J+2 D+2 I-1 D-1 J-1 I+1 E+1 J+1 H+3 D+1 H-2 D-2 J-1 E-1 I-1 J-1 H+1 J+2 L+1 J-1 I+1 G-1 J+1 L-2 J-2 C-2 J+1 D+1 J+1 D+1 C+1 I-1 D-2 J-2 H-1 J+1 D+1 J+1 C-2 D-1 C+3 D+2 C-2 H+2 D-1 J-1 C+2 H-1 J+1 E+1 D-1 J-2 H-1 J+1 D+1 I+1 J+1 D-1 C-1 J-2 H+1 J+1 D+1 J+1 H+1 D+1 C+1 H-1 E+1 I-1 H+1 C-1 H-2 E-1 M+2 D-2 J-2 M-1 J+1 D+1 J+1 C+1 D-1 L+2 J-1 L-1 J-1 E-1 J+2 D+2 E+2 H+2 E-1 D-1 J-1 H-1 E-1 D-1 L-1 J-1 C-2 J+2 D+2 C+2 H+1 D-1 C-1 J-1 H-1 C-1 H-1 J+1 M+1 D-1 J-2 C-1 J+1 D+1 M+1 P+1' │
└─────────────────────────────────┴──────────┴───────────────────┴───────────┴──────────────┴─────────────┴─────────────────┴─────────────────────────────────────────────────────────────────────────────────────────────────────────────────────────────────────────────────────────────────────────────────────────────────────────────────────────────────────────────────────────────────────────────────────────────────────────────────────────────────────────────────────────────────────────────────────────────────────────────────────────────────────────────────────────────────────────────────────────────────────────────────────────────────────────────────────────────────────────────────────────────────────────────────────────────────────────────────────────────────────────────────────────────────────────────────────────────────────────────────────────────────────────────────────────────────────────────────────────────────────────────────────────────────────────────────────────────────────────────────────────────────────────────────────────────────────────────────────────────────────────────────────────────────────────────────────────────────────────────────────────────────────────────────────────────────────────────┘
┌─────────────────────────────────┬──────────┬───────────────────┬───────────┬──────────────┬─────────────┬─────────────────┬─────────────────────────────────────────────────────────────────────────────────────────────────────────────────────────────────────────────────────────────────────────────────────────────────────────────────────────────────────────────────────────────────────────────────────────────────────────────────────────────────────────────┐
│ (index)                         │ runCount │ duration          │ tickCount │ visitedNodes │ searchCount │ branchingFactor │ solutionSteps                                                                                                                                                                                                                                                                                                                               │
├─────────────────────────────────┼──────────┼───────────────────┼───────────┼──────────────┼─────────────┼─────────────────┼─────────────────────────────────────────────────────────────────────────────────────────────────────────────────────────────────────────────────────────────────────────────────────────────────────────────────────────────────────────────────────────────────────────────────────────────────────────────────────────────────────────────┤
│                 GBFS CarBlocked │ 20       │ '0.51ms ± 0.05ms' │ 135       │ 136          │ 819         │ '1.045'         │ '∅ B+1 F+3 J+1 D+1 H+1 F-2 M-1 J+1 D+1 H-1 E+1 F+2 H+1 L-1 I-3 B+1 I+1 H-1 G-1 M-1 C+1 H+1 I-1 C-1 L+1 M+1 F-3 M-2 C+1 L+1 G-3 B-2 M+1 B+1 F+3 L-2 C-1 I+3 E-1 D-1 J-1 M+2 L+1 F-3 B-1 H-1 D-1 J-1 M-3 J+2 D+2 C+1 D-1 J-1 D-1 L+2 J+1 I+1 P+3 J-1 L-2 J-1 C-1 J+2 D+2 C+1 D-1 I-1 J-1 C-1 M+3 D-1 J-1 E-1 C-1 J+1 D+1 H-1 C-1 D-1 J-1 P+1' │
└─────────────────────────────────┴──────────┴───────────────────┴───────────┴──────────────┴─────────────┴─────────────────┴─────────────────────────────────────────────────────────────────────────────────────────────────────────────────────────────────────────────────────────────────────────────────────────────────────────────────────────────────────────────────────────────────────────────────────────────────────────────────────────────────────────────┘
┌─────────────────────────────────┬──────────┬───────────────────┬───────────┬──────────────┬─────────────┬─────────────────┬─────────────────────────────────────────────────────────────────────────────────────────────────────────────────────────────────────────────────────────────────────────────────────────────────────────────────────────────────────────────────────────────────────────────────────────────────────────────────────────────────────────────────────────────────────────────────────────┐
│ (index)                         │ runCount │ duration          │ tickCount │ visitedNodes │ searchCount │ branchingFactor │ solutionSteps                                                                                                                                                                                                                                                                                                                                                                           │
├─────────────────────────────────┼──────────┼───────────────────┼───────────┼──────────────┼─────────────┼─────────────────┼─────────────────────────────────────────────────────────────────────────────────────────────────────────────────────────────────────────────────────────────────────────────────────────────────────────────────────────────────────────────────────────────────────────────────────────────────────────────────────────────────────────────────────────────────────────────────────────┤
│        GBFS CarBlockedRecursive │ 20       │ '7.25ms ± 0.49ms' │ 285       │ 286          │ 1933        │ '1.050'         │ '∅ J+1 B+1 F+3 L-1 I-1 M-1 J+1 D+2 E+1 H+1 I-2 L+1 F-3 B+1 F+2 G-1 F-1 M-2 C+1 L+1 M+1 F-1 G-3 M-1 F+2 G+2 M+1 F+1 G-1 B-1 G-1 L-2 I+2 E-1 C-1 M+1 H-1 D-2 J-1 M+1 I+1 L+1 F-3 B-1 M-3 C+1 L+2 M+1 G+1 B+1 J+1 F+3 G-1 J-1 F-2 M-1 F+1 G+1 P+1 F-2 B-1 H-2 M+1 P+2 E-1 M-1 H+2 G-1 M+1 H-1 E+1 M-1 G+1 L-1 J-1 M+1 E-1 J+1 D+1 M-1 H-1 E+1 M+1 H+3 G-1 M-1 E-1 H-1 M+1 L-1 C-2 M+2 P+1' │
└─────────────────────────────────┴──────────┴───────────────────┴───────────┴──────────────┴─────────────┴─────────────────┴─────────────────────────────────────────────────────────────────────────────────────────────────────────────────────────────────────────────────────────────────────────────────────────────────────────────────────────────────────────────────────────────────────────────────────────────────────────────────────────────────────────────────────────────────────────────────────────┘
┌─────────────────────────────────┬──────────┬────────────────────┬───────────┬──────────────┬─────────────┬─────────────────┬─────────────────────────────────────────────────────────────────────────────────────────────────────────────────────────────────────────┐
│ (index)                         │ runCount │ duration           │ tickCount │ visitedNodes │ searchCount │ branchingFactor │ solutionSteps                                                                                                                           │
├─────────────────────────────────┼──────────┼────────────────────┼───────────┼──────────────┼─────────────┼─────────────────┼─────────────────────────────────────────────────────────────────────────────────────────────────────────────────────────────────────────┤
│                  A* CarDistance │ 14       │ '13.38ms ± 1.16ms' │ 1953      │ 1954         │ 15867       │ '1.280'         │ '∅ M-1 J+2 D+2 E+1 B+1 F+3 L-1 I-2 B+1 G-1 H+1 M-1 I-1 C+1 L+2 G-3 B-1 L-2 I+2 H-1 E-1 I+1 D-2 L+3 P+1 F-3 B-1 P+2 L-2 C-1 J-1 M+2 P+1' │
└─────────────────────────────────┴──────────┴────────────────────┴───────────┴──────────────┴─────────────┴─────────────────┴─────────────────────────────────────────────────────────────────────────────────────────────────────────────────────────────────────────┘
┌─────────────────────────────────┬──────────┬────────────────────┬───────────┬──────────────┬─────────────┬─────────────────┬─────────────────────────────────────────────────────────────────────────────────────────────────────────────────────────────────────┐
│ (index)                         │ runCount │ duration           │ tickCount │ visitedNodes │ searchCount │ branchingFactor │ solutionSteps                                                                                                                       │
├─────────────────────────────────┼──────────┼────────────────────┼───────────┼──────────────┼─────────────┼─────────────────┼─────────────────────────────────────────────────────────────────────────────────────────────────────────────────────────────────────┤
│                   A* CarBlocked │ 11       │ '16.84ms ± 1.33ms' │ 1930      │ 1931         │ 15611       │ '1.291'         │ '∅ M-1 J+2 D+2 E+1 B+1 F+3 L-1 I-2 B+1 G-1 H+1 M-1 I-1 C+1 L+2 G-3 B-1 L-2 I+3 L+1 F-3 B-1 H-1 E-1 D-2 L+2 P+3 L-2 C-1 J-1 M+2 P+1' │
└─────────────────────────────────┴──────────┴────────────────────┴───────────┴──────────────┴─────────────┴─────────────────┴─────────────────────────────────────────────────────────────────────────────────────────────────────────────────────────────────────┘
┌─────────────────────────────────┬──────────┬────────────────────┬───────────┬──────────────┬─────────────┬─────────────────┬─────────────────────────────────────────────────────────────────────────────────────────────────────────────────────────────────────────┐
│ (index)                         │ runCount │ duration           │ tickCount │ visitedNodes │ searchCount │ branchingFactor │ solutionSteps                                                                                                                           │
├─────────────────────────────────┼──────────┼────────────────────┼───────────┼──────────────┼─────────────┼─────────────────┼─────────────────────────────────────────────────────────────────────────────────────────────────────────────────────────────────────────┤
│          A* CarBlockedRecursive │ 4        │ '59.95ms ± 3.87ms' │ 1559      │ 1560         │ 12491       │ '1.270'         │ '∅ J+1 B+1 M-1 J+1 D+2 H+1 F+3 L-1 E+1 I-3 B+1 G-1 M-1 C+1 L+2 G-3 B-1 L-2 I+2 H-1 E-1 D-2 J-1 I+1 L+1 F-3 B-1 L+2 P+3 L-2 C-1 M+2 P+1' │
└─────────────────────────────────┴──────────┴────────────────────┴───────────┴──────────────┴─────────────┴─────────────────┴─────────────────────────────────────────────────────────────────────────────────────────────────────────────────────────────────────────┘
┌─────────────────────────────────┬─────────────┐
│ (index)                         │ status      │
├─────────────────────────────────┼─────────────┤
│                IDA* CarDistance │ 'Timed out' │
└─────────────────────────────────┴─────────────┘
┌─────────────────────────────────┬──────────┬─────────────────────┬───────────┬──────────────┬─────────────┬───────────────────────────────────┐
│ (index)                         │ runCount │ duration            │ tickCount │ visitedNodes │ searchCount │ errorMessage                      │
├─────────────────────────────────┼──────────┼─────────────────────┼───────────┼──────────────┼─────────────┼───────────────────────────────────┤
│                 IDA* CarBlocked │ 1        │ '201.38ms ± 0.00ms' │ 10        │ 0            │ 157834      │ 'Timed out, ticked too many/long' │
└─────────────────────────────────┴──────────┴─────────────────────┴───────────┴──────────────┴─────────────┴───────────────────────────────────┘
┌─────────────────────────────────┬─────────────┐
│ (index)                         │ status      │
├─────────────────────────────────┼─────────────┤
│        IDA* CarBlockedRecursive │ 'Timed out' │
└─────────────────────────────────┴─────────────┘
┌─────────────────────────────────┬──────────┬─────────────────────┬───────────┬──────────────┬─────────────┬───────────────────────────────────┐
│ (index)                         │ runCount │ duration            │ tickCount │ visitedNodes │ searchCount │ errorMessage                      │
├─────────────────────────────────┼──────────┼─────────────────────┼───────────┼──────────────┼─────────────┼───────────────────────────────────┤
│         IDA* Approx CarDistance │ 1        │ '200.15ms ± 0.00ms' │ 42        │ 1327         │ 299250      │ 'Timed out, ticked too many/long' │
└─────────────────────────────────┴──────────┴─────────────────────┴───────────┴──────────────┴─────────────┴───────────────────────────────────┘
┌─────────────────────────────────┬──────────┬─────────────────────┬───────────┬──────────────┬─────────────┬───────────────────────────────────┐
│ (index)                         │ runCount │ duration            │ tickCount │ visitedNodes │ searchCount │ errorMessage                      │
├─────────────────────────────────┼──────────┼─────────────────────┼───────────┼──────────────┼─────────────┼───────────────────────────────────┤
│          IDA* Approx CarBlocked │ 1        │ '208.71ms ± 0.00ms' │ 42        │ 1129         │ 241636      │ 'Timed out, ticked too many/long' │
└─────────────────────────────────┴──────────┴─────────────────────┴───────────┴──────────────┴─────────────┴───────────────────────────────────┘
┌─────────────────────────────────┬──────────┬─────────────────────┬───────────┬──────────────┬─────────────┬───────────────────────────────────┐
│ (index)                         │ runCount │ duration            │ tickCount │ visitedNodes │ searchCount │ errorMessage                      │
├─────────────────────────────────┼──────────┼─────────────────────┼───────────┼──────────────┼─────────────┼───────────────────────────────────┤
│ IDA* Approx CarBlockedRecursive │ 1        │ '201.96ms ± 0.00ms' │ 28        │ 198          │ 65766       │ 'Timed out, ticked too many/long' │
└─────────────────────────────────┴──────────┴─────────────────────┴───────────┴──────────────┴─────────────┴───────────────────────────────────┘
=====================================
cases\Jam-29.txt
6 6
11
FFF.L. 
..B.L. 
PPB.LGK
HEEIIG 
HDDJ.M 
CCCJ.M 

┌─────────────────────────────────┬──────────┬────────────────────┬───────────┬──────────────┬─────────────┬─────────────────┬─────────────────────────────────────────────────────────────────────────────────────────────────────────────────────────────────┐
│ (index)                         │ runCount │ duration           │ tickCount │ visitedNodes │ searchCount │ branchingFactor │ solutionSteps                                                                                                                   │
├─────────────────────────────────┼──────────┼────────────────────┼───────────┼──────────────┼─────────────┼─────────────────┼─────────────────────────────────────────────────────────────────────────────────────────────────────────────────────────────────┤
│                             UCS │ 9        │ '20.70ms ± 3.52ms' │ 4324      │ 4354         │ 38390       │ '1.345'         │ '∅ F+1 G-1 I+1 J-3 I-1 D+2 M-1 C+3 H+1 E-1 B+3 P+1 E+1 H-4 P-1 E-1 B-3 D-2 C-3 M+1 I+1 J+3 I-2 L+3 F+2 B-1 P+3 B+1 F-1 G-1 P+1' │
└─────────────────────────────────┴──────────┴────────────────────┴───────────┴──────────────┴─────────────┴─────────────────┴─────────────────────────────────────────────────────────────────────────────────────────────────────────────────────────────────┘
┌─────────────────────────────────┬──────────┬───────────────────┬───────────┬──────────────┬─────────────┬─────────────────┬─────────────────────────────────────────────────────────────────────────────────────────────────────────────────────────────────────────────────────────────────────────────────────────────────────────────────────────────────────────────────────────────────────────────────────────────────────────────────────────────────────────────────────────────────────────────────────────────────────────────────────────────────────────────────────────────────────────────────────────────────────────────────────────────────────────────────────────────────────────────────────────────────────────────────────────────────────────────────────────────────────────────────────────────────────────────────────────────────────────────────────────────────────────────────────────────────────────────────────────────────────────────────────────────────────────────────────────────────────────────────────────────────────────────────────────────────────────────────────────────────────────────────────────────────────────────────────────────────────────────────────────────────────────────────────────────────────────────────────────────────────────────────────────────────────────────────────────────────────────────────────────────────────────────────────────────────────────────────────────────────────────────────────────────────────────────────────────────────────────────────────────────────────────────────────────────────────────────────────────────────────────┐
│ (index)                         │ runCount │ duration          │ tickCount │ visitedNodes │ searchCount │ branchingFactor │ solutionSteps                                                                                                                                                                                                                                                                                                                                                                                                                                                                                                                                                                                                                                                                                                                                                                                                                                                                                                                                                                                                                                                                                                                                                                                                                                                                                                                                                                                                                                                                                           │
├─────────────────────────────────┼──────────┼───────────────────┼───────────┼──────────────┼─────────────┼─────────────────┼─────────────────────────────────────────────────────────────────────────────────────────────────────────────────────────────────────────────────────────────────────────────────────────────────────────────────────────────────────────────────────────────────────────────────────────────────────────────────────────────────────────────────────────────────────────────────────────────────────────────────────────────────────────────────────────────────────────────────────────────────────────────────────────────────────────────────────────────────────────────────────────────────────────────────────────────────────────────────────────────────────────────────────────────────────────────────────────────────────────────────────────────────────────────────────────────────────────────────────────────────────────────────────────────────────────────────────────────────────────────────────────────────────────────────────────────────────────────────────────────────────────────────────────────────────────────────────────────────────────────────────────────────────────────────────────────────────────────────────────────────────────────────────────────────────────────────────────────────────────────────────────────────────────────────────────────────────────────────────────────────────────────────────────────────────────────────────────────────────────────────────────────────────────────────────────────────────────────────────────────────────────┤
│                GBFS CarDistance │ 20       │ '9.67ms ± 5.91ms' │ 1450      │ 1451         │ 12260       │ '1.014'         │ '∅ G-2 M-2 F+1 M+1 G+1 M+1 I+1 J-3 C+2 D+2 C-1 D-1 I-1 C-1 M-1 C+3 D-1 C-2 D+2 C+1 H+1 C+1 E-1 C-2 D-2 C+1 D+1 M+1 C-1 I-1 M-1 C+2 D-1 G-1 C-2 D+2 C+1 D-1 M-1 C-1 D+2 C+2 D-1 I+1 C-2 D-2 C+1 D+3 E+1 C-1 D-2 C+2 D-1 H-1 C-3 D+3 F-1 C+3 D-2 C-2 D-1 C+1 D+2 H+1 C-1 M+2 D-2 C+1 M-1 C+1 D+2 H-1 C-3 D-2 M+1 D+1 C+2 M-1 J-1 C-2 M-1 D-1 C+3 D+2 C-2 D+1 C+1 H+1 C+1 D-2 C-2 D-1 E-1 C+2 D+2 C-1 D-1 I-1 C-1 D+2 C+2 L+1 C-1 D-3 C-1 D+2 M+2 C+1 M-1 C+1 D-2 L-1 C-2 D+2 I+1 D-1 C+2 B+1 C-1 D-1 C-1 M+1 D+2 C+1 I+1 D-2 B-1 C-1 D+2 E+2 C+1 D-1 H-1 C-2 D-1 C+1 E-1 C+1 D+2 C-2 I-1 G+2 C+2 D-2 C-1 D+1 H+1 C+1 E-1 D-1 C-1 D+2 I-1 C+1 G-1 M-1 C+1 D-1 C-2 M+1 D-1 L+3 M-1 L-2 C+1 D+1 M+1 G+1 C-1 D-1 L+1 C+1 G-2 M-1 D+1 C-1 M+1 L+1 J+1 M-2 D-1 L-3 C+2 D+1 I+1 C-2 D+2 B+2 P+1 C+2 D-1 C-1 M+2 C-1 M-1 J-1 P+1 C+2 G+1 P-1 J+1 C-1 F+1 G-1 C+1 B+1 M-1 D+1 E+1 H-4 D-1 E-1 B-1 C-3 D+1 C+2 H+1 C-1 D-1 M+2 C-1 M-1 C+3 B+1 I-1 M-1 D+1 I+1 F-1 D-1 B-1 C-1 M+2 I+1 C-2 J+1 C+1 G+1 C+1 F+1 C-2 J-1 H-1 P-1 B-2 C+2 D-3 C-1 D+2 I-2 C-1 M-1 C+3 D-2 C-2 D+3 C+1 D-2 M+1 I+1 C-2 M-1 C+3 D+2 E+1 C-3 D-3 C+2 D+2 C-1 D-1 M+1 D-1 G-1 C-1 M-2 C+3 D+4 C-2 D-3 C+1 D+2 E-1 C-2 D-2 C+3 D+1 C-2 D-2 I-1 C-1 D+4 C+3 D-1 M+1 C-3 D-2 C+1 D+1 C+1 D-2 M+1 D+3 C-1 I+2 D-2 C-1 D-1 E+2 C+2 D+3 E-1 J+1 C-1 D-3 C-1 D+1 J+2 I-1 M-2 D-1 E-1 I-1 D+1 M+2 G+2 D-1 G-1 M-1 L+3 D+1 M+1 L-2 F+2 M-1 D-1 L+1 M+1 L+1 G+1 D+1 L-1 B-1 P+2 D-1 G-1 M-1 D+1 L-1 M+1 L+2 P+1 M-1 D-1 B+1 M+1 G+1 D+1 F-2 G-2 P+1' │
└─────────────────────────────────┴──────────┴───────────────────┴───────────┴──────────────┴─────────────┴─────────────────┴─────────────────────────────────────────────────────────────────────────────────────────────────────────────────────────────────────────────────────────────────────────────────────────────────────────────────────────────────────────────────────────────────────────────────────────────────────────────────────────────────────────────────────────────────────────────────────────────────────────────────────────────────────────────────────────────────────────────────────────────────────────────────────────────────────────────────────────────────────────────────────────────────────────────────────────────────────────────────────────────────────────────────────────────────────────────────────────────────────────────────────────────────────────────────────────────────────────────────────────────────────────────────────────────────────────────────────────────────────────────────────────────────────────────────────────────────────────────────────────────────────────────────────────────────────────────────────────────────────────────────────────────────────────────────────────────────────────────────────────────────────────────────────────────────────────────────────────────────────────────────────────────────────────────────────────────────────────────────────────────────────────────────────────────────────────────────────────────────────────────────────────────────────────────────────────────────────────────────────────────────────────┘
┌─────────────────────────────────┬──────────┬───────────────────┬───────────┬──────────────┬─────────────┬─────────────────┬─────────────────────────────────────────────────────────────────────────────────────────────────────────────────────────────────────────────────────────────────────────────────────────────────────────────────────────────────────────────────────────────────────────────────────────────────────────────────────────────────────────┐
│ (index)                         │ runCount │ duration          │ tickCount │ visitedNodes │ searchCount │ branchingFactor │ solutionSteps                                                                                                                                                                                                                                                                                                                           │
├─────────────────────────────────┼──────────┼───────────────────┼───────────┼──────────────┼─────────────┼─────────────────┼─────────────────────────────────────────────────────────────────────────────────────────────────────────────────────────────────────────────────────────────────────────────────────────────────────────────────────────────────────────────────────────────────────────────────────────────────────────────────────────────────────────┤
│                 GBFS CarBlocked │ 20       │ '5.48ms ± 1.17ms' │ 914       │ 915          │ 7285        │ '1.081'         │ '∅ G-2 I+1 J-4 C+2 D+2 C-1 D-1 I-1 C-1 M-1 C+3 D-1 C-2 D+2 C+1 H+1 C+1 E-1 B+3 E+1 H-1 J+1 F+1 P+1 H-3 E-1 B-1 C-3 M+1 C+2 I+1 C-1 P-1 I-1 M-1 C+1 B-2 D-3 B+2 C-2 M+1 C+1 I+1 J+2 C+1 B-2 D+1 C-2 J+1 I-2 L+3 F+1 G+2 F+1 B-1 D-1 G-1 M-1 D+1 P+3 M+1 P-2 H+1 M-1 D-1 P+2 M+1 P-1 G+1 D+1 P+1 B+1 D-1 H-1 G-1 M-1 F-2 G-1 D+1 M+1 P+1' │
└─────────────────────────────────┴──────────┴───────────────────┴───────────┴──────────────┴─────────────┴─────────────────┴─────────────────────────────────────────────────────────────────────────────────────────────────────────────────────────────────────────────────────────────────────────────────────────────────────────────────────────────────────────────────────────────────────────────────────────────────────────────────────────────────────────┘
┌─────────────────────────────────┬──────────┬─────────────────────┬───────────┬──────────────┬─────────────┬─────────────────┬─────────────────────────────────────────────────────────────────────────────────────────────────────────────────────────────────────────────────────────────────────────────────────────────────────────────────────────────────────────────────────────────────────────────────────────────────┐
│ (index)                         │ runCount │ duration            │ tickCount │ visitedNodes │ searchCount │ branchingFactor │ solutionSteps                                                                                                                                                                                                                                                                                   │
├─────────────────────────────────┼──────────┼─────────────────────┼───────────┼──────────────┼─────────────┼─────────────────┼─────────────────────────────────────────────────────────────────────────────────────────────────────────────────────────────────────────────────────────────────────────────────────────────────────────────────────────────────────────────────────────────────────────────────────────────────┤
│        GBFS CarBlockedRecursive │ 6        │ '32.36ms ± 10.50ms' │ 1312      │ 1313         │ 10770       │ '1.102'         │ '∅ G-2 I+1 J-4 C+1 J+3 H+1 E-1 J-3 I-2 D+1 I+1 D+1 B+2 M-1 C+2 B+1 P+1 E+1 H-3 E-1 I-1 L+1 J+1 F+2 H-1 F-1 L-1 H+1 I+1 B-1 C-3 M+1 C+1 I+1 J+1 C-1 H-1 J-1 P-1 C+1 B-2 D-3 J+2 B+2 C-1 J+1 I-1 M-1 B-2 I-1 L+3 F+1 G+1 F+1 B-1 M+1 D+1 G+1 P+3 D-1 H+1 G-1 M-1 D+1 H-1 B+1 M+1 D-1 F-2 G-1 P+1' │
└─────────────────────────────────┴──────────┴─────────────────────┴───────────┴──────────────┴─────────────┴─────────────────┴─────────────────────────────────────────────────────────────────────────────────────────────────────────────────────────────────────────────────────────────────────────────────────────────────────────────────────────────────────────────────────────────────────────────────────────────────┘
┌─────────────────────────────────┬──────────┬────────────────────┬───────────┬──────────────┬─────────────┬─────────────────┬─────────────────────────────────────────────────────────────────────────────────────────────────────────────────────────────────────────────────────────────────────┐
│ (index)                         │ runCount │ duration           │ tickCount │ visitedNodes │ searchCount │ branchingFactor │ solutionSteps                                                                                                                                                       │
├─────────────────────────────────┼──────────┼────────────────────┼───────────┼──────────────┼─────────────┼─────────────────┼─────────────────────────────────────────────────────────────────────────────────────────────────────────────────────────────────────────────────────────────────────┤
│                  A* CarDistance │ 8        │ '23.50ms ± 2.43ms' │ 4282      │ 4283         │ 38097       │ '1.250'         │ '∅ G-1 I+1 J-1 C+1 H+1 E-1 J-1 D+2 B+2 P+1 J-1 I-1 M-1 C+2 B+1 E+1 H-3 E-1 B-1 C-1 M+1 F+1 I+1 H-1 P-1 B-2 D-2 C-2 J+3 I-2 L+1 F+2 B-1 P+1 L+2 P+2 B+1 F-1 G-1 P+1' │
└─────────────────────────────────┴──────────┴────────────────────┴───────────┴──────────────┴─────────────┴─────────────────┴─────────────────────────────────────────────────────────────────────────────────────────────────────────────────────────────────────────────────────────────────────┘
┌─────────────────────────────────┬──────────┬─────────────────────┬───────────┬──────────────┬─────────────┬─────────────────┬─────────────────────────────────────────────────────────────────────────────────────────────────────────────────────────────────────────────────────────┐
│ (index)                         │ runCount │ duration            │ tickCount │ visitedNodes │ searchCount │ branchingFactor │ solutionSteps                                                                                                                                           │
├─────────────────────────────────┼──────────┼─────────────────────┼───────────┼──────────────┼─────────────┼─────────────────┼─────────────────────────────────────────────────────────────────────────────────────────────────────────────────────────────────────────────────────────┤
│                   A* CarBlocked │ 4        │ '46.38ms ± 20.01ms' │ 4290      │ 4291         │ 38154       │ '1.276'         │ '∅ G-1 I+1 J-1 C+1 J-2 I-1 M-1 H+1 E-1 D+2 B+2 P+1 C+2 B+1 E+1 F+1 H-4 P-1 E-1 B-1 C-1 M+1 I+1 B-2 D-2 C-2 J+3 I-2 L+1 F+2 B-1 L+2 P+3 B+1 F-1 G-1 P+1' │
└─────────────────────────────────┴──────────┴─────────────────────┴───────────┴──────────────┴─────────────┴─────────────────┴─────────────────────────────────────────────────────────────────────────────────────────────────────────────────────────────────────────────────────────┘
┌─────────────────────────────────┬──────────┬────────────────────┬───────────┬──────────────┬─────────────┬─────────────────┬─────────────────────────────────────────────────────────────────────────────────────────────────────────────────────────────────────────────────────────────────┐
│ (index)                         │ runCount │ duration           │ tickCount │ visitedNodes │ searchCount │ branchingFactor │ solutionSteps                                                                                                                                                   │
├─────────────────────────────────┼──────────┼────────────────────┼───────────┼──────────────┼─────────────┼─────────────────┼─────────────────────────────────────────────────────────────────────────────────────────────────────────────────────────────────────────────────────────────────┤
│          A* CarBlockedRecursive │ 4        │ '97.94ms ± 1.22ms' │ 4284      │ 4285         │ 38112       │ '1.258'         │ '∅ G-1 I+1 J-1 C+1 H+1 E-1 J-1 D+2 B+2 J-1 I-1 P+1 M-1 C+2 B+1 E+1 H-3 E-1 F+1 B-1 C-2 M+1 H-1 C-1 I+1 P-1 B-2 D-2 J+3 I-2 L+1 F+2 B-1 L+2 P+3 B+1 F-1 G-1 P+1' │
└─────────────────────────────────┴──────────┴────────────────────┴───────────┴──────────────┴─────────────┴─────────────────┴─────────────────────────────────────────────────────────────────────────────────────────────────────────────────────────────────────────────────────────────────┘
┌─────────────────────────────────┬─────────────┐
│ (index)                         │ status      │
├─────────────────────────────────┼─────────────┤
│                IDA* CarDistance │ 'Timed out' │
└─────────────────────────────────┴─────────────┘
┌─────────────────────────────────┬─────────────┐
│ (index)                         │ status      │
├─────────────────────────────────┼─────────────┤
│                 IDA* CarBlocked │ 'Timed out' │
└─────────────────────────────────┴─────────────┘
┌─────────────────────────────────┬─────────────┐
│ (index)                         │ status      │
├─────────────────────────────────┼─────────────┤
│        IDA* CarBlockedRecursive │ 'Timed out' │
└─────────────────────────────────┴─────────────┘
┌─────────────────────────────────┬──────────┬─────────────────────┬───────────┬──────────────┬─────────────┬───────────────────────────────────┐
│ (index)                         │ runCount │ duration            │ tickCount │ visitedNodes │ searchCount │ errorMessage                      │
├─────────────────────────────────┼──────────┼─────────────────────┼───────────┼──────────────┼─────────────┼───────────────────────────────────┤
│         IDA* Approx CarDistance │ 1        │ '202.01ms ± 0.00ms' │ 17        │ 1782         │ 151202      │ 'Timed out, ticked too many/long' │
└─────────────────────────────────┴──────────┴─────────────────────┴───────────┴──────────────┴─────────────┴───────────────────────────────────┘
┌─────────────────────────────────┬──────────┬─────────────────────┬───────────┬──────────────┬─────────────┬───────────────────────────────────┐
│ (index)                         │ runCount │ duration            │ tickCount │ visitedNodes │ searchCount │ errorMessage                      │
├─────────────────────────────────┼──────────┼─────────────────────┼───────────┼──────────────┼─────────────┼───────────────────────────────────┤
│          IDA* Approx CarBlocked │ 1        │ '202.88ms ± 0.00ms' │ 18        │ 1825         │ 186005      │ 'Timed out, ticked too many/long' │
└─────────────────────────────────┴──────────┴─────────────────────┴───────────┴──────────────┴─────────────┴───────────────────────────────────┘
┌─────────────────────────────────┬──────────┬─────────────────────┬───────────┬──────────────┬─────────────┬───────────────────────────────────┐
│ (index)                         │ runCount │ duration            │ tickCount │ visitedNodes │ searchCount │ errorMessage                      │
├─────────────────────────────────┼──────────┼─────────────────────┼───────────┼──────────────┼─────────────┼───────────────────────────────────┤
│ IDA* Approx CarBlockedRecursive │ 1        │ '237.29ms ± 0.00ms' │ 14        │ 1498         │ 50810       │ 'Timed out, ticked too many/long' │
└─────────────────────────────────┴──────────┴─────────────────────┴───────────┴──────────────┴─────────────┴───────────────────────────────────┘
=====================================
cases\Jam-30.txt
6 6
9
F.BJJJ 
F.BG.. 
FPPG..K
HHEE.C 
.....C 
IIDD.C 

┌─────────────────────────────────┬──────────┬───────────────────┬───────────┬──────────────┬─────────────┬─────────────────┬─────────────────────────────────────────────────────────────────────────────────────────────────────────────────────────────────────┐
│ (index)                         │ runCount │ duration          │ tickCount │ visitedNodes │ searchCount │ branchingFactor │ solutionSteps                                                                                                                       │
├─────────────────────────────────┼──────────┼───────────────────┼───────────┼──────────────┼─────────────┼─────────────────┼─────────────────────────────────────────────────────────────────────────────────────────────────────────────────────────────────────┤
│                             UCS │ 20       │ '7.56ms ± 2.74ms' │ 1163      │ 1171         │ 8622        │ '1.264'         │ '∅ E+1 H+1 C-1 D+2 I+1 F+3 P-1 B+1 J-1 C-2 E+1 G+3 E-1 C+1 J+1 B-1 P+3 F-3 H-1 I-1 B+4 P-2 H+1 F+1 J-3 C-1 E+1 G-4 E-1 D-1 C+3 P+3' │
└─────────────────────────────────┴──────────┴───────────────────┴───────────┴──────────────┴─────────────┴─────────────────┴─────────────────────────────────────────────────────────────────────────────────────────────────────────────────────────────────────┘
┌─────────────────────────────────┬──────────┬───────────────────┬───────────┬──────────────┬─────────────┬─────────────────┬─────────────────────────────────────────────────────────────────────────────────────────────────────────────────────────────────────────────────────────────────────────────────────────────────────────────────────────────────────────────────────────────────────────────────────────────────────────────────────────────────────────────────────────────────────────────────────────────────────────────────────────────────────────────────────────────────────────────────────────────────────┐
│ (index)                         │ runCount │ duration          │ tickCount │ visitedNodes │ searchCount │ branchingFactor │ solutionSteps                                                                                                                                                                                                                                                                                                                                                                                                                                                                                       │
├─────────────────────────────────┼──────────┼───────────────────┼───────────┼──────────────┼─────────────┼─────────────────┼─────────────────────────────────────────────────────────────────────────────────────────────────────────────────────────────────────────────────────────────────────────────────────────────────────────────────────────────────────────────────────────────────────────────────────────────────────────────────────────────────────────────────────────────────────────────────────────────────────────────────────────────────────────────────────────────────────────────────────────────────────┤
│                GBFS CarDistance │ 20       │ '7.71ms ± 5.32ms' │ 700       │ 701          │ 5216        │ '1.046'         │ '∅ D+1 I+1 C-2 D+1 I-1 E+1 D-2 H+1 D+1 I+1 D+1 F+3 P-1 B+1 D-1 C+2 J-3 C-3 D+1 I+1 E+1 H+1 I-1 D-1 G-1 H-1 D+1 G+4 E-1 C+2 J+3 C-1 B-1 P+3 F-3 I-1 H-1 E-1 I+1 C+1 E+1 B+3 I-1 B-2 E-1 J-2 I+1 E+1 H+1 I-1 C-2 E+1 I+1 G-1 D-1 I-1 D-1 H-1 D+2 I+2 B+2 I-1 D-1 I-1 B-1 J+1 D-1 B+1 D+2 G+1 I+1 E-1 B-2 I-1 B+3 E-1 C+2 J-1 E+1 B-2 C-2 E+1 B+2 P-2 G-3 D-1 B-1 D-1 E-1 D+2 I+2 E+1 I-1 G+1 D-1 J+1 I-1 D+1 B+1 H+1 D-1 G-1 F+1 D+1 J-1 E-1 D-1 F+1 E+1 H+1 D+1 J-1 H-1 E-1 G-1 P+2 D-1 F-1 C+3 P+1' │
└─────────────────────────────────┴──────────┴───────────────────┴───────────┴──────────────┴─────────────┴─────────────────┴─────────────────────────────────────────────────────────────────────────────────────────────────────────────────────────────────────────────────────────────────────────────────────────────────────────────────────────────────────────────────────────────────────────────────────────────────────────────────────────────────────────────────────────────────────────────────────────────────────────────────────────────────────────────────────────────────────────────────────────────────────┘
┌─────────────────────────────────┬──────────┬───────────────────┬───────────┬──────────────┬─────────────┬─────────────────┬─────────────────────────────────────────────────────────────────────────────────────────────────────────────────────────────────────────────────────────────────────────────────────────────────────────────────────────────────────────────────────────────────────────────────┐
│ (index)                         │ runCount │ duration          │ tickCount │ visitedNodes │ searchCount │ branchingFactor │ solutionSteps                                                                                                                                                                                                                                                                   │
├─────────────────────────────────┼──────────┼───────────────────┼───────────┼──────────────┼─────────────┼─────────────────┼─────────────────────────────────────────────────────────────────────────────────────────────────────────────────────────────────────────────────────────────────────────────────────────────────────────────────────────────────────────────────────────────────────────────────┤
│                 GBFS CarBlocked │ 20       │ '2.13ms ± 0.42ms' │ 245       │ 246          │ 1719        │ '1.074'         │ '∅ D+1 I+1 E+1 H+1 F+3 P-1 B+1 J-3 G-1 C-3 D+1 I+1 E+1 G+3 I-1 J+1 G+1 E-1 C+2 J-1 C-1 J+3 B-1 P+3 F-3 H-1 B+3 P-2 I-1 B+1 E-1 P+2 C+1 E+1 B-3 I+1 B+1 J-2 I-1 C-1 B+2 H+1 P-2 C-1 E+1 G-1 F+2 D-1 P+2 F-1 D+1 G+1 E-1 P-1 F+1 E+1 J-1 G-1 D-1 F-1 P-1 D+1 G-3 E-1 D-1 C+3 P+3' │
└─────────────────────────────────┴──────────┴───────────────────┴───────────┴──────────────┴─────────────┴─────────────────┴─────────────────────────────────────────────────────────────────────────────────────────────────────────────────────────────────────────────────────────────────────────────────────────────────────────────────────────────────────────────────────────────────────────────────┘
┌─────────────────────────────────┬──────────┬───────────────────┬───────────┬──────────────┬─────────────┬─────────────────┬─────────────────────────────────────────────────────────────────────────────────────────────────────────────────────────────────────────────────────────────────────────────────────────────────────────────────────────────────────────────────────────────────────────────────────────────────────────────────────┐
│ (index)                         │ runCount │ duration          │ tickCount │ visitedNodes │ searchCount │ branchingFactor │ solutionSteps                                                                                                                                                                                                                                                                                                       │
├─────────────────────────────────┼──────────┼───────────────────┼───────────┼──────────────┼─────────────┼─────────────────┼─────────────────────────────────────────────────────────────────────────────────────────────────────────────────────────────────────────────────────────────────────────────────────────────────────────────────────────────────────────────────────────────────────────────────────────────────────────────────────┤
│        GBFS CarBlockedRecursive │ 20       │ '8.90ms ± 3.33ms' │ 546       │ 547          │ 4061        │ '1.078'         │ '∅ D+1 I+1 E+1 H+1 F+3 P-1 B+1 J-3 G-1 C-3 E+1 D+1 G+4 E-1 C+2 J+3 C-1 B-1 P+3 C+1 F-3 I-1 C-1 H-1 I+1 E-1 C+1 I-1 B+1 C-1 J-2 I+1 C-1 E+1 I-1 C+2 H+1 C-1 J+1 H-1 I+1 B+1 C-1 I-1 B+2 E-1 C+2 J-1 C-1 J+2 P-2 C+1 E+1 H+1 C-1 F+2 J-3 C-1 F-1 C+2 J+2 C-1 J-1 P+2 C-1 J+1 E+1 G-1 D-1 J-2 F+1 P-2 G-3 E-1 C+3 P+3' │
└─────────────────────────────────┴──────────┴───────────────────┴───────────┴──────────────┴─────────────┴─────────────────┴─────────────────────────────────────────────────────────────────────────────────────────────────────────────────────────────────────────────────────────────────────────────────────────────────────────────────────────────────────────────────────────────────────────────────────────────────────────────────────┘
┌─────────────────────────────────┬──────────┬───────────────────┬───────────┬──────────────┬─────────────┬─────────────────┬─────────────────────────────────────────────────────────────────────────────────────────────────────────────────────────────────────────────────────┐
│ (index)                         │ runCount │ duration          │ tickCount │ visitedNodes │ searchCount │ branchingFactor │ solutionSteps                                                                                                                                       │
├─────────────────────────────────┼──────────┼───────────────────┼───────────┼──────────────┼─────────────┼─────────────────┼─────────────────────────────────────────────────────────────────────────────────────────────────────────────────────────────────────────────────────┤
│                  A* CarDistance │ 20       │ '9.14ms ± 6.82ms' │ 1160      │ 1161         │ 8597        │ '1.227'         │ '∅ D+1 I+1 E+1 H+1 F+3 P-1 B+1 J-1 C-3 E+1 D+1 G+3 E-1 C+1 J+1 B-1 P+3 F-1 I-1 B+1 F-2 H-1 J-1 B+3 H+1 F+1 C-1 E+1 J-2 P-2 G-4 P+2 D-1 E-1 C+3 P+1' │
└─────────────────────────────────┴──────────┴───────────────────┴───────────┴──────────────┴─────────────┴─────────────────┴─────────────────────────────────────────────────────────────────────────────────────────────────────────────────────────────────────────────────────┘
┌─────────────────────────────────┬──────────┬───────────────────┬───────────┬──────────────┬─────────────┬─────────────────┬─────────────────────────────────────────────────────────────────────────────────────────────────────────────────────────────────────────────┐
│ (index)                         │ runCount │ duration          │ tickCount │ visitedNodes │ searchCount │ branchingFactor │ solutionSteps                                                                                                                               │
├─────────────────────────────────┼──────────┼───────────────────┼───────────┼──────────────┼─────────────┼─────────────────┼─────────────────────────────────────────────────────────────────────────────────────────────────────────────────────────────────────────────┤
│                   A* CarBlocked │ 20       │ '8.16ms ± 1.53ms' │ 1167      │ 1168         │ 8650        │ '1.245'         │ '∅ D+1 I+1 E+1 H+1 F+3 P-1 B+1 J-1 C-3 E+1 D+1 G+3 E-1 C+1 J+1 B-1 P+1 F-3 H-1 I-1 P+2 B+4 H+1 J-1 F+1 C-1 E+1 P-2 J-2 G-4 E-1 D-1 C+3 P+3' │
└─────────────────────────────────┴──────────┴───────────────────┴───────────┴──────────────┴─────────────┴─────────────────┴─────────────────────────────────────────────────────────────────────────────────────────────────────────────────────────────────────────────┘
┌─────────────────────────────────┬──────────┬────────────────────┬───────────┬──────────────┬─────────────┬─────────────────┬─────────────────────────────────────────────────────────────────────────────────────────────────────────────────────────────────────────────────┐
│ (index)                         │ runCount │ duration           │ tickCount │ visitedNodes │ searchCount │ branchingFactor │ solutionSteps                                                                                                                                   │
├─────────────────────────────────┼──────────┼────────────────────┼───────────┼──────────────┼─────────────┼─────────────────┼─────────────────────────────────────────────────────────────────────────────────────────────────────────────────────────────────────────────────┤
│          A* CarBlockedRecursive │ 9        │ '21.29ms ± 5.07ms' │ 1152      │ 1153         │ 8561        │ '1.235'         │ '∅ D+1 I+1 E+1 H+1 F+3 P-1 B+1 J-1 C-3 E+1 D+1 G+3 E-1 C+1 J+1 B-1 P+1 F-3 H-1 P+2 B+1 I-1 J-1 B+3 H+1 C-1 F+1 E+1 J-2 P-2 G-4 E-1 D-1 C+3 P+3' │
└─────────────────────────────────┴──────────┴────────────────────┴───────────┴──────────────┴─────────────┴─────────────────┴─────────────────────────────────────────────────────────────────────────────────────────────────────────────────────────────────────────────────┘
┌─────────────────────────────────┬──────────┬─────────────────────┬───────────┬──────────────┬─────────────┬───────────────────────────────────┐
│ (index)                         │ runCount │ duration            │ tickCount │ visitedNodes │ searchCount │ errorMessage                      │
├─────────────────────────────────┼──────────┼─────────────────────┼───────────┼──────────────┼─────────────┼───────────────────────────────────┤
│                IDA* CarDistance │ 1        │ '470.00ms ± 0.00ms' │ 9         │ 0            │ 495710      │ 'Timed out, ticked too many/long' │
└─────────────────────────────────┴──────────┴─────────────────────┴───────────┴──────────────┴─────────────┴───────────────────────────────────┘
┌─────────────────────────────────┬──────────┬─────────────────────┬───────────┬──────────────┬─────────────┬───────────────────────────────────┐
│ (index)                         │ runCount │ duration            │ tickCount │ visitedNodes │ searchCount │ errorMessage                      │
├─────────────────────────────────┼──────────┼─────────────────────┼───────────┼──────────────┼─────────────┼───────────────────────────────────┤
│                 IDA* CarBlocked │ 1        │ '509.01ms ± 0.00ms' │ 10        │ 0            │ 684653      │ 'Timed out, ticked too many/long' │
└─────────────────────────────────┴──────────┴─────────────────────┴───────────┴──────────────┴─────────────┴───────────────────────────────────┘
┌─────────────────────────────────┬──────────┬─────────────────────┬───────────┬──────────────┬─────────────┬───────────────────────────────────┐
│ (index)                         │ runCount │ duration            │ tickCount │ visitedNodes │ searchCount │ errorMessage                      │
├─────────────────────────────────┼──────────┼─────────────────────┼───────────┼──────────────┼─────────────┼───────────────────────────────────┤
│        IDA* CarBlockedRecursive │ 1        │ '376.48ms ± 0.00ms' │ 9         │ 0            │ 168835      │ 'Timed out, ticked too many/long' │
└─────────────────────────────────┴──────────┴─────────────────────┴───────────┴──────────────┴─────────────┴───────────────────────────────────┘
┌─────────────────────────────────┬──────────┬─────────────────────┬───────────┬──────────────┬─────────────┬───────────────────────────────────┐
│ (index)                         │ runCount │ duration            │ tickCount │ visitedNodes │ searchCount │ errorMessage                      │
├─────────────────────────────────┼──────────┼─────────────────────┼───────────┼──────────────┼─────────────┼───────────────────────────────────┤
│         IDA* Approx CarDistance │ 1        │ '201.70ms ± 0.00ms' │ 36        │ 688          │ 214174      │ 'Timed out, ticked too many/long' │
└─────────────────────────────────┴──────────┴─────────────────────┴───────────┴──────────────┴─────────────┴───────────────────────────────────┘
┌─────────────────────────────────┬──────────┬─────────────────────┬───────────┬──────────────┬─────────────┬───────────────────────────────────┐
│ (index)                         │ runCount │ duration            │ tickCount │ visitedNodes │ searchCount │ errorMessage                      │
├─────────────────────────────────┼──────────┼─────────────────────┼───────────┼──────────────┼─────────────┼───────────────────────────────────┤
│          IDA* Approx CarBlocked │ 1        │ '218.66ms ± 0.00ms' │ 39        │ 747          │ 259186      │ 'Timed out, ticked too many/long' │
└─────────────────────────────────┴──────────┴─────────────────────┴───────────┴──────────────┴─────────────┴───────────────────────────────────┘
┌─────────────────────────────────┬──────────┬─────────────────────┬───────────┬──────────────┬─────────────┬───────────────────────────────────┐
│ (index)                         │ runCount │ duration            │ tickCount │ visitedNodes │ searchCount │ errorMessage                      │
├─────────────────────────────────┼──────────┼─────────────────────┼───────────┼──────────────┼─────────────┼───────────────────────────────────┤
│ IDA* Approx CarBlockedRecursive │ 1        │ '219.17ms ± 0.00ms' │ 27        │ 226          │ 73292       │ 'Timed out, ticked too many/long' │
└─────────────────────────────────┴──────────┴─────────────────────┴───────────┴──────────────┴─────────────┴───────────────────────────────────┘
=====================================
cases\Jam-31.txt
6 6
10
BB.FFF 
...GHH 
EPPG.LK
E.CIIL 
DDC..L 
..CJJJ 

┌─────────────────────────────────┬──────────┬────────────────────┬───────────┬──────────────┬─────────────┬─────────────────┬─────────────────────────────────────────────────────────────────────────────────────────────────────────────────────────────────────────────────────────┐
│ (index)                         │ runCount │ duration           │ tickCount │ visitedNodes │ searchCount │ branchingFactor │ solutionSteps                                                                                                                                           │
├─────────────────────────────────┼──────────┼────────────────────┼───────────┼──────────────┼─────────────┼─────────────────┼─────────────────────────────────────────────────────────────────────────────────────────────────────────────────────────────────────────────────────────┤
│                             UCS │ 7        │ '25.62ms ± 4.59ms' │ 3977      │ 4132         │ 33209       │ '1.271'         │ '∅ B+1 E-2 P-1 C-2 D+3 C+2 P+1 E+4 B-1 P-1 C-3 I-3 C+3 G+1 H-1 L-1 D+1 G+1 P+3 C-3 I+1 E-3 I-1 C+3 B+1 E-1 P-3 C-2 G-1 D-4 C+2 G+1 P+3 C-1 J-1 L+2 P+1' │
└─────────────────────────────────┴──────────┴────────────────────┴───────────┴──────────────┴─────────────┴─────────────────┴─────────────────────────────────────────────────────────────────────────────────────────────────────────────────────────────────────────────────────────┘
┌─────────────────────────────────┬──────────┬────────────────────┬───────────┬──────────────┬─────────────┬─────────────────┬─────────────────────────────────────────────────────────────────────────────────────────────────────────────────────────────────────────────────────────────────────────────────────────────────────────────────────────────────────────────────────────────────────────────────────────────────────────────────────────────────────────────────────────────────────────────────────────────────────────────────────────────────────────────────────────────────────────────────────────────────────────────────────────────────────────────────────────────────────────────────────────────────────────────────────────────────────────────────────────────────────────────────────────────────────────────────────────────────────────────────────────────────────────────────────────────────────────────────────────────────────────────────────────────────────────────────────┐
│ (index)                         │ runCount │ duration           │ tickCount │ visitedNodes │ searchCount │ branchingFactor │ solutionSteps                                                                                                                                                                                                                                                                                                                                                                                                                                                                                                                                                                                                                                                                                                                                                                                                                                                                       │
├─────────────────────────────────┼──────────┼────────────────────┼───────────┼──────────────┼─────────────┼─────────────────┼─────────────────────────────────────────────────────────────────────────────────────────────────────────────────────────────────────────────────────────────────────────────────────────────────────────────────────────────────────────────────────────────────────────────────────────────────────────────────────────────────────────────────────────────────────────────────────────────────────────────────────────────────────────────────────────────────────────────────────────────────────────────────────────────────────────────────────────────────────────────────────────────────────────────────────────────────────────────────────────────────────────────────────────────────────────────────────────────────────────────────────────────────────────────────────────────────────────────────────────────────────────────────────────────────────────────────────┤
│                GBFS CarDistance │ 13       │ '14.93ms ± 3.86ms' │ 1924      │ 1925         │ 15143       │ '1.029'         │ '∅ B+1 E-2 P-1 C-2 D+3 C+2 P+1 E+3 P-1 C-2 J-3 D-2 J+2 D+1 J-1 E+1 J+2 D-1 B-1 J-2 D+2 J+1 D-1 L+1 J-1 E-1 J-1 D-1 J+2 D+2 C-1 J-2 L-1 J+3 I-2 G+1 J-3 L+1 J+2 D-2 J-1 D+1 L-1 E+1 J+2 H-1 J-1 D-1 J-1 D+2 E-1 J+1 L-1 J-2 D-2 J+3 D+3 J-2 D-2 E+1 I-1 J+2 D-1 J-1 D+3 I+1 G+1 J-1 I-1 J+2 C+3 P+3 C-3 J-2 I+1 J+1 E-3 J-2 G+1 I-1 C+2 G-1 J+3 C-2 J-2 C+1 J+1 F-1 J-2 G+1 L-1 C+1 G-1 J+3 C+1 H-2 L+1 C-1 J-3 H+1 J+2 F+1 J-1 H-1 B+1 J-1 G+1 H+1 E-1 G-1 J+3 C+1 P-3 C-1 J-3 G-1 J+2 D-1 J-1 L+2 J-1 L-1 J+3 H-1 J-2 G-1 J-1 L-1 J+3 D+1 J-2 G+2 J+1 H+2 C-1 J-2 G-1 J+3 D-4 J-2 D+3 J+1 D-2 G+1 J-2 D-1 G+1 L+2 G-2 J+2 D+2 J-1 D-1 L-1 J-1 D+2 J+3 D-1 H+1 J-3 D-2 J+2 D+3 J-1 L+1 J-1 D-2 J+2 G-1 J-1 D-1 J-1 G+2 J+2 C+1 J-1 L-1 J-1 G-2 J+3 C-1 D+3 J-3 D-2 G+2 J+3 H-1 D-1 J-1 C+1 G-1 J-2 L-1 H-2 J+3 G-1 J-2 L+2 J-1 L-1 G+3 H+1 L-1 G-1 J+3 C+1 P+3 C-1 J-3 G+1 L+2 P+1' │
└─────────────────────────────────┴──────────┴────────────────────┴───────────┴──────────────┴─────────────┴─────────────────┴─────────────────────────────────────────────────────────────────────────────────────────────────────────────────────────────────────────────────────────────────────────────────────────────────────────────────────────────────────────────────────────────────────────────────────────────────────────────────────────────────────────────────────────────────────────────────────────────────────────────────────────────────────────────────────────────────────────────────────────────────────────────────────────────────────────────────────────────────────────────────────────────────────────────────────────────────────────────────────────────────────────────────────────────────────────────────────────────────────────────────────────────────────────────────────────────────────────────────────────────────────────────────────────────────────────────────────┘
┌─────────────────────────────────┬──────────┬────────────────────┬───────────┬──────────────┬─────────────┬─────────────────┬─────────────────────────────────────────────────────────────────────────────────────────────────────────────────────────────────────────────────────────────────────────────────────────────────────────────────────────────────────────────────────────────────────────────────────────────────────────────────────────────────────────────────────────────────────────────────────────────────────────────────────────────────────────────────────────────────────┐
│ (index)                         │ runCount │ duration           │ tickCount │ visitedNodes │ searchCount │ branchingFactor │ solutionSteps                                                                                                                                                                                                                                                                                                                                                                                                                                                       │
├─────────────────────────────────┼──────────┼────────────────────┼───────────┼──────────────┼─────────────┼─────────────────┼─────────────────────────────────────────────────────────────────────────────────────────────────────────────────────────────────────────────────────────────────────────────────────────────────────────────────────────────────────────────────────────────────────────────────────────────────────────────────────────────────────────────────────────────────────────────────────────────────────────────────────────────────────────────────────────────────────┤
│                 GBFS CarBlocked │ 10       │ '19.94ms ± 6.48ms' │ 2030      │ 2031         │ 15248       │ '1.063'         │ '∅ B+1 E-2 P-1 C-2 J-3 L+1 J+2 D+3 J-1 C+1 L-1 J+2 C+1 P+1 E+4 P-1 E-1 C-2 J-3 L+1 J+2 D-2 J-1 D+1 E+1 J+1 B-1 D-1 F-1 L-1 J+1 D+1 E-1 F+1 D-1 C-1 I-1 D+2 I-1 D-1 E+1 I-1 D+1 C+3 P+1 G+1 H-4 L-1 D+1 G+1 P-1 H+3 P+3 C-3 J-2 I+1 J+1 E-3 J-2 G+1 I-1 C+2 G-1 J+3 C-2 J-2 C+1 J+1 F-1 J-2 G+1 L-1 C+1 G-1 J+3 C+1 P-2 H-2 P+1 H+1 L+1 P-1 F+1 P+2 H-1 P-1 H+2 B+1 P-1 H-2 E-1 P-1 H+2 C-2 J-3 G-1 D-4 G+2 L+2 G-1 C+1 L-2 J+3 C+1 P+3 C-2 J-3 L+2 J+2 D+1 J-1 P+1' │
└─────────────────────────────────┴──────────┴────────────────────┴───────────┴──────────────┴─────────────┴─────────────────┴─────────────────────────────────────────────────────────────────────────────────────────────────────────────────────────────────────────────────────────────────────────────────────────────────────────────────────────────────────────────────────────────────────────────────────────────────────────────────────────────────────────────────────────────────────────────────────────────────────────────────────────────────────────────────────────────────────┘
┌─────────────────────────────────┬──────────┬────────────────────┬───────────┬──────────────┬─────────────┬─────────────────┬─────────────────────────────────────────────────────────────────────────────────────────────────────────────────────────────────────────────────────────────────────────────────────────────────────────────────────────────────────────────────────────────────────────────────────────────────────────────────────────────────────────────────────────────────────────────────────────────────────────────────────────────────────────────────────────────────────────────────────────────────────┐
│ (index)                         │ runCount │ duration           │ tickCount │ visitedNodes │ searchCount │ branchingFactor │ solutionSteps                                                                                                                                                                                                                                                                                                                                                                                                                                                                                       │
├─────────────────────────────────┼──────────┼────────────────────┼───────────┼──────────────┼─────────────┼─────────────────┼─────────────────────────────────────────────────────────────────────────────────────────────────────────────────────────────────────────────────────────────────────────────────────────────────────────────────────────────────────────────────────────────────────────────────────────────────────────────────────────────────────────────────────────────────────────────────────────────────────────────────────────────────────────────────────────────────────────────────────────────────────┤
│        GBFS CarBlockedRecursive │ 6        │ '29.15ms ± 1.54ms' │ 1315      │ 1316         │ 9995        │ '1.053'         │ '∅ B+1 E-2 P-1 C-2 D+3 C+2 P+1 E+4 P-1 C-2 D-1 B-1 C-1 I-3 D+1 C+3 B+1 G+1 H-4 B-1 H+3 F-1 H-2 G-1 H-1 P+1 G+1 H+2 L-1 D+1 G+1 L-1 H-2 P-1 L+1 H+3 F+1 B+1 H-3 P+3 C-2 J-2 C+1 J+1 B-1 C-2 J-1 I+1 E-2 J-1 E+1 G+1 I+2 C+2 B+1 C-1 E-1 B-1 F-1 C+1 L-1 E+1 H+3 C-1 L+1 E-2 C+1 H-2 F+1 B+1 E-1 H+2 C-1 E+2 B-1 C-1 I-2 E-1 I-1 C+2 B+1 C-1 E-1 G-1 J+2 C+1 J-1 E+1 J+2 C+1 B-1 H-2 P-2 G-2 D-1 L+1 B+1 E-1 G+1 H+3 P-1 H-1 C-1 J-2 L+1 C-1 L-2 D-3 G+1 J-1 C+1 J+3 C+1 L+1 H-2 P+3 C-1 J-3 L+1 P+1' │
└─────────────────────────────────┴──────────┴────────────────────┴───────────┴──────────────┴─────────────┴─────────────────┴─────────────────────────────────────────────────────────────────────────────────────────────────────────────────────────────────────────────────────────────────────────────────────────────────────────────────────────────────────────────────────────────────────────────────────────────────────────────────────────────────────────────────────────────────────────────────────────────────────────────────────────────────────────────────────────────────────────────────────────────────────┘
┌─────────────────────────────────┬──────────┬────────────────────┬───────────┬──────────────┬─────────────┬─────────────────┬─────────────────────────────────────────────────────────────────────────────────────────────────────────────────────────────────────────────────────────────────────────────┐
│ (index)                         │ runCount │ duration           │ tickCount │ visitedNodes │ searchCount │ branchingFactor │ solutionSteps                                                                                                                                                               │
├─────────────────────────────────┼──────────┼────────────────────┼───────────┼──────────────┼─────────────┼─────────────────┼─────────────────────────────────────────────────────────────────────────────────────────────────────────────────────────────────────────────────────────────────────────────┤
│                  A* CarDistance │ 7        │ '26.27ms ± 7.06ms' │ 3847      │ 3848         │ 32060       │ '1.230'         │ '∅ B+1 E-2 P-1 C-2 D+3 C+2 P+1 E+1 B-1 E+3 P-1 C-3 I-3 C+3 P+1 G+1 H-1 L-1 D+1 G+1 P+2 C-3 I+1 E-3 I-1 C+1 B+1 C+2 P-2 G-1 E-1 P-1 C-2 D-4 C+2 P+1 G+1 P+2 C-1 J-1 L+2 P+1' │
└─────────────────────────────────┴──────────┴────────────────────┴───────────┴──────────────┴─────────────┴─────────────────┴─────────────────────────────────────────────────────────────────────────────────────────────────────────────────────────────────────────────────────────────────────────────┘
┌─────────────────────────────────┬──────────┬────────────────────┬───────────┬──────────────┬─────────────┬─────────────────┬─────────────────────────────────────────────────────────────────────────────────────────────────────────────────────────────────────────────────────────────────────────┐
│ (index)                         │ runCount │ duration           │ tickCount │ visitedNodes │ searchCount │ branchingFactor │ solutionSteps                                                                                                                                                           │
├─────────────────────────────────┼──────────┼────────────────────┼───────────┼──────────────┼─────────────┼─────────────────┼─────────────────────────────────────────────────────────────────────────────────────────────────────────────────────────────────────────────────────────────────────────┤
│                   A* CarBlocked │ 5        │ '35.20ms ± 4.48ms' │ 3864      │ 3865         │ 32177       │ '1.237'         │ '∅ B+1 E-2 P-1 C-2 D+3 C+2 P+1 E+3 P-1 B-1 C-3 I-2 G+1 H-1 L-1 D+1 G+1 E+1 I-1 C+3 P+3 C-3 I+1 E-3 I-1 C+1 B+1 E-1 C+2 P-3 G-1 C-2 D-3 G+1 D-1 C+2 P+3 C-1 J-1 L+2 P+1' │
└─────────────────────────────────┴──────────┴────────────────────┴───────────┴──────────────┴─────────────┴─────────────────┴─────────────────────────────────────────────────────────────────────────────────────────────────────────────────────────────────────────────────────────────────────────┘
┌─────────────────────────────────┬──────────┬─────────────────────┬───────────┬──────────────┬─────────────┬─────────────────┬─────────────────────────────────────────────────────────────────────────────────────────────────────────────────────────────────────────────────────────────────────────────┐
│ (index)                         │ runCount │ duration            │ tickCount │ visitedNodes │ searchCount │ branchingFactor │ solutionSteps                                                                                                                                                               │
├─────────────────────────────────┼──────────┼─────────────────────┼───────────┼──────────────┼─────────────┼─────────────────┼─────────────────────────────────────────────────────────────────────────────────────────────────────────────────────────────────────────────────────────────────────────────┤
│          A* CarBlockedRecursive │ 4        │ '113.58ms ± 2.19ms' │ 3720      │ 3721         │ 31000       │ '1.229'         │ '∅ B+1 E-2 P-1 C-2 D+3 C+2 P+1 E+1 B-1 E+2 P-1 C-3 I-2 G+1 H-1 L-1 D+1 G+1 E+1 I-1 C+3 P+3 C-3 I+1 E-3 I-1 C+3 P-2 G-1 D-1 B+1 E-1 P-1 C-2 D-3 G+1 C+2 P+3 C-1 J-1 L+2 P+1' │
└─────────────────────────────────┴──────────┴─────────────────────┴───────────┴──────────────┴─────────────┴─────────────────┴─────────────────────────────────────────────────────────────────────────────────────────────────────────────────────────────────────────────────────────────────────────────┘
┌─────────────────────────────────┬─────────────┐
│ (index)                         │ status      │
├─────────────────────────────────┼─────────────┤
│                IDA* CarDistance │ 'Timed out' │
└─────────────────────────────────┴─────────────┘
┌─────────────────────────────────┬─────────────┐
│ (index)                         │ status      │
├─────────────────────────────────┼─────────────┤
│                 IDA* CarBlocked │ 'Timed out' │
└─────────────────────────────────┴─────────────┘
┌─────────────────────────────────┬──────────┬─────────────────────┬───────────┬──────────────┬─────────────┬───────────────────────────────────┐
│ (index)                         │ runCount │ duration            │ tickCount │ visitedNodes │ searchCount │ errorMessage                      │
├─────────────────────────────────┼──────────┼─────────────────────┼───────────┼──────────────┼─────────────┼───────────────────────────────────┤
│        IDA* CarBlockedRecursive │ 1        │ '223.85ms ± 0.00ms' │ 14        │ 0            │ 116424      │ 'Timed out, ticked too many/long' │
└─────────────────────────────────┴──────────┴─────────────────────┴───────────┴──────────────┴─────────────┴───────────────────────────────────┘
┌─────────────────────────────────┬──────────┬─────────────────────┬───────────┬──────────────┬─────────────┬───────────────────────────────────┐
│ (index)                         │ runCount │ duration            │ tickCount │ visitedNodes │ searchCount │ errorMessage                      │
├─────────────────────────────────┼──────────┼─────────────────────┼───────────┼──────────────┼─────────────┼───────────────────────────────────┤
│         IDA* Approx CarDistance │ 1        │ '210.37ms ± 0.00ms' │ 40        │ 1978         │ 394134      │ 'Timed out, ticked too many/long' │
└─────────────────────────────────┴──────────┴─────────────────────┴───────────┴──────────────┴─────────────┴───────────────────────────────────┘
┌─────────────────────────────────┬──────────┬─────────────────────┬───────────┬──────────────┬─────────────┬───────────────────────────────────┐
│ (index)                         │ runCount │ duration            │ tickCount │ visitedNodes │ searchCount │ errorMessage                      │
├─────────────────────────────────┼──────────┼─────────────────────┼───────────┼──────────────┼─────────────┼───────────────────────────────────┤
│          IDA* Approx CarBlocked │ 1        │ '217.19ms ± 0.00ms' │ 40        │ 2004         │ 420143      │ 'Timed out, ticked too many/long' │
└─────────────────────────────────┴──────────┴─────────────────────┴───────────┴──────────────┴─────────────┴───────────────────────────────────┘
┌─────────────────────────────────┬──────────┬─────────────────────┬───────────┬──────────────┬─────────────┬───────────────────────────────────┐
│ (index)                         │ runCount │ duration            │ tickCount │ visitedNodes │ searchCount │ errorMessage                      │
├─────────────────────────────────┼──────────┼─────────────────────┼───────────┼──────────────┼─────────────┼───────────────────────────────────┤
│ IDA* Approx CarBlockedRecursive │ 1        │ '217.88ms ± 0.00ms' │ 33        │ 947          │ 96041       │ 'Timed out, ticked too many/long' │
└─────────────────────────────────┴──────────┴─────────────────────┴───────────┴──────────────┴─────────────┴───────────────────────────────────┘
=====================================
cases\Jam-32.txt
6 6
10
BBFGHH 
..FG.. 
PPF...K
EIIDDL 
E..J.L 
CC.J.L 

┌─────────────────────────────────┬──────────┬───────────────────┬───────────┬──────────────┬─────────────┬─────────────────┬─────────────────────────────────────────────────────────────────────────────────────────────────────────────────────────────────────────────────────────┐
│ (index)                         │ runCount │ duration          │ tickCount │ visitedNodes │ searchCount │ branchingFactor │ solutionSteps                                                                                                                                           │
├─────────────────────────────────┼──────────┼───────────────────┼───────────┼──────────────┼─────────────┼─────────────────┼─────────────────────────────────────────────────────────────────────────────────────────────────────────────────────────────────────────────────────────┤
│                             UCS │ 20       │ '3.37ms ± 2.43ms' │ 576       │ 601          │ 3278        │ '1.183'         │ '∅ G+1 H-1 L-3 D+1 J-1 C+4 E+1 I-1 F+3 J+1 D-1 L+1 H+1 G-1 P+3 F-3 I+1 E-3 I-1 F+3 B+1 E-1 P-3 G+1 H-1 L-1 F-1 D+1 J-1 C-4 F+1 J+1 D-1 L+3 H+1 G-1 P+4' │
└─────────────────────────────────┴──────────┴───────────────────┴───────────┴──────────────┴─────────────┴─────────────────┴─────────────────────────────────────────────────────────────────────────────────────────────────────────────────────────────────────────────────────────┘
┌─────────────────────────────────┬──────────┬───────────────────┬───────────┬──────────────┬─────────────┬─────────────────┬─────────────────────────────────────────────────────────────────────────────────────────────────────────────────────────────────────────────────────────────────────────────────────────────────────────────────────────────────────────────────────────────────────────────────────────────────────────────────────────────────────────────────────────────────────────────────────────────────────────────────────────────────────────────┐
│ (index)                         │ runCount │ duration          │ tickCount │ visitedNodes │ searchCount │ branchingFactor │ solutionSteps                                                                                                                                                                                                                                                                                                                                                                                                                               │
├─────────────────────────────────┼──────────┼───────────────────┼───────────┼──────────────┼─────────────┼─────────────────┼─────────────────────────────────────────────────────────────────────────────────────────────────────────────────────────────────────────────────────────────────────────────────────────────────────────────────────────────────────────────────────────────────────────────────────────────────────────────────────────────────────────────────────────────────────────────────────────────────────────────────────────────────────────────┤
│                GBFS CarDistance │ 20       │ '2.35ms ± 1.72ms' │ 309       │ 310          │ 1665        │ '1.040'         │ '∅ C+1 L-2 E+1 I-1 D-1 L+2 G+1 L-1 D+1 I+1 E-1 C-1 L-1 H-1 C+1 E+1 I-1 D-1 L-1 D+2 J-1 C+3 F+1 C-2 F+1 H-1 C-1 J+1 F-1 G+1 H+1 F+1 B+1 G-1 J-1 C+3 J+1 D-1 F-1 L+2 F+2 P+1 L-2 D+1 J-1 C-1 B-1 H-1 C+1 J+1 D-1 L+2 H+2 L-1 G-1 P+2 F-3 I+1 E-3 I-1 L+1 F+3 B+1 F-2 L-1 F+1 E-1 F+1 P-2 G+1 L+1 H-1 L-2 D+1 J-1 C-1 P-1 F-2 C-3 J+1 C+1 D-1 F+1 C-1 F+1 P+1 D+1 J-1 E+1 B-1 J+1 D-1 L+3 H-1 L-2 H+2 L+1 G-1 P+2 F-3 C+1 D-1 L-1 C-1 L+2 P+1' │
└─────────────────────────────────┴──────────┴───────────────────┴───────────┴──────────────┴─────────────┴─────────────────┴─────────────────────────────────────────────────────────────────────────────────────────────────────────────────────────────────────────────────────────────────────────────────────────────────────────────────────────────────────────────────────────────────────────────────────────────────────────────────────────────────────────────────────────────────────────────────────────────────────────────────────────────────────────────┘
┌─────────────────────────────────┬──────────┬───────────────────┬───────────┬──────────────┬─────────────┬─────────────────┬─────────────────────────────────────────────────────────────────────────────────────────────────────────────────────────────────────────────────────────────────────────────────────────────────────────────────────┐
│ (index)                         │ runCount │ duration          │ tickCount │ visitedNodes │ searchCount │ branchingFactor │ solutionSteps                                                                                                                                                                                                       │
├─────────────────────────────────┼──────────┼───────────────────┼───────────┼──────────────┼─────────────┼─────────────────┼─────────────────────────────────────────────────────────────────────────────────────────────────────────────────────────────────────────────────────────────────────────────────────────────────────────────────────┤
│                 GBFS CarBlocked │ 20       │ '1.54ms ± 0.28ms' │ 309       │ 310          │ 1684        │ '1.102'         │ '∅ C+1 E+1 I-1 G+1 H-1 I+1 L-3 D+1 J-1 C+1 I-1 C+1 F+3 C+1 J+1 D-1 P+1 L+2 H-1 L-1 P-1 H+2 G-1 P+3 F-3 I+1 E-3 I-1 L+1 F+3 P-2 L-1 P+1 B+1 E-1 P-2 L+1 G+1 H-1 L-2 D+1 J-1 F-2 C-4 F+2 J+1 D-1 L+3 P+1 H+1 G-1 P+3' │
└─────────────────────────────────┴──────────┴───────────────────┴───────────┴──────────────┴─────────────┴─────────────────┴─────────────────────────────────────────────────────────────────────────────────────────────────────────────────────────────────────────────────────────────────────────────────────────────────────────────────────┘
┌─────────────────────────────────┬──────────┬───────────────────┬───────────┬──────────────┬─────────────┬─────────────────┬─────────────────────────────────────────────────────────────────────────────────────────────────────────────────────────────────────────────────────────────────────────────────────────────────────────────────────────────────────────────────┐
│ (index)                         │ runCount │ duration          │ tickCount │ visitedNodes │ searchCount │ branchingFactor │ solutionSteps                                                                                                                                                                                                                                   │
├─────────────────────────────────┼──────────┼───────────────────┼───────────┼──────────────┼─────────────┼─────────────────┼─────────────────────────────────────────────────────────────────────────────────────────────────────────────────────────────────────────────────────────────────────────────────────────────────────────────────────────────────────────────────┤
│        GBFS CarBlockedRecursive │ 20       │ '6.27ms ± 1.28ms' │ 287       │ 288          │ 1633        │ '1.086'         │ '∅ G+1 H-1 L-3 D+1 J-1 C+3 E+1 I-1 F+3 P+1 C+1 J+1 D-1 L+2 B+1 L-1 H+1 B-1 H-2 P-1 L+1 H+2 B+1 G-1 L-1 B-1 P+3 F-3 I+1 E-3 L+1 I-1 F+1 L-1 B+1 E-1 L+1 F+2 E+1 P-2 L-1 E-1 G+1 L+1 H-1 L-2 D+1 J-1 C-1 P-1 F-2 C-3 F+2 J+1 D-1 L+3 H+1 G-1 P+4' │
└─────────────────────────────────┴──────────┴───────────────────┴───────────┴──────────────┴─────────────┴─────────────────┴─────────────────────────────────────────────────────────────────────────────────────────────────────────────────────────────────────────────────────────────────────────────────────────────────────────────────────────────────────────────────┘
┌─────────────────────────────────┬──────────┬───────────────────┬───────────┬──────────────┬─────────────┬─────────────────┬─────────────────────────────────────────────────────────────────────────────────────────────────────────────────────────────────────────────────────────────────────────────────────────┐
│ (index)                         │ runCount │ duration          │ tickCount │ visitedNodes │ searchCount │ branchingFactor │ solutionSteps                                                                                                                                                                           │
├─────────────────────────────────┼──────────┼───────────────────┼───────────┼──────────────┼─────────────┼─────────────────┼─────────────────────────────────────────────────────────────────────────────────────────────────────────────────────────────────────────────────────────────────────────────────────────┤
│                  A* CarDistance │ 20       │ '2.47ms ± 0.40ms' │ 583       │ 584          │ 3316        │ '1.143'         │ '∅ G+1 H-1 C+1 E+1 L-3 D+1 J-1 I-1 C+2 F+3 P+1 C+1 J+1 D-1 L+1 H+1 G-1 P+2 F-3 I+1 E-3 I-1 F+1 B+1 E-1 F+2 P-2 G+1 H-1 L-1 D+1 P-1 F-1 J-1 C-3 J+1 D-1 L+1 H+1 C-1 G-1 F+1 P+2 L+2 P+2' │
└─────────────────────────────────┴──────────┴───────────────────┴───────────┴──────────────┴─────────────┴─────────────────┴─────────────────────────────────────────────────────────────────────────────────────────────────────────────────────────────────────────────────────────────────────────────────────────┘
┌─────────────────────────────────┬──────────┬───────────────────┬───────────┬──────────────┬─────────────┬─────────────────┬─────────────────────────────────────────────────────────────────────────────────────────────────────────────────────────────────────────────────────────────────────┐
│ (index)                         │ runCount │ duration          │ tickCount │ visitedNodes │ searchCount │ branchingFactor │ solutionSteps                                                                                                                                                       │
├─────────────────────────────────┼──────────┼───────────────────┼───────────┼──────────────┼─────────────┼─────────────────┼─────────────────────────────────────────────────────────────────────────────────────────────────────────────────────────────────────────────────────────────────────┤
│                   A* CarBlocked │ 20       │ '2.42ms ± 0.36ms' │ 605       │ 606          │ 3460        │ '1.168'         │ '∅ G+1 H-1 L-3 D+1 J-1 C+4 J+1 D-1 L+1 H+1 G-1 E+1 I-1 F+3 P+3 F-3 I+1 E-3 I-1 F+3 P-2 G+1 H-1 L-1 B+1 E-1 P-1 D+1 J-1 F-1 C-3 J+1 D-1 L+1 H+1 G-1 C-1 F+1 L+2 P+4' │
└─────────────────────────────────┴──────────┴───────────────────┴───────────┴──────────────┴─────────────┴─────────────────┴─────────────────────────────────────────────────────────────────────────────────────────────────────────────────────────────────────────────────────────────────────┘
┌─────────────────────────────────┬──────────┬───────────────────┬───────────┬──────────────┬─────────────┬─────────────────┬─────────────────────────────────────────────────────────────────────────────────────────────────────────────────────────────────────────────────────────────────────────┐
│ (index)                         │ runCount │ duration          │ tickCount │ visitedNodes │ searchCount │ branchingFactor │ solutionSteps                                                                                                                                                           │
├─────────────────────────────────┼──────────┼───────────────────┼───────────┼──────────────┼─────────────┼─────────────────┼─────────────────────────────────────────────────────────────────────────────────────────────────────────────────────────────────────────────────────────────────────────┤
│          A* CarBlockedRecursive │ 20       │ '7.02ms ± 0.42ms' │ 594       │ 595          │ 3389        │ '1.162'         │ '∅ G+1 H-1 L-3 D+1 J-1 C+4 J+1 D-1 L+1 E+1 I-1 H+1 G-1 F+3 P+3 F-3 I+1 E-3 I-1 F+3 P-2 G+1 H-1 L-1 D+1 J-1 C-1 B+1 E-1 P-1 F-1 C-2 J+1 D-1 C-1 F+1 L+1 H+1 G-1 L+2 P+4' │
└─────────────────────────────────┴──────────┴───────────────────┴───────────┴──────────────┴─────────────┴─────────────────┴─────────────────────────────────────────────────────────────────────────────────────────────────────────────────────────────────────────────────────────────────────────┘
┌─────────────────────────────────┬─────────────┐
│ (index)                         │ status      │
├─────────────────────────────────┼─────────────┤
│                IDA* CarDistance │ 'Timed out' │
└─────────────────────────────────┴─────────────┘
┌─────────────────────────────────┬─────────────┐
│ (index)                         │ status      │
├─────────────────────────────────┼─────────────┤
│                 IDA* CarBlocked │ 'Timed out' │
└─────────────────────────────────┴─────────────┘
┌─────────────────────────────────┬──────────┬─────────────────────┬───────────┬──────────────┬─────────────┬───────────────────────────────────┐
│ (index)                         │ runCount │ duration            │ tickCount │ visitedNodes │ searchCount │ errorMessage                      │
├─────────────────────────────────┼──────────┼─────────────────────┼───────────┼──────────────┼─────────────┼───────────────────────────────────┤
│        IDA* CarBlockedRecursive │ 1        │ '283.62ms ± 0.00ms' │ 9         │ 0            │ 149276      │ 'Timed out, ticked too many/long' │
└─────────────────────────────────┴──────────┴─────────────────────┴───────────┴──────────────┴─────────────┴───────────────────────────────────┘
┌─────────────────────────────────┬──────────┬─────────────────────┬───────────┬──────────────┬─────────────┬───────────────────────────────────┐
│ (index)                         │ runCount │ duration            │ tickCount │ visitedNodes │ searchCount │ errorMessage                      │
├─────────────────────────────────┼──────────┼─────────────────────┼───────────┼──────────────┼─────────────┼───────────────────────────────────┤
│         IDA* Approx CarDistance │ 1        │ '204.77ms ± 0.00ms' │ 36        │ 376          │ 271281      │ 'Timed out, ticked too many/long' │
└─────────────────────────────────┴──────────┴─────────────────────┴───────────┴──────────────┴─────────────┴───────────────────────────────────┘
┌─────────────────────────────────┬──────────┬─────────────────────┬───────────┬──────────────┬─────────────┬───────────────────────────────────┐
│ (index)                         │ runCount │ duration            │ tickCount │ visitedNodes │ searchCount │ errorMessage                      │
├─────────────────────────────────┼──────────┼─────────────────────┼───────────┼──────────────┼─────────────┼───────────────────────────────────┤
│          IDA* Approx CarBlocked │ 1        │ '204.33ms ± 0.00ms' │ 41        │ 393          │ 349148      │ 'Timed out, ticked too many/long' │
└─────────────────────────────────┴──────────┴─────────────────────┴───────────┴──────────────┴─────────────┴───────────────────────────────────┘
┌─────────────────────────────────┬──────────┬─────────────────────┬───────────┬──────────────┬─────────────┬───────────────────────────────────┐
│ (index)                         │ runCount │ duration            │ tickCount │ visitedNodes │ searchCount │ errorMessage                      │
├─────────────────────────────────┼──────────┼─────────────────────┼───────────┼──────────────┼─────────────┼───────────────────────────────────┤
│ IDA* Approx CarBlockedRecursive │ 1        │ '202.99ms ± 0.00ms' │ 26        │ 330          │ 89931       │ 'Timed out, ticked too many/long' │
└─────────────────────────────────┴──────────┴─────────────────────┴───────────┴──────────────┴─────────────┴───────────────────────────────────┘
=====================================
cases\Jam-33.txt
6 6
11
.BF.GG 
.BF... 
PPF...K
MEEIIL 
MDDJHL 
CCCJHL 

┌─────────────────────────────────┬──────────┬────────────────────┬───────────┬──────────────┬─────────────┬─────────────────┬─────────────────────────────────────────────────────────────────────────────────────────────────────────────────────────────────────────────────────────────────────┐
│ (index)                         │ runCount │ duration           │ tickCount │ visitedNodes │ searchCount │ branchingFactor │ solutionSteps                                                                                                                                                       │
├─────────────────────────────────┼──────────┼────────────────────┼───────────┼──────────────┼─────────────┼─────────────────┼─────────────────────────────────────────────────────────────────────────────────────────────────────────────────────────────────────────────────────────────────────┤
│                             UCS │ 6        │ '30.74ms ± 6.00ms' │ 4068      │ 4183         │ 37616       │ '1.250'         │ '∅ G-1 L-3 I+1 J-3 C+1 M+1 E-1 I-2 H-3 I+2 D+3 J+2 C+2 F+3 G-1 H-1 P+3 B+1 G-2 F-3 E+1 M-3 E-1 F+3 G+2 M-1 B-1 P-3 F-2 J-1 D-4 F+2 J+1 P+3 F-1 C-3 J+1 I-1 L+3 P+1' │
└─────────────────────────────────┴──────────┴────────────────────┴───────────┴──────────────┴─────────────┴─────────────────┴─────────────────────────────────────────────────────────────────────────────────────────────────────────────────────────────────────────────────────────────────────┘
┌─────────────────────────────────┬──────────┬───────────────────┬───────────┬──────────────┬─────────────┬─────────────────┬─────────────────────────────────────────────────────────────────────────────────────────────────────────────────────────────────────────────────────────────────────────────────────────────────────────────────────────────────────────────────────────────────────────────────────────────────────────────────────────────────────────────────────────────────────────────────────────────────────────────────────────────────────────────────────────────────────────────────────────────────────────────────────────────────────────────────────────────────────────────────────────────────────────────────────────────────────────────────────────────────────────────────────────────────────────────────────────────────────────────────────────────────────────────────────────────────────────────────────────────────────────────────────────────────────────────────────────────────────────────────────────────────────────────────────────────────────────────────────────────────────────────────────────────────────────────────────────────────────────────────────────────────────────────────────────────────────────────────┐
│ (index)                         │ runCount │ duration          │ tickCount │ visitedNodes │ searchCount │ branchingFactor │ solutionSteps                                                                                                                                                                                                                                                                                                                                                                                                                                                                                                                                                                                                                                                                                                                                                                                                                                                                                                                                                                                                                                                                                                                                   │
├─────────────────────────────────┼──────────┼───────────────────┼───────────┼──────────────┼─────────────┼─────────────────┼─────────────────────────────────────────────────────────────────────────────────────────────────────────────────────────────────────────────────────────────────────────────────────────────────────────────────────────────────────────────────────────────────────────────────────────────────────────────────────────────────────────────────────────────────────────────────────────────────────────────────────────────────────────────────────────────────────────────────────────────────────────────────────────────────────────────────────────────────────────────────────────────────────────────────────────────────────────────────────────────────────────────────────────────────────────────────────────────────────────────────────────────────────────────────────────────────────────────────────────────────────────────────────────────────────────────────────────────────────────────────────────────────────────────────────────────────────────────────────────────────────────────────────────────────────────────────────────────────────────────────────────────────────────────────────────────────────────────────┤
│                GBFS CarDistance │ 20       │ '8.05ms ± 3.10ms' │ 1035      │ 1036         │ 8819        │ '1.019'         │ '∅ L-2 G-1 L-1 I+1 J-3 C+1 D+1 I-1 C-1 L+3 D-1 C+1 L-2 M+1 D+1 E-1 I-1 H-3 C+2 D-1 C-1 D+3 I+1 C-1 D-3 E+1 C+2 D+3 M-1 C-3 D-3 C+2 D+2 C-1 D-1 L-1 C-1 D+1 C+3 D-2 I+1 C-3 D+3 C+2 D-2 E+1 C-2 D+1 C+3 D+1 C-2 D-3 M+1 C+2 D+1 E-2 C-2 D+2 C+1 D-3 I-1 C+1 D+3 I-1 D-1 C-2 L+3 I+1 C+1 F+2 L-3 C-1 D+1 F-1 C+1 D-2 C+1 D+1 I+1 C-2 D-2 J+2 C+2 J-1 C-1 D+3 C-1 D-2 G-1 C+2 D+2 J-1 C-2 H-1 C+1 D-3 C+1 D+2 I-1 C-2 D-2 L+3 C+1 D+2 L-2 D-1 C-1 D+2 F+1 C+1 L-1 C+1 I+1 F+1 P+1 D-1 I-1 L+2 H+1 L-1 D+1 L-1 G+1 D-1 I+1 J+1 D+1 J+1 P+1 G-1 H-1 P+1 F-2 C-2 F+1 C+1 B+1 C+1 G-2 C-2 F-2 C+1 E+1 C+1 M-3 C-3 J+1 I-1 E-1 L+1 F+2 G+2 F-1 L-1 I+1 J-1 C+3 F+2 P-1 H+1 B-1 G+1 P-1 J-2 D-1 I-1 M-1 D+1 G-1 P-1 F-2 C-3 D-4 C+2 D+3 C-1 D-2 I+1 C-1 D+2 C+3 D-3 H-1 C-3 D+4 C+2 D-3 I-1 C-2 D+2 C+3 D-1 C-2 D-2 F+1 C-1 L+3 C+2 L-2 C+1 F-1 C-3 D+4 C+2 D-2 L+2 C-2 L-1 H+1 C+3 D-2 C-2 L-1 D+4 F+1 C-1 D-1 C+3 F-1 D-2 C-3 L+2 C+2 L-1 G+2 C-2 D-1 L-1 D+2 G-1 C+3 L-1 C-2 D-2 F+1 C-1 L+2 C+3 F+1 P+1 L-2 I+1 J+2 P+1 G-1 H-1 P+1 F-2 C-3 D+1 C+2 B+1 C-1 D-1 F+1 C-1 J+1 I-1 F-1 D+1 I+1 G-1 J-1 C+3 D-1 C-1 F+1 M+1 C-2 J+1 I-1 F-1 D+1 L+3 P+1' │
└─────────────────────────────────┴──────────┴───────────────────┴───────────┴──────────────┴─────────────┴─────────────────┴─────────────────────────────────────────────────────────────────────────────────────────────────────────────────────────────────────────────────────────────────────────────────────────────────────────────────────────────────────────────────────────────────────────────────────────────────────────────────────────────────────────────────────────────────────────────────────────────────────────────────────────────────────────────────────────────────────────────────────────────────────────────────────────────────────────────────────────────────────────────────────────────────────────────────────────────────────────────────────────────────────────────────────────────────────────────────────────────────────────────────────────────────────────────────────────────────────────────────────────────────────────────────────────────────────────────────────────────────────────────────────────────────────────────────────────────────────────────────────────────────────────────────────────────────────────────────────────────────────────────────────────────────────────────────────────────────────────────────┘
┌─────────────────────────────────┬──────────┬───────────────────┬───────────┬──────────────┬─────────────┬─────────────────┬─────────────────────────────────────────────────────────────────────────────────────────────────────────────────────────────────────────────────────────────────────────────────────────────────────────────────────────────────────────────────────────────────────────────────────────────────────────────────────────────────────────────────────────────────────────────────────────────┐
│ (index)                         │ runCount │ duration          │ tickCount │ visitedNodes │ searchCount │ branchingFactor │ solutionSteps                                                                                                                                                                                                                                                                                                                                                                               │
├─────────────────────────────────┼──────────┼───────────────────┼───────────┼──────────────┼─────────────┼─────────────────┼─────────────────────────────────────────────────────────────────────────────────────────────────────────────────────────────────────────────────────────────────────────────────────────────────────────────────────────────────────────────────────────────────────────────────────────────────────────────────────────────────────────────────────────────────────────────────────────────┤
│                 GBFS CarBlocked │ 20       │ '4.44ms ± 2.11ms' │ 847       │ 848          │ 5635        │ '1.064'         │ '∅ G-1 L-3 I+1 J-1 C+1 M+1 E-1 F+1 J-1 D+1 J-1 I-1 L+3 D-1 F-1 I-1 H-1 C+1 D+1 G+1 J-1 D-1 H-2 D+2 C-1 I+1 F+1 J+1 G-2 H-1 F+1 L-3 C+2 F+1 D+1 I+1 J+2 P+3 F-2 C-2 F+1 C+1 B+1 C+1 G-2 C-2 F-2 C+1 E+1 C+1 M-3 C-3 J+1 I-1 E-1 L+1 F+2 G+2 F-1 L-1 I+1 J-1 C+3 F+2 P-1 B-1 P-1 M-1 P-1 F-1 C-3 F-1 C+1 J-1 D-4 J+1 C-1 F+1 C+3 F+1 P+3 F-2 C-3 D+1 C+2 B+1 C-1 D-1 F+1 C-1 J+1 I-1 L+3 P+1' │
└─────────────────────────────────┴──────────┴───────────────────┴───────────┴──────────────┴─────────────┴─────────────────┴─────────────────────────────────────────────────────────────────────────────────────────────────────────────────────────────────────────────────────────────────────────────────────────────────────────────────────────────────────────────────────────────────────────────────────────────────────────────────────────────────────────────────────────────────────────────────────────────┘
┌─────────────────────────────────┬──────────┬────────────────────┬───────────┬──────────────┬─────────────┬─────────────────┬─────────────────────────────────────────────────────────────────────────────────────────────────────────────────────────────────────────────────────────────────────────────────────────────────────────────────────────────────────────────────────────────────────────────────────────────────────────────────────────────────────────────────────────────────────────────────────────────────────────────────────────────────────────────────────────────────────────────────────┐
│ (index)                         │ runCount │ duration           │ tickCount │ visitedNodes │ searchCount │ branchingFactor │ solutionSteps                                                                                                                                                                                                                                                                                                                                                                                                                                                                       │
├─────────────────────────────────┼──────────┼────────────────────┼───────────┼──────────────┼─────────────┼─────────────────┼─────────────────────────────────────────────────────────────────────────────────────────────────────────────────────────────────────────────────────────────────────────────────────────────────────────────────────────────────────────────────────────────────────────────────────────────────────────────────────────────────────────────────────────────────────────────────────────────────────────────────────────────────────────────────────────────────────────────────────┤
│        GBFS CarBlockedRecursive │ 16       │ '12.36ms ± 3.10ms' │ 685       │ 686          │ 4894        │ '1.048'         │ '∅ G-1 L-3 I+1 J-1 C+1 M+1 E-1 F+1 J-1 D+1 J-1 I-1 D-1 L+3 G-1 D+1 L-2 G+2 J-1 F-1 I-1 H-1 C+2 D-1 C-1 L+2 D+1 H-1 D+1 L-1 H-1 I+1 C-1 L-1 C+2 F+3 P+1 J+1 G-2 H-1 L-1 D+1 I+1 J+2 P+2 B+1 G-2 F-3 C-2 E+1 C+1 M-3 C-2 E-1 C+1 F+2 C+1 G+2 C+1 F+1 M-1 B-1 P-3 J-1 D-1 J-1 I-1 P+1 H+1 G+1 L+2 M+1 L-1 G+1 J-1 L+1 M-1 P-1 L-1 F-3 C-3 D-3 C+2 L+2 C-1 D+3 L-1 C+1 F+2 C-2 L+1 F-1 C+2 L-2 C-1 D-3 C+2 F+2 P+1 J+1 G-2 H-1 L-1 P-1 I+1 J+2 P+3 M+1 B+1 G-2 F-3 C-3 J+1 I-2 L+3 P+1' │
└─────────────────────────────────┴──────────┴────────────────────┴───────────┴──────────────┴─────────────┴─────────────────┴─────────────────────────────────────────────────────────────────────────────────────────────────────────────────────────────────────────────────────────────────────────────────────────────────────────────────────────────────────────────────────────────────────────────────────────────────────────────────────────────────────────────────────────────────────────────────────────────────────────────────────────────────────────────────────────────────────────────────────┘
┌─────────────────────────────────┬──────────┬─────────────────────┬───────────┬──────────────┬─────────────┬─────────────────┬─────────────────────────────────────────────────────────────────────────────────────────────────────────────────────────────────────────────────────────────────────────────────────────────┐
│ (index)                         │ runCount │ duration            │ tickCount │ visitedNodes │ searchCount │ branchingFactor │ solutionSteps                                                                                                                                                                               │
├─────────────────────────────────┼──────────┼─────────────────────┼───────────┼──────────────┼─────────────┼─────────────────┼─────────────────────────────────────────────────────────────────────────────────────────────────────────────────────────────────────────────────────────────────────────────────────────────┤
│                  A* CarDistance │ 5        │ '34.63ms ± 14.86ms' │ 3521      │ 3522         │ 32839       │ '1.206'         │ '∅ G-1 L-3 I+1 J-1 C+1 M+1 E-1 J-2 I-2 H-3 I+1 F+1 G-1 H-1 I+1 C+2 D+3 F+2 J+2 P+3 B+1 G-2 F-3 E+1 M-3 E-1 F+1 G+2 B-1 F+2 P-2 J-1 M-1 P-1 F-2 D-3 J+1 D-1 F+2 P+3 F-1 C-3 J+1 I-1 L+3 P+1' │
└─────────────────────────────────┴──────────┴─────────────────────┴───────────┴──────────────┴─────────────┴─────────────────┴─────────────────────────────────────────────────────────────────────────────────────────────────────────────────────────────────────────────────────────────────────────────────────────────┘
┌─────────────────────────────────┬──────────┬────────────────────┬───────────┬──────────────┬─────────────┬─────────────────┬─────────────────────────────────────────────────────────────────────────────────────────────────────────────────────────────────────────────────────────────────────────────────────────────┐
│ (index)                         │ runCount │ duration           │ tickCount │ visitedNodes │ searchCount │ branchingFactor │ solutionSteps                                                                                                                                                                               │
├─────────────────────────────────┼──────────┼────────────────────┼───────────┼──────────────┼─────────────┼─────────────────┼─────────────────────────────────────────────────────────────────────────────────────────────────────────────────────────────────────────────────────────────────────────────────────────────┤
│                   A* CarBlocked │ 9        │ '20.97ms ± 2.63ms' │ 3654      │ 3655         │ 34088       │ '1.208'         │ '∅ G-1 L-3 I+1 J-1 C+1 M+1 E-1 J-2 I-2 H-3 I+1 F+1 G-1 H-1 I+1 D+3 J+2 C+2 F+2 P+2 B+1 P+1 G-2 F-3 E+1 M-3 E-1 F+1 G+2 B-1 M-1 F+2 P-3 J-1 F-2 D-3 J+1 D-1 F+2 P+3 F-1 C-3 J+1 I-1 L+3 P+1' │
└─────────────────────────────────┴──────────┴────────────────────┴───────────┴──────────────┴─────────────┴─────────────────┴─────────────────────────────────────────────────────────────────────────────────────────────────────────────────────────────────────────────────────────────────────────────────────────────┘
┌─────────────────────────────────┬──────────┬─────────────────────┬───────────┬──────────────┬─────────────┬─────────────────┬─────────────────────────────────────────────────────────────────────────────────────────────────────────────────────────────────────────────────────────────────────────────────────────────────────┐
│ (index)                         │ runCount │ duration            │ tickCount │ visitedNodes │ searchCount │ branchingFactor │ solutionSteps                                                                                                                                                                                       │
├─────────────────────────────────┼──────────┼─────────────────────┼───────────┼──────────────┼─────────────┼─────────────────┼─────────────────────────────────────────────────────────────────────────────────────────────────────────────────────────────────────────────────────────────────────────────────────────────────────┤
│          A* CarBlockedRecursive │ 4        │ '99.98ms ± 11.92ms' │ 3131      │ 3132         │ 28609       │ '1.192'         │ '∅ G-1 L-3 I+1 J-1 C+1 M+1 J-2 I-1 E-1 I-1 H-3 I+1 F+1 G-1 H-1 I+1 D+3 J+2 C+2 F+2 P+2 B+1 P+1 G-2 F-3 E+1 M-3 E-1 F+1 G+2 B-1 F+2 P-2 J-1 D-1 M-1 P-1 F-2 D-3 J+1 F+2 P+3 F-1 C-3 J+1 I-1 L+3 P+1' │
└─────────────────────────────────┴──────────┴─────────────────────┴───────────┴──────────────┴─────────────┴─────────────────┴─────────────────────────────────────────────────────────────────────────────────────────────────────────────────────────────────────────────────────────────────────────────────────────────────────┘
┌─────────────────────────────────┬──────────┬─────────────────────┬───────────┬──────────────┬─────────────┬───────────────────────────────────┐
│ (index)                         │ runCount │ duration            │ tickCount │ visitedNodes │ searchCount │ errorMessage                      │
├─────────────────────────────────┼──────────┼─────────────────────┼───────────┼──────────────┼─────────────┼───────────────────────────────────┤
│                IDA* CarDistance │ 1        │ '529.13ms ± 0.00ms' │ 14        │ 0            │ 579330      │ 'Timed out, ticked too many/long' │
└─────────────────────────────────┴──────────┴─────────────────────┴───────────┴──────────────┴─────────────┴───────────────────────────────────┘
┌─────────────────────────────────┬─────────────┐
│ (index)                         │ status      │
├─────────────────────────────────┼─────────────┤
│                 IDA* CarBlocked │ 'Timed out' │
└─────────────────────────────────┴─────────────┘
┌─────────────────────────────────┬─────────────┐
│ (index)                         │ status      │
├─────────────────────────────────┼─────────────┤
│        IDA* CarBlockedRecursive │ 'Timed out' │
└─────────────────────────────────┴─────────────┘
┌─────────────────────────────────┬──────────┬─────────────────────┬───────────┬──────────────┬─────────────┬───────────────────────────────────┐
│ (index)                         │ runCount │ duration            │ tickCount │ visitedNodes │ searchCount │ errorMessage                      │
├─────────────────────────────────┼──────────┼─────────────────────┼───────────┼──────────────┼─────────────┼───────────────────────────────────┤
│         IDA* Approx CarDistance │ 1        │ '218.69ms ± 0.00ms' │ 27        │ 1300         │ 150707      │ 'Timed out, ticked too many/long' │
└─────────────────────────────────┴──────────┴─────────────────────┴───────────┴──────────────┴─────────────┴───────────────────────────────────┘
┌─────────────────────────────────┬──────────┬─────────────────────┬───────────┬──────────────┬─────────────┬───────────────────────────────────┐
│ (index)                         │ runCount │ duration            │ tickCount │ visitedNodes │ searchCount │ errorMessage                      │
├─────────────────────────────────┼──────────┼─────────────────────┼───────────┼──────────────┼─────────────┼───────────────────────────────────┤
│          IDA* Approx CarBlocked │ 1        │ '241.55ms ± 0.00ms' │ 32        │ 1330         │ 266564      │ 'Timed out, ticked too many/long' │
└─────────────────────────────────┴──────────┴─────────────────────┴───────────┴──────────────┴─────────────┴───────────────────────────────────┘
┌─────────────────────────────────┬──────────┬─────────────────────┬───────────┬──────────────┬─────────────┬───────────────────────────────────┐
│ (index)                         │ runCount │ duration            │ tickCount │ visitedNodes │ searchCount │ errorMessage                      │
├─────────────────────────────────┼──────────┼─────────────────────┼───────────┼──────────────┼─────────────┼───────────────────────────────────┤
│ IDA* Approx CarBlockedRecursive │ 1        │ '266.67ms ± 0.00ms' │ 25        │ 1080         │ 53468       │ 'Timed out, ticked too many/long' │
└─────────────────────────────────┴──────────┴─────────────────────┴───────────┴──────────────┴─────────────┴───────────────────────────────────┘
=====================================
cases\Jam-34.txt
6 6
11
B..FFF 
B..G.L 
PP.GHLK
CCCEHL 
..IEDD 
MMIJJ. 

┌─────────────────────────────────┬──────────┬────────────────────┬───────────┬──────────────┬─────────────┬─────────────────┬─────────────────────────────────────────────────────────────────────────────────────────────────────────────────────────────────────────────────────────────────────────────────┐
│ (index)                         │ runCount │ duration           │ tickCount │ visitedNodes │ searchCount │ branchingFactor │ solutionSteps                                                                                                                                                                   │
├─────────────────────────────────┼──────────┼────────────────────┼───────────┼──────────────┼─────────────┼─────────────────┼─────────────────────────────────────────────────────────────────────────────────────────────────────────────────────────────────────────────────────────────────────────────────┤
│                             UCS │ 6        │ '30.09ms ± 8.50ms' │ 4383      │ 4418         │ 37481       │ '1.229'         │ '∅ F-1 L-1 P+1 H-1 J+1 E+1 C+3 B+3 F-2 G-1 P-1 I-3 M+1 B+1 C-3 L+1 E-2 D-3 E+2 G+1 F+3 I-1 P+1 C+1 B-4 P-1 I+1 F-1 L-1 C+2 D-1 M-1 I+3 P+1 B+1 F-2 G-1 H-1 C-3 E-1 J-1 L+3 P+3' │
└─────────────────────────────────┴──────────┴────────────────────┴───────────┴──────────────┴─────────────┴─────────────────┴─────────────────────────────────────────────────────────────────────────────────────────────────────────────────────────────────────────────────────────────────────────────────┘
┌─────────────────────────────────┬──────────┬────────────────────┬───────────┬──────────────┬─────────────┬─────────────────┬─────────────────────────────────────────────────────────────────────────────────────────────────────────────────────────────────────────────────────────────────────────────────────────────────────────────────────────────────────────────────────────────────────────────────────────────────────────────────────────────────────────────────────────────────────────────────────────────────────────────────────────────────────────────────────────────────────────────────────────────────────────────────────────────────────────────────────────────────────────────────────────────────────────────────────────────────────────────────────────────────────────────────────────────────────────────────────────────────────────────────────────────────────────────────────────────────────────────────────────────────────────────────────────────────────────────────────────────────────────────────────────────────────────────────────────────────────────────────────────────────────────────────────────────────────────────────────────────────────────────────────────────────────────────────────────────────────────────────────────────────────────────────────────────────────────────────────────────────────────────────────────────────────────────────────────────────────────────────────────────────────────────────────────────────────────────────────────────────────────────────────────────────────────────────────────────────────────────────────────────────────────────────────────────────────────────────────────────────────────────────────────────────────────────────────────────────────────────────────────────────────────────┐
│ (index)                         │ runCount │ duration           │ tickCount │ visitedNodes │ searchCount │ branchingFactor │ solutionSteps                                                                                                                                                                                                                                                                                                                                                                                                                                                                                                                                                                                                                                                                                                                                                                                                                                                                                                                                                                                                                                                                                                                                                                                                                                                                                                                                                                                                                                                                                                                                                                                                                                                               │
├─────────────────────────────────┼──────────┼────────────────────┼───────────┼──────────────┼─────────────┼─────────────────┼─────────────────────────────────────────────────────────────────────────────────────────────────────────────────────────────────────────────────────────────────────────────────────────────────────────────────────────────────────────────────────────────────────────────────────────────────────────────────────────────────────────────────────────────────────────────────────────────────────────────────────────────────────────────────────────────────────────────────────────────────────────────────────────────────────────────────────────────────────────────────────────────────────────────────────────────────────────────────────────────────────────────────────────────────────────────────────────────────────────────────────────────────────────────────────────────────────────────────────────────────────────────────────────────────────────────────────────────────────────────────────────────────────────────────────────────────────────────────────────────────────────────────────────────────────────────────────────────────────────────────────────────────────────────────────────────────────────────────────────────────────────────────────────────────────────────────────────────────────────────────────────────────────────────────────────────────────────────────────────────────────────────────────────────────────────────────────────────────────────────────────────────────────────────────────────────────────────────────────────────────────────────────────────────────────────────────────────────────────────────────────────────────────────────────────────────────────────────────────────────────────────────┤
│                GBFS CarDistance │ 12       │ '16.50ms ± 6.34ms' │ 1677      │ 1678         │ 13684       │ '1.013'         │ '∅ P+1 J+1 E+1 C+1 H-1 C+1 F-2 C-2 E-1 J-1 L-1 H-1 J+1 E+1 C+3 I-1 M+1 H+1 F+1 M-1 I+1 C-3 E-1 H+1 J-1 B+1 H-1 L+1 J+1 E+1 C+2 L-1 C-1 H+1 C-1 G+1 H-1 F-2 G-2 P+1 E-1 J-1 H-1 P+1 J+1 L+1 P-1 H+2 E+1 C+1 H-1 C+1 B+2 L-1 C-1 B-1 C+2 I-1 M+1 B+1 P-2 I-2 M-1 C-2 H-1 M+1 C+1 B+1 C-2 E-2 J-1 D-3 E+1 J+1 M+1 E-1 D+2 L+2 M-1 J-1 D-1 L-1 J+1 M+1 D+2 E+1 M-1 J-1 H+2 E-1 J+1 D-3 M+1 D+2 H-1 M-1 J-1 D-2 E+1 J+1 M+1 L+1 E-1 M-1 D+1 L-2 J-1 H+2 L+3 D-1 L-1 H-1 E+1 J+1 E+1 C+1 B-1 M-1 L-2 H-2 M+1 C+2 B+1 C-1 L+2 B-1 M-1 L-1 H+1 M+1 C-1 B+1 L-1 C-1 H+2 L+1 H-3 G+2 L-1 G-1 C+1 L+2 B-1 M-1 L-1 H+3 M+1 H-1 B+1 C-1 E-1 J-1 H-2 L+2 H+3 L-3 J+1 M+1 H-2 F+2 M-1 J-1 H+1 L+3 F-1 L-1 J+1 M+1 L-2 H-2 M-1 L+1 E+1 C+2 B-1 M-1 L-1 C-1 M+1 C+2 B+1 I+1 H+1 B-1 M-1 I-1 F-1 M+1 C-2 F+2 M-1 C+1 L+2 M+1 B+1 C-2 L-1 C+1 F+1 B-1 M-1 C+1 I-1 P+1 M+1 C-1 B-3 M-1 D-1 C-1 M+1 E-1 J-1 M-1 J-1 D+1 J+2 M+2 L+1 M-1 J-1 M-1 L+1 H+2 J-1 D-1 L-1 J+2 M+2 H-1 M-1 J-1 M-1 L+1 B+1 J-1 D+1 L-2 J+2 M+2 D-1 M-1 J-1 D+1 H-1 J+1 E+1 M-1 L+1 E-1 J-2 D-1 J+1 M+1 J+1 E+1 C+2 M-1 C-1 H+2 M+1 D+1 H-2 B+3 C-1 E-1 J-1 L-1 H+2 J+1 H-1 E+1 C+1 B-3 M-1 D-1 C-1 H+1 M+1 G+1 D+1 M-1 H-1 L+1 M+1 D-1 B-1 M-1 H-1 D+1 M+1 L-1 P-1 I+1 M-1 H+2 D-1 M+1 H-1 L+1 M-1 D+1 F-2 M+1 L-2 D-1 M-1 H-1 F+1 M+1 D+1 H+2 M-1 H-1 G-1 M+1 D-1 C+1 M-1 H-1 D+1 M+1 C+2 D-1 I+2 P+1 M-1 I+1 C-3 E-1 J-1 H+2 L+3 H-1 L-2 J+1 E+1 C+1 H-1 C+1 L+1 F-1 C-2 E-1 J-1 L-1 H-1 J+1 E+1 C+2 L-1 C-1 L+2 H+3 L-1 F+2 C-1 E-1 J-1 L+1 H-1 J+1 E+1 C+1 H-1 B+2 C+1 L-1 B-1 C-2 E-1 J-1 L+2 H+2 F-3 L-3 J+1 H-3 E+1 C+3 I-1 M+1 G-1 P+2 M-1 I-2 D+1 M+1 C-3 E-1 J-1 M-1 J-1 D-1 J+2 M+2 L+2 M-1 J-1 M-1 L+1 P+1' │
└─────────────────────────────────┴──────────┴────────────────────┴───────────┴──────────────┴─────────────┴─────────────────┴─────────────────────────────────────────────────────────────────────────────────────────────────────────────────────────────────────────────────────────────────────────────────────────────────────────────────────────────────────────────────────────────────────────────────────────────────────────────────────────────────────────────────────────────────────────────────────────────────────────────────────────────────────────────────────────────────────────────────────────────────────────────────────────────────────────────────────────────────────────────────────────────────────────────────────────────────────────────────────────────────────────────────────────────────────────────────────────────────────────────────────────────────────────────────────────────────────────────────────────────────────────────────────────────────────────────────────────────────────────────────────────────────────────────────────────────────────────────────────────────────────────────────────────────────────────────────────────────────────────────────────────────────────────────────────────────────────────────────────────────────────────────────────────────────────────────────────────────────────────────────────────────────────────────────────────────────────────────────────────────────────────────────────────────────────────────────────────────────────────────────────────────────────────────────────────────────────────────────────────────────────────────────────────────────────────────────────────────────────────────────────────────────────────────────────────────────────────────────────────────────────────────┘
┌─────────────────────────────────┬──────────┬───────────────────┬───────────┬──────────────┬─────────────┬─────────────────┬─────────────────────────────────────────────────────────────────────────────────────────────────────────────────────────────────────────────────────────────────────────────────────────────────────────────────────────────────────────────────────────────────────────────────────────────────────────────────────────────────────────────────────────────────────────────────────────────────────────────────────────────────────┐
│ (index)                         │ runCount │ duration          │ tickCount │ visitedNodes │ searchCount │ branchingFactor │ solutionSteps                                                                                                                                                                                                                                                                                                                                                                                                                       │
├─────────────────────────────────┼──────────┼───────────────────┼───────────┼──────────────┼─────────────┼─────────────────┼─────────────────────────────────────────────────────────────────────────────────────────────────────────────────────────────────────────────────────────────────────────────────────────────────────────────────────────────────────────────────────────────────────────────────────────────────────────────────────────────────────────────────────────────────────────────────────────────────────────────────────────────────────┤
│                 GBFS CarBlocked │ 20       │ '9.53ms ± 4.35ms' │ 1497      │ 1498         │ 12332       │ '1.066'         │ '∅ J+1 E+1 C+1 H-1 C+1 P+1 C-2 E-1 J-1 F-2 H-1 J+1 E+1 G+1 L-1 B+1 G-1 E-1 J-1 F-1 G-1 P+2 L+1 J+1 E+1 C+2 P-2 C-1 P+1 L-1 C+1 B+2 C+1 I-1 P-2 I-2 C-2 M+1 C+1 B+1 C-2 E-1 J-1 L+1 E-1 D-3 E+1 L+2 H+3 G+1 F+3 I-1 P+1 L-2 J+1 M+1 P-1 L+1 M-1 E+1 C+1 B-1 M-1 L-1 P+1 M+1 B-3 D-1 P-1 I+1 F-2 M-1 D+1 H-3 M+1 C-1 E-1 M-1 D-1 M+2 L-1 M-1 E+1 M-1 D+1 C+3 M+1 I+1 D-1 I+1 M-1 I+1 C-3 E-1 J-1 L+3 P+1 H+3 F+2 B+1 F-3 G-1 H-3 P+3' │
└─────────────────────────────────┴──────────┴───────────────────┴───────────┴──────────────┴─────────────┴─────────────────┴─────────────────────────────────────────────────────────────────────────────────────────────────────────────────────────────────────────────────────────────────────────────────────────────────────────────────────────────────────────────────────────────────────────────────────────────────────────────────────────────────────────────────────────────────────────────────────────────────────────────────────────────────────┘
┌─────────────────────────────────┬──────────┬─────────────────────┬───────────┬──────────────┬─────────────┬─────────────────┬─────────────────────────────────────────────────────────────────────────────────────────────────────────────────────────────────────────────────────────────────────────────────────────────────────────────────────────────────────────────────────────────────────────────────────────────────────────────────────────────────────────────────────────────────────────────────────────────────────────────────────────────────────────────────────────────────────────────────┐
│ (index)                         │ runCount │ duration            │ tickCount │ visitedNodes │ searchCount │ branchingFactor │ solutionSteps                                                                                                                                                                                                                                                                                                                                                                                                                                                                   │
├─────────────────────────────────┼──────────┼─────────────────────┼───────────┼──────────────┼─────────────┼─────────────────┼─────────────────────────────────────────────────────────────────────────────────────────────────────────────────────────────────────────────────────────────────────────────────────────────────────────────────────────────────────────────────────────────────────────────────────────────────────────────────────────────────────────────────────────────────────────────────────────────────────────────────────────────────────────────────────────────────────────────────┤
│        GBFS CarBlockedRecursive │ 4        │ '63.96ms ± 12.31ms' │ 1480      │ 1481         │ 12197       │ '1.058'         │ '∅ H-1 F-2 H-1 L-1 P+1 B+1 L+1 F-1 G-1 P+2 J+1 E+1 C+2 B+2 L-1 C+1 I-3 C-2 M+1 C+1 B-2 M-1 C-2 E-1 J-2 L+1 J+1 M+1 J+1 E+1 C+1 M-1 B+1 C+1 M+1 B+2 C-2 L-1 C+3 I+2 P-3 I-2 C-3 E-1 J-1 L+1 E-1 D-3 E+1 L+2 H+3 L-3 J+1 E+1 C+1 H-3 C+1 B-1 M-1 C-1 H+3 L+2 M+1 H-3 L-1 G+1 M-1 C+1 L+1 M+1 B+1 C-1 H+3 L-1 F+3 I-1 B-1 M-1 L+1 P+1 M+1 B-3 D-1 P-1 I+1 F-2 L-1 C-1 G+1 M-1 D+1 H-3 M+1 L-1 D-1 M-1 G-1 D+1 C+3 M+1 I+1 D-1 I+1 P+1 B+1 M-1 I+1 C-3 E-1 J-1 L+3 H+3 F-1 G-1 P+3' │
└─────────────────────────────────┴──────────┴─────────────────────┴───────────┴──────────────┴─────────────┴─────────────────┴─────────────────────────────────────────────────────────────────────────────────────────────────────────────────────────────────────────────────────────────────────────────────────────────────────────────────────────────────────────────────────────────────────────────────────────────────────────────────────────────────────────────────────────────────────────────────────────────────────────────────────────────────────────────────────────────────────────────────┘
┌─────────────────────────────────┬──────────┬────────────────────┬───────────┬──────────────┬─────────────┬─────────────────┬─────────────────────────────────────────────────────────────────────────────────────────────────────────────────────────────────────────────────────────────────────────────────────────────┐
│ (index)                         │ runCount │ duration           │ tickCount │ visitedNodes │ searchCount │ branchingFactor │ solutionSteps                                                                                                                                                                               │
├─────────────────────────────────┼──────────┼────────────────────┼───────────┼──────────────┼─────────────┼─────────────────┼─────────────────────────────────────────────────────────────────────────────────────────────────────────────────────────────────────────────────────────────────────────────────────────────┤
│                  A* CarDistance │ 4        │ '44.71ms ± 8.39ms' │ 4384      │ 4385         │ 37471       │ '1.210'         │ '∅ P+1 J+1 B+1 E+1 F-3 G-1 H-1 L-1 C+3 I-1 M+1 B+3 P-1 I-2 C-3 E-2 D-3 E+1 L+1 G+1 F+3 I-1 P+1 E+1 C+1 B-4 P-1 I+1 F-1 L-1 D-1 C+2 I+2 P+1 B+1 F-2 H-1 G-1 P+2 M-1 I+1 C-3 E-1 J-1 L+3 P+1' │
└─────────────────────────────────┴──────────┴────────────────────┴───────────┴──────────────┴─────────────┴─────────────────┴─────────────────────────────────────────────────────────────────────────────────────────────────────────────────────────────────────────────────────────────────────────────────────────────┘
┌─────────────────────────────────┬──────────┬────────────────────┬───────────┬──────────────┬─────────────┬─────────────────┬─────────────────────────────────────────────────────────────────────────────────────────────────────────────────────────────────────────────────────────────────────────────────────────────────┐
│ (index)                         │ runCount │ duration           │ tickCount │ visitedNodes │ searchCount │ branchingFactor │ solutionSteps                                                                                                                                                                                   │
├─────────────────────────────────┼──────────┼────────────────────┼───────────┼──────────────┼─────────────┼─────────────────┼─────────────────────────────────────────────────────────────────────────────────────────────────────────────────────────────────────────────────────────────────────────────────────────────────┤
│                   A* CarBlocked │ 4        │ '40.34ms ± 1.56ms' │ 4398      │ 4399         │ 37590       │ '1.205'         │ '∅ P+1 B+1 F-3 G-1 J+1 E+1 C+1 B+2 P-1 H-1 L-1 C+2 I-1 M+1 B+1 I-2 C-3 E-2 D-3 E+1 L+1 G+1 F+3 I-1 E+1 C+1 P+1 B-4 P-1 I+1 F-2 H-1 D-1 L-1 C+2 I+2 P+1 B+1 F-1 G-1 P+2 I-2 C-3 E-1 J-1 L+3 P+1' │
└─────────────────────────────────┴──────────┴────────────────────┴───────────┴──────────────┴─────────────┴─────────────────┴─────────────────────────────────────────────────────────────────────────────────────────────────────────────────────────────────────────────────────────────────────────────────────────────────┘
┌─────────────────────────────────┬─────────────┐
│ (index)                         │ status      │
├─────────────────────────────────┼─────────────┤
│          A* CarBlockedRecursive │ 'Timed out' │
└─────────────────────────────────┴─────────────┘
┌─────────────────────────────────┬─────────────┐
│ (index)                         │ status      │
├─────────────────────────────────┼─────────────┤
│                IDA* CarDistance │ 'Timed out' │
└─────────────────────────────────┴─────────────┘
┌─────────────────────────────────┬─────────────┐
│ (index)                         │ status      │
├─────────────────────────────────┼─────────────┤
│                 IDA* CarBlocked │ 'Timed out' │
└─────────────────────────────────┴─────────────┘
┌─────────────────────────────────┬──────────┬─────────────────────┬───────────┬──────────────┬─────────────┬───────────────────────────────────┐
│ (index)                         │ runCount │ duration            │ tickCount │ visitedNodes │ searchCount │ errorMessage                      │
├─────────────────────────────────┼──────────┼─────────────────────┼───────────┼──────────────┼─────────────┼───────────────────────────────────┤
│        IDA* CarBlockedRecursive │ 1        │ '268.27ms ± 0.00ms' │ 7         │ 0            │ 125439      │ 'Timed out, ticked too many/long' │
└─────────────────────────────────┴──────────┴─────────────────────┴───────────┴──────────────┴─────────────┴───────────────────────────────────┘
┌─────────────────────────────────┬──────────┬─────────────────────┬───────────┬──────────────┬─────────────┬───────────────────────────────────┐
│ (index)                         │ runCount │ duration            │ tickCount │ visitedNodes │ searchCount │ errorMessage                      │
├─────────────────────────────────┼──────────┼─────────────────────┼───────────┼──────────────┼─────────────┼───────────────────────────────────┤
│         IDA* Approx CarDistance │ 1        │ '211.16ms ± 0.00ms' │ 25        │ 1221         │ 397206      │ 'Timed out, ticked too many/long' │
└─────────────────────────────────┴──────────┴─────────────────────┴───────────┴──────────────┴─────────────┴───────────────────────────────────┘
┌─────────────────────────────────┬──────────┬─────────────────────┬───────────┬──────────────┬─────────────┬───────────────────────────────────┐
│ (index)                         │ runCount │ duration            │ tickCount │ visitedNodes │ searchCount │ errorMessage                      │
├─────────────────────────────────┼──────────┼─────────────────────┼───────────┼──────────────┼─────────────┼───────────────────────────────────┤
│          IDA* Approx CarBlocked │ 1        │ '201.22ms ± 0.00ms' │ 24        │ 1153         │ 325431      │ 'Timed out, ticked too many/long' │
└─────────────────────────────────┴──────────┴─────────────────────┴───────────┴──────────────┴─────────────┴───────────────────────────────────┘
┌─────────────────────────────────┬──────────┬─────────────────────┬───────────┬──────────────┬─────────────┬───────────────────────────────────┐
│ (index)                         │ runCount │ duration            │ tickCount │ visitedNodes │ searchCount │ errorMessage                      │
├─────────────────────────────────┼──────────┼─────────────────────┼───────────┼──────────────┼─────────────┼───────────────────────────────────┤
│ IDA* Approx CarBlockedRecursive │ 1        │ '209.29ms ± 0.00ms' │ 17        │ 729          │ 91975       │ 'Timed out, ticked too many/long' │
└─────────────────────────────────┴──────────┴─────────────────────┴───────────┴──────────────┴─────────────┴───────────────────────────────────┘
=====================================
cases\Jam-35.txt
6 6
10
..FBBL 
..FG.L 
PPFG.LK
HCCC.. 
HEEID. 
JJ.ID. 

┌─────────────────────────────────┬──────────┬────────────────────┬───────────┬──────────────┬─────────────┬─────────────────┬─────────────────────────────────────────────────────────────────────────────────────────────────────────────────────────────────────────────────────────────────────────────────┐
│ (index)                         │ runCount │ duration           │ tickCount │ visitedNodes │ searchCount │ branchingFactor │ solutionSteps                                                                                                                                                                   │
├─────────────────────────────────┼──────────┼────────────────────┼───────────┼──────────────┼─────────────┼─────────────────┼─────────────────────────────────────────────────────────────────────────────────────────────────────────────────────────────────────────────────────────────────────────────────┤
│                             UCS │ 11       │ '17.56ms ± 3.60ms' │ 3936      │ 4075         │ 33986       │ '1.225'         │ '∅ L+1 B+1 G-1 D-3 J+1 H+1 C-1 I-2 E+3 I+2 G+1 B-1 L-1 C+3 H-1 J-1 F+3 P+1 H-3 P-1 F-3 C-3 L+1 B+1 G-1 I-2 E-4 D+3 I+2 G+1 B-1 L-1 C+3 F+3 B-2 G-1 P+3 H+1 B-1 F-3 C-1 L+3 P+1' │
└─────────────────────────────────┴──────────┴────────────────────┴───────────┴──────────────┴─────────────┴─────────────────┴─────────────────────────────────────────────────────────────────────────────────────────────────────────────────────────────────────────────────────────────────────────────────┘
┌─────────────────────────────────┬──────────┬─────────────────────┬───────────┬──────────────┬─────────────┬─────────────────┬─────────────────────────────────────────────────────────────────────────────────────────────────────────────────────────────────────────────────────────────────────────────────────────────────────────────────────────────────────────────────────────────────────────────────────────────────────────────────────────────────────────────────────────────────────────────────────────────────────────────────────────────────────────────────────────────────────────────────────────────────────────────────────────────────────────────────────────────────────────────────────────────────────────────────────────────────────────────────────────────────────────────────────────────────────────────────────────────────────────────────────────────────────────────────────────────────────────────────────────────────────────────────────────────────────────────────────────────────────────────────────────────────────────────────────────────────────────────────────────────────────────────────────────────────────────────────────────┐
│ (index)                         │ runCount │ duration            │ tickCount │ visitedNodes │ searchCount │ branchingFactor │ solutionSteps                                                                                                                                                                                                                                                                                                                                                                                                                                                                                                                                                                                                                                                                                                                                                                                                                                                                                                                                                                                                                                           │
├─────────────────────────────────┼──────────┼─────────────────────┼───────────┼──────────────┼─────────────┼─────────────────┼─────────────────────────────────────────────────────────────────────────────────────────────────────────────────────────────────────────────────────────────────────────────────────────────────────────────────────────────────────────────────────────────────────────────────────────────────────────────────────────────────────────────────────────────────────────────────────────────────────────────────────────────────────────────────────────────────────────────────────────────────────────────────────────────────────────────────────────────────────────────────────────────────────────────────────────────────────────────────────────────────────────────────────────────────────────────────────────────────────────────────────────────────────────────────────────────────────────────────────────────────────────────────────────────────────────────────────────────────────────────────────────────────────────────────────────────────────────────────────────────────────────────────────────────────────────────────────────┤
│                GBFS CarDistance │ 15       │ '12.83ms ± 10.22ms' │ 1632      │ 1633         │ 13505       │ '1.023'         │ '∅ J+1 D-3 C+2 J-1 C-1 L+3 J+1 L-2 H+1 C-2 I-1 J+3 I+1 C+2 H-1 C-1 L-1 C+2 H+1 F+1 B-3 H-1 D-1 G-1 H+1 F-1 C-3 I-2 J-3 E+3 I+2 C+3 H-1 J-1 C-2 L+1 J+1 C+1 H+1 D+1 C-2 I-1 J+3 I+1 C+2 H-1 C-1 L-1 C+2 H+1 D-1 C-3 I-1 J-2 D+1 J+1 D+1 J-2 G+1 J+3 I+1 C+1 H-1 D-2 C+2 F+3 P+1 H-2 G-1 P+2 B+1 P-1 D+1 H+3 B-1 H-2 P-1 G+1 H+2 B+3 H-4 B-2 D-1 P-1 F-2 G-1 F+1 D+1 G+1 B+2 F-2 C-3 I-1 J-4 I+1 J+1 D+1 I-1 J+2 L+1 J-3 I+1 C+1 J+1 D-1 C+1 J-1 B+1 C-2 J+1 I-1 J+3 I+1 C+2 G-1 C-1 D+1 C-1 I-2 J-4 E-4 J+3 E+3 J-2 E-2 J+1 E+1 D-1 J-2 E-1 J+4 E-1 J-3 L+1 J-1 E+3 J+4 E-1 J-1 E-1 J-1 L+1 J-1 E+2 J+2 E-3 I+1 J-3 E+1 L-1 J+4 E-1 J-2 L-1 E+1 J-1 I+1 C+2 J-1 E-1 C-2 D+3 J+1 D-2 I-1 J+3 E+1 J-4 I+1 C+1 J+1 D+2 C+1 J-1 L+2 E-1 J+1 L-1 C-1 J-1 D-3 E+1 J+1 L+1 E-1 L-2 D+2 J-1 L+2 E+1 C-1 J+1 I-1 J+2 L-2 E-1 J-3 L+1 J+1 D+1 E+1 J+1 D-2 J+1 E-1 G+1 J-3 E+1 J+4 I+1 E-1 C+1 L-1 E+1 D-1 C-1 I-1 J-4 E-1 J+3 B-1 J-2 E+1 J+1 L-1 J-2 E-1 J+4 I+1 E+1 C+3 F+1 E-1 F+2 P+1 B-2 D-1 G-1 P+2 F-2 E+1 H+4 B-1 H-3 E-1 F-1 C-3 I-1 J-4 E+1 J+3 L+3 P+1' │
└─────────────────────────────────┴──────────┴─────────────────────┴───────────┴──────────────┴─────────────┴─────────────────┴─────────────────────────────────────────────────────────────────────────────────────────────────────────────────────────────────────────────────────────────────────────────────────────────────────────────────────────────────────────────────────────────────────────────────────────────────────────────────────────────────────────────────────────────────────────────────────────────────────────────────────────────────────────────────────────────────────────────────────────────────────────────────────────────────────────────────────────────────────────────────────────────────────────────────────────────────────────────────────────────────────────────────────────────────────────────────────────────────────────────────────────────────────────────────────────────────────────────────────────────────────────────────────────────────────────────────────────────────────────────────────────────────────────────────────────────────────────────────────────────────────────────────────────────────────────────────────────┘
┌─────────────────────────────────┬──────────┬─────────────────────┬───────────┬──────────────┬─────────────┬─────────────────┬─────────────────────────────────────────────────────────────────────────────────────────────────────────────────────────────────────────────────────────────────────────────────────────────────────────────────────────────────────────────────────────────────────────────────────────────────────────────────────────────────────────────────────────────────────────────────────────────────────────────────────────────────────────────────────────────────────────────────────────────────────────────────────────────────────────────────────────────────────────────────────┐
│ (index)                         │ runCount │ duration            │ tickCount │ visitedNodes │ searchCount │ branchingFactor │ solutionSteps                                                                                                                                                                                                                                                                                                                                                                                                                                                                                                                                                                       │
├─────────────────────────────────┼──────────┼─────────────────────┼───────────┼──────────────┼─────────────┼─────────────────┼─────────────────────────────────────────────────────────────────────────────────────────────────────────────────────────────────────────────────────────────────────────────────────────────────────────────────────────────────────────────────────────────────────────────────────────────────────────────────────────────────────────────────────────────────────────────────────────────────────────────────────────────────────────────────────────────────────────────────────────────────────────────────────────────────────────────────────────────────────────────────────┤
│                 GBFS CarBlocked │ 7        │ '26.28ms ± 16.20ms' │ 2138      │ 2139         │ 18216       │ '1.049'         │ '∅ L+3 J+1 H+1 L-3 C+2 H-1 F+1 J-1 B-3 G-1 J+1 H+1 F-1 C-3 L+3 D-4 I-1 D+3 L-3 J+3 D-3 I+1 L+2 I-2 E+2 L-2 E-1 L+1 E+2 I+2 C+2 H-1 C-1 L-1 C+2 F+3 H+1 P+3 H-3 F-3 C-3 I-1 J-4 I+1 J+1 C+3 H+3 C-3 L+1 C+2 H-3 J-1 C-1 H+2 J+1 H-1 L-1 J-1 C+2 H+1 F+3 P-3 D+1 G+1 B+3 P+1 H-3 P-1 F-2 J+1 F-1 C-3 J-1 I-1 J+4 I+1 C+2 L+1 C-1 D+1 C-1 I-1 J-4 I+1 J+1 C+1 D-1 J-1 C+1 B+1 G-1 J+1 C-2 I-1 J-1 D+1 J+3 I-1 E-4 D+1 I+1 L+2 E+1 G+1 B-1 J-3 E-1 J+2 D+1 J-1 I+1 L-3 C+3 J-1 F+3 P+1 B-2 G-1 P+2 F-2 J+1 E+1 H+4 B-1 H-3 J-1 E-1 F-1 J+1 C-3 L+3 J-1 D-1 I-1 J+3 E+1 J-2 D+1 J-1 P+1' │
└─────────────────────────────────┴──────────┴─────────────────────┴───────────┴──────────────┴─────────────┴─────────────────┴─────────────────────────────────────────────────────────────────────────────────────────────────────────────────────────────────────────────────────────────────────────────────────────────────────────────────────────────────────────────────────────────────────────────────────────────────────────────────────────────────────────────────────────────────────────────────────────────────────────────────────────────────────────────────────────────────────────────────────────────────────────────────────────────────────────────────────────────────────────────────────┘
┌─────────────────────────────────┬──────────┬────────────────────┬───────────┬──────────────┬─────────────┬─────────────────┬─────────────────────────────────────────────────────────────────────────────────────────────────────────────────────────────────────────────────────────────────────────────────────────────────────────────────────────────────────────────────────────────────────────────────────────────────────────────────────────────────────────────────────────────────────────┐
│ (index)                         │ runCount │ duration           │ tickCount │ visitedNodes │ searchCount │ branchingFactor │ solutionSteps                                                                                                                                                                                                                                                                                                                                                           │
├─────────────────────────────────┼──────────┼────────────────────┼───────────┼──────────────┼─────────────┼─────────────────┼─────────────────────────────────────────────────────────────────────────────────────────────────────────────────────────────────────────────────────────────────────────────────────────────────────────────────────────────────────────────────────────────────────────────────────────────────────────────────────────────────────────────────────────────────────────┤
│        GBFS CarBlockedRecursive │ 5        │ '35.19ms ± 9.99ms' │ 1823      │ 1824         │ 14525       │ '1.082'         │ '∅ C+2 F+1 B-3 G-1 F-1 C-2 D-4 C+2 F+1 B+1 J+1 H+1 B-1 F-1 C-3 D+4 L+1 I-1 J+1 L+1 I-1 E+1 D-4 J+1 E+1 L-1 E+1 I+1 J-1 L-1 J-1 I+1 C+3 H-1 J-1 F+3 B+1 P+3 H-3 P-3 D+1 G+1 B+2 F-3 C-2 D+1 L+1 B+1 D-1 C+1 B-1 C-2 I-1 J+3 B+1 J-1 G-1 I-1 E-4 D+3 I+1 J-2 I+1 C+2 G+1 L+2 B-1 L-3 C+1 F+3 B-2 G-1 P+3 H+2 F-2 J+1 E+1 H-2 J-1 H+3 B-1 J+1 H-2 E-1 J-1 F-1 C-3 L+3 P+1' │
└─────────────────────────────────┴──────────┴────────────────────┴───────────┴──────────────┴─────────────┴─────────────────┴─────────────────────────────────────────────────────────────────────────────────────────────────────────────────────────────────────────────────────────────────────────────────────────────────────────────────────────────────────────────────────────────────────────────────────────────────────────────────────────────────────────────────────────────────────────┘
┌─────────────────────────────────┬──────────┬────────────────────┬───────────┬──────────────┬─────────────┬─────────────────┬─────────────────────────────────────────────────────────────────────────────────────────────────────────────────────────────────────────────────────────────────────────────────────────────────────────────┐
│ (index)                         │ runCount │ duration           │ tickCount │ visitedNodes │ searchCount │ branchingFactor │ solutionSteps                                                                                                                                                                                               │
├─────────────────────────────────┼──────────┼────────────────────┼───────────┼──────────────┼─────────────┼─────────────────┼─────────────────────────────────────────────────────────────────────────────────────────────────────────────────────────────────────────────────────────────────────────────────────────────────────────────┤
│                  A* CarDistance │ 9        │ '20.98ms ± 4.84ms' │ 3853      │ 3854         │ 33354       │ '1.187'         │ '∅ L+1 B+1 J+1 H+1 G-1 C-1 I-2 D-2 E+3 I+2 C+1 G+1 H-1 J-1 B-1 L-1 D-1 C+2 F+3 P+1 H-3 P-1 F-3 C-1 L+1 B+1 G-1 C-2 I-2 E-3 I+1 G+1 B-1 L-1 I+1 C+3 F+1 E-1 B-2 G-1 F+2 P+2 D-1 P+1 H+1 B-1 F-3 C-1 L+3 P+1' │
└─────────────────────────────────┴──────────┴────────────────────┴───────────┴──────────────┴─────────────┴─────────────────┴─────────────────────────────────────────────────────────────────────────────────────────────────────────────────────────────────────────────────────────────────────────────────────────────────────────────┘
┌─────────────────────────────────┬──────────┬─────────────────────┬───────────┬──────────────┬─────────────┬─────────────────┬─────────────────────────────────────────────────────────────────────────────────────────────────────────────────────────────────────────────────────────────────────────────────────────────────────────────┐
│ (index)                         │ runCount │ duration            │ tickCount │ visitedNodes │ searchCount │ branchingFactor │ solutionSteps                                                                                                                                                                                               │
├─────────────────────────────────┼──────────┼─────────────────────┼───────────┼──────────────┼─────────────┼─────────────────┼─────────────────────────────────────────────────────────────────────────────────────────────────────────────────────────────────────────────────────────────────────────────────────────────────────────────┤
│                   A* CarBlocked │ 7        │ '26.67ms ± 14.05ms' │ 3871      │ 3872         │ 33507       │ '1.187'         │ '∅ L+1 B+1 G-1 J+1 H+1 C-1 D-2 I-2 E+3 I+2 C+1 H-1 D-1 G+1 B-1 L-1 J-1 C+2 F+3 P+1 H-3 P-1 F-3 C-1 L+1 B+1 G-1 C-2 I-2 E-3 I+1 G+1 B-1 I+1 L-1 C+3 F+1 B-2 G-1 D-1 E-1 F+2 P+1 H+1 B-1 P+2 F-3 C-1 L+3 P+1' │
└─────────────────────────────────┴──────────┴─────────────────────┴───────────┴──────────────┴─────────────┴─────────────────┴─────────────────────────────────────────────────────────────────────────────────────────────────────────────────────────────────────────────────────────────────────────────────────────────────────────────┘
┌─────────────────────────────────┬──────────┬────────────────────┬───────────┬──────────────┬─────────────┬─────────────────┬─────────────────────────────────────────────────────────────────────────────────────────────────────────────────────────────────────────────────────────────────────────────────────────────────────────────┐
│ (index)                         │ runCount │ duration           │ tickCount │ visitedNodes │ searchCount │ branchingFactor │ solutionSteps                                                                                                                                                                                               │
├─────────────────────────────────┼──────────┼────────────────────┼───────────┼──────────────┼─────────────┼─────────────────┼─────────────────────────────────────────────────────────────────────────────────────────────────────────────────────────────────────────────────────────────────────────────────────────────────────────────┤
│          A* CarBlockedRecursive │ 4        │ '74.76ms ± 5.40ms' │ 3799      │ 3800         │ 32971       │ '1.187'         │ '∅ L+1 B+1 G-1 J+1 H+1 C-1 I-2 D-2 E+3 I+2 C+1 G+1 H-1 J-1 B-1 D-1 L-1 C+2 F+3 P+1 H-3 P-1 F-3 C-1 L+1 B+1 G-1 C-2 I-2 E-3 I+2 C+1 G+1 B-1 L-1 C+2 F+1 B-2 G-1 D-1 E-1 F+2 P+1 H+1 B-1 P+2 F-3 C-1 L+3 P+1' │
└─────────────────────────────────┴──────────┴────────────────────┴───────────┴──────────────┴─────────────┴─────────────────┴─────────────────────────────────────────────────────────────────────────────────────────────────────────────────────────────────────────────────────────────────────────────────────────────────────────────┘
┌─────────────────────────────────┬──────────┬─────────────────────┬───────────┬──────────────┬─────────────┬───────────────────────────────────┐
│ (index)                         │ runCount │ duration            │ tickCount │ visitedNodes │ searchCount │ errorMessage                      │
├─────────────────────────────────┼──────────┼─────────────────────┼───────────┼──────────────┼─────────────┼───────────────────────────────────┤
│                IDA* CarDistance │ 1        │ '394.27ms ± 0.00ms' │ 8         │ 0            │ 757208      │ 'Timed out, ticked too many/long' │
└─────────────────────────────────┴──────────┴─────────────────────┴───────────┴──────────────┴─────────────┴───────────────────────────────────┘
┌─────────────────────────────────┬─────────────┐
│ (index)                         │ status      │
├─────────────────────────────────┼─────────────┤
│                 IDA* CarBlocked │ 'Timed out' │
└─────────────────────────────────┴─────────────┘
┌─────────────────────────────────┬──────────┬─────────────────────┬───────────┬──────────────┬─────────────┬───────────────────────────────────┐
│ (index)                         │ runCount │ duration            │ tickCount │ visitedNodes │ searchCount │ errorMessage                      │
├─────────────────────────────────┼──────────┼─────────────────────┼───────────┼──────────────┼─────────────┼───────────────────────────────────┤
│        IDA* CarBlockedRecursive │ 1        │ '212.71ms ± 0.00ms' │ 7         │ 0            │ 79252       │ 'Timed out, ticked too many/long' │
└─────────────────────────────────┴──────────┴─────────────────────┴───────────┴──────────────┴─────────────┴───────────────────────────────────┘
┌─────────────────────────────────┬──────────┬─────────────────────┬───────────┬──────────────┬─────────────┬───────────────────────────────────┐
│ (index)                         │ runCount │ duration            │ tickCount │ visitedNodes │ searchCount │ errorMessage                      │
├─────────────────────────────────┼──────────┼─────────────────────┼───────────┼──────────────┼─────────────┼───────────────────────────────────┤
│         IDA* Approx CarDistance │ 1        │ '222.07ms ± 0.00ms' │ 23        │ 1533         │ 384900      │ 'Timed out, ticked too many/long' │
└─────────────────────────────────┴──────────┴─────────────────────┴───────────┴──────────────┴─────────────┴───────────────────────────────────┘
┌─────────────────────────────────┬──────────┬─────────────────────┬───────────┬──────────────┬─────────────┬───────────────────────────────────┐
│ (index)                         │ runCount │ duration            │ tickCount │ visitedNodes │ searchCount │ errorMessage                      │
├─────────────────────────────────┼──────────┼─────────────────────┼───────────┼──────────────┼─────────────┼───────────────────────────────────┤
│          IDA* Approx CarBlocked │ 1        │ '220.74ms ± 0.00ms' │ 23        │ 1522         │ 384482      │ 'Timed out, ticked too many/long' │
└─────────────────────────────────┴──────────┴─────────────────────┴───────────┴──────────────┴─────────────┴───────────────────────────────────┘
┌─────────────────────────────────┬──────────┬─────────────────────┬───────────┬──────────────┬─────────────┬───────────────────────────────────┐
│ (index)                         │ runCount │ duration            │ tickCount │ visitedNodes │ searchCount │ errorMessage                      │
├─────────────────────────────────┼──────────┼─────────────────────┼───────────┼──────────────┼─────────────┼───────────────────────────────────┤
│ IDA* Approx CarBlockedRecursive │ 1        │ '215.02ms ± 0.00ms' │ 17        │ 923          │ 84884       │ 'Timed out, ticked too many/long' │
└─────────────────────────────────┴──────────┴─────────────────────┴───────────┴──────────────┴─────────────┴───────────────────────────────────┘
=====================================
cases\Jam-36.txt
6 6
11
FLLLBB 
FGHH.C 
FGPP.CK
MMME.C 
..IEDD 
JJI... 

┌─────────────────────────────────┬──────────┬────────────────────┬───────────┬──────────────┬─────────────┬─────────────────┬─────────────────────────────────────────────────────────────────────────────────────────────────────────────────────────────────────────────────────────────────────────────────────┐
│ (index)                         │ runCount │ duration           │ tickCount │ visitedNodes │ searchCount │ branchingFactor │ solutionSteps                                                                                                                                                                       │
├─────────────────────────────────┼──────────┼────────────────────┼───────────┼──────────────┼─────────────┼─────────────────┼─────────────────────────────────────────────────────────────────────────────────────────────────────────────────────────────────────────────────────────────────────────────────────┤
│                             UCS │ 15       │ '12.94ms ± 4.79ms' │ 2554      │ 2825         │ 22212       │ '1.206'         │ '∅ H+1 P+1 E+1 M+1 F+1 L-1 B-1 C-1 M+2 I-3 M-1 C+1 B+1 L+1 F-1 M-2 E-1 J+4 E+1 M+1 F+1 L-1 B-1 C-1 M+2 G+3 I+3 H-2 P-2 M-1 C+1 B+1 L+1 F-1 M-2 E-3 M+1 F+1 L-1 E-1 D-1 J-1 C+2 P+3' │
└─────────────────────────────────┴──────────┴────────────────────┴───────────┴──────────────┴─────────────┴─────────────────┴─────────────────────────────────────────────────────────────────────────────────────────────────────────────────────────────────────────────────────────────────────────────────────┘
┌─────────────────────────────────┬──────────┬────────────────────┬───────────┬──────────────┬─────────────┬─────────────────┬─────────────────────────────────────────────────────────────────────────────────────────────────────────────────────────────────────────────────────────────────────────────────────────────────────────────────────────────────────────────────────────────────────────────────────────────────────────────────────────────────────────────────────────────────────────────────────────────────────────────────────────────────────────────────────────────────────────────────────────────────────────────────────────────────────────────────────────────────────────────────────────────────────────────────────────────────────────────────────────────────────────────────────────────────────────────────────────────┐
│ (index)                         │ runCount │ duration           │ tickCount │ visitedNodes │ searchCount │ branchingFactor │ solutionSteps                                                                                                                                                                                                                                                                                                                                                                                                                                                                                                                                                                                                                                                                                                               │
├─────────────────────────────────┼──────────┼────────────────────┼───────────┼──────────────┼─────────────┼─────────────────┼─────────────────────────────────────────────────────────────────────────────────────────────────────────────────────────────────────────────────────────────────────────────────────────────────────────────────────────────────────────────────────────────────────────────────────────────────────────────────────────────────────────────────────────────────────────────────────────────────────────────────────────────────────────────────────────────────────────────────────────────────────────────────────────────────────────────────────────────────────────────────────────────────────────────────────────────────────────────────────────────────────────────────────────────────────────────────────────────┤
│                GBFS CarDistance │ 17       │ '11.41ms ± 6.28ms' │ 1487      │ 1488         │ 13131       │ '1.036'         │ '∅ P+1 E+1 M+2 H+1 M-1 F+2 H-1 F-1 L-1 M+1 H+1 G+2 H-2 G-1 F+1 H-1 G+1 H+2 B-1 G-2 M-1 C-1 M+2 I-2 J+1 I+1 F-1 J-1 H+1 I-2 J+1 M-2 F+2 M+1 F-1 J-1 M-1 C+1 J+1 B+1 M+1 J-1 F-1 M-1 L+1 J+1 M+1 G+2 J-1 G-1 F-1 G-1 M-2 J+1 E-1 J+3 E+1 M+2 G+2 F+3 G-1 F-2 L-1 G-1 M-1 F+2 B-1 M+1 F-1 C-1 M-1 F-1 M+2 I+3 M-2 H-1 M+1 G+3 M-1 H-1 M+2 I-2 G-2 I+1 G+1 H+2 I-1 H-1 G-2 I+1 G+3 F+2 G-2 I-1 F-1 I+2 M-1 G+1 F+1 C+1 B+1 H-1 L+1 G-1 F-3 G+2 M-2 P-2 E-3 J-1 D-1 M+2 J+1 G-1 D+1 J-1 F+3 D-1 F-2 C+2 G+1 C-1 J+1 G-1 F+2 H-1 J-1 G+1 M-1 J+1 F-1 M+1 C-1 J-1 D+1 G-1 J+1 F+1 G+1 M-1 J-1 H+1 D-1 J+1 F-2 D+1 M+1 J-1 L-1 D-1 J+1 G-1 D+1 E-1 P+2 J-1 D-1 G-1 J+1 G+2 M-1 J-1 D+1 F+2 J+1 M+1 G-2 J-1 F-1 G+2 D-1 F+1 C+2 P+1' │
└─────────────────────────────────┴──────────┴────────────────────┴───────────┴──────────────┴─────────────┴─────────────────┴─────────────────────────────────────────────────────────────────────────────────────────────────────────────────────────────────────────────────────────────────────────────────────────────────────────────────────────────────────────────────────────────────────────────────────────────────────────────────────────────────────────────────────────────────────────────────────────────────────────────────────────────────────────────────────────────────────────────────────────────────────────────────────────────────────────────────────────────────────────────────────────────────────────────────────────────────────────────────────────────────────────────────────────────────────────────────────────────┘
┌─────────────────────────────────┬──────────┬────────────────────┬───────────┬──────────────┬─────────────┬─────────────────┬─────────────────────────────────────────────────────────────────────────────────────────────────────────────────────────────────────────────────────────────────────────────────────────────────────────────────────────────────────────────────────────────────────────────────────────────────────────────────────────────────────────────────────────────────────────────────────────────────────────────────────────────────────────────────────────────────────────────────────────────────────────────────────────────────────────────────────────────────────────────────────────────────────────────────────────────────────────────────────────────────────────────────────────────────────────────────────────────────────────────────────────────────────────────────────────────────────────────────────────────────────────────────┐
│ (index)                         │ runCount │ duration           │ tickCount │ visitedNodes │ searchCount │ branchingFactor │ solutionSteps                                                                                                                                                                                                                                                                                                                                                                                                                                                                                                                                                                                                                                                                                                                                                                                                                                   │
├─────────────────────────────────┼──────────┼────────────────────┼───────────┼──────────────┼─────────────┼─────────────────┼─────────────────────────────────────────────────────────────────────────────────────────────────────────────────────────────────────────────────────────────────────────────────────────────────────────────────────────────────────────────────────────────────────────────────────────────────────────────────────────────────────────────────────────────────────────────────────────────────────────────────────────────────────────────────────────────────────────────────────────────────────────────────────────────────────────────────────────────────────────────────────────────────────────────────────────────────────────────────────────────────────────────────────────────────────────────────────────────────────────────────────────────────────────────────────────────────────────────────────────────────────────────────┤
│                 GBFS CarBlocked │ 9        │ '20.71ms ± 3.23ms' │ 1691      │ 1692         │ 15073       │ '1.031'         │ '∅ E+1 M+2 H+1 G+2 P-1 H-2 P+2 G-1 P-1 F+2 G+1 F-1 H+1 G-1 P+1 H+1 G-1 F+1 G+2 H-3 G-1 L-1 P-1 G+1 P-1 H+3 F-1 P+2 H-2 G-1 P-1 H+2 G-1 M-1 P+1 H-1 M+1 F+1 P-1 M-1 B-1 P+1 C-1 M+2 I-2 J+1 I+1 P-1 J-1 F-1 I+1 M-2 H+1 M+1 P+1 M+1 I-3 J+1 M-2 F+2 M+1 F-1 J-1 M-1 C+1 J+1 B+1 M+1 J-1 F-1 M-1 L+1 J+1 F-1 M-1 J-1 E-1 J+4 E+1 M+2 G+3 M-1 F+3 L-1 M+1 G-3 M-1 F-2 B-1 M+1 C-1 M+1 I+3 M-2 P-1 M+1 H-1 M+1 I-1 P+1 I-1 G+3 I+2 G-2 M-1 G+1 P-2 M+1 F+2 P+1 I-1 G-1 H+1 I+1 M-1 P+1 G-1 F-1 H-1 M-1 P-1 F+1 C+1 M+1 F-1 H+1 M-1 P+1 F+1 B+1 M+1 F-2 P-1 M-1 H-1 P+1 F+1 M+1 G+3 M-1 P-2 F-1 M+1 G-1 P+2 G-1 P-1 H-1 G+2 M-1 P+1 H+2 F+2 P-3 M+1 G-1 P+2 G-1 F-1 P+1 G+1 P-2 G+1 H-3 P+1 G-1 H+2 L+1 G-2 M-1 F-2 M-1 E-1 J-1 P+1 H+1 J+1 E+1 M+2 P-1 G+3 M-2 E-1 J-1 P-1 E-1 D-1 C+2 H-2 E-1 M+2 G-1 F+3 P-1 G+1 M-1 P+1 F-2 L-1 E-1 M+1 G-1 P+3' │
└─────────────────────────────────┴──────────┴────────────────────┴───────────┴──────────────┴─────────────┴─────────────────┴─────────────────────────────────────────────────────────────────────────────────────────────────────────────────────────────────────────────────────────────────────────────────────────────────────────────────────────────────────────────────────────────────────────────────────────────────────────────────────────────────────────────────────────────────────────────────────────────────────────────────────────────────────────────────────────────────────────────────────────────────────────────────────────────────────────────────────────────────────────────────────────────────────────────────────────────────────────────────────────────────────────────────────────────────────────────────────────────────────────────────────────────────────────────────────────────────────────────────────────────────────────────────┘
┌─────────────────────────────────┬──────────┬─────────────────────┬───────────┬──────────────┬─────────────┬─────────────────┬─────────────────────────────────────────────────────────────────────────────────────────────────────────────────────────────────────────────────────────────────────────────────────────────────────────────────────────────────────────────────────────────────────────────────────────────────────────────────────────────────────────────────────────────────────────────────────────────────────────────────────────────────────────────────────────────────────────────────────────────────────────────────────────────────────────────────────────────────────────────────────────────────────────────────────────────────────────────────────────────────────────────────────────────────────────────────────┐
│ (index)                         │ runCount │ duration            │ tickCount │ visitedNodes │ searchCount │ branchingFactor │ solutionSteps                                                                                                                                                                                                                                                                                                                                                                                                                                                                                                                                                                                                                                                                                                       │
├─────────────────────────────────┼──────────┼─────────────────────┼───────────┼──────────────┼─────────────┼─────────────────┼─────────────────────────────────────────────────────────────────────────────────────────────────────────────────────────────────────────────────────────────────────────────────────────────────────────────────────────────────────────────────────────────────────────────────────────────────────────────────────────────────────────────────────────────────────────────────────────────────────────────────────────────────────────────────────────────────────────────────────────────────────────────────────────────────────────────────────────────────────────────────────────────────────────────────────────────────────────────────────────────────────────────────────────────────────────────────────┤
│        GBFS CarBlockedRecursive │ 7        │ '27.54ms ± 10.61ms' │ 1116      │ 1117         │ 9306        │ '1.034'         │ '∅ E+1 M+2 F+2 M-1 F-1 H+1 M+1 G+2 F-1 H-2 F+2 H-1 G-1 H+3 L-1 F-1 H-2 G+1 H+1 F+1 B-1 C-1 F-1 H-1 G-1 F+1 C+1 H-1 P+1 C-1 H+3 F-1 H-1 M+1 I-2 J+1 I+1 H-1 J-1 F+1 I-1 J+1 F+1 H+2 I-1 M-1 F-2 J-1 F+1 C+1 J+1 G-1 M-1 J-1 F-1 M+1 G+2 J+1 F+2 B+1 F-1 J-1 G-2 L+1 J+1 M-1 F-2 J-1 M-1 E-1 J+4 E+1 M+2 F+3 M-1 F-2 L-1 M+1 F+1 G+3 M-1 F-1 B-1 M+1 F+2 C-1 F-1 G-1 M+1 I+3 M-1 F-1 C+1 F+2 H-3 F-1 H+2 G-2 M-1 F-1 C-1 M+1 F+2 H+1 M-1 F-1 P-1 M+1 F-1 C+1 M-1 F+2 H-1 M+1 G+3 M-1 F-2 C-1 M+1 F+1 H-2 M-1 F+1 H+3 M+1 H-2 G-2 F-2 C+1 F+1 H-1 F+1 H+3 B+1 F-2 H-1 F+1 G-1 H+1 G+3 M-1 F-1 H-2 M+1 F+2 H-1 M-1 L+1 F-1 M+1 H+2 F+1 H+1 F-3 M-2 E-1 J-1 H-2 P-1 H+1 E-1 D-1 C+2 H-1 E-1 M+2 F+3 M-1 F-2 L-1 E-1 P+3' │
└─────────────────────────────────┴──────────┴─────────────────────┴───────────┴──────────────┴─────────────┴─────────────────┴─────────────────────────────────────────────────────────────────────────────────────────────────────────────────────────────────────────────────────────────────────────────────────────────────────────────────────────────────────────────────────────────────────────────────────────────────────────────────────────────────────────────────────────────────────────────────────────────────────────────────────────────────────────────────────────────────────────────────────────────────────────────────────────────────────────────────────────────────────────────────────────────────────────────────────────────────────────────────────────────────────────────────────────────────────────────────────┘
┌─────────────────────────────────┬──────────┬────────────────────┬───────────┬──────────────┬─────────────┬─────────────────┬─────────────────────────────────────────────────────────────────────────────────────────────────────────────────────────────────────────────────────────────────────────────────────────────────┐
│ (index)                         │ runCount │ duration           │ tickCount │ visitedNodes │ searchCount │ branchingFactor │ solutionSteps                                                                                                                                                                                   │
├─────────────────────────────────┼──────────┼────────────────────┼───────────┼──────────────┼─────────────┼─────────────────┼─────────────────────────────────────────────────────────────────────────────────────────────────────────────────────────────────────────────────────────────────────────────────────────────────┤
│                  A* CarDistance │ 15       │ '12.82ms ± 1.64ms' │ 2024      │ 2025         │ 17488       │ '1.183'         │ '∅ P+1 E+1 M+1 F+1 L-1 B-1 C-1 H+1 M+2 I-3 M-1 C+1 B+1 L+1 F-1 M-2 E-1 J+4 E+1 M+1 F+1 L-1 B-1 C-1 M+2 I+3 M-1 C+1 B+1 L+1 F-1 G+3 M-2 P-2 E-2 D-1 C+1 H+1 E-1 M+1 F+1 L-1 E-1 P+2 J-1 C+1 P+1' │
└─────────────────────────────────┴──────────┴────────────────────┴───────────┴──────────────┴─────────────┴─────────────────┴─────────────────────────────────────────────────────────────────────────────────────────────────────────────────────────────────────────────────────────────────────────────────────────────────┘
┌─────────────────────────────────┬──────────┬────────────────────┬───────────┬──────────────┬─────────────┬─────────────────┬─────────────────────────────────────────────────────────────────────────────────────────────────────────────────────────────────────────────────────────────────────────────────────────────┐
│ (index)                         │ runCount │ duration           │ tickCount │ visitedNodes │ searchCount │ branchingFactor │ solutionSteps                                                                                                                                                                               │
├─────────────────────────────────┼──────────┼────────────────────┼───────────┼──────────────┼─────────────┼─────────────────┼─────────────────────────────────────────────────────────────────────────────────────────────────────────────────────────────────────────────────────────────────────────────────────────────┤
│                   A* CarBlocked │ 8        │ '24.48ms ± 9.39ms' │ 2379      │ 2380         │ 20514       │ '1.193'         │ '∅ E+1 M+1 F+1 H+1 L-1 P+1 B-1 C-1 M+2 I-3 M-1 C+1 B+1 L+1 F-1 M-2 E-1 J+4 E+1 M+1 F+1 L-1 B-1 C-1 M+2 I+3 M-1 C+1 B+1 L+1 F-1 G+3 M-2 P-2 E-2 D-1 C+1 H+1 E-1 M+1 F+1 L-1 E-1 J-1 C+1 P+3' │
└─────────────────────────────────┴──────────┴────────────────────┴───────────┴──────────────┴─────────────┴─────────────────┴─────────────────────────────────────────────────────────────────────────────────────────────────────────────────────────────────────────────────────────────────────────────────────────────┘
┌─────────────────────────────────┬──────────┬────────────────────┬───────────┬──────────────┬─────────────┬─────────────────┬─────────────────────────────────────────────────────────────────────────────────────────────────────────────────────────────────────────────────────────────────────────────────────────────────┐
│ (index)                         │ runCount │ duration           │ tickCount │ visitedNodes │ searchCount │ branchingFactor │ solutionSteps                                                                                                                                                                                   │
├─────────────────────────────────┼──────────┼────────────────────┼───────────┼──────────────┼─────────────┼─────────────────┼─────────────────────────────────────────────────────────────────────────────────────────────────────────────────────────────────────────────────────────────────────────────────────────────────┤
│          A* CarBlockedRecursive │ 6        │ '29.93ms ± 2.90ms' │ 1974      │ 1975         │ 17078       │ '1.182'         │ '∅ E+1 M+1 F+1 L-1 B-1 C-1 P+1 H+1 M+2 I-3 M-1 C+1 B+1 L+1 F-1 M-2 E-1 J+4 E+1 M+1 F+1 L-1 B-1 C-1 M+2 I+3 M-1 C+1 B+1 L+1 F-1 G+3 M-2 E-1 J-1 P-2 E-1 D-1 C+1 H+1 E-1 M+1 F+1 L-1 E-1 C+1 P+3' │
└─────────────────────────────────┴──────────┴────────────────────┴───────────┴──────────────┴─────────────┴─────────────────┴─────────────────────────────────────────────────────────────────────────────────────────────────────────────────────────────────────────────────────────────────────────────────────────────────┘
┌─────────────────────────────────┬─────────────┐
│ (index)                         │ status      │
├─────────────────────────────────┼─────────────┤
│                IDA* CarDistance │ 'Timed out' │
└─────────────────────────────────┴─────────────┘
┌─────────────────────────────────┬──────────┬─────────────────────┬───────────┬──────────────┬─────────────┬───────────────────────────────────┐
│ (index)                         │ runCount │ duration            │ tickCount │ visitedNodes │ searchCount │ errorMessage                      │
├─────────────────────────────────┼──────────┼─────────────────────┼───────────┼──────────────┼─────────────┼───────────────────────────────────┤
│                 IDA* CarBlocked │ 1        │ '315.84ms ± 0.00ms' │ 9         │ 0            │ 340982      │ 'Timed out, ticked too many/long' │
└─────────────────────────────────┴──────────┴─────────────────────┴───────────┴──────────────┴─────────────┴───────────────────────────────────┘
┌─────────────────────────────────┬──────────┬─────────────────────┬───────────┬──────────────┬─────────────┬───────────────────────────────────┐
│ (index)                         │ runCount │ duration            │ tickCount │ visitedNodes │ searchCount │ errorMessage                      │
├─────────────────────────────────┼──────────┼─────────────────────┼───────────┼──────────────┼─────────────┼───────────────────────────────────┤
│        IDA* CarBlockedRecursive │ 1        │ '425.77ms ± 0.00ms' │ 9         │ 0            │ 340926      │ 'Timed out, ticked too many/long' │
└─────────────────────────────────┴──────────┴─────────────────────┴───────────┴──────────────┴─────────────┴───────────────────────────────────┘
┌─────────────────────────────────┬──────────┬─────────────────────┬───────────┬──────────────┬─────────────┬───────────────────────────────────┐
│ (index)                         │ runCount │ duration            │ tickCount │ visitedNodes │ searchCount │ errorMessage                      │
├─────────────────────────────────┼──────────┼─────────────────────┼───────────┼──────────────┼─────────────┼───────────────────────────────────┤
│         IDA* Approx CarDistance │ 1        │ '207.76ms ± 0.00ms' │ 25        │ 592          │ 243605      │ 'Timed out, ticked too many/long' │
└─────────────────────────────────┴──────────┴─────────────────────┴───────────┴──────────────┴─────────────┴───────────────────────────────────┘
┌─────────────────────────────────┬──────────┬─────────────────────┬───────────┬──────────────┬─────────────┬───────────────────────────────────┐
│ (index)                         │ runCount │ duration            │ tickCount │ visitedNodes │ searchCount │ errorMessage                      │
├─────────────────────────────────┼──────────┼─────────────────────┼───────────┼──────────────┼─────────────┼───────────────────────────────────┤
│          IDA* Approx CarBlocked │ 1        │ '201.58ms ± 0.00ms' │ 27        │ 595          │ 294136      │ 'Timed out, ticked too many/long' │
└─────────────────────────────────┴──────────┴─────────────────────┴───────────┴──────────────┴─────────────┴───────────────────────────────────┘
┌─────────────────────────────────┬──────────┬─────────────────────┬───────────┬──────────────┬─────────────┬───────────────────────────────────┐
│ (index)                         │ runCount │ duration            │ tickCount │ visitedNodes │ searchCount │ errorMessage                      │
├─────────────────────────────────┼──────────┼─────────────────────┼───────────┼──────────────┼─────────────┼───────────────────────────────────┤
│ IDA* Approx CarBlockedRecursive │ 1        │ '218.52ms ± 0.00ms' │ 23        │ 589          │ 164420      │ 'Timed out, ticked too many/long' │
└─────────────────────────────────┴──────────┴─────────────────────┴───────────┴──────────────┴─────────────┴───────────────────────────────────┘
=====================================
cases\Jam-37.txt
6 6
12
BBG.HH 
EEG.FL 
CPP.FLK
CMMMFL 
C..IDD 
JJ.INN 

┌─────────────────────────────────┬──────────┬───────────────────┬───────────┬──────────────┬─────────────┬─────────────────┬─────────────────────────────────────────────────────────────────────────────────────────────────────────────────────────────────────────────────────────────────────────────────────────────────┐
│ (index)                         │ runCount │ duration          │ tickCount │ visitedNodes │ searchCount │ branchingFactor │ solutionSteps                                                                                                                                                                                   │
├─────────────────────────────────┼──────────┼───────────────────┼───────────┼──────────────┼─────────────┼─────────────────┼─────────────────────────────────────────────────────────────────────────────────────────────────────────────────────────────────────────────────────────────────────────────────────────────────┤
│                             UCS │ 20       │ '8.31ms ± 2.55ms' │ 1942      │ 1950         │ 15257       │ '1.179'         │ '∅ J+1 C+1 P-1 G+1 H-2 F-1 L-1 M+2 G+2 E+1 P+1 C-1 J-1 G+1 M-2 F+1 H+1 B+1 C-2 M-1 I-3 M+1 C+1 B-1 H-1 F-1 M+2 G-1 J+1 C+2 E-1 P-1 G-2 M-2 F+1 H+1 G-1 P+1 C-1 D-2 J-1 N-2 L+3 H+1 I-1 F+2 P+3' │
└─────────────────────────────────┴──────────┴───────────────────┴───────────┴──────────────┴─────────────┴─────────────────┴─────────────────────────────────────────────────────────────────────────────────────────────────────────────────────────────────────────────────────────────────────────────────────────────────┘
┌─────────────────────────────────┬──────────┬───────────────────┬───────────┬──────────────┬─────────────┬─────────────────┬─────────────────────────────────────────────────────────────────────────────────────────────────────────────────────────────────────────────────────────────────────────────────────────────────────────────────────────────────────────────────────────────────────────────────────────────────────────────────────────────────────────────────────────────────────────────────────────────────────────────────────────────────────────────────────────────────────────────────────────────────────────────────────────────────────────────────────────────────────────────────────────────────────────────────────────────────────────────────────────────────────────────────────────────────────────────────────────────────────────────────────────────────────────────────────────────────────────────────────────────────────────────────────────────────────────────────────────────────────────────────────────────────────────────────────────────────────────────────────────────────────────────────────────────────────────────────────────────────────────────────────────────┐
│ (index)                         │ runCount │ duration          │ tickCount │ visitedNodes │ searchCount │ branchingFactor │ solutionSteps                                                                                                                                                                                                                                                                                                                                                                                                                                                                                                                                                                                                                                                                                                                                                                                                                                                                                                                                                                                                                                                                               │
├─────────────────────────────────┼──────────┼───────────────────┼───────────┼──────────────┼─────────────┼─────────────────┼─────────────────────────────────────────────────────────────────────────────────────────────────────────────────────────────────────────────────────────────────────────────────────────────────────────────────────────────────────────────────────────────────────────────────────────────────────────────────────────────────────────────────────────────────────────────────────────────────────────────────────────────────────────────────────────────────────────────────────────────────────────────────────────────────────────────────────────────────────────────────────────────────────────────────────────────────────────────────────────────────────────────────────────────────────────────────────────────────────────────────────────────────────────────────────────────────────────────────────────────────────────────────────────────────────────────────────────────────────────────────────────────────────────────────────────────────────────────────────────────────────────────────────────────────────────────────────────────────────────────────────────────┤
│                GBFS CarDistance │ 20       │ '4.98ms ± 1.34ms' │ 928       │ 929          │ 6505        │ '1.018'         │ '∅ P+1 J+1 C+1 H-1 P-2 G+1 L-1 H-1 F-1 M+2 G+2 P+2 C-1 J-1 G+1 M-2 F+1 E+1 C-1 F-1 L+1 E+1 F+1 C+1 H+2 E-2 H-1 E+1 C-1 H+1 B+2 E+1 C-1 M-1 I-1 N-1 E-1 B-1 N+1 I+1 M+1 H-1 L-1 M-1 I-1 N-1 E+1 L+1 N+1 I+1 P-1 I-2 N-1 D-1 L-1 N+1 E-1 D+1 N-1 I-1 D-1 M+1 N+1 D+1 L+1 N-1 H+1 D-1 N+1 M-1 D+1 I-1 P+1 N-1 D-1 L+1 P-1 I+2 N+1 E+1 L-1 B+1 N-1 D+1 E-1 I-1 D-1 L+2 M+1 L-1 N+1 C+2 L-1 B-2 D+1 E-1 N-1 D-1 L+2 E+1 L-1 C-1 N+1 H-2 L-2 N-1 D+1 F-1 N+1 M+2 D-1 N-1 G-1 N-1 D+1 C+1 N+2 J+2 D-1 J-1 N-1 D+1 C-1 N+1 C+2 P-1 G-1 N-1 D-3 E-1 N+1 J+1 D+3 G-1 J-1 N-1 D-2 M-2 N+1 J+1 D-1 M+1 J-1 N-1 D+2 L+3 D-1 L-2 N+1 J+1 D+2 M-1 J-1 N-1 D-3 L+2 F+2 D+1 L-2 N+1 J+1 D-1 F-1 J-1 D+2 N-1 L-1 D-2 L+2 D+1 N+1 J+1 D+1 L-2 D+1 J-1 H+1 N-1 D-2 F+1 N+1 J+1 D-1 F-1 G-1 P+1 J-1 N-1 D+3 C-1 N+1 J-1 N-2 D-3 N+1 D+2 L+3 N-1 D-1 L-2 N+2 J+2 D-1 J-1 N-1 D+2 C+1 N+1 J+1 D+1 H+1 J-1 N-1 D-3 L+2 D+2 L-1 N+1 J+1 D-2 C-1 J-2 N-2 D+2 N+1 D-1 J+1 N+1 L-1 D+1 J-1 D+1 N-2 I-1 P+1 N+2 J+2 D-3 J-1 N-1 J-1 D+2 L+2 N-1 D-2 L-1 N+2 D+2 J+2 D-1 J-1 N-1 J-1 F+1 N-1 L-1 D-1 F+1 P+1 D+1 L+2 P+1' │
└─────────────────────────────────┴──────────┴───────────────────┴───────────┴──────────────┴─────────────┴─────────────────┴─────────────────────────────────────────────────────────────────────────────────────────────────────────────────────────────────────────────────────────────────────────────────────────────────────────────────────────────────────────────────────────────────────────────────────────────────────────────────────────────────────────────────────────────────────────────────────────────────────────────────────────────────────────────────────────────────────────────────────────────────────────────────────────────────────────────────────────────────────────────────────────────────────────────────────────────────────────────────────────────────────────────────────────────────────────────────────────────────────────────────────────────────────────────────────────────────────────────────────────────────────────────────────────────────────────────────────────────────────────────────────────────────────────────────────────────────────────────────────────────────────────────────────────────────────────────────────────────────────────────────────────────┘
┌─────────────────────────────────┬──────────┬───────────────────┬───────────┬──────────────┬─────────────┬─────────────────┬─────────────────────────────────────────────────────────────────────────────────────────────────────────────────────────────────────────────────────────────────────────────────────────────────────────────────────────────────────────────────────────────────────────────────────────────────────────────────────────────────────────────────────────────────────────────────────────────────────────────────────────────────────────────────────────────────────────────────────────────────────────────────────────────────────────────────────────────────────────────────────────────────────────────────────────────────────────────────────────────────┐
│ (index)                         │ runCount │ duration          │ tickCount │ visitedNodes │ searchCount │ branchingFactor │ solutionSteps                                                                                                                                                                                                                                                                                                                                                                                                                                                                                                                                                                                                                                                   │
├─────────────────────────────────┼──────────┼───────────────────┼───────────┼──────────────┼─────────────┼─────────────────┼─────────────────────────────────────────────────────────────────────────────────────────────────────────────────────────────────────────────────────────────────────────────────────────────────────────────────────────────────────────────────────────────────────────────────────────────────────────────────────────────────────────────────────────────────────────────────────────────────────────────────────────────────────────────────────────────────────────────────────────────────────────────────────────────────────────────────────────────────────────────────────────────────────────────────────────────────────────────────────────────────┤
│                 GBFS CarBlocked │ 20       │ '5.52ms ± 3.09ms' │ 817       │ 818          │ 5424        │ '1.033'         │ '∅ J+1 P+1 C+1 P-2 H-1 L-1 G+1 H-1 F-1 M+2 G+2 P+2 C-1 J-1 G+1 M-2 P-1 M+1 E+2 M+1 G-1 J+1 C-1 P+1 J-1 G+1 M-2 P-1 E-1 M+1 P+1 C+1 L+1 M-1 P-1 E+1 F+1 P+1 C-1 E-1 P-1 H+2 E+1 H-1 L-1 P+1 E-1 C+1 P-1 E-1 L+1 P+1 H+1 E+1 B+2 P-1 C-2 M-1 I-1 N-1 P+1 E+1 N+1 I+1 M+1 B-1 P-1 M-1 I-1 N-1 H-1 P+1 N+1 I+1 L-1 M+1 P-1 E-1 M-1 L+1 I-3 D-1 M+1 L-1 D+1 N-1 L+1 C+2 N+1 C-1 B-1 N-1 L-1 C+1 N+1 D-1 C-1 L+2 H-1 L-1 F-1 D+1 N-1 M+1 L-1 N+1 D-1 M+1 N-1 G-1 N-1 D+1 N+2 J+2 D-1 J-1 C+2 N-1 D+1 C-1 N+1 E-1 J+1 D-1 C+1 P-1 E+1 G-1 D-2 J-1 N-1 D+1 E-1 N+1 J+1 G-1 D-1 J-1 N-1 M-2 L+3 D+2 F+1 D-1 F+1 H+2 I-1 G-1 D-1 F-1 D+2 P+2 D-1 C-1 J-1 N-1 F+2 D-1 P+2' │
└─────────────────────────────────┴──────────┴───────────────────┴───────────┴──────────────┴─────────────┴─────────────────┴─────────────────────────────────────────────────────────────────────────────────────────────────────────────────────────────────────────────────────────────────────────────────────────────────────────────────────────────────────────────────────────────────────────────────────────────────────────────────────────────────────────────────────────────────────────────────────────────────────────────────────────────────────────────────────────────────────────────────────────────────────────────────────────────────────────────────────────────────────────────────────────────────────────────────────────────────────────────────────────────────┘
┌─────────────────────────────────┬──────────┬────────────────────┬───────────┬──────────────┬─────────────┬─────────────────┬─────────────────────────────────────────────────────────────────────────────────────────────────────────────────────────────────────────────────────────────────────────────────────────────────────────────────────────────────────────────────────────────────────────────────────────────────────────────────────────────────────────────────────────────────────────────────────────────────────────────────────────────────────────────────────────────────────────────────────────────────────────────┐
│ (index)                         │ runCount │ duration           │ tickCount │ visitedNodes │ searchCount │ branchingFactor │ solutionSteps                                                                                                                                                                                                                                                                                                                                                                                                                                                                                               │
├─────────────────────────────────┼──────────┼────────────────────┼───────────┼──────────────┼─────────────┼─────────────────┼─────────────────────────────────────────────────────────────────────────────────────────────────────────────────────────────────────────────────────────────────────────────────────────────────────────────────────────────────────────────────────────────────────────────────────────────────────────────────────────────────────────────────────────────────────────────────────────────────────────────────────────────────────────────────────────────────────────────────────────────────────────────┤
│        GBFS CarBlockedRecursive │ 13       │ '15.26ms ± 2.89ms' │ 849       │ 850          │ 5675        │ '1.046'         │ '∅ H-1 P+1 J+1 C+1 L-1 P-2 G+1 B+1 L+1 H+1 B-1 H-2 F-1 L-1 M+2 G+2 E+2 P+2 C-2 J-1 C+1 E-2 G+1 M-2 L+1 F+1 E+2 C-1 L-1 F-1 E-1 P-1 C+1 F+1 L+1 C-1 H+2 B+2 C-1 M-1 I-1 N-1 B-1 I-3 N+1 D-1 L+1 I+2 H-1 I-1 M+1 C+2 B-1 H-1 L-2 D+1 N-1 C-1 L+1 N+1 F-1 M+1 C+1 E-1 N-1 M-1 L-1 M+2 G-1 E+1 J+1 C+1 N+1 P-1 G-1 D-3 N-1 D+1 E-1 N+1 J+1 D-1 G-1 M-2 L+2 J-1 D+1 M+1 J+1 L-1 D-1 J-1 D+3 M-1 J+1 F+1 D-3 J-1 N-1 L+2 D+2 H+2 I-1 D-2 B+1 L-1 N+1 D+1 J+1 B-1 D+1 J-1 G-1 P+2 J+1 C-1 J-2 N-2 D-2 L+1 F+2 P+2' │
└─────────────────────────────────┴──────────┴────────────────────┴───────────┴──────────────┴─────────────┴─────────────────┴─────────────────────────────────────────────────────────────────────────────────────────────────────────────────────────────────────────────────────────────────────────────────────────────────────────────────────────────────────────────────────────────────────────────────────────────────────────────────────────────────────────────────────────────────────────────────────────────────────────────────────────────────────────────────────────────────────────────────────────────────────────────┘
┌─────────────────────────────────┬──────────┬────────────────────┬───────────┬──────────────┬─────────────┬─────────────────┬─────────────────────────────────────────────────────────────────────────────────────────────────────────────────────────────────────────────────────────────────────────────────────────────────────────────┐
│ (index)                         │ runCount │ duration           │ tickCount │ visitedNodes │ searchCount │ branchingFactor │ solutionSteps                                                                                                                                                                                               │
├─────────────────────────────────┼──────────┼────────────────────┼───────────┼──────────────┼─────────────┼─────────────────┼─────────────────────────────────────────────────────────────────────────────────────────────────────────────────────────────────────────────────────────────────────────────────────────────────────────────┤
│                  A* CarDistance │ 18       │ '10.87ms ± 1.63ms' │ 1936      │ 1937         │ 15202       │ '1.166'         │ '∅ J+1 C+1 P-1 G+1 H-2 L-1 F-1 M+2 G+2 P+1 C-1 J-1 G+1 M-2 F+1 H+1 E+1 B+1 C-2 M-1 I-3 M+1 C+1 B-1 H-1 F-1 M+2 G-1 C+1 E-1 J+1 C+1 P-1 G-2 M-2 F+1 H+1 G-1 P+1 L+1 H+1 C-1 J-1 I-1 N-2 D-2 F+2 P+2 L+2 P+1' │
└─────────────────────────────────┴──────────┴────────────────────┴───────────┴──────────────┴─────────────┴─────────────────┴─────────────────────────────────────────────────────────────────────────────────────────────────────────────────────────────────────────────────────────────────────────────────────────────────────────────┘
┌─────────────────────────────────┬──────────┬────────────────────┬───────────┬──────────────┬─────────────┬─────────────────┬─────────────────────────────────────────────────────────────────────────────────────────────────────────────────────────────────────────────────────────────────────────────────────────────────┐
│ (index)                         │ runCount │ duration           │ tickCount │ visitedNodes │ searchCount │ branchingFactor │ solutionSteps                                                                                                                                                                                   │
├─────────────────────────────────┼──────────┼────────────────────┼───────────┼──────────────┼─────────────┼─────────────────┼─────────────────────────────────────────────────────────────────────────────────────────────────────────────────────────────────────────────────────────────────────────────────────────────────┤
│                   A* CarBlocked │ 18       │ '10.87ms ± 1.52ms' │ 1945      │ 1946         │ 15274       │ '1.179'         │ '∅ J+1 C+1 P-1 G+1 H-2 L-1 F-1 M+2 G+2 P+1 C-1 J-1 G+1 M-2 F+1 H+1 B+1 E+1 C-2 M-1 I-3 M+1 C+1 B-1 H-1 F-1 M+2 G-1 J+1 C+2 P-1 E-1 G-2 M-2 F+1 L+1 H+2 I-1 G-1 P+1 C-1 J-1 D-2 N-2 F+2 L+2 P+3' │
└─────────────────────────────────┴──────────┴────────────────────┴───────────┴──────────────┴─────────────┴─────────────────┴─────────────────────────────────────────────────────────────────────────────────────────────────────────────────────────────────────────────────────────────────────────────────────────────────┘
┌─────────────────────────────────┬──────────┬────────────────────┬───────────┬──────────────┬─────────────┬─────────────────┬─────────────────────────────────────────────────────────────────────────────────────────────────────────────────────────────────────────────────────────────────────────────────────────────────────────┐
│ (index)                         │ runCount │ duration           │ tickCount │ visitedNodes │ searchCount │ branchingFactor │ solutionSteps                                                                                                                                                                                           │
├─────────────────────────────────┼──────────┼────────────────────┼───────────┼──────────────┼─────────────┼─────────────────┼─────────────────────────────────────────────────────────────────────────────────────────────────────────────────────────────────────────────────────────────────────────────────────────────────────────┤
│          A* CarBlockedRecursive │ 5        │ '39.42ms ± 1.62ms' │ 1931      │ 1932         │ 15180       │ '1.170'         │ '∅ J+1 C+1 P-1 G+1 H-2 F-1 L-1 M+2 G+2 P+1 C-1 J-1 G+1 M-2 F+1 H+1 E+1 B+1 C-2 M-1 I-3 M+1 C+1 B-1 H-1 F-1 M+2 G-1 J+1 C+2 P-1 E-1 G-2 M-1 L+1 M-1 F+1 H+1 G-1 P+1 C-1 J-1 H+1 I-1 D-2 N-2 F+2 L+2 P+3' │
└─────────────────────────────────┴──────────┴────────────────────┴───────────┴──────────────┴─────────────┴─────────────────┴─────────────────────────────────────────────────────────────────────────────────────────────────────────────────────────────────────────────────────────────────────────────────────────────────────────┘
┌─────────────────────────────────┬──────────┬─────────────────────┬───────────┬──────────────┬─────────────┬───────────────────────────────────┐
│ (index)                         │ runCount │ duration            │ tickCount │ visitedNodes │ searchCount │ errorMessage                      │
├─────────────────────────────────┼──────────┼─────────────────────┼───────────┼──────────────┼─────────────┼───────────────────────────────────┤
│                IDA* CarDistance │ 1        │ '317.69ms ± 0.00ms' │ 12        │ 0            │ 458862      │ 'Timed out, ticked too many/long' │
└─────────────────────────────────┴──────────┴─────────────────────┴───────────┴──────────────┴─────────────┴───────────────────────────────────┘
┌─────────────────────────────────┬──────────┬─────────────────────┬───────────┬──────────────┬─────────────┬───────────────────────────────────┐
│ (index)                         │ runCount │ duration            │ tickCount │ visitedNodes │ searchCount │ errorMessage                      │
├─────────────────────────────────┼──────────┼─────────────────────┼───────────┼──────────────┼─────────────┼───────────────────────────────────┤
│                 IDA* CarBlocked │ 1        │ '331.15ms ± 0.00ms' │ 12        │ 0            │ 370994      │ 'Timed out, ticked too many/long' │
└─────────────────────────────────┴──────────┴─────────────────────┴───────────┴──────────────┴─────────────┴───────────────────────────────────┘
┌─────────────────────────────────┬──────────┬─────────────────────┬───────────┬──────────────┬─────────────┬───────────────────────────────────┐
│ (index)                         │ runCount │ duration            │ tickCount │ visitedNodes │ searchCount │ errorMessage                      │
├─────────────────────────────────┼──────────┼─────────────────────┼───────────┼──────────────┼─────────────┼───────────────────────────────────┤
│        IDA* CarBlockedRecursive │ 1        │ '302.41ms ± 0.00ms' │ 11        │ 0            │ 173014      │ 'Timed out, ticked too many/long' │
└─────────────────────────────────┴──────────┴─────────────────────┴───────────┴──────────────┴─────────────┴───────────────────────────────────┘
┌─────────────────────────────────┬──────────┬─────────────────────┬───────────┬──────────────┬─────────────┬───────────────────────────────────┐
│ (index)                         │ runCount │ duration            │ tickCount │ visitedNodes │ searchCount │ errorMessage                      │
├─────────────────────────────────┼──────────┼─────────────────────┼───────────┼──────────────┼─────────────┼───────────────────────────────────┤
│         IDA* Approx CarDistance │ 1        │ '215.23ms ± 0.00ms' │ 43        │ 791          │ 281796      │ 'Timed out, ticked too many/long' │
└─────────────────────────────────┴──────────┴─────────────────────┴───────────┴──────────────┴─────────────┴───────────────────────────────────┘
┌─────────────────────────────────┬──────────┬─────────────────────┬───────────┬──────────────┬─────────────┬───────────────────────────────────┐
│ (index)                         │ runCount │ duration            │ tickCount │ visitedNodes │ searchCount │ errorMessage                      │
├─────────────────────────────────┼──────────┼─────────────────────┼───────────┼──────────────┼─────────────┼───────────────────────────────────┤
│          IDA* Approx CarBlocked │ 1        │ '211.67ms ± 0.00ms' │ 46        │ 817          │ 365851      │ 'Timed out, ticked too many/long' │
└─────────────────────────────────┴──────────┴─────────────────────┴───────────┴──────────────┴─────────────┴───────────────────────────────────┘
┌─────────────────────────────────┬──────────┬─────────────────────┬───────────┬──────────────┬─────────────┬───────────────────────────────────┐
│ (index)                         │ runCount │ duration            │ tickCount │ visitedNodes │ searchCount │ errorMessage                      │
├─────────────────────────────────┼──────────┼─────────────────────┼───────────┼──────────────┼─────────────┼───────────────────────────────────┤
│ IDA* Approx CarBlockedRecursive │ 1        │ '200.69ms ± 0.00ms' │ 31        │ 318          │ 51121       │ 'Timed out, ticked too many/long' │
└─────────────────────────────────┴──────────┴─────────────────────┴───────────┴──────────────┴─────────────┴───────────────────────────────────┘
=====================================
cases\Jam-38.txt
6 6
10
B..FFF 
BGGH.. 
PPEH.LK
..EIIL 
..DJJL 
..DCCC 

┌─────────────────────────────────┬──────────┬────────────────────┬───────────┬──────────────┬─────────────┬─────────────────┬─────────────────────────────────────────────────────────────────────────────────────────────────────────────────────────────────────────────────────────────────────────────────────────────────────┐
│ (index)                         │ runCount │ duration           │ tickCount │ visitedNodes │ searchCount │ branchingFactor │ solutionSteps                                                                                                                                                                                       │
├─────────────────────────────────┼──────────┼────────────────────┼───────────┼──────────────┼─────────────┼─────────────────┼─────────────────────────────────────────────────────────────────────────────────────────────────────────────────────────────────────────────────────────────────────────────────────────────────────┤
│                             UCS │ 8        │ '25.03ms ± 3.95ms' │ 3711      │ 3994         │ 28991       │ '1.193'         │ '∅ F-1 L-2 I+1 H+1 G+2 E-1 D-1 J+1 C-3 H+2 I-1 L+1 F+1 E-1 P+1 B+3 P-1 E+1 F-1 L-1 I+1 H-1 C+3 B+1 D+1 E+1 G-3 E-1 H-2 I-4 L+1 F+1 E+1 H+1 G+3 E-2 P+1 I+1 B-4 P-1 I-1 D-2 J-4 D+1 H+1 C-1 L+2 P+4' │
└─────────────────────────────────┴──────────┴────────────────────┴───────────┴──────────────┴─────────────┴─────────────────┴─────────────────────────────────────────────────────────────────────────────────────────────────────────────────────────────────────────────────────────────────────────────────────────────────────┘
┌─────────────────────────────────┬──────────┬───────────────────┬───────────┬──────────────┬─────────────┬─────────────────┬─────────────────────────────────────────────────────────────────────────────────────────────────────────────────────────────────────────────────────────────────────────────────────────────────────────────────────────────────────────────────────────────────────────────────────────────────────────────────────────────────────────────────────────────────────────────────────────────────────────────────────────────────────────────────────────────────────────────────────────────────────────────────────────────────────────────────────────────────────────────────────────────────────────────────────────────────────────────────────────────────────────────────────────────────────────────────────────────────────┐
│ (index)                         │ runCount │ duration          │ tickCount │ visitedNodes │ searchCount │ branchingFactor │ solutionSteps                                                                                                                                                                                                                                                                                                                                                                                                                                                                                                                                                                                                                                                                                                                       │
├─────────────────────────────────┼──────────┼───────────────────┼───────────┼──────────────┼─────────────┼─────────────────┼─────────────────────────────────────────────────────────────────────────────────────────────────────────────────────────────────────────────────────────────────────────────────────────────────────────────────────────────────────────────────────────────────────────────────────────────────────────────────────────────────────────────────────────────────────────────────────────────────────────────────────────────────────────────────────────────────────────────────────────────────────────────────────────────────────────────────────────────────────────────────────────────────────────────────────────────────────────────────────────────────────────────────────────────────────────────────────────────────────┤
│                GBFS CarDistance │ 20       │ '5.80ms ± 1.69ms' │ 1110      │ 1111         │ 7795        │ '1.032'         │ '∅ L-1 J+1 F-2 L-1 J-1 I+1 H+1 J+1 H+1 G+2 E-1 D-1 C-3 H-1 F+1 H+2 I-1 L+1 F+1 E-1 P+3 B+3 P-3 E+1 F-3 L-1 I+1 H-2 C+3 J-1 C-2 B+1 C+1 J+1 H+1 C-1 B-1 F+2 C-1 F-1 C+3 D+1 H-1 E+1 B+1 H+1 G-3 B-1 H-2 J-1 I-1 L+1 J+1 G+1 B+1 J-1 L+1 B-1 F-1 L-2 J+1 I+1 B+1 J-1 H-1 B-1 G-1 J+1 B+1 I-1 J-1 L+2 E-1 I-3 D-1 H+1 C-2 F+3 C+1 L-1 C+1 J+1 C-2 H+2 C+1 E-1 P+3 C-1 D-1 C+2 D+2 I+1 B-2 E+1 B+1 F-3 B+1 I-1 D-1 C-2 L-1 C+1 F+2 C+1 D+1 E+1 G+3 E-1 D-1 C-2 L+1 C+1 F-2 C+1 D+1 I+1 B-3 I-1 D-1 C-3 H+1 L-1 F+2 H-1 C+3 D+1 I+1 B-1 L+1 I-1 D-1 C-3 H+1 F-1 L-1 H-1 C+3 D+1 E+1 G-2 L+1 G+1 F+2 G+1 E-2 B+1 P-2 H-1 J-1 D-1 C-3 J+1 B-1 P-1 D-1 C+3 J-4 C-2 J+3 C+1 J-2 H+1 C-2 J-1 H+1 D+1 P+3 H-1 C+3 D-1 C-2 J+1 C-1 H+1 L+2 P+1' │
└─────────────────────────────────┴──────────┴───────────────────┴───────────┴──────────────┴─────────────┴─────────────────┴─────────────────────────────────────────────────────────────────────────────────────────────────────────────────────────────────────────────────────────────────────────────────────────────────────────────────────────────────────────────────────────────────────────────────────────────────────────────────────────────────────────────────────────────────────────────────────────────────────────────────────────────────────────────────────────────────────────────────────────────────────────────────────────────────────────────────────────────────────────────────────────────────────────────────────────────────────────────────────────────────────────────────────────────────────────────────────────────────────┘
┌─────────────────────────────────┬──────────┬───────────────────┬───────────┬──────────────┬─────────────┬─────────────────┬─────────────────────────────────────────────────────────────────────────────────────────────────────────────────────────────────────────────────────────────────────────────────────────────────────────────────────────────────────────────────────────────────────────────────────────────────────────────────────────────────────────────────────────────────────────────────────────────────────────────────────────────────────────────────────────────────────────────────────────────────────────────────────────────────────────────────────────────┐
│ (index)                         │ runCount │ duration          │ tickCount │ visitedNodes │ searchCount │ branchingFactor │ solutionSteps                                                                                                                                                                                                                                                                                                                                                                                                                                                                                                                                               │
├─────────────────────────────────┼──────────┼───────────────────┼───────────┼──────────────┼─────────────┼─────────────────┼─────────────────────────────────────────────────────────────────────────────────────────────────────────────────────────────────────────────────────────────────────────────────────────────────────────────────────────────────────────────────────────────────────────────────────────────────────────────────────────────────────────────────────────────────────────────────────────────────────────────────────────────────────────────────────────────────────────────────────────────────────────────────────────────────────────────────────────────┤
│                 GBFS CarBlocked │ 20       │ '3.94ms ± 1.08ms' │ 872       │ 873          │ 6010        │ '1.042'         │ '∅ L-1 J+1 F-2 L-1 J-1 I+1 H+1 J+1 H+1 G+2 E-1 D-1 C-3 H+1 I-1 L+1 F+2 E-1 P+3 E+1 F-2 L-1 I+1 H-1 C+3 D+1 E+1 G-2 F+1 G+1 B+4 G-2 B-2 E-1 D-1 C-3 H+1 I-1 B+1 L+1 F-2 B-1 F+3 E-1 P-2 B+1 P-1 E+1 F-3 L-1 I+1 H-4 C+3 J-1 C-2 I-1 L+3 B+1 H+1 F+3 E-1 P+1 L-2 C+2 J+1 C-1 B-2 C-2 B+1 C+1 P-1 C+2 J-1 D+1 I-2 J+1 H+2 B+1 I-1 D-1 C-2 P+3 C+1 E+1 C+1 D+1 I+1 B-2 F-3 B+1 L-1 B+1 I-1 E+1 G+3 E-1 D-1 C-2 L+1 C+1 F+3 C+1 D+1 I+1 B-4 I-1 D-1 C-3 H+1 E-1 D-1 H-1 C+3 B+1 C-2 D+1 C-1 P-2 C+3 D+1 B-1 H-1 J-1 D-1 C-3 L+2 P-1 D-1 J-3 H+2 D+1 H-1 C+2 P+4' │
└─────────────────────────────────┴──────────┴───────────────────┴───────────┴──────────────┴─────────────┴─────────────────┴─────────────────────────────────────────────────────────────────────────────────────────────────────────────────────────────────────────────────────────────────────────────────────────────────────────────────────────────────────────────────────────────────────────────────────────────────────────────────────────────────────────────────────────────────────────────────────────────────────────────────────────────────────────────────────────────────────────────────────────────────────────────────────────────────────────────────────────────┘
┌─────────────────────────────────┬──────────┬────────────────────┬───────────┬──────────────┬─────────────┬─────────────────┬─────────────────────────────────────────────────────────────────────────────────────────────────────────────────────────────────────────────────────────────────────────────────────────────────────────────────────────────────────────────────────────────────────────────────────────────────────────────────────────────────────────────────────────────────────────────────────────────────────────────────────────────────────────────────────────────────────────────────────────────────────────────────────────────────────────────────────────┐
│ (index)                         │ runCount │ duration           │ tickCount │ visitedNodes │ searchCount │ branchingFactor │ solutionSteps                                                                                                                                                                                                                                                                                                                                                                                                                                                                                                                                           │
├─────────────────────────────────┼──────────┼────────────────────┼───────────┼──────────────┼─────────────┼─────────────────┼─────────────────────────────────────────────────────────────────────────────────────────────────────────────────────────────────────────────────────────────────────────────────────────────────────────────────────────────────────────────────────────────────────────────────────────────────────────────────────────────────────────────────────────────────────────────────────────────────────────────────────────────────────────────────────────────────────────────────────────────────────────────────────────────────────────────────────────┤
│        GBFS CarBlockedRecursive │ 16       │ '11.40ms ± 3.25ms' │ 693       │ 694          │ 4748        │ '1.040'         │ '∅ L-1 F-2 L-1 I+1 H+1 G+2 E-1 D-1 C-2 J+1 H+1 C-1 H+1 I-1 L+1 F+2 E-1 P+3 B+1 E+1 B+2 F-3 L-1 F+2 I+1 H-1 C+2 B-3 C-1 F-1 B+3 C+2 D+1 E+1 B-3 G-2 B+4 G-1 E-1 D-1 C-2 B-2 C-1 B+1 H+1 I-1 L+1 B-1 F+2 E-1 B+1 P-3 E+1 F-3 L-1 F+1 I+1 H-1 C+2 B+1 C-1 F-1 B-1 H-3 J-1 I-1 L+3 B+1 L-2 H+1 C+2 J+1 C-1 B-1 C-2 F+2 C+3 J-1 D+1 I-1 J+1 B+1 I+1 E+1 J-1 L+1 E-1 D-1 F-1 B-1 D+1 I-2 B+1 I-1 E+1 H+1 G+4 E-1 D-1 C-2 L+1 C+1 H-1 F-1 C-1 F+3 E-1 P+1 L-1 C+2 D+1 I+3 D-1 C-2 L+1 C+1 B-4 C-2 P-1 C+1 L-1 C+2 D+1 I-3 D-1 C-3 L+1 H+1 D-1 J-3 D+1 H+2 P+4' │
└─────────────────────────────────┴──────────┴────────────────────┴───────────┴──────────────┴─────────────┴─────────────────┴─────────────────────────────────────────────────────────────────────────────────────────────────────────────────────────────────────────────────────────────────────────────────────────────────────────────────────────────────────────────────────────────────────────────────────────────────────────────────────────────────────────────────────────────────────────────────────────────────────────────────────────────────────────────────────────────────────────────────────────────────────────────────────────────────────────────────────────┘
┌─────────────────────────────────┬──────────┬────────────────────┬───────────┬──────────────┬─────────────┬─────────────────┬─────────────────────────────────────────────────────────────────────────────────────────────────────────────────────────────────────────────────────────────────────────────────────────────────────────────┐
│ (index)                         │ runCount │ duration           │ tickCount │ visitedNodes │ searchCount │ branchingFactor │ solutionSteps                                                                                                                                                                                               │
├─────────────────────────────────┼──────────┼────────────────────┼───────────┼──────────────┼─────────────┼─────────────────┼─────────────────────────────────────────────────────────────────────────────────────────────────────────────────────────────────────────────────────────────────────────────────────────────────────────────┤
│                  A* CarDistance │ 9        │ '20.00ms ± 1.30ms' │ 3455      │ 3456         │ 26819       │ '1.181'         │ '∅ F-1 L-2 I+1 H+1 G+2 E-1 D-1 J+1 C-3 H+2 I-1 L+1 F+1 E-1 P+1 B+3 P-1 E+1 F-1 L-1 I+1 H-1 C+3 D+1 E+1 G-3 E-1 H-2 I-3 H+1 L+1 B+1 I-1 F+1 E+1 G+3 E-2 P+1 I+1 B-3 I-1 B-1 P-1 D-2 J-4 H+1 C-1 D+1 L+2 P+4' │
└─────────────────────────────────┴──────────┴────────────────────┴───────────┴──────────────┴─────────────┴─────────────────┴─────────────────────────────────────────────────────────────────────────────────────────────────────────────────────────────────────────────────────────────────────────────────────────────────────────────┘
┌─────────────────────────────────┬──────────┬────────────────────┬───────────┬──────────────┬─────────────┬─────────────────┬─────────────────────────────────────────────────────────────────────────────────────────────────────────────────────────────────────────────────────────────────────────────────────────────────────────┐
│ (index)                         │ runCount │ duration           │ tickCount │ visitedNodes │ searchCount │ branchingFactor │ solutionSteps                                                                                                                                                                                           │
├─────────────────────────────────┼──────────┼────────────────────┼───────────┼──────────────┼─────────────┼─────────────────┼─────────────────────────────────────────────────────────────────────────────────────────────────────────────────────────────────────────────────────────────────────────────────────────────────────────┤
│                   A* CarBlocked │ 11       │ '18.00ms ± 1.27ms' │ 3631      │ 3632         │ 28348       │ '1.187'         │ '∅ F-1 L-2 J+1 I+1 H+2 G+2 E-1 D-1 C-3 H+1 I-1 L+1 F+1 E-1 P+1 B+3 P-1 E+1 F-1 L-1 I+1 H-1 C+3 D+1 E+1 G-3 E-1 B+1 H-2 I-4 E+1 L+1 F+1 H+1 G+3 E-2 P+1 I+1 B-4 P-1 I-1 D-2 J-3 H+1 J-1 D+1 C-1 L+2 P+4' │
└─────────────────────────────────┴──────────┴────────────────────┴───────────┴──────────────┴─────────────┴─────────────────┴─────────────────────────────────────────────────────────────────────────────────────────────────────────────────────────────────────────────────────────────────────────────────────────────────────────┘
┌─────────────────────────────────┬──────────┬────────────────────┬───────────┬──────────────┬─────────────┬─────────────────┬─────────────────────────────────────────────────────────────────────────────────────────────────────────────────────────────────────────────────────────────────────────────────────────────────────────────────────────────┐
│ (index)                         │ runCount │ duration           │ tickCount │ visitedNodes │ searchCount │ branchingFactor │ solutionSteps                                                                                                                                                                                                               │
├─────────────────────────────────┼──────────┼────────────────────┼───────────┼──────────────┼─────────────┼─────────────────┼─────────────────────────────────────────────────────────────────────────────────────────────────────────────────────────────────────────────────────────────────────────────────────────────────────────────────────────────┤
│          A* CarBlockedRecursive │ 4        │ '56.88ms ± 0.46ms' │ 3537      │ 3538         │ 27574       │ '1.166'         │ '∅ L-1 F-1 J+1 L-1 I+1 H+2 G+2 E-1 D-1 C-3 H+1 I-1 L+1 F+1 E-1 P+1 B+3 P-1 E+1 F-1 L-1 I+1 H-1 C+3 D+1 E+1 G-2 H-2 I-1 L+1 G-1 E-1 B+1 J-1 F+1 I-2 H+1 I-1 E+1 G+3 E-2 I+1 P+1 B-4 P-1 I-1 D-2 J-2 H+1 J-1 D+1 C-1 L+2 P+4' │
└─────────────────────────────────┴──────────┴────────────────────┴───────────┴──────────────┴─────────────┴─────────────────┴─────────────────────────────────────────────────────────────────────────────────────────────────────────────────────────────────────────────────────────────────────────────────────────────────────────────────────────────┘
┌─────────────────────────────────┬──────────┬─────────────────────┬───────────┬──────────────┬─────────────┬───────────────────────────────────┐
│ (index)                         │ runCount │ duration            │ tickCount │ visitedNodes │ searchCount │ errorMessage                      │
├─────────────────────────────────┼──────────┼─────────────────────┼───────────┼──────────────┼─────────────┼───────────────────────────────────┤
│                IDA* CarDistance │ 1        │ '214.76ms ± 0.00ms' │ 11        │ 0            │ 195484      │ 'Timed out, ticked too many/long' │
└─────────────────────────────────┴──────────┴─────────────────────┴───────────┴──────────────┴─────────────┴───────────────────────────────────┘
┌─────────────────────────────────┬──────────┬─────────────────────┬───────────┬──────────────┬─────────────┬───────────────────────────────────┐
│ (index)                         │ runCount │ duration            │ tickCount │ visitedNodes │ searchCount │ errorMessage                      │
├─────────────────────────────────┼──────────┼─────────────────────┼───────────┼──────────────┼─────────────┼───────────────────────────────────┤
│                 IDA* CarBlocked │ 1        │ '307.31ms ± 0.00ms' │ 11        │ 0            │ 272413      │ 'Timed out, ticked too many/long' │
└─────────────────────────────────┴──────────┴─────────────────────┴───────────┴──────────────┴─────────────┴───────────────────────────────────┘
┌─────────────────────────────────┬──────────┬─────────────────────┬───────────┬──────────────┬─────────────┬───────────────────────────────────┐
│ (index)                         │ runCount │ duration            │ tickCount │ visitedNodes │ searchCount │ errorMessage                      │
├─────────────────────────────────┼──────────┼─────────────────────┼───────────┼──────────────┼─────────────┼───────────────────────────────────┤
│        IDA* CarBlockedRecursive │ 1        │ '249.33ms ± 0.00ms' │ 12        │ 0            │ 93320       │ 'Timed out, ticked too many/long' │
└─────────────────────────────────┴──────────┴─────────────────────┴───────────┴──────────────┴─────────────┴───────────────────────────────────┘
┌─────────────────────────────────┬──────────┬─────────────────────┬───────────┬──────────────┬─────────────┬───────────────────────────────────┐
│ (index)                         │ runCount │ duration            │ tickCount │ visitedNodes │ searchCount │ errorMessage                      │
├─────────────────────────────────┼──────────┼─────────────────────┼───────────┼──────────────┼─────────────┼───────────────────────────────────┤
│         IDA* Approx CarDistance │ 1        │ '219.72ms ± 0.00ms' │ 45        │ 956          │ 233809      │ 'Timed out, ticked too many/long' │
└─────────────────────────────────┴──────────┴─────────────────────┴───────────┴──────────────┴─────────────┴───────────────────────────────────┘
┌─────────────────────────────────┬──────────┬─────────────────────┬───────────┬──────────────┬─────────────┬───────────────────────────────────┐
│ (index)                         │ runCount │ duration            │ tickCount │ visitedNodes │ searchCount │ errorMessage                      │
├─────────────────────────────────┼──────────┼─────────────────────┼───────────┼──────────────┼─────────────┼───────────────────────────────────┤
│          IDA* Approx CarBlocked │ 1        │ '215.75ms ± 0.00ms' │ 45        │ 987          │ 227668      │ 'Timed out, ticked too many/long' │
└─────────────────────────────────┴──────────┴─────────────────────┴───────────┴──────────────┴─────────────┴───────────────────────────────────┘
┌─────────────────────────────────┬──────────┬─────────────────────┬───────────┬──────────────┬─────────────┬───────────────────────────────────┐
│ (index)                         │ runCount │ duration            │ tickCount │ visitedNodes │ searchCount │ errorMessage                      │
├─────────────────────────────────┼──────────┼─────────────────────┼───────────┼──────────────┼─────────────┼───────────────────────────────────┤
│ IDA* Approx CarBlockedRecursive │ 1        │ '209.52ms ± 0.00ms' │ 36        │ 304          │ 64483       │ 'Timed out, ticked too many/long' │
└─────────────────────────────────┴──────────┴─────────────────────┴───────────┴──────────────┴─────────────┴───────────────────────────────────┘
=====================================
cases\Jam-39.txt
6 6
11
..BFFF 
..BG.. 
PPHG.CK
EEHIIC 
DJLL.C 
DJMM.. 

┌─────────────────────────────────┬──────────┬────────────────────┬───────────┬──────────────┬─────────────┬─────────────────┬─────────────────────────────────────────────────────────────────────────────────────────────────────────────────────────────────────────────────────────────────────────────────────────────────────────────┐
│ (index)                         │ runCount │ duration           │ tickCount │ visitedNodes │ searchCount │ branchingFactor │ solutionSteps                                                                                                                                                                                               │
├─────────────────────────────────┼──────────┼────────────────────┼───────────┼──────────────┼─────────────┼─────────────────┼─────────────────────────────────────────────────────────────────────────────────────────────────────────────────────────────────────────────────────────────────────────────────────────────────────────────┤
│                             UCS │ 10       │ '18.73ms ± 1.71ms' │ 3600      │ 3709         │ 24859       │ '1.179'         │ '∅ C-1 L+2 M+2 H+2 B+1 F-1 C-1 I+1 G+3 I-1 C+1 F+1 B-1 P+3 B+1 F-1 C-1 I+1 E+2 D-4 J-4 E-2 I-1 C+1 F+1 B-1 P-3 B+1 F-1 C-1 I+1 G-3 I-1 C+1 F+1 B-1 H-2 L-4 H+1 B+1 F-1 C-1 I+1 M-3 G+3 I-1 C+3 F+1 B-1 P+4' │
└─────────────────────────────────┴──────────┴────────────────────┴───────────┴──────────────┴─────────────┴─────────────────┴─────────────────────────────────────────────────────────────────────────────────────────────────────────────────────────────────────────────────────────────────────────────────────────────────────────────┘
┌─────────────────────────────────┬──────────┬───────────────────┬───────────┬──────────────┬─────────────┬─────────────────┬─────────────────────────────────────────────────────────────────────────────────────────────────────────────────────────────────────────────────────────────────────────────────────────────────────────────────────────────────────────────────────────────────────────────────────────────────────────────────────────────────────────────────────────────────────────────────────────────────────────────────────────────────────────────────────────────────────────────────────────────────────────────────────────────────────────────────────────────────────────────────────────────────────────────────────────────────────────────────────────────────────────────────────────────────────────────────────────────────────────────────────────────────────────────────────────────────────────────────────────────────────────────────────────────────────────────────────────────────────────────────────────────────────────────────────────────────────────────────────────────────────────────────────────────────────────────────────────────────────────────────────────────────────────────────────────────────────────────────────────────────────────────────────────────────────────────────────────────────────────────────────────────────────────────────────────────────────────────────────────────────────────────────────────────────────────────────────────────────────────────────────────────────────────────────────────────────────────────────────────────────────────────────────────────────────────────────────────────────────────────────────────────────────────────────────────────────────────────────────────────────────┐
│ (index)                         │ runCount │ duration          │ tickCount │ visitedNodes │ searchCount │ branchingFactor │ solutionSteps                                                                                                                                                                                                                                                                                                                                                                                                                                                                                                                                                                                                                                                                                                                                                                                                                                                                                                                                                                                                                                                                                                                                                                                                                                                                                                                                                                                                                                                                                                                                                                                                                                                       │
├─────────────────────────────────┼──────────┼───────────────────┼───────────┼──────────────┼─────────────┼─────────────────┼─────────────────────────────────────────────────────────────────────────────────────────────────────────────────────────────────────────────────────────────────────────────────────────────────────────────────────────────────────────────────────────────────────────────────────────────────────────────────────────────────────────────────────────────────────────────────────────────────────────────────────────────────────────────────────────────────────────────────────────────────────────────────────────────────────────────────────────────────────────────────────────────────────────────────────────────────────────────────────────────────────────────────────────────────────────────────────────────────────────────────────────────────────────────────────────────────────────────────────────────────────────────────────────────────────────────────────────────────────────────────────────────────────────────────────────────────────────────────────────────────────────────────────────────────────────────────────────────────────────────────────────────────────────────────────────────────────────────────────────────────────────────────────────────────────────────────────────────────────────────────────────────────────────────────────────────────────────────────────────────────────────────────────────────────────────────────────────────────────────────────────────────────────────────────────────────────────────────────────────────────────────────────────────────────────────────────────────────────────────────────────────────────────────────────────────────────────────────────────────────────────┤
│                GBFS CarDistance │ 20       │ '9.54ms ± 1.71ms' │ 1959      │ 1960         │ 13456       │ '1.013'         │ '∅ M+2 L+1 M-1 C-1 M-1 L+1 M+2 H+2 P+1 I-1 L-1 C+1 I+1 E+1 M-1 D-4 E-1 C-1 P-1 B+1 M+1 L+1 H-1 M-2 L-1 C+2 M+1 C-1 M+1 F-2 M-2 C-2 M+1 L+1 M+1 I+1 M-2 G+2 M+1 G-1 L-1 M-1 F+1 M+2 L+1 H+1 M-1 L-1 E+1 M+1 G-1 L+1 M-1 I-1 L-1 E-1 M+1 L+1 I-1 M-1 C+1 L-1 M+1 C+1 F-1 M-1 I+1 E+1 M+1 C-2 L+1 C+1 M-1 E-1 B+1 M+1 L-1 C-1 M-1 I+1 L+1 M+1 G+3 I-1 B-1 H-1 C+1 F+2 H+1 I-1 B-1 P+3 I+1 H-2 D+1 H+1 B+1 H+1 I-1 F-3 C-1 I+2 G-1 M-1 H-1 M-1 F+2 M+2 G+1 I-1 H+1 E+1 I+1 G-1 M-1 D-1 E-1 M+1 G+1 I-2 C+1 I+1 H-1 F-1 C-1 H+1 E+1 I+1 G-1 D+4 M-1 D-2 F-1 M+1 G+1 I-1 D+2 E-1 H-1 I+1 G-1 M-2 F+2 M+1 H+1 M+1 G+1 E+2 J-4 D-4 E-2 G-1 M-1 H-1 M-3 G+1 M+1 I-1 C+1 M-1 H+1 I-1 C-1 J+1 I+2 G-1 E+1 J-1 G+1 I-1 J+1 C+1 F-1 E-1 H-1 M+1 C-1 I+1 M-1 G-1 M+4 G+1 I-1 H+1 I-1 C+1 F+2 I+1 H-1 B-1 H-1 J-1 H+2 I-1 D+1 B+1 I+1 H-1 F-1 C-1 I+1 G-1 M-3 J+1 M-1 G+1 I-1 M+1 C+1 F-2 M-1 H+1 I-1 C-1 I+2 G-1 E+1 D+2 G+1 I-1 D-2 F+1 I+1 E+1 J+2 D-1 J-1 F+1 D+3 J-2 D-2 E-2 G-1 B+1 D-1 G+1 I-1 J+1 C+1 F+1 B-2 H-2 M+1 H+1 J-1 M-1 D+1 H+1 I-1 D-1 P-3 B+1 I+1 H-1 M+1 F-1 C-1 M-1 I+1 G-3 M+4 L-1 M-3 I-1 M-1 H+1 L+1 I-1 C+1 L-1 C+2 F+1 C-1 I+1 H-1 M+4 H+1 M-1 I-1 C-1 M+1 L+1 I+1 M-1 H-1 M-3 H+1 E+1 L-1 C+2 B-1 P+1 C-2 L+1 E-1 H-1 M+4 L-1 M-3 C+2 M-1 C-1 M+2 P-1 H-1 M-2 L-3 M+4 L+2 M-3 L-1 M+2 C-1 M-3 L+3 M+4 L-1 M-3 L-3 M+1 L+2 C+2 M+1 L-2 H+2 P+1 H-1 C-1 P-1 B+1 M-3 H+1 I-1 C-1 F-1 I+1 H-1 M+4 H+1 M-1 I-1 C-1 M+1 I+2 H-1 M-4 H+1 G+1 B+1 G+2 I-1 B-1 H-1 M+1 I+1 G-2 M+2 H+1 E+1 M+1 G+2 I-1 E-1 H-1 C+2 F+1 H+1 I-1 C-1 B-1 P+3 I+1 H-2 L+1 C+1 J+1 L-1 H+2 I-1 B+1 C-1 I+1 H-1 C+1 J-1 H+1 E+1 C-1 F-1 E-1 H-1 C-1 I+1 G-1 M-4 G+1 M+1 I-1 C+3 P+1' │
└─────────────────────────────────┴──────────┴───────────────────┴───────────┴──────────────┴─────────────┴─────────────────┴─────────────────────────────────────────────────────────────────────────────────────────────────────────────────────────────────────────────────────────────────────────────────────────────────────────────────────────────────────────────────────────────────────────────────────────────────────────────────────────────────────────────────────────────────────────────────────────────────────────────────────────────────────────────────────────────────────────────────────────────────────────────────────────────────────────────────────────────────────────────────────────────────────────────────────────────────────────────────────────────────────────────────────────────────────────────────────────────────────────────────────────────────────────────────────────────────────────────────────────────────────────────────────────────────────────────────────────────────────────────────────────────────────────────────────────────────────────────────────────────────────────────────────────────────────────────────────────────────────────────────────────────────────────────────────────────────────────────────────────────────────────────────────────────────────────────────────────────────────────────────────────────────────────────────────────────────────────────────────────────────────────────────────────────────────────────────────────────────────────────────────────────────────────────────────────────────────────────────────────────────────────────────────────────────────────────────────────────────────────────────────────────────────────────────────────────────────────────────────────────────────┘
┌─────────────────────────────────┬──────────┬────────────────────┬───────────┬──────────────┬─────────────┬─────────────────┬─────────────────────────────────────────────────────────────────────────────────────────────────────────────────────────────────────────────────────────────────────────────────────────────────────────────────────────────────────────────────────────────────────────────────────────────────────────────────────────────────────────────────────────────────────────────────────────────────────────────────────────────────────────────────────────────────────────────────────────────────────────────────────────────────────────────────────────────────────────────────────────────────────────────────────────────────────────────────────────────────────────────────────────────────────────────────────────────────────────────────────────────────────────────────────────────────────────────────────────────────────────────────────────────────────────────────────────────────────────────────────────────────────────────────────────────────────────────────────────────────────────────────────────────────────────────────────────────────────────────────────────────────────────────────────────────────────────────────────┐
│ (index)                         │ runCount │ duration           │ tickCount │ visitedNodes │ searchCount │ branchingFactor │ solutionSteps                                                                                                                                                                                                                                                                                                                                                                                                                                                                                                                                                                                                                                                                                                                                                                                                                                                                                                                                                                                                                                                                                                                                       │
├─────────────────────────────────┼──────────┼────────────────────┼───────────┼──────────────┼─────────────┼─────────────────┼─────────────────────────────────────────────────────────────────────────────────────────────────────────────────────────────────────────────────────────────────────────────────────────────────────────────────────────────────────────────────────────────────────────────────────────────────────────────────────────────────────────────────────────────────────────────────────────────────────────────────────────────────────────────────────────────────────────────────────────────────────────────────────────────────────────────────────────────────────────────────────────────────────────────────────────────────────────────────────────────────────────────────────────────────────────────────────────────────────────────────────────────────────────────────────────────────────────────────────────────────────────────────────────────────────────────────────────────────────────────────────────────────────────────────────────────────────────────────────────────────────────────────────────────────────────────────────────────────────────────────────────────────────────────────────────────────────────────────────┤
│                 GBFS CarBlocked │ 18       │ '10.82ms ± 0.96ms' │ 2371      │ 2372         │ 15749       │ '1.021'         │ '∅ C+1 M+1 L+1 H+2 P+1 E+1 D-1 P-1 B+1 F-3 G-1 D+1 E-1 B+1 C-3 M+1 L+1 I+1 M-1 B-1 H-1 G+3 M+1 G+1 I-1 H+1 I-1 C+1 F+3 B-1 I+1 H-1 P+3 B+1 H+1 I-1 F-3 C-1 I+2 G-1 M-1 H-1 M-1 F+2 M+2 G+1 I-1 H+1 E+1 D-4 I+1 G-1 M-1 E-1 H-1 M-1 F-1 M+2 G+1 I-1 H+1 I-1 C+1 F+2 I+1 H-1 B-1 H-1 D+1 H+2 I-1 P-2 D-1 I+1 E+1 P+2 D+3 B+1 D-2 F-3 E-1 H-1 C-1 I+1 G-1 M-1 H+1 E+1 M+1 G+1 E+1 J-3 E-2 G-1 M-1 H-1 M-3 G+1 M+1 I-1 C+1 M-1 H+1 I-1 C-1 F+2 I+2 G-1 E+1 J-1 G+1 I-1 E-1 H-1 M+1 I+1 G-1 M-1 D-1 M+4 G+1 I-1 H+1 I-1 C+1 F+1 I+1 H-1 J+1 F-2 H+1 I-1 C-1 I+2 G-1 M-1 H-1 M-3 G+1 M+1 I-1 C+1 M-1 H+1 B+1 D+1 F+2 B-2 H-2 M+1 H+1 P-1 M-1 J-1 H+1 I-1 P-1 D-1 I+1 P-1 B+1 F-1 H-1 M+1 C-1 I+1 M-1 G-1 M+4 G+1 I-1 H+1 E+1 I+1 G-1 M-1 G-2 L-1 M+1 I-1 L+1 E-1 M-1 L-1 C+3 H-1 M-3 H+1 I-1 F+1 B-1 I+1 H-1 M+1 H-1 L-3 H+1 M+1 B+1 F-1 M+1 H+1 I-1 C-2 M+1 I+1 H-1 C-1 I+1 G+3 I-1 H+1 I-1 C+2 F+1 B-1 I+1 H-1 C-1 P+3 H-1 L+1 C+1 J+1 L-1 H+2 I-1 C-1 P-1 I+1 H-1 C+1 D+1 H+1 I-1 J-1 C-1 I+1 H-1 P-1 C+1 H+1 E+1 C-1 P+2 D-1 P-1 C+1 J+1 D+2 C-1 P+1 B+1 D-2 E-1 H-1 C+1 J-1 H+1 I-1 C-1 F-1 I+1 H-1 C-1 I+1 G-1 M-4 G+1 M+1 I-1 C+3 M-1 H+1 I-1 P+1' │
└─────────────────────────────────┴──────────┴────────────────────┴───────────┴──────────────┴─────────────┴─────────────────┴─────────────────────────────────────────────────────────────────────────────────────────────────────────────────────────────────────────────────────────────────────────────────────────────────────────────────────────────────────────────────────────────────────────────────────────────────────────────────────────────────────────────────────────────────────────────────────────────────────────────────────────────────────────────────────────────────────────────────────────────────────────────────────────────────────────────────────────────────────────────────────────────────────────────────────────────────────────────────────────────────────────────────────────────────────────────────────────────────────────────────────────────────────────────────────────────────────────────────────────────────────────────────────────────────────────────────────────────────────────────────────────────────────────────────────────────────────────────────────────────────────────────────────────────────────────────────────────────────────────────────────────────────────────────────────────────────────────────────────┘
┌─────────────────────────────────┬──────────┬─────────────────────┬───────────┬──────────────┬─────────────┬─────────────────┬─────────────────────────────────────────────────────────────────────────────────────────────────────────────────────────────────────────────────────────────────────────────────────────────────────────────────────────────────────────────────────────────────────────────────────────────────────────────────────────────────────────────────────────────────────────────────────────────────────────────────────────────────────────────────────────────────────────────────────────────────────────────────────────────────────────────────────────────────────────────────────────────────────────────────────────────────────────────────────────────────────────────────────────────────────────────────────────────────────────────────────────────────────────────────────────────────────────────────────────────────────────────────────────────────────────┐
│ (index)                         │ runCount │ duration            │ tickCount │ visitedNodes │ searchCount │ branchingFactor │ solutionSteps                                                                                                                                                                                                                                                                                                                                                                                                                                                                                                                                                                                                                                                                                                                                                                                                                                                           │
├─────────────────────────────────┼──────────┼─────────────────────┼───────────┼──────────────┼─────────────┼─────────────────┼─────────────────────────────────────────────────────────────────────────────────────────────────────────────────────────────────────────────────────────────────────────────────────────────────────────────────────────────────────────────────────────────────────────────────────────────────────────────────────────────────────────────────────────────────────────────────────────────────────────────────────────────────────────────────────────────────────────────────────────────────────────────────────────────────────────────────────────────────────────────────────────────────────────────────────────────────────────────────────────────────────────────────────────────────────────────────────────────────────────────────────────────────────────────────────────────────────────────────────────────────────────────────────────────────────────┤
│        GBFS CarBlockedRecursive │ 4        │ '71.62ms ± 20.64ms' │ 2931      │ 2932         │ 20010       │ '1.031'         │ '∅ C+1 M+1 L+1 H+2 B+2 F-3 G-1 B-1 E+1 D-1 C-3 I+1 D+1 L+1 M+1 G+4 D-1 I-1 C+1 F+3 B-1 P+3 D-3 E-1 D+1 I-1 B+1 D-1 F-2 I+1 D+1 E+1 D+3 E-1 I-1 C-1 F-1 I+1 E+1 D-3 E-1 I-1 F+2 D-1 I+1 E+1 D+2 I+1 E+1 J-4 E-1 I-1 J+1 D-2 E-1 J-1 D+1 I-1 J+1 I+2 G-1 M-1 J-1 D-1 E+1 J+1 F-1 E-1 H-1 M-3 D+1 M+2 F-1 M-1 G+1 I-1 M-1 C+1 H+1 I-1 C-1 F+2 J-1 D-1 I+1 J+1 E+1 D+3 J-1 D-2 C+1 J+1 D+1 F-2 D+1 F+3 J-1 D-3 E-1 J+1 I-1 B-1 J-1 D+1 I+1 J+1 E+1 D-1 P-1 J-1 D+3 P-2 B+1 F-1 C-1 I+1 G-3 L-1 I-1 C+3 F+1 B-1 P+1 D-3 E-1 D+1 H-1 M+3 D-1 H+1 P-1 H-2 L-3 H+1 B+1 F-1 H+1 E+1 C-3 I+1 G+2 M+1 G+1 I-1 C+2 F+1 C-1 B-1 E-1 I-1 C+1 P+3 J+1 D+1 I+1 J-1 E+1 D-1 J+1 D+2 C-1 J-1 B+1 D-2 J+1 D+1 E-1 J-1 I-1 D-1 J+1 F-2 D+1 C-1 I+1 D-1 E+1 D+2 C+2 D-1 F-1 E-1 I-1 F+2 J-1 D-1 I+1 J+1 C-1 H-1 C-1 I+1 G-1 M-4 J-1 M+3 D+1 M-2 J+1 M+1 F-2 M-2 H+1 E+1 D+1 G+1 I-1 C+3 P+1' │
└─────────────────────────────────┴──────────┴─────────────────────┴───────────┴──────────────┴─────────────┴─────────────────┴─────────────────────────────────────────────────────────────────────────────────────────────────────────────────────────────────────────────────────────────────────────────────────────────────────────────────────────────────────────────────────────────────────────────────────────────────────────────────────────────────────────────────────────────────────────────────────────────────────────────────────────────────────────────────────────────────────────────────────────────────────────────────────────────────────────────────────────────────────────────────────────────────────────────────────────────────────────────────────────────────────────────────────────────────────────────────────────────────────────────────────────────────────────────────────────────────────────────────────────────────────────────────────────────────────────┘
┌─────────────────────────────────┬──────────┬────────────────────┬───────────┬──────────────┬─────────────┬─────────────────┬─────────────────────────────────────────────────────────────────────────────────────────────────────────────────────────────────────────────────────────────────────────────────────────────────────────────────────────────────┐
│ (index)                         │ runCount │ duration           │ tickCount │ visitedNodes │ searchCount │ branchingFactor │ solutionSteps                                                                                                                                                                                                                   │
├─────────────────────────────────┼──────────┼────────────────────┼───────────┼──────────────┼─────────────┼─────────────────┼─────────────────────────────────────────────────────────────────────────────────────────────────────────────────────────────────────────────────────────────────────────────────────────────────────────────────────────────────┤
│                  A* CarDistance │ 13       │ '14.43ms ± 0.72ms' │ 3739      │ 3740         │ 25862       │ '1.160'         │ '∅ L+1 H+1 B+1 F-1 C-2 I+1 L+1 M+2 G+3 I-1 C+1 F+1 B-1 P+3 B+1 H+1 F-1 C-1 I+1 E+2 J-3 E-1 I-1 C+1 F+1 B-1 J-1 D-4 P-3 B+1 F-1 C-1 I+1 G-3 I-1 C+1 F+1 B-1 E-1 H-2 L-4 H+1 B+1 F-1 C-1 I+1 M-3 G+3 I-1 C+1 F+1 B-1 P+1 C+2 P+3' │
└─────────────────────────────────┴──────────┴────────────────────┴───────────┴──────────────┴─────────────┴─────────────────┴─────────────────────────────────────────────────────────────────────────────────────────────────────────────────────────────────────────────────────────────────────────────────────────────────────────────────────────────────┘
┌─────────────────────────────────┬──────────┬────────────────────┬───────────┬──────────────┬─────────────┬─────────────────┬─────────────────────────────────────────────────────────────────────────────────────────────────────────────────────────────────────────────────────────────────────────────────────────────────────────────────────────────┐
│ (index)                         │ runCount │ duration           │ tickCount │ visitedNodes │ searchCount │ branchingFactor │ solutionSteps                                                                                                                                                                                                               │
├─────────────────────────────────┼──────────┼────────────────────┼───────────┼──────────────┼─────────────┼─────────────────┼─────────────────────────────────────────────────────────────────────────────────────────────────────────────────────────────────────────────────────────────────────────────────────────────────────────────────────────────┤
│                   A* CarBlocked │ 12       │ '15.56ms ± 0.46ms' │ 3784      │ 3785         │ 26151       │ '1.164'         │ '∅ L+1 H+1 B+1 F-1 C-2 I+1 L+1 M+2 G+3 I-1 C+1 F+1 B-1 P+3 B+1 F-1 C-1 H+1 I+1 E+2 J-3 E-1 I-1 C+1 F+1 B-1 J-1 D-4 P-3 B+1 F-1 C-1 I+1 G-3 I-1 C+1 F+1 B-1 E-1 H-2 L-4 H+1 B+1 F-1 C-1 I+1 M-3 G+3 I-1 C+1 F+1 B-1 C+2 P+4' │
└─────────────────────────────────┴──────────┴────────────────────┴───────────┴──────────────┴─────────────┴─────────────────┴─────────────────────────────────────────────────────────────────────────────────────────────────────────────────────────────────────────────────────────────────────────────────────────────────────────────────────────────┘
┌─────────────────────────────────┬──────────┬────────────────────┬───────────┬──────────────┬─────────────┬─────────────────┬─────────────────────────────────────────────────────────────────────────────────────────────────────────────────────────────────────────────────────────────────────────────────────────────────────────────────────────────────┐
│ (index)                         │ runCount │ duration           │ tickCount │ visitedNodes │ searchCount │ branchingFactor │ solutionSteps                                                                                                                                                                                                                   │
├─────────────────────────────────┼──────────┼────────────────────┼───────────┼──────────────┼─────────────┼─────────────────┼─────────────────────────────────────────────────────────────────────────────────────────────────────────────────────────────────────────────────────────────────────────────────────────────────────────────────────────────────┤
│          A* CarBlockedRecursive │ 4        │ '57.64ms ± 1.49ms' │ 3642      │ 3643         │ 25143       │ '1.160'         │ '∅ L+1 H+1 B+1 F-1 C-1 L+1 C-1 I+1 M+2 G+3 I-1 C+1 F+1 B-1 P+3 B+1 F-1 C-1 H+1 I+1 E+2 J-3 E-1 I-1 C+1 F+1 J-1 B-1 D-4 P-3 B+1 F-1 C-1 I+1 G-3 I-1 C+1 F+1 B-1 E-1 H-2 L-4 H+1 B+1 F-1 C-1 I+1 M-3 G+3 I-1 C+1 F+1 B-1 C+2 P+4' │
└─────────────────────────────────┴──────────┴────────────────────┴───────────┴──────────────┴─────────────┴─────────────────┴─────────────────────────────────────────────────────────────────────────────────────────────────────────────────────────────────────────────────────────────────────────────────────────────────────────────────────────────────┘
┌─────────────────────────────────┬─────────────┐
│ (index)                         │ status      │
├─────────────────────────────────┼─────────────┤
│                IDA* CarDistance │ 'Timed out' │
└─────────────────────────────────┴─────────────┘
┌─────────────────────────────────┬──────────┬─────────────────────┬───────────┬──────────────┬─────────────┬───────────────────────────────────┐
│ (index)                         │ runCount │ duration            │ tickCount │ visitedNodes │ searchCount │ errorMessage                      │
├─────────────────────────────────┼──────────┼─────────────────────┼───────────┼──────────────┼─────────────┼───────────────────────────────────┤
│                 IDA* CarBlocked │ 1        │ '240.40ms ± 0.00ms' │ 7         │ 0            │ 176045      │ 'Timed out, ticked too many/long' │
└─────────────────────────────────┴──────────┴─────────────────────┴───────────┴──────────────┴─────────────┴───────────────────────────────────┘
┌─────────────────────────────────┬─────────────┐
│ (index)                         │ status      │
├─────────────────────────────────┼─────────────┤
│        IDA* CarBlockedRecursive │ 'Timed out' │
└─────────────────────────────────┴─────────────┘
┌─────────────────────────────────┬──────────┬─────────────────────┬───────────┬──────────────┬─────────────┬───────────────────────────────────┐
│ (index)                         │ runCount │ duration            │ tickCount │ visitedNodes │ searchCount │ errorMessage                      │
├─────────────────────────────────┼──────────┼─────────────────────┼───────────┼──────────────┼─────────────┼───────────────────────────────────┤
│         IDA* Approx CarDistance │ 1        │ '223.63ms ± 0.00ms' │ 22        │ 1225         │ 274410      │ 'Timed out, ticked too many/long' │
└─────────────────────────────────┴──────────┴─────────────────────┴───────────┴──────────────┴─────────────┴───────────────────────────────────┘
┌─────────────────────────────────┬──────────┬─────────────────────┬───────────┬──────────────┬─────────────┬───────────────────────────────────┐
│ (index)                         │ runCount │ duration            │ tickCount │ visitedNodes │ searchCount │ errorMessage                      │
├─────────────────────────────────┼──────────┼─────────────────────┼───────────┼──────────────┼─────────────┼───────────────────────────────────┤
│          IDA* Approx CarBlocked │ 1        │ '227.17ms ± 0.00ms' │ 22        │ 1217         │ 288621      │ 'Timed out, ticked too many/long' │
└─────────────────────────────────┴──────────┴─────────────────────┴───────────┴──────────────┴─────────────┴───────────────────────────────────┘
┌─────────────────────────────────┬──────────┬─────────────────────┬───────────┬──────────────┬─────────────┬───────────────────────────────────┐
│ (index)                         │ runCount │ duration            │ tickCount │ visitedNodes │ searchCount │ errorMessage                      │
├─────────────────────────────────┼──────────┼─────────────────────┼───────────┼──────────────┼─────────────┼───────────────────────────────────┤
│ IDA* Approx CarBlockedRecursive │ 1        │ '224.70ms ± 0.00ms' │ 15        │ 841          │ 60636       │ 'Timed out, ticked too many/long' │
└─────────────────────────────────┴──────────┴─────────────────────┴───────────┴──────────────┴─────────────┴───────────────────────────────────┘
=====================================
cases\Jam-40.txt
6 6
12
FBB.G. 
FHE.GL 
FHEPPLK
CCCI.L 
..DIJJ 
MMDNN. 

┌─────────────────────────────────┬──────────┬────────────────────┬───────────┬──────────────┬─────────────┬─────────────────┬─────────────────────────────────────────────────────────────────────────────────────────────────────────────────────────────────────────────────────────────────────────────────────────────────────────────────┐
│ (index)                         │ runCount │ duration           │ tickCount │ visitedNodes │ searchCount │ branchingFactor │ solutionSteps                                                                                                                                                                                                   │
├─────────────────────────────────┼──────────┼────────────────────┼───────────┼──────────────┼─────────────┼─────────────────┼─────────────────────────────────────────────────────────────────────────────────────────────────────────────────────────────────────────────────────────────────────────────────────────────────────────────────┤
│                             UCS │ 11       │ '18.10ms ± 2.87ms' │ 3024      │ 3202         │ 24451       │ '1.174'         │ '∅ L-1 N+1 I+1 C+3 H+2 D-1 M+1 F+3 B-1 E-1 P-3 E+1 G+1 B+3 E-1 P+2 F-3 H-3 P-1 M-1 D+1 C-3 L+1 B+1 I-4 P+1 C+2 H+3 P-1 I+1 B-1 L-1 C+1 D-1 J-1 M+1 F+3 P-1 E+1 B-3 E-1 I-1 G-1 P+1 F-1 M-1 D+1 C-1 N-1 L+3 P+3' │
└─────────────────────────────────┴──────────┴────────────────────┴───────────┴──────────────┴─────────────┴─────────────────┴─────────────────────────────────────────────────────────────────────────────────────────────────────────────────────────────────────────────────────────────────────────────────────────────────────────────────┘
┌─────────────────────────────────┬──────────┬────────────────────┬───────────┬──────────────┬─────────────┬─────────────────┬─────────────────────────────────────────────────────────────────────────────────────────────────────────────────────────────────────────────────────────────────────────────────────────────────────────────────────────────────────────────────────────────────────────────────────────────────────────────────────────────────────────────────────────────────────────────────────────────────────────────────────────────────────────────────────────────────────────────────────────────────────────────────────────────────────────────────────────────────────────────────────────────────────────────────────────────────────────────────────────────────────────────────────────────────────────────────────────────────────────────────────────────────────────────────────────────────────────────────────────────────────────────────────────────────────────────────────────────────────────────────────────────────────────────────────────────────────┐
│ (index)                         │ runCount │ duration           │ tickCount │ visitedNodes │ searchCount │ branchingFactor │ solutionSteps                                                                                                                                                                                                                                                                                                                                                                                                                                                                                                                                                                                                                                                                                                                                                                                                                                                                                                                                                       │
├─────────────────────────────────┼──────────┼────────────────────┼───────────┼──────────────┼─────────────┼─────────────────┼─────────────────────────────────────────────────────────────────────────────────────────────────────────────────────────────────────────────────────────────────────────────────────────────────────────────────────────────────────────────────────────────────────────────────────────────────────────────────────────────────────────────────────────────────────────────────────────────────────────────────────────────────────────────────────────────────────────────────────────────────────────────────────────────────────────────────────────────────────────────────────────────────────────────────────────────────────────────────────────────────────────────────────────────────────────────────────────────────────────────────────────────────────────────────────────────────────────────────────────────────────────────────────────────────────────────────────────────────────────────────────────────────────────────────────────────────────┤
│                GBFS CarDistance │ 18       │ '10.94ms ± 3.53ms' │ 1409      │ 1410         │ 10340       │ '1.024'         │ '∅ N+1 I+1 C+2 L-1 C-1 B+1 C-1 I-1 N-1 H-1 L+1 N+1 I+1 C+2 L-1 C+1 D-1 M+1 H+3 B-1 M-1 D+1 H-1 E+1 H-1 B+1 H+2 F+2 H-3 F-1 H+2 E-1 D-1 M+1 H-1 F+2 B-2 F-1 M-1 D+1 C-2 F-1 C+1 E-1 F+1 P-1 G+1 C-1 F-1 C+2 D-1 M+1 H+2 F+2 P-2 E+1 B+3 E-1 P+2 H-3 F-3 M-1 D+1 C-3 I-1 N-1 G+1 L+1 N+1 I+1 C+1 G-1 C+1 B+1 C-2 I-1 P-1 I-3 P+1 N-1 J-1 C+2 N+1 C-1 L+1 N-1 L+1 G+1 L-2 J+1 N+1 F+1 J-1 L+1 N-1 F+1 H+1 N+1 G-1 C+1 N-1 L-1 J+1 N+1 C-1 F-1 N-1 J-1 L+2 C+1 H-1 L-1 N+1 H+3 L-1 J+1 P-1 I+1 N-1 J-1 L+2 F-1 L-1 N+1 L-1 B-1 N-1 J+1 L-1 N+1 C+1 J-1 N-1 D-1 N-1 J+1 F+2 N+2 M+2 J-1 H+1 F-2 J+1 F+3 P-1 E+1 J-1 H-1 M-1 N-1 B-3 J+1 N+1 M+1 G-1 J-1 M-1 I-1 N-1 J+1 E-1 P+3 N+1 M+1 J-1 D-1 M-1 N-1 J-1 H-2 N+1 M+1 J-1 F-2 M-2 N-2 J-1 N+1 M+1 N+1 J+4 D+1 N-1 M-1 N-1 J-1 N+2 M+2 H+3 J+1 H-2 M-2 D-1 N-2 J-2 N+1 M+1 N+1 M+1 J-2 D+1 M-2 N-2 E+1 N+1 M+1 N+1 H-1 M-1 D+1 N-1 C-2 E-1 N+1 C+1 H+1 N-1 C+1 E+2 N+1 B+1 E-1 N-1 C-1 H-1 N+1 C-1 F-1 N-1 C-1 L+3 P+1' │
└─────────────────────────────────┴──────────┴────────────────────┴───────────┴──────────────┴─────────────┴─────────────────┴─────────────────────────────────────────────────────────────────────────────────────────────────────────────────────────────────────────────────────────────────────────────────────────────────────────────────────────────────────────────────────────────────────────────────────────────────────────────────────────────────────────────────────────────────────────────────────────────────────────────────────────────────────────────────────────────────────────────────────────────────────────────────────────────────────────────────────────────────────────────────────────────────────────────────────────────────────────────────────────────────────────────────────────────────────────────────────────────────────────────────────────────────────────────────────────────────────────────────────────────────────────────────────────────────────────────────────────────────────────────────────────────────────────────────────────────────────┘
┌─────────────────────────────────┬──────────┬───────────────────┬───────────┬──────────────┬─────────────┬─────────────────┬─────────────────────────────────────────────────────────────────────────────────────────────────────────────────────────────────────────────────────────────────────────────────────────────────────────────────────────────────────────────────────────────────────────────────────────────────────────────────────────────────────────────────────────────────────────────────────────────────────────────────────────────────────────────────────────────────────────────────────────────────────────────────────────────────────────────────────────────────────────────────────────────────────────────────────────────────────────────────────────────────────────────────────────────────────────────────────────────────────────────────────────────────────────────────────────────────────────────────────────────────────────────────────────────────────────────────────────┐
│ (index)                         │ runCount │ duration          │ tickCount │ visitedNodes │ searchCount │ branchingFactor │ solutionSteps                                                                                                                                                                                                                                                                                                                                                                                                                                                                                                                                                                                                                                                                                                                                                                                                                                                                           │
├─────────────────────────────────┼──────────┼───────────────────┼───────────┼──────────────┼─────────────┼─────────────────┼─────────────────────────────────────────────────────────────────────────────────────────────────────────────────────────────────────────────────────────────────────────────────────────────────────────────────────────────────────────────────────────────────────────────────────────────────────────────────────────────────────────────────────────────────────────────────────────────────────────────────────────────────────────────────────────────────────────────────────────────────────────────────────────────────────────────────────────────────────────────────────────────────────────────────────────────────────────────────────────────────────────────────────────────────────────────────────────────────────────────────────────────────────────────────────────────────────────────────────────────────────────────────────────────────────────────────────────┤
│                 GBFS CarBlocked │ 20       │ '9.69ms ± 1.64ms' │ 1386      │ 1387         │ 10158       │ '1.027'         │ '∅ N+1 I+1 C+2 L-1 C-1 B+1 C-1 I-1 N-1 H-1 L+1 N+1 I+1 C+2 L-1 C+1 D-1 M+1 H+3 B-1 M-1 D+1 H-1 E+1 H-1 B+1 H+2 F+2 H-3 F-1 H+2 E-1 D-1 M+1 H-1 F+2 B-2 F-1 M-1 D+1 C-2 F-1 C+1 E-1 C+1 D-2 M+1 D+1 P-1 M-1 H+2 D+1 C-1 H-1 F+1 C+1 D-1 M+1 P+1 D-1 M-1 H+1 D+1 P-2 M+1 F+1 P-1 E+1 B+1 G+1 B+2 E-1 P+2 H-3 F-3 M-1 D+1 C-3 I-1 N-1 P-1 G+1 N+1 I+1 C+1 G-1 C+1 L+1 C-2 I-1 B+1 N-1 I-3 J-1 L+2 C+2 F+1 L-2 N+1 J+1 C-1 N-1 P+1 C+1 F-1 N+1 J-1 C-2 L+1 C+1 P-1 C+1 F+2 P+1 F-1 H+3 L-1 J+1 H-2 C-1 J-1 L+1 G+1 H-1 L-1 J+1 F-1 N-1 C-1 H+1 N+1 J-1 C+1 F+2 J+1 N-1 G-1 C+1 H+2 P-1 F-1 I+1 B-1 N+1 J-1 L-1 C+1 N-1 J+1 D-1 N-1 J-1 F-1 N+2 M+2 J+1 M-1 N-1 F+3 P-1 E+1 B-3 G-1 I-1 E-1 N+1 M+1 J-1 H+1 P+3 J+1 H-3 M-1 N-1 J-1 D-1 N+1 M+1 J-2 F-2 M-2 N-2 J-1 N+1 M+1 N+1 J+4 H+2 N-1 M-1 N-1 J-2 N+2 M+2 J+1 H-1 M-2 N-2 D+1 N+1 M+1 N+1 J+1 M-1 D+1 N-1 C-1 J-1 L+3 P-1 H-1 C-1 P+2' │
└─────────────────────────────────┴──────────┴───────────────────┴───────────┴──────────────┴─────────────┴─────────────────┴─────────────────────────────────────────────────────────────────────────────────────────────────────────────────────────────────────────────────────────────────────────────────────────────────────────────────────────────────────────────────────────────────────────────────────────────────────────────────────────────────────────────────────────────────────────────────────────────────────────────────────────────────────────────────────────────────────────────────────────────────────────────────────────────────────────────────────────────────────────────────────────────────────────────────────────────────────────────────────────────────────────────────────────────────────────────────────────────────────────────────────────────────────────────────────────────────────────────────────────────────────────────────────────────────────────────────────────┘
┌─────────────────────────────────┬──────────┬─────────────────────┬───────────┬──────────────┬─────────────┬─────────────────┬─────────────────────────────────────────────────────────────────────────────────────────────────────────────────────────────────────────────────────────────────────────────────────────────────────────────────────────────────────────────────────────────────────────────────────────────────────────────────────────────────────────────────────────────────────────────────────────────────────────────────────────────────────────────────────────────┐
│ (index)                         │ runCount │ duration            │ tickCount │ visitedNodes │ searchCount │ branchingFactor │ solutionSteps                                                                                                                                                                                                                                                                                                                                                                                                                                               │
├─────────────────────────────────┼──────────┼─────────────────────┼───────────┼──────────────┼─────────────┼─────────────────┼─────────────────────────────────────────────────────────────────────────────────────────────────────────────────────────────────────────────────────────────────────────────────────────────────────────────────────────────────────────────────────────────────────────────────────────────────────────────────────────────────────────────────────────────────────────────────────────────────────────────────────────────────────────────────────────────┤
│        GBFS CarBlockedRecursive │ 6        │ '30.47ms ± 13.02ms' │ 1086      │ 1087         │ 7851        │ '1.056'         │ '∅ B+1 N+1 I+1 C+2 F+2 C-1 F-1 B-2 C+1 E-1 F+1 C-1 L-1 F-1 P-1 C+1 F+1 H+2 L+1 G+1 P-1 L-1 C+1 D-1 M+1 F-1 P+1 F+2 P-2 E+1 B+3 E-1 P+2 F-3 M-1 D+1 C-1 L+1 F+2 H-3 F-1 P-1 L-1 C-1 F-1 C-1 I-1 N-1 L+1 G+1 B+1 I-3 G-1 C+2 N+1 F+2 P+1 N-1 F-1 H+3 N+1 J-1 P-1 F-1 J+1 F+2 I+1 B-1 N-1 F-2 L-1 C+1 J-1 D-1 N-1 J+1 F+2 N+1 M+1 J-1 F+1 P-1 J+1 N+1 E+1 M+1 J-1 H+1 B-3 I-1 J+1 H-1 M-1 N-1 E-1 J-1 G-1 P+3 D-1 J-1 F-2 M-1 N-1 J+1 D+1 N+1 D+1 C-1 L+3 P+1' │
└─────────────────────────────────┴──────────┴─────────────────────┴───────────┴──────────────┴─────────────┴─────────────────┴─────────────────────────────────────────────────────────────────────────────────────────────────────────────────────────────────────────────────────────────────────────────────────────────────────────────────────────────────────────────────────────────────────────────────────────────────────────────────────────────────────────────────────────────────────────────────────────────────────────────────────────────────────────────────────────────┘
┌─────────────────────────────────┬──────────┬────────────────────┬───────────┬──────────────┬─────────────┬─────────────────┬─────────────────────────────────────────────────────────────────────────────────────────────────────────────────────────────────────────────────────────────────────────────────────────────────────────────────────────────────────────┐
│ (index)                         │ runCount │ duration           │ tickCount │ visitedNodes │ searchCount │ branchingFactor │ solutionSteps                                                                                                                                                                                                                           │
├─────────────────────────────────┼──────────┼────────────────────┼───────────┼──────────────┼─────────────┼─────────────────┼─────────────────────────────────────────────────────────────────────────────────────────────────────────────────────────────────────────────────────────────────────────────────────────────────────────────────────────────────────────┤
│                  A* CarDistance │ 8        │ '23.15ms ± 1.85ms' │ 2823      │ 2824         │ 22865       │ '1.151'         │ '∅ N+1 I+1 C+1 F+1 B-1 L-1 E-1 C+2 D-1 P-1 G+1 M+1 H+2 F+2 P-2 E+1 B+3 E-1 P+2 F-1 M-1 D+1 C-1 L+1 B+1 H-3 P-1 F-2 C-2 I-4 P+1 C+2 H+3 P-1 I+1 B-1 L-1 C+1 D-1 M+1 F+3 P-1 E+1 B-3 E-1 P+1 I-1 P+1 J-1 F-1 N-1 M-1 D+1 C-1 G-1 L+3 P+2' │
└─────────────────────────────────┴──────────┴────────────────────┴───────────┴──────────────┴─────────────┴─────────────────┴─────────────────────────────────────────────────────────────────────────────────────────────────────────────────────────────────────────────────────────────────────────────────────────────────────────────────────────────────────────┘
┌─────────────────────────────────┬──────────┬────────────────────┬───────────┬──────────────┬─────────────┬─────────────────┬─────────────────────────────────────────────────────────────────────────────────────────────────────────────────────────────────────────────────────────────────────────────────────────────────────────────────────────────────────────┐
│ (index)                         │ runCount │ duration           │ tickCount │ visitedNodes │ searchCount │ branchingFactor │ solutionSteps                                                                                                                                                                                                                           │
├─────────────────────────────────┼──────────┼────────────────────┼───────────┼──────────────┼─────────────┼─────────────────┼─────────────────────────────────────────────────────────────────────────────────────────────────────────────────────────────────────────────────────────────────────────────────────────────────────────────────────────────────────────┤
│                   A* CarBlocked │ 10       │ '19.98ms ± 4.25ms' │ 2915      │ 2916         │ 23687       │ '1.152'         │ '∅ N+1 I+1 C+1 F+1 B-1 L-1 E-1 C+2 D-1 M+1 H+2 F+2 P-3 G+1 E+1 B+3 E-1 P+1 F-1 M-1 D+1 C-1 P+1 H-3 P-1 L+1 B+1 F-2 C-2 I-4 P+1 C+2 H+3 P-1 I+1 B-1 L-1 C+1 D-1 M+1 F+3 P-1 E+1 B-2 I-1 B-1 E-1 G-1 P+1 F-1 M-1 N-1 D+1 C-1 J-1 L+3 P+3' │
└─────────────────────────────────┴──────────┴────────────────────┴───────────┴──────────────┴─────────────┴─────────────────┴─────────────────────────────────────────────────────────────────────────────────────────────────────────────────────────────────────────────────────────────────────────────────────────────────────────────────────────────────────────┘
┌─────────────────────────────────┬──────────┬────────────────────┬───────────┬──────────────┬─────────────┬─────────────────┬─────────────────────────────────────────────────────────────────────────────────────────────────────────────────────────────────────────────────────────────────────────────────────────────────────────────────────────────────────────┐
│ (index)                         │ runCount │ duration           │ tickCount │ visitedNodes │ searchCount │ branchingFactor │ solutionSteps                                                                                                                                                                                                                           │
├─────────────────────────────────┼──────────┼────────────────────┼───────────┼──────────────┼─────────────┼─────────────────┼─────────────────────────────────────────────────────────────────────────────────────────────────────────────────────────────────────────────────────────────────────────────────────────────────────────────────────────────────────────┤
│          A* CarBlockedRecursive │ 4        │ '62.17ms ± 0.99ms' │ 2397      │ 2398         │ 18863       │ '1.146'         │ '∅ N+1 I+1 C+1 F+1 B-1 E-1 P-1 L-1 G+1 C+2 D-1 M+1 H+2 F+2 P-2 E+1 B+3 E-1 P+1 F-1 M-1 D+1 C-1 L+1 B+1 P+1 H-3 P-1 F-2 C-2 I-4 C+2 P+1 H+3 P-1 I+1 B-1 L-1 C+1 D-1 M+1 F+3 P-1 E+1 B-3 E-1 N-1 I-1 P+1 F-1 M-1 J-1 D+1 C-1 G-1 L+3 P+3' │
└─────────────────────────────────┴──────────┴────────────────────┴───────────┴──────────────┴─────────────┴─────────────────┴─────────────────────────────────────────────────────────────────────────────────────────────────────────────────────────────────────────────────────────────────────────────────────────────────────────────────────────────────────────┘
┌─────────────────────────────────┬─────────────┐
│ (index)                         │ status      │
├─────────────────────────────────┼─────────────┤
│                IDA* CarDistance │ 'Timed out' │
└─────────────────────────────────┴─────────────┘
┌─────────────────────────────────┬─────────────┐
│ (index)                         │ status      │
├─────────────────────────────────┼─────────────┤
│                 IDA* CarBlocked │ 'Timed out' │
└─────────────────────────────────┴─────────────┘
┌─────────────────────────────────┬─────────────┐
│ (index)                         │ status      │
├─────────────────────────────────┼─────────────┤
│        IDA* CarBlockedRecursive │ 'Timed out' │
└─────────────────────────────────┴─────────────┘
┌─────────────────────────────────┬──────────┬─────────────────────┬───────────┬──────────────┬─────────────┬───────────────────────────────────┐
│ (index)                         │ runCount │ duration            │ tickCount │ visitedNodes │ searchCount │ errorMessage                      │
├─────────────────────────────────┼──────────┼─────────────────────┼───────────┼──────────────┼─────────────┼───────────────────────────────────┤
│         IDA* Approx CarDistance │ 1        │ '209.51ms ± 0.00ms' │ 33        │ 458          │ 368706      │ 'Timed out, ticked too many/long' │
└─────────────────────────────────┴──────────┴─────────────────────┴───────────┴──────────────┴─────────────┴───────────────────────────────────┘
┌─────────────────────────────────┬──────────┬─────────────────────┬───────────┬──────────────┬─────────────┬───────────────────────────────────┐
│ (index)                         │ runCount │ duration            │ tickCount │ visitedNodes │ searchCount │ errorMessage                      │
├─────────────────────────────────┼──────────┼─────────────────────┼───────────┼──────────────┼─────────────┼───────────────────────────────────┤
│          IDA* Approx CarBlocked │ 1        │ '204.68ms ± 0.00ms' │ 33        │ 462          │ 373971      │ 'Timed out, ticked too many/long' │
└─────────────────────────────────┴──────────┴─────────────────────┴───────────┴──────────────┴─────────────┴───────────────────────────────────┘
┌─────────────────────────────────┬──────────┬─────────────────────┬───────────┬──────────────┬─────────────┬───────────────────────────────────┐
│ (index)                         │ runCount │ duration            │ tickCount │ visitedNodes │ searchCount │ errorMessage                      │
├─────────────────────────────────┼──────────┼─────────────────────┼───────────┼──────────────┼─────────────┼───────────────────────────────────┤
│ IDA* Approx CarBlockedRecursive │ 1        │ '211.00ms ± 0.00ms' │ 22        │ 375          │ 92555       │ 'Timed out, ticked too many/long' │
└─────────────────────────────────┴──────────┴─────────────────────┴───────────┴──────────────┴─────────────┴───────────────────────────────────┘
